Microchip MPLAB XC8 Compiler V1.30 ()

Linker command line:

--edf=C:\Program Files (x86)\Microchip\xc8\v1.30\dat\en_msgs.txt -cs \
  -h+dist/UseXC8/production\PIC_Framework_3.X.production.sym \
  --cmf=dist/UseXC8/production\PIC_Framework_3.X.production.cmf -z \
  -Q18F45J10 -oC:\Users\Glen\AppData\Local\Temp\s63k.6 \
  -Mdist/UseXC8/production/PIC_Framework_3.X.production.map -E1 -ver=XC8 \
  -ASTACK=036Ch-03ffh -pstack=STACK -ACODE=00h-07FF7h -ACONST=00h-07FF7h \
  -ASMALLCONST=0400h-04FFhx123,07F00h-07FF7h -AMEDIUMCONST=0400h-07FF7h \
  -ACOMRAM=01h-07Fh -AABS1=00h-03FFh -ABIGRAM=01h-03FFh \
  -ARAM=080h-0FFh,0100h-01FFhx3 -ABANK0=080h-0FFh -ABANK1=0100h-01FFh \
  -ABANK2=0200h-02FFh -ABANK3=0300h-03FFh -ASFR=0F80h-0FFFh \
  -preset_vec=00h,intcode=08h,intcodelo=018h,powerup,init,end_init \
  -pramtop=0400h -psmallconst=SMALLCONST -pmediumconst=MEDIUMCONST \
  -pconst=CONST -AFARRAM=00h-00h -ACONFIG=07FF8h-07FFDh -pconfig=CONFIG \
  -pjflash_buffer=07800h \
  -prdata=COMRAM,nvrram=COMRAM,nvbit=COMRAM,rbss=COMRAM,rbit=COMRAM \
  -pfarbss=FARRAM,fardata=FARRAM,nvFARRAM=FARRAM \
  -pintsave_regs=BIGRAM,bigbss=BIGRAM,bigdata=BIGRAM -pbss=RAM \
  -pidata=CODE,irdata=CODE,ibigdata=CODE,ifardata=CODE \
  C:\Users\Glen\AppData\Local\Temp\s63k.obj \
  dist/UseXC8/production\PIC_Framework_3.X.production.obj 

Object code version is 3.11

Machine type is 18F45J10

Call graph: (short form)




                Name                               Link     Load   Length Selector   Space Scale
C:\Users\Glen\AppData\Local\Temp\s63k.obj
                end_init                             F8       F8        4        C       0
                reset_vec                             0        0        4        0       0
                config                             7FF8     7FF8        6     7FF8       0
dist/UseXC8/production\PIC_Framework_3.X.production.obj
                intcodelo                            18       18       E0        C       0
                intcode                               8        8        C        4       0
                text60                             220C     220C        6        C       0
                text59                             211E     211E       28        C       0
                text58                             21E8     21E8       10        C       0
                text57                             1C64     1C64       62        C       0
                text56                             160E     160E       A8        C       0
                text55                             16B6     16B6       A2        C       0
                text54                              FB6      FB6       F8        C       0
                text53                             2182     2182       1A        C       0
                text52                              EB0      EB0      106        C       0
                text51                             1EEA     1EEA       46        C       0
                text50                             13FC     13FC       B4        C       0
                text49                             1FDA     1FDA       34        C       0
                text48                             21D6     21D6       12        C       0
                text47                             1DC2     1DC2       54        C       0
                text46                             119C     119C       E6        C       0
                text45                             2072     2072       2E        C       0
                text44                              67C      67C      284        C       0
                text43                             1E16     1E16       48        C       0
                intcode_body                       1758     1758       9E        C       0
                text41                             1D6E     1D6E       54        C       0
                text40                             1282     1282       BE        C       0
                text39                             20F4     20F4       2A        C       0
                text38                             21C4     21C4       12        C       0
                text37                             20CA     20CA       2A        C       0
                text36                             10AE     10AE       EE        C       0
                text35                             20A0     20A0       2A        C       0
                text34                             1D1A     1D1A       54        C       0
                text33                              C96      C96      10E        C       0
                text32                             2040     2040       32        C       0
                text31                             21F8     21F8        C        C       0
                text30                             1B36     1B36       6A        C       0
                text28                             1FA4     1FA4       36        C       0
                text27                             1CC6     1CC6       54        C       0
                text26                              A62      A62      11C        C       0
                text25                             1982     1982       72        C       0
                text24                              900      900      162        C       0
                text23                             1EA4     1EA4       46        C       0
                text22                             1E5E     1E5E       46        C       0
                text21                             2164     2164       1E        C       0
                text20                             1F6A     1F6A       3A        C       0
                text19                             219C     219C       16        C       0
                text18                             1908     1908       7A        C       0
                text17                             1ACC     1ACC       6A        C       0
                text16                             1340     1340       BC        C       0
                text15                             1C02     1C02       62        C       0
                text14                             1BA0     1BA0       62        C       0
                text13                             1562     1562       AC        C       0
                text12                             2204     2204        8        C       0
                text11                             21B2     21B2       12        C       0
                text10                              B7E      B7E      118        C       0
                text9                              1F30     1F30       3A        C       0
                text8                               DA4      DA4      10C        C       0
                text7                               3F8      3F8      284        C       0
                text6                              1A62     1A62       6A        C       0
                text5                              17F6     17F6       98        C       0
                text4                              19F4     19F4       6E        C       0
                text3                              2146     2146       1E        C       0
                text2                              200E     200E       32        C       0
                text1                              14B0     14B0       B2        C       0
                text0                                FC       FC      2FC        C       0
                cstackCOMRAM                          1        1       40        1       1
                cstackBANK0                          80       80       7F       80       1
                cstackBANK1                         100      100       A3      100       1
                cstackBANK2                         200      200       A8      200       1
                bssBANK3                            300      300       6C      300       1
                dataBANK2                           2DE      2DE        5      200       1
                bssBANK2                            2A8      2A8       36      200       1
                bssBANK1                            1A3      1A3       36      100       1
                dataCOMRAM                           4A       4A        5        1       1
                bssCOMRAM                            41       41        9        1       1
                cinit                              188E     188E       7A        C       0
                nvBANK1                             1D9      1D9        2      100       1
                nvCOMRAM                             4F       4F        2        1       1
                idataBANK2                         2217     2217        5        C       0
                idataCOMRAM                        2212     2212        5        C       0

TOTAL           Name                               Link     Load   Length     Space
        CLASS   STACK          

        CLASS   CODE           
                end_init                             F8       F8        4         0
                intcodelo                            18       18       E0         0
                intcode                               8        8        C         0
                reset_vec                             0        0        4         0
                text60                             220C     220C        6         0
                text59                             211E     211E       28         0
                text58                             21E8     21E8       10         0
                text57                             1C64     1C64       62         0
                text56                             160E     160E       A8         0
                text55                             16B6     16B6       A2         0
                text54                              FB6      FB6       F8         0
                text53                             2182     2182       1A         0
                text52                              EB0      EB0      106         0
                text51                             1EEA     1EEA       46         0
                text50                             13FC     13FC       B4         0
                text49                             1FDA     1FDA       34         0
                text48                             21D6     21D6       12         0
                text47                             1DC2     1DC2       54         0
                text46                             119C     119C       E6         0
                text45                             2072     2072       2E         0
                text44                              67C      67C      284         0
                text43                             1E16     1E16       48         0
                intcode_body                       1758     1758       9E         0
                text41                             1D6E     1D6E       54         0
                text40                             1282     1282       BE         0
                text39                             20F4     20F4       2A         0
                text38                             21C4     21C4       12         0
                text37                             20CA     20CA       2A         0
                text36                             10AE     10AE       EE         0
                text35                             20A0     20A0       2A         0
                text34                             1D1A     1D1A       54         0
                text33                              C96      C96      10E         0
                text32                             2040     2040       32         0
                text31                             21F8     21F8        C         0
                text30                             1B36     1B36       6A         0
                text28                             1FA4     1FA4       36         0
                text27                             1CC6     1CC6       54         0
                text26                              A62      A62      11C         0
                text25                             1982     1982       72         0
                text24                              900      900      162         0
                text23                             1EA4     1EA4       46         0
                text22                             1E5E     1E5E       46         0
                text21                             2164     2164       1E         0
                text20                             1F6A     1F6A       3A         0
                text19                             219C     219C       16         0
                text18                             1908     1908       7A         0
                text17                             1ACC     1ACC       6A         0
                text16                             1340     1340       BC         0
                text15                             1C02     1C02       62         0
                text14                             1BA0     1BA0       62         0
                text13                             1562     1562       AC         0
                text12                             2204     2204        8         0
                text11                             21B2     21B2       12         0
                text10                              B7E      B7E      118         0
                text9                              1F30     1F30       3A         0
                text8                               DA4      DA4      10C         0
                text7                               3F8      3F8      284         0
                text6                              1A62     1A62       6A         0
                text5                              17F6     17F6       98         0
                text4                              19F4     19F4       6E         0
                text3                              2146     2146       1E         0
                text2                              200E     200E       32         0
                text1                              14B0     14B0       B2         0
                text0                                FC       FC      2FC         0
                cinit                              188E     188E       7A         0
                idataBANK2                         2217     2217        5         0
                idataCOMRAM                        2212     2212        5         0

        CLASS   CONST          

        CLASS   SMALLCONST     

        CLASS   MEDIUMCONST    

        CLASS   COMRAM         
                cstackCOMRAM                          1        1       40         1
                dataCOMRAM                           4A       4A        5         1
                bssCOMRAM                            41       41        9         1
                nvCOMRAM                             4F       4F        2         1

        CLASS   ABS1           

        CLASS   BIGRAM         

        CLASS   RAM            

        CLASS   BANK0          
                cstackBANK0                          80       80       7F         1

        CLASS   BANK1          
                cstackBANK1                         100      100       A3         1
                bssBANK1                            1A3      1A3       36         1
                nvBANK1                             1D9      1D9        2         1

        CLASS   BANK2          
                cstackBANK2                         200      200       A8         1
                dataBANK2                           2DE      2DE        5         1
                bssBANK2                            2A8      2A8       36         1

        CLASS   BANK3          
                bssBANK3                            300      300       6C         1

        CLASS   SFR            

        CLASS   FARRAM         

        CLASS   CONFIG         
                config                             7FF8     7FF8        6         0

        CLASS   IDLOC          



SEGMENTS        Name                           Load    Length   Top    Selector   Space  Class

                reset_vec                      000000  000004  000004         0       0  CODE    
                cstackCOMRAM                   000001  000050  000051         1       1  COMRAM  
                intcode                        000008  00000C  000014         4       0  CODE    
                intcodelo                      000018  002204  00221C         C       0  CODE    
                cstackBANK0                    000080  00007F  0000FF        80       1  BANK0   
                cstackBANK1                    000100  0000DB  0001DB       100       1  BANK1   
                cstackBANK2                    000200  0000E3  0002E3       200       1  BANK2   
                bssBANK3                       000300  00006C  00036C       300       1  BANK3   
                config                         007FF8  000006  007FFE      7FF8       0  CONFIG  


UNUSED ADDRESS RANGES

        Name                Unused          Largest block    Delta
        BANK0            000FF-000FF               1
        BANK1            001DB-001FF              25
        BANK2            002E3-002FF              1D
        BANK3            0036C-003FF              94
        BIGRAM           00051-0007F              2F
                         000FF-000FF               1
                         001DB-001FF              25
                         002E3-002FF              1D
                         0036C-003FF              94
        CODE             00004-00007               4
                         00014-00017               4
                         0221C-07FF7            5DDC
        COMRAM           00051-0007F              2F
        CONST            00004-00007               4
                         00014-00017               4
                         0221C-07FF7            5DDC
        MEDIUMCONST      0221C-07FF7            5DDC
        RAM              000FF-000FF               1
                         001DB-001FF              25
                         002E3-002FF              1D
                         0036C-003FF              94
        SFR              00F80-00FFF              80
        SMALLCONST       0221C-07FF7             100
        STACK            0036C-003FF              94

                                  Symbol Table

?_in_high_int                   cstackBANK1   0010E
?_in_low_int                    cstackBANK1   00110
?_in_main                       cstackBANK1   00112
?i2_in_high_int                 cstackCOMRAM  00030
?i2_in_low_int                  cstackCOMRAM  00032
Delay1KTCYx@unit                cstackBANK1   0010E
OpenTimer0@config               cstackBANK1   0010E
OpenTimer1@config               cstackBANK1   0010E
OpenUSART@config                cstackBANK1   00113
OpenUSART@spbrg                 cstackBANK1   0010E
ReadUSART@data                  cstackCOMRAM  00001
ToMainHigh_recvmsg@data         cstackBANK1   00128
ToMainHigh_recvmsg@maxlength    cstackBANK1   0012A
ToMainHigh_recvmsg@msgtype      cstackBANK1   00126
ToMainHigh_sendmsg@data         cstackBANK1   00125
ToMainHigh_sendmsg@length       cstackBANK1   00127
ToMainHigh_sendmsg@msgtype      cstackBANK1   00124
ToMainLow_recvmsg@data          cstackBANK1   00128
ToMainLow_recvmsg@maxlength     cstackBANK1   0012A
ToMainLow_recvmsg@msgtype       cstackBANK1   00126
ToMainLow_sendmsg@data          cstackCOMRAM  00018
ToMainLow_sendmsg@length        cstackCOMRAM  0001A
ToMainLow_sendmsg@msgtype       cstackCOMRAM  00017
WriteTimer0@timer               cstackCOMRAM  00032
WriteTimer0@timer0              cstackCOMRAM  00030
WriteTimer1@timer               cstackCOMRAM  00003
WriteTimer1@timer1              cstackCOMRAM  00001
WriteUSART@data                 cstackBANK1   0010E
_ADCBuffer                      bssCOMRAM     00045
_ADCON0                         (abs)         00FC2
_ADCON0bits                     (abs)         00FC2
_ADCON1                         (abs)         00FC1
_ADCON2                         (abs)         00FC0
_ADRESH                         (abs)         00FC4
_ADRESL                         (abs)         00FC3
_Delay1KTCYx                    text21        02164
_FromMainHigh_MQ                bssBANK3      00300
_FromMainLow_MQ                 bssBANK3      00336
_INTCONbits                     (abs)         00FF2
_IPR1bits                       (abs)         00F9F
_InterruptHandlerHigh           intcode       00008
_InterruptHandlerLow            intcodelo     00018
_LATB                           (abs)         00F8A
_LATBbits                       (abs)         00F8A
_MQ_Main_Willing_to_block       bssCOMRAM     00041
_OSCCON                         (abs)         00FD3
_OSCCONbits                     (abs)         00FD3
_OSCTUNEbits                    (abs)         00F9B
_OpenTimer0                     text28        01FA4
_OpenTimer1                     text27        01CC6
_OpenUSART                      text26        00A62
_PIE1bits                       (abs)         00F9D
_PIR1bits                       (abs)         00F9E
_RCONbits                       (abs)         00FD0
_RCREG                          (abs)         00FAE
_RCSTA                          (abs)         00FAB
_RCSTAbits                      (abs)         00FAB
_ReadUSART                      text34        01D1A
_SPBRG                          (abs)         00FAF
_SPBRGH                         (abs)         00FB0
_SSPADD                         (abs)         00FC8
_SSPBUF                         (abs)         00FC9
_SSPCON1bits                    (abs)         00FC6
_SSPCON2bits                    (abs)         00FC5
_SSPSTATbits                    (abs)         00FC7
_SleepIfOkay                    text56        0160E
_T0CON                          (abs)         00FD5
_T0CONbits                      (abs)         00FD5
_T1CON                          (abs)         00FCD
_T1CONbits                      (abs)         00FCD
_TMR0H                          (abs)         00FD7
_TMR0L                          (abs)         00FD6
_TMR1H                          (abs)         00FCF
_TMR1L                          (abs)         00FCE
_TRISAbits                      (abs)         00F92
_TRISB                          (abs)         00F93
_TRISCbits                      (abs)         00F94
_TXREG                          (abs)         00FAD
_TXSTA                          (abs)         00FAC
_TXSTAbits                      (abs)         00FAC
_ToMainHigh_MQ                  bssBANK1      001A3
_ToMainHigh_recvmsg             text23        01EA4
_ToMainHigh_sendmsg             text9         01F30
_ToMainLow_MQ                   bssBANK2      002A8
_ToMainLow_recvmsg              text22        01E5E
_ToMainLow_sendmsg              text39        020F4
_USART_Status                   bssCOMRAM     00042
_WriteTimer0                    text48        021D6
_WriteTimer1                    text38        021C4
_WriteUSART                     text2         0200E
__CFG_CCP2MX$DEFAULT            (abs)         00000
__CFG_CP0$OFF                   (abs)         00000
__CFG_FCMEN$ON                  (abs)         00000
__CFG_FOSC$HSPLL                (abs)         00000
__CFG_FOSC2$ON                  (abs)         00000
__CFG_IESO$ON                   (abs)         00000
__CFG_STVREN$OFF                (abs)         00000
__CFG_WDTEN$OFF                 (abs)         00000
__CFG_WDTPS$32768               (abs)         00000
__CFG_XINST$OFF                 (abs)         00000
__HRAM                          (abs)         00000
__Habs1                         abs1          00000
__Hbank0                        bank0         00000
__Hbank1                        bank1         00000
__Hbank2                        bank2         00000
__Hbank3                        bank3         00000
__Hbigbss                       bigbss        00000
__Hbigdata                      bigdata       00000
__Hbigram                       bigram        00000
__Hbss                          bss           00000
__HbssBANK1                     bssBANK1      00000
__HbssBANK2                     bssBANK2      00000
__HbssBANK3                     bssBANK3      00000
__HbssCOMRAM                    bssCOMRAM     00000
__Hcinit                        cinit         00000
__Hclrtext                      clrtext       00000
__Hcomram                       comram        00000
__Hconfig                       config        07FFE
__Hconst                        const         00000
__HcstackBANK0                  cstackBANK0   00000
__HcstackBANK1                  cstackBANK1   00000
__HcstackBANK2                  cstackBANK2   00000
__HcstackCOMRAM                 cstackCOMRAM  00000
__Hdata                         data          00000
__HdataBANK2                    dataBANK2     00000
__HdataCOMRAM                   dataCOMRAM    00000
__Hend_init                     end_init      000FC
__Hfarbss                       farbss        00000
__Hfardata                      fardata       00000
__Hibigdata                     ibigdata      00000
__Hidata                        idata         00000
__HidataBANK2                   idataBANK2    00000
__HidataCOMRAM                  idataCOMRAM   00000
__Hidloc                        idloc         00000
__Hifardata                     ifardata      00000
__Hinit                         init          000F8
__Hintcode                      intcode       00014
__Hintcode_body                 intcode_body  00000
__Hintcodelo                    intcodelo     000F8
__Hintentry                     intentry      00000
__Hintret                       intret        00000
__Hintsave_regs                 intsave_regs  00000
__Hirdata                       irdata        00000
__Hjflash_buffer                jflash_buffer 07800
__Hmediumconst                  mediumconst   00000
__HnvBANK1                      nvBANK1       00000
__HnvCOMRAM                     nvCOMRAM      00000
__HnvFARRAM                     nvFARRAM      00000
__Hnvbit                        nvbit         00000
__Hnvrram                       nvrram        00000
__Hparam                        rparam        00000
__Hpowerup                      powerup       000F8
__Hram                          ram           00000
__Hramtop                       ramtop        00400
__Hrbit                         rbit          00000
__Hrbss                         rbss          00000
__Hrdata                        rdata         00000
__Hreset_vec                    reset_vec     00004
__Hrparam                       rparam        00000
__Hsfr                          sfr           00000
__Hsmallconst                   smallconst    00000
__Hstack                        stack         00000
__Hstruct                       struct        00000
__Htemp                         temp          00000
__Htext                         text          00000
__Htext0                        text0         00000
__Htext1                        text1         00000
__Htext10                       text10        00000
__Htext11                       text11        00000
__Htext12                       text12        00000
__Htext13                       text13        00000
__Htext14                       text14        00000
__Htext15                       text15        00000
__Htext16                       text16        00000
__Htext17                       text17        00000
__Htext18                       text18        00000
__Htext19                       text19        00000
__Htext2                        text2         00000
__Htext20                       text20        00000
__Htext21                       text21        00000
__Htext22                       text22        00000
__Htext23                       text23        00000
__Htext24                       text24        00000
__Htext25                       text25        00000
__Htext26                       text26        00000
__Htext27                       text27        00000
__Htext28                       text28        00000
__Htext3                        text3         00000
__Htext30                       text30        00000
__Htext31                       text31        00000
__Htext32                       text32        00000
__Htext33                       text33        00000
__Htext34                       text34        00000
__Htext35                       text35        00000
__Htext36                       text36        00000
__Htext37                       text37        00000
__Htext38                       text38        00000
__Htext39                       text39        00000
__Htext4                        text4         00000
__Htext40                       text40        00000
__Htext41                       text41        00000
__Htext43                       text43        00000
__Htext44                       text44        00000
__Htext45                       text45        00000
__Htext46                       text46        00000
__Htext47                       text47        00000
__Htext48                       text48        00000
__Htext49                       text49        00000
__Htext5                        text5         00000
__Htext50                       text50        00000
__Htext51                       text51        00000
__Htext52                       text52        00000
__Htext53                       text53        00000
__Htext54                       text54        00000
__Htext55                       text55        00000
__Htext56                       text56        00000
__Htext57                       text57        00000
__Htext58                       text58        00000
__Htext59                       text59        00000
__Htext6                        text6         00000
__Htext60                       text60        00000
__Htext7                        text7         00000
__Htext8                        text8         00000
__Htext9                        text9         00000
__LRAM                          (abs)         00001
__Labs1                         abs1          00000
__Lbank0                        bank0         00000
__Lbank1                        bank1         00000
__Lbank2                        bank2         00000
__Lbank3                        bank3         00000
__Lbigbss                       bigbss        00000
__Lbigdata                      bigdata       00000
__Lbigram                       bigram        00000
__Lbss                          bss           00000
__LbssBANK1                     bssBANK1      00000
__LbssBANK2                     bssBANK2      00000
__LbssBANK3                     bssBANK3      00000
__LbssCOMRAM                    bssCOMRAM     00000
__Lcinit                        cinit         00000
__Lclrtext                      clrtext       00000
__Lcomram                       comram        00000
__Lconfig                       config        07FF8
__Lconst                        const         00000
__LcstackBANK0                  cstackBANK0   00000
__LcstackBANK1                  cstackBANK1   00000
__LcstackBANK2                  cstackBANK2   00000
__LcstackCOMRAM                 cstackCOMRAM  00000
__Ldata                         data          00000
__LdataBANK2                    dataBANK2     00000
__LdataCOMRAM                   dataCOMRAM    00000
__Lend_init                     end_init      000F8
__Lfarbss                       farbss        00000
__Lfardata                      fardata       00000
__Libigdata                     ibigdata      00000
__Lidata                        idata         00000
__LidataBANK2                   idataBANK2    00000
__LidataCOMRAM                  idataCOMRAM   00000
__Lidloc                        idloc         00000
__Lifardata                     ifardata      00000
__Linit                         init          000F8
__Lintcode                      intcode       00008
__Lintcode_body                 intcode_body  00000
__Lintcodelo                    intcodelo     00018
__Lintentry                     intentry      00000
__Lintret                       intret        00000
__Lintsave_regs                 intsave_regs  00000
__Lirdata                       irdata        00000
__Ljflash_buffer                jflash_buffer 07800
__Lmediumconst                  mediumconst   00000
__LnvBANK1                      nvBANK1       00000
__LnvCOMRAM                     nvCOMRAM      00000
__LnvFARRAM                     nvFARRAM      00000
__Lnvbit                        nvbit         00000
__Lnvrram                       nvrram        00000
__Lparam                        rparam        00000
__Lpowerup                      powerup       000F8
__Lram                          ram           00000
__Lramtop                       ramtop        00400
__Lrbit                         rbit          00000
__Lrbss                         rbss          00000
__Lrdata                        rdata         00000
__Lreset_vec                    reset_vec     00000
__Lrparam                       rparam        00000
__Lsfr                          sfr           00000
__Lsmallconst                   smallconst    00000
__Lstack                        stack         00000
__Lstruct                       struct        00000
__Ltemp                         temp          00000
__Ltext                         text          00000
__Ltext0                        text0         00000
__Ltext1                        text1         00000
__Ltext10                       text10        00000
__Ltext11                       text11        00000
__Ltext12                       text12        00000
__Ltext13                       text13        00000
__Ltext14                       text14        00000
__Ltext15                       text15        00000
__Ltext16                       text16        00000
__Ltext17                       text17        00000
__Ltext18                       text18        00000
__Ltext19                       text19        00000
__Ltext2                        text2         00000
__Ltext20                       text20        00000
__Ltext21                       text21        00000
__Ltext22                       text22        00000
__Ltext23                       text23        00000
__Ltext24                       text24        00000
__Ltext25                       text25        00000
__Ltext26                       text26        00000
__Ltext27                       text27        00000
__Ltext28                       text28        00000
__Ltext3                        text3         00000
__Ltext30                       text30        00000
__Ltext31                       text31        00000
__Ltext32                       text32        00000
__Ltext33                       text33        00000
__Ltext34                       text34        00000
__Ltext35                       text35        00000
__Ltext36                       text36        00000
__Ltext37                       text37        00000
__Ltext38                       text38        00000
__Ltext39                       text39        00000
__Ltext4                        text4         00000
__Ltext40                       text40        00000
__Ltext41                       text41        00000
__Ltext43                       text43        00000
__Ltext44                       text44        00000
__Ltext45                       text45        00000
__Ltext46                       text46        00000
__Ltext47                       text47        00000
__Ltext48                       text48        00000
__Ltext49                       text49        00000
__Ltext5                        text5         00000
__Ltext50                       text50        00000
__Ltext51                       text51        00000
__Ltext52                       text52        00000
__Ltext53                       text53        00000
__Ltext54                       text54        00000
__Ltext55                       text55        00000
__Ltext56                       text56        00000
__Ltext57                       text57        00000
__Ltext58                       text58        00000
__Ltext59                       text59        00000
__Ltext6                        text6         00000
__Ltext60                       text60        00000
__Ltext7                        text7         00000
__Ltext8                        text8         00000
__Ltext9                        text9         00000
__S0                            (abs)         07FFE
__S1                            (abs)         0036C
__S2                            (abs)         00000
___extmem_base                  (abs)         20000
___inthi_sp                     stack         00000
___intlo_sp                     stack         00000
___sp                           stack         00000
__accesstop                     (abs)         00080
__activetblptr                  (abs)         00002
__end_of_Delay1KTCYx            text21        02182
__end_of_InterruptHandlerHigh   intcode_body  017F6
__end_of_InterruptHandlerLow    intcodelo     000F8
__end_of_OpenTimer0             text28        01FDA
__end_of_OpenTimer1             text27        01D1A
__end_of_OpenUSART              text26        00B7E
__end_of_ReadUSART              text34        01D6E
__end_of_SleepIfOkay            text56        016B6
__end_of_ToMainHigh_recvmsg     text23        01EEA
__end_of_ToMainHigh_sendmsg     text9         01F6A
__end_of_ToMainLow_recvmsg      text22        01EA4
__end_of_ToMainLow_sendmsg      text39        0211E
__end_of_WriteTimer0            text48        021E8
__end_of_WriteTimer1            text38        021D6
__end_of_WriteUSART             text2         02040
__end_of__initialization        cinit         018FE
__end_of_block_on_To_msgqueues  text16        013FC
__end_of_check_if_send_stop     text51        01F30
__end_of_check_msg              text20        01FA4
__end_of_debugNum               text13        0160E
__end_of_enable_interrupts      text12        0220C
__end_of_enter_sleep_mode       text60        02212
__end_of_i2c_configure_master   text11        021C4
__end_of_i2c_int_handler        text49        0200E
__end_of_i2c_master_recv        text8         00EB0
__end_of_i2c_master_send        text7         0067C
__end_of_i2c_rx_handler         text52        00FB6
__end_of_i2c_tx_handler         text50        014B0
__end_of_in_high_int            text19        021B2
__end_of_in_low_int             text18        01982
__end_of_in_main                text17        01B36
__end_of_init_i2c               text6         01ACC
__end_of_init_queue             text5         0188E
__end_of_init_queues            text4         01A62
__end_of_init_uart_recv         text3         02164
__end_of_load_i2c_data          text55        01758
__end_of_main                   text0         003F8
__end_of_memcpy                 text25        019F4
__end_of_receive_data           text54        010AE
__end_of_recv_msg               text24        00A62
__end_of_resetDBG               text15        01C64
__end_of_send_msg               text10        00C96
__end_of_send_stop              text53        0219C
__end_of_setDBG                 text14        01C02
__end_of_timer0_int_handler     text43        01E5E
__end_of_timer1_int_handler     text35        020CA
__end_of_uart_recv_int_handler  text33        00DA4
__end_of_uart_send              text31        02204
__end_of_uart_send_array        text1         01562
__end_of_uart_send_int_handler  text30        01BA0
__end_ofi1_ToMainHigh_sendmsg   text37        020F4
__end_ofi1_WriteUSART           text32        02072
__end_ofi1_i2c_master_recv      text36        0119C
__end_ofi1_memcpy               text41        01DC2
__end_ofi1_send_msg             text40        01340
__end_ofi2_ToMainHigh_sendmsg   text45        020A0
__end_ofi2_check_msg            text59        02146
__end_ofi2_i2c_master_send      text44        00900
__end_ofi2_in_high_int          text58        021F8
__end_ofi2_in_low_int           text57        01CC6
__end_ofi2_memcpy               text47        01E16
__end_ofi2_send_msg             text46        01282
__initialization                cinit         0188E
__mediumconst                   mediumconst   00000
__pbssBANK1                     bssBANK1      001A3
__pbssBANK2                     bssBANK2      002A8
__pbssBANK3                     bssBANK3      00300
__pbssCOMRAM                    bssCOMRAM     00041
__pcinit                        cinit         0188E
__pcstackBANK0                  cstackBANK0   00080
__pcstackBANK1                  cstackBANK1   00100
__pcstackBANK2                  cstackBANK2   00200
__pcstackCOMRAM                 cstackCOMRAM  00001
__pdataBANK2                    dataBANK2     002DE
__pdataCOMRAM                   dataCOMRAM    0004A
__pidataBANK2                   idataBANK2    02217
__pidataCOMRAM                  idataCOMRAM   02212
__pintcode                      intcode       00008
__pintcode_body                 intcode_body  01758
__pintcodelo                    intcodelo     00018
__pnvBANK1                      nvBANK1       001D9
__pnvCOMRAM                     nvCOMRAM      0004F
__ptext0                        text0         000FC
__ptext1                        text1         014B0
__ptext10                       text10        00B7E
__ptext11                       text11        021B2
__ptext12                       text12        02204
__ptext13                       text13        01562
__ptext14                       text14        01BA0
__ptext15                       text15        01C02
__ptext16                       text16        01340
__ptext17                       text17        01ACC
__ptext18                       text18        01908
__ptext19                       text19        0219C
__ptext2                        text2         0200E
__ptext20                       text20        01F6A
__ptext21                       text21        02164
__ptext22                       text22        01E5E
__ptext23                       text23        01EA4
__ptext24                       text24        00900
__ptext25                       text25        01982
__ptext26                       text26        00A62
__ptext27                       text27        01CC6
__ptext28                       text28        01FA4
__ptext3                        text3         02146
__ptext30                       text30        01B36
__ptext31                       text31        021F8
__ptext32                       text32        02040
__ptext33                       text33        00C96
__ptext34                       text34        01D1A
__ptext35                       text35        020A0
__ptext36                       text36        010AE
__ptext37                       text37        020CA
__ptext38                       text38        021C4
__ptext39                       text39        020F4
__ptext4                        text4         019F4
__ptext40                       text40        01282
__ptext41                       text41        01D6E
__ptext43                       text43        01E16
__ptext44                       text44        0067C
__ptext45                       text45        02072
__ptext46                       text46        0119C
__ptext47                       text47        01DC2
__ptext48                       text48        021D6
__ptext49                       text49        01FDA
__ptext5                        text5         017F6
__ptext50                       text50        013FC
__ptext51                       text51        01EEA
__ptext52                       text52        00EB0
__ptext53                       text53        02182
__ptext54                       text54        00FB6
__ptext55                       text55        016B6
__ptext56                       text56        0160E
__ptext57                       text57        01C64
__ptext58                       text58        021E8
__ptext59                       text59        0211E
__ptext6                        text6         01A62
__ptext60                       text60        0220C
__ptext7                        text7         003F8
__ptext8                        text8         00DA4
__ptext9                        text9         01F30
__ramtop                        ramtop        00400
__size_of_Delay1KTCYx           (abs)         00000
__size_of_InterruptHandlerHigh  (abs)         00000
__size_of_InterruptHandlerLow   (abs)         00000
__size_of_OpenTimer0            (abs)         00000
__size_of_OpenTimer1            (abs)         00000
__size_of_OpenUSART             (abs)         00000
__size_of_ReadUSART             (abs)         00000
__size_of_SleepIfOkay           (abs)         00000
__size_of_ToMainHigh_recvmsg    (abs)         00000
__size_of_ToMainHigh_sendmsg    (abs)         00000
__size_of_ToMainLow_recvmsg     (abs)         00000
__size_of_ToMainLow_sendmsg     (abs)         00000
__size_of_WriteTimer0           (abs)         00000
__size_of_WriteTimer1           (abs)         00000
__size_of_WriteUSART            (abs)         00000
__size_of_block_on_To_msgqueues (abs)         00000
__size_of_check_if_send_stop    (abs)         00000
__size_of_check_msg             (abs)         00000
__size_of_debugNum              (abs)         00000
__size_of_enable_interrupts     (abs)         00000
__size_of_enter_sleep_mode      (abs)         00000
__size_of_i2c_configure_master  (abs)         00000
__size_of_i2c_int_handler       (abs)         00000
__size_of_i2c_master_recv       (abs)         00000
__size_of_i2c_master_send       (abs)         00000
__size_of_i2c_rx_handler        (abs)         00000
__size_of_i2c_tx_handler        (abs)         00000
__size_of_in_high_int           (abs)         00000
__size_of_in_low_int            (abs)         00000
__size_of_in_main               (abs)         00000
__size_of_init_i2c              (abs)         00000
__size_of_init_queue            (abs)         00000
__size_of_init_queues           (abs)         00000
__size_of_init_uart_recv        (abs)         00000
__size_of_load_i2c_data         (abs)         00000
__size_of_main                  (abs)         00000
__size_of_memcpy                (abs)         00000
__size_of_receive_data          (abs)         00000
__size_of_recv_msg              (abs)         00000
__size_of_resetDBG              (abs)         00000
__size_of_send_msg              (abs)         00000
__size_of_send_stop             (abs)         00000
__size_of_setDBG                (abs)         00000
__size_of_timer0_int_handler    (abs)         00000
__size_of_timer1_int_handler    (abs)         00000
__size_of_uart_recv_int_handler (abs)         00000
__size_of_uart_send             (abs)         00000
__size_of_uart_send_array       (abs)         00000
__size_of_uart_send_int_handler (abs)         00000
__size_ofi1_ToMainHigh_sendmsg  (abs)         00000
__size_ofi1_WriteUSART          (abs)         00000
__size_ofi1_i2c_master_recv     (abs)         00000
__size_ofi1_memcpy              (abs)         00000
__size_ofi1_send_msg            (abs)         00000
__size_ofi2_ToMainHigh_sendmsg  (abs)         00000
__size_ofi2_check_msg           (abs)         00000
__size_ofi2_i2c_master_send     (abs)         00000
__size_ofi2_in_high_int         (abs)         00000
__size_ofi2_in_low_int          (abs)         00000
__size_ofi2_memcpy              (abs)         00000
__size_ofi2_send_msg            (abs)         00000
__smallconst                    smallconst    00000
_block_on_To_msgqueues          text16        01340
_check_if_send_stop             text51        01EEA
_check_msg                      text20        01F6A
_count                          bssCOMRAM     00043
_debugNum                       text13        01562
_enable_interrupts              text12        02204
_enter_sleep_mode               text60        0220C
_i2c_configure_master           text11        021B2
_i2c_int_handler                text49        01FDA
_i2c_master_recv                text8         00DA4
_i2c_master_send                text7         003F8
_i2c_rx_handler                 text52        00EB0
_i2c_tx_handler                 text50        013FC
_ic_ptr                         nvBANK1       001D9
_in_high_int                    text19        0219C
_in_low_int                     text18        01908
_in_main                        text17        01ACC
_init_i2c                       text6         01A62
_init_queue                     text5         017F6
_init_queues                    text4         019F4
_init_uart_recv                 text3         02146
_load_i2c_data                  text55        016B6
_main                           text0         000FC
_memcpy                         text25        01982
_receive_data                   text54        00FB6
_recv_msg                       text24        00900
_resetDBG                       text15        01C02
_sample1                        dataCOMRAM    0004A
_sample2                        dataCOMRAM    0004B
_sample3                        dataCOMRAM    0004C
_sample4                        dataCOMRAM    0004D
_sample5                        dataCOMRAM    0004E
_send_msg                       text10        00B7E
_send_stop                      text53        02182
_setDBG                         text14        01BA0
_timer0_int_handler             text43        01E16
_timer1_int_handler             text35        020A0
_timesreq                       bssCOMRAM     00044
_uart_recv_int_handler          text33        00C96
_uart_send                      text31        021F8
_uart_send_array                text1         014B0
_uart_send_int_handler          text30        01B36
_uc_ptr                         nvCOMRAM      0004F
check_msg@qptr                  cstackBANK1   0010E
debugNum@num                    cstackBANK1   0010F
end_of_initialization           cinit         018FE
i1ToMainHigh_sendmsg@data       cstackCOMRAM  00018
i1ToMainHigh_sendmsg@length     cstackCOMRAM  0001A
i1ToMainHigh_sendmsg@msgtype    cstackCOMRAM  00017
i1WriteUSART@data               cstackCOMRAM  00001
i1_ToMainHigh_sendmsg           text37        020CA
i1_WriteUSART                   text32        02040
i1_i2c_master_recv              text36        010AE
i1_memcpy                       text41        01D6E
i1_send_msg                     text40        01282
i1i2c_master_recv@addr          cstackCOMRAM  0001D
i1i2c_master_recv@buf_addr      cstackCOMRAM  0001C
i1memcpy@d                      cstackCOMRAM  00007
i1memcpy@d1                     cstackCOMRAM  00001
i1memcpy@n                      cstackCOMRAM  00005
i1memcpy@s                      cstackCOMRAM  00009
i1memcpy@s1                     cstackCOMRAM  00003
i1send_msg@data                 cstackCOMRAM  0000F
i1send_msg@length               cstackCOMRAM  0000D
i1send_msg@msgtype              cstackCOMRAM  0000E
i1send_msg@qmsg                 cstackCOMRAM  00015
i1send_msg@qptr                 cstackCOMRAM  0000B
i1send_msg@slot                 cstackCOMRAM  00014
i1send_msg@tlength              cstackCOMRAM  00012
i2ToMainHigh_sendmsg@data       cstackBANK0   00086
i2ToMainHigh_sendmsg@length     cstackBANK0   00088
i2ToMainHigh_sendmsg@msgtype    cstackBANK0   00085
i2_ToMainHigh_sendmsg           text45        02072
i2_check_msg                    text59        0211E
i2_i2c_master_send              text44        0067C
i2_in_high_int                  text58        021E8
i2_in_low_int                   text57        01C64
i2_memcpy                       text47        01DC2
i2_send_msg                     text46        0119C
i2c_master_recv@addr            cstackBANK1   0012A
i2c_master_recv@buf_addr        cstackBANK1   00129
i2c_master_send@addr            cstackBANK1   00197
i2c_master_send@buf_addr        cstackBANK1   00196
i2c_master_send@i               cstackBANK1   00198
i2c_master_send@i_1174          cstackBANK1   0019A
i2c_master_send@length          cstackBANK1   00128
i2c_master_send@msg             cstackBANK1   00129
i2c_master_send@tempbuf         cstackBANK1   00131
i2check_msg@qptr                cstackCOMRAM  00030
i2i2c_master_send@addr          cstackBANK0   000F8
i2i2c_master_send@buf_addr      cstackBANK0   000F7
i2i2c_master_send@i             cstackBANK0   000F9
i2i2c_master_send@i_1174        cstackBANK0   000FB
i2i2c_master_send@length        cstackBANK0   00089
i2i2c_master_send@msg           cstackBANK0   0008A
i2i2c_master_send@tempbuf       cstackBANK0   00092
i2memcpy@d                      cstackCOMRAM  00036
i2memcpy@d1                     cstackCOMRAM  00030
i2memcpy@n                      cstackCOMRAM  00034
i2memcpy@s                      cstackCOMRAM  00038
i2memcpy@s1                     cstackCOMRAM  00032
i2send_msg@data                 cstackCOMRAM  0003E
i2send_msg@length               cstackCOMRAM  0003C
i2send_msg@msgtype              cstackCOMRAM  0003D
i2send_msg@qmsg                 cstackBANK0   00083
i2send_msg@qptr                 cstackCOMRAM  0003A
i2send_msg@slot                 cstackBANK0   00082
i2send_msg@tlength              cstackBANK0   00080
init_i2c@ic                     cstackBANK1   0010E
init_queue@i                    cstackBANK1   00111
init_queue@qptr                 cstackBANK1   0010E
init_uart_recv@uc               cstackBANK1   0010E
int_func                        intcode_body  01758
intlevel0                       text          00000
intlevel1                       text          00000
intlevel2                       text          00000
intlevel3                       text          00000
main@F5242                      dataBANK2     002DE
main@data_points_count          cstackBANK2   00205
main@i                          cstackBANK2   00213
main@ic                         cstackBANK2   0022D
main@last_reg_recvd             cstackBANK2   00207
main@length                     cstackBANK2   0022C
main@msgbuffer                  cstackBANK2   00208
main@msgtype                    cstackBANK2   00214
main@test                       cstackBANK2   00200
main@uc                         cstackBANK2   00215
memcpy@d                        cstackBANK1   00114
memcpy@d1                       cstackBANK1   0010E
memcpy@n                        cstackBANK1   00112
memcpy@s                        cstackBANK1   00116
memcpy@s1                       cstackBANK1   00110
receive_data@recv               cstackCOMRAM  00031
recv_msg@data                   cstackBANK1   0011D
recv_msg@maxlength              cstackBANK1   0011A
recv_msg@msgtype                cstackBANK1   0011B
recv_msg@qmsg                   cstackBANK1   00124
recv_msg@qptr                   cstackBANK1   00118
recv_msg@slot                   cstackBANK1   00121
recv_msg@tlength                cstackBANK1   00122
resetDBG@b                      cstackBANK1   0010E
send_msg@data                   cstackBANK1   0011C
send_msg@length                 cstackBANK1   0011A
send_msg@msgtype                cstackBANK1   0011B
send_msg@qmsg                   cstackBANK1   00122
send_msg@qptr                   cstackBANK1   00118
send_msg@slot                   cstackBANK1   00121
send_msg@tlength                cstackBANK1   0011F
setDBG@b                        cstackBANK1   0010E
stackhi                         (abs)         003FF
stacklo                         (abs)         0036C
start                           init          000F8
start_initialization            cinit         0188E
timer0_int_handler@buf          cstackBANK0   000FE
uart_send@data                  cstackCOMRAM  00002
uart_send_array@data            cstackBANK1   0010F
uart_send_array@i               cstackBANK1   00113
uart_send_array@length          cstackBANK1   00111


FUNCTION INFORMATION:

 *************** function _main *****************
 Defined at:
		line 191 in file "../src/main.c"
 Parameters:    Size  Location     Type
		None
 Auto vars:     Size  Location     Type
  test            5    0[BANK2 ] unsigned char [5]
  i               1   19[BANK2 ] unsigned char 
  ic            123   45[BANK2 ] struct __i2c_comm
  uc             23   21[BANK2 ] struct __uart_comm
  msgbuffer      11    8[BANK2 ] unsigned char [11]
  to_send_buff   11    0        unsigned char [11]
  data_points_    2    5[BANK2 ] int 
  length          1   44[BANK2 ] char 
  msgtype         1   20[BANK2 ] unsigned char 
  last_reg_rec    1    7[BANK2 ] unsigned char 
 Return value:  Size  Location     Type
		None               void
 Registers used:
		wreg, fsr0l, fsr0h, fsr1l, fsr1h, fsr1l, fsr1h, fsr2l, fsr2h, status,2, status,0, pclat, btemp, btemp+1, btemp+2, btemp+3, btemp+4, btemp+5, btemp+6, btemp+7, btemp+8, btemp+9, btemp+10, btemp+11, tosl, structret, tblptrl, tblptrh, tblptru, prodl, prodh, bsr, cstack
 Tracked objects:
		On entry : 
		On exit  : 
		Unchanged: 
 Data sizes:     COMRAM   BANK0   BANK1   BANK2   BANK3
      Params:         0       0       0       0       0
      Locals:         0       0       0     168       0
      Temps:          0       0       7       0       0
      Totals:         0       0       7     168       0
Total ram usage:      175 bytes
 Hardware stack levels required when called:   16
 This function calls:
		_OpenTimer0
		_OpenTimer1
		_OpenUSART
		_ToMainHigh_recvmsg
		_ToMainLow_recvmsg
		_block_on_To_msgqueues
		_debugNum
		_enable_interrupts
		_i2c_configure_master
		_i2c_master_recv
		_i2c_master_send
		_init_i2c
		_init_queues
		_init_uart_recv
		_uart_send_array
 This function is called by:
		Startup code after reset
 This function uses a non-reentrant model


 *************** function _uart_send_array *****************
 Defined at:
		line 59 in file "../src/my_uart.c"
 Parameters:    Size  Location     Type
  data            2   15[BANK1 ] PTR unsigned char 
		 -> main@test(5), 
  length          1   17[BANK1 ] unsigned char 
 Auto vars:     Size  Location     Type
  i               1   19[BANK1 ] unsigned char 
 Return value:  Size  Location     Type
		None               void
 Registers used:
		wreg, fsr1l, fsr1h, fsr2l, fsr2h, status,2, status,0, prodl, prodh, cstack
 Tracked objects:
		On entry : 
		On exit  : 
		Unchanged: 
 Data sizes:     COMRAM   BANK0   BANK1   BANK2   BANK3
      Params:         0       0       3       0       0
      Locals:         0       0       1       0       0
      Temps:          0       0       1       0       0
      Totals:         0       0       5       0       0
Total ram usage:        5 bytes
 Hardware stack levels used:    1
 Hardware stack levels required when called:   13
 This function calls:
		_WriteUSART
 This function is called by:
		_main
 This function uses a non-reentrant model


 *************** function _WriteUSART *****************
 Defined at:
		line 13 in file "C:\Program Files (x86)\Microchip\xc8\v1.30\sources\pic18\plib\USART\uwrite.c"
 Parameters:    Size  Location     Type
  data            1    wreg     unsigned char 
 Auto vars:     Size  Location     Type
  data            1   14[BANK1 ] unsigned char 
 Return value:  Size  Location     Type
		None               void
 Registers used:
		wreg
 Tracked objects:
		On entry : 
		On exit  : 
		Unchanged: 
 Data sizes:     COMRAM   BANK0   BANK1   BANK2   BANK3
      Params:         0       0       0       0       0
      Locals:         0       0       1       0       0
      Temps:          0       0       0       0       0
      Totals:         0       0       1       0       0
Total ram usage:        1 bytes
 Hardware stack levels used:    1
 Hardware stack levels required when called:   12
 This function calls:
		Nothing
 This function is called by:
		_uart_send_array
 This function uses a non-reentrant model


 *************** function _init_uart_recv *****************
 Defined at:
		line 54 in file "../src/my_uart.c"
 Parameters:    Size  Location     Type
  uc              2   14[BANK1 ] PTR struct __uart_comm
		 -> main@uc(23), 
 Auto vars:     Size  Location     Type
		None
 Return value:  Size  Location     Type
		None               void
 Registers used:
		wreg, fsr2l, fsr2h, status,2, status,0
 Tracked objects:
		On entry : 
		On exit  : 
		Unchanged: 
 Data sizes:     COMRAM   BANK0   BANK1   BANK2   BANK3
      Params:         0       0       2       0       0
      Locals:         0       0       0       0       0
      Temps:          0       0       0       0       0
      Totals:         0       0       2       0       0
Total ram usage:        2 bytes
 Hardware stack levels used:    1
 Hardware stack levels required when called:   12
 This function calls:
		Nothing
 This function is called by:
		_main
 This function uses a non-reentrant model


 *************** function _init_queues *****************
 Defined at:
		line 195 in file "../src/messages.c"
 Parameters:    Size  Location     Type
		None
 Auto vars:     Size  Location     Type
		None
 Return value:  Size  Location     Type
		None               void
 Registers used:
		wreg, fsr2l, fsr2h, status,2, status,0, prodl, prodh, cstack
 Tracked objects:
		On entry : 
		On exit  : 
		Unchanged: 
 Data sizes:     COMRAM   BANK0   BANK1   BANK2   BANK3
      Params:         0       0       0       0       0
      Locals:         0       0       0       0       0
      Temps:          0       0       1       0       0
      Totals:         0       0       1       0       0
Total ram usage:        1 bytes
 Hardware stack levels used:    1
 Hardware stack levels required when called:   13
 This function calls:
		_init_queue
 This function is called by:
		_main
 This function uses a non-reentrant model


 *************** function _init_queue *****************
 Defined at:
		line 15 in file "../src/messages.c"
 Parameters:    Size  Location     Type
  qptr            2   14[BANK1 ] PTR struct __msg_queue
		 -> FromMainHigh_MQ(54), FromMainLow_MQ(54), ToMainHigh_MQ(54), ToMainLow_MQ(54), 
 Auto vars:     Size  Location     Type
  i               1   17[BANK1 ] unsigned char 
 Return value:  Size  Location     Type
		None               void
 Registers used:
		wreg, fsr2l, fsr2h, status,2, status,0, prodl, prodh
 Tracked objects:
		On entry : 
		On exit  : 
		Unchanged: 
 Data sizes:     COMRAM   BANK0   BANK1   BANK2   BANK3
      Params:         0       0       2       0       0
      Locals:         0       0       1       0       0
      Temps:          0       0       1       0       0
      Totals:         0       0       4       0       0
Total ram usage:        4 bytes
 Hardware stack levels used:    1
 Hardware stack levels required when called:   12
 This function calls:
		Nothing
 This function is called by:
		_init_queues
 This function uses a non-reentrant model


 *************** function _init_i2c *****************
 Defined at:
		line 24 in file "../src/my_i2c.c"
 Parameters:    Size  Location     Type
  ic              2   14[BANK1 ] PTR struct __i2c_comm
		 -> main@ic(123), 
 Auto vars:     Size  Location     Type
		None
 Return value:  Size  Location     Type
		None               void
 Registers used:
		wreg, fsr2l, fsr2h, status,2, status,0
 Tracked objects:
		On entry : 
		On exit  : 
		Unchanged: 
 Data sizes:     COMRAM   BANK0   BANK1   BANK2   BANK3
      Params:         0       0       2       0       0
      Locals:         0       0       0       0       0
      Temps:          0       0       0       0       0
      Totals:         0       0       2       0       0
Total ram usage:        2 bytes
 Hardware stack levels used:    1
 Hardware stack levels required when called:   12
 This function calls:
		Nothing
 This function is called by:
		_main
 This function uses a non-reentrant model


 *************** function _i2c_master_send *****************
 Defined at:
		line 57 in file "../src/my_i2c.c"
 Parameters:    Size  Location     Type
  addr            1    wreg     unsigned char 
  length          1   40[BANK1 ] unsigned char 
  msg             2   41[BANK1 ] PTR unsigned char 
		 -> timer0_int_handler@buf(1), main@msgbuffer(11), 
 Auto vars:     Size  Location     Type
  addr            1  151[BANK1 ] unsigned char 
  tempbuf       101   49[BANK1 ] unsigned char [101]
  i               2  152[BANK1 ] int 
  i               2  154[BANK1 ] int 
  buf_addr        1  150[BANK1 ] unsigned char 
 Return value:  Size  Location     Type
                  1    wreg      unsigned char 
 Registers used:
		wreg, fsr1l, fsr1h, fsr2l, fsr2h, status,2, status,0, prodl, prodh, cstack
 Tracked objects:
		On entry : 
		On exit  : 
		Unchanged: 
 Data sizes:     COMRAM   BANK0   BANK1   BANK2   BANK3
      Params:         0       0       3       0       0
      Locals:         0       0     107       0       0
      Temps:          0       0       6       0       0
      Totals:         0       0     116       0       0
Total ram usage:      116 bytes
 Hardware stack levels used:    1
 Hardware stack levels required when called:   15
 This function calls:
		_ToMainHigh_sendmsg
 This function is called by:
		_main
 This function uses a non-reentrant model


 *************** function _i2c_master_recv *****************
 Defined at:
		line 98 in file "../src/my_i2c.c"
 Parameters:    Size  Location     Type
  addr            1    wreg     unsigned char 
 Auto vars:     Size  Location     Type
  addr            1   42[BANK1 ] unsigned char 
  buf_addr        1   41[BANK1 ] unsigned char 
 Return value:  Size  Location     Type
                  1    wreg      unsigned char 
 Registers used:
		wreg, fsr1l, fsr1h, fsr2l, fsr2h, status,2, status,0, prodl, prodh, cstack
 Tracked objects:
		On entry : 
		On exit  : 
		Unchanged: 
 Data sizes:     COMRAM   BANK0   BANK1   BANK2   BANK3
      Params:         0       0       0       0       0
      Locals:         0       0       2       0       0
      Temps:          0       0       1       0       0
      Totals:         0       0       3       0       0
Total ram usage:        3 bytes
 Hardware stack levels used:    1
 Hardware stack levels required when called:   15
 This function calls:
		_ToMainHigh_sendmsg
 This function is called by:
		_main
 This function uses a non-reentrant model


 *************** function _ToMainHigh_sendmsg *****************
 Defined at:
		line 127 in file "../src/messages.c"
 Parameters:    Size  Location     Type
  length          1    wreg     unsigned char 
  msgtype         1   36[BANK1 ] unsigned char 
  data            2   37[BANK1 ] PTR void 
		 -> ADCBuffer(5), reqADData@buf(10), i2c_master_recv@addr(1), i2c_master_send@tempbuf(101), 
 Auto vars:     Size  Location     Type
  length          1   39[BANK1 ] unsigned char 
 Return value:  Size  Location     Type
                  1    wreg      char 
 Registers used:
		wreg, fsr1l, fsr1h, fsr2l, fsr2h, status,2, status,0, prodl, prodh, cstack
 Tracked objects:
		On entry : 
		On exit  : 
		Unchanged: 
 Data sizes:     COMRAM   BANK0   BANK1   BANK2   BANK3
      Params:         0       0       3       0       0
      Locals:         0       0       1       0       0
      Temps:          0       0       0       0       0
      Totals:         0       0       4       0       0
Total ram usage:        4 bytes
 Hardware stack levels used:    1
 Hardware stack levels required when called:   14
 This function calls:
		_send_msg
 This function is called by:
		_i2c_master_send
		_i2c_master_recv
		_reqADData
		_adc_int_handler
 This function uses a non-reentrant model


 *************** function _send_msg *****************
 Defined at:
		line 25 in file "../src/messages.c"
 Parameters:    Size  Location     Type
  qptr            2   24[BANK1 ] PTR struct __msg_queue
		 -> FromMainHigh_MQ(54), FromMainLow_MQ(54), ToMainHigh_MQ(54), ToMainLow_MQ(54), 
  length          1   26[BANK1 ] unsigned char 
  msgtype         1   27[BANK1 ] unsigned char 
  data            2   28[BANK1 ] PTR void 
		 -> ADCBuffer(5), reqADData@buf(10), NULL(0), i2c_master_recv@addr(1), 
		 -> i2c_master_send@tempbuf(101), main@uc(23), 
 Auto vars:     Size  Location     Type
  qmsg            2   34[BANK1 ] PTR struct __msg
		 -> FromMainLow_MQ.queue(52), FromMainHigh_MQ.queue(52), ToMainHigh_MQ.queue(52), ToMainLow_MQ.queue(52), 
		 -> FromMainHigh_MQ(54), FromMainLow_MQ(54), ToMainHigh_MQ(54), ToMainLow_MQ(54), 
  tlength         2   31[BANK1 ] unsigned int 
  slot            1   33[BANK1 ] unsigned char 
 Return value:  Size  Location     Type
                  1    wreg      char 
 Registers used:
		wreg, fsr1l, fsr1h, fsr2l, fsr2h, status,2, status,0, prodl, prodh, cstack
 Tracked objects:
		On entry : 
		On exit  : 
		Unchanged: 
 Data sizes:     COMRAM   BANK0   BANK1   BANK2   BANK3
      Params:         0       0       6       0       0
      Locals:         0       0       5       0       0
      Temps:          0       0       1       0       0
      Totals:         0       0      12       0       0
Total ram usage:       12 bytes
 Hardware stack levels used:    1
 Hardware stack levels required when called:   13
 This function calls:
		_memcpy
 This function is called by:
		_ToMainHigh_sendmsg
		_FromMainLow_sendmsg
		_FromMainHigh_sendmsg
 This function uses a non-reentrant model


 *************** function _i2c_configure_master *****************
 Defined at:
		line 37 in file "../src/my_i2c.c"
 Parameters:    Size  Location     Type
		None
 Auto vars:     Size  Location     Type
		None
 Return value:  Size  Location     Type
		None               void
 Registers used:
		wreg, status,2
 Tracked objects:
		On entry : 
		On exit  : 
		Unchanged: 
 Data sizes:     COMRAM   BANK0   BANK1   BANK2   BANK3
      Params:         0       0       0       0       0
      Locals:         0       0       0       0       0
      Temps:          0       0       0       0       0
      Totals:         0       0       0       0       0
Total ram usage:        0 bytes
 Hardware stack levels used:    1
 Hardware stack levels required when called:   12
 This function calls:
		Nothing
 This function is called by:
		_main
 This function uses a non-reentrant model


 *************** function _enable_interrupts *****************
 Defined at:
		line 16 in file "../src/interrupts.c"
 Parameters:    Size  Location     Type
		None
 Auto vars:     Size  Location     Type
		None
 Return value:  Size  Location     Type
		None               void
 Registers used:
		None
 Tracked objects:
		On entry : 
		On exit  : 
		Unchanged: 
 Data sizes:     COMRAM   BANK0   BANK1   BANK2   BANK3
      Params:         0       0       0       0       0
      Locals:         0       0       0       0       0
      Temps:          0       0       0       0       0
      Totals:         0       0       0       0       0
Total ram usage:        0 bytes
 Hardware stack levels used:    1
 Hardware stack levels required when called:   12
 This function calls:
		Nothing
 This function is called by:
		_main
 This function uses a non-reentrant model


 *************** function _debugNum *****************
 Defined at:
		line 69 in file "../src/debug.c"
 Parameters:    Size  Location     Type
  num             2   15[BANK1 ] int 
 Auto vars:     Size  Location     Type
		None
 Return value:  Size  Location     Type
		None               void
 Registers used:
		wreg, status,2, status,0, cstack
 Tracked objects:
		On entry : 
		On exit  : 
		Unchanged: 
 Data sizes:     COMRAM   BANK0   BANK1   BANK2   BANK3
      Params:         0       0       2       0       0
      Locals:         0       0       0       0       0
      Temps:          0       0       0       0       0
      Totals:         0       0       2       0       0
Total ram usage:        2 bytes
 Hardware stack levels used:    1
 Hardware stack levels required when called:   13
 This function calls:
		_resetDBG
		_setDBG
 This function is called by:
		_main
		_adc_int_handler
 This function uses a non-reentrant model


 *************** function _setDBG *****************
 Defined at:
		line 4 in file "../src/debug.c"
 Parameters:    Size  Location     Type
  b               1    wreg     unsigned char 
 Auto vars:     Size  Location     Type
  b               1   14[BANK1 ] unsigned char 
 Return value:  Size  Location     Type
		None               void
 Registers used:
		wreg, status,2, status,0
 Tracked objects:
		On entry : 
		On exit  : 
		Unchanged: 
 Data sizes:     COMRAM   BANK0   BANK1   BANK2   BANK3
      Params:         0       0       0       0       0
      Locals:         0       0       1       0       0
      Temps:          0       0       0       0       0
      Totals:         0       0       1       0       0
Total ram usage:        1 bytes
 Hardware stack levels used:    1
 Hardware stack levels required when called:   12
 This function calls:
		Nothing
 This function is called by:
		_debugNum
 This function uses a non-reentrant model


 *************** function _resetDBG *****************
 Defined at:
		line 26 in file "../src/debug.c"
 Parameters:    Size  Location     Type
  b               1    wreg     unsigned char 
 Auto vars:     Size  Location     Type
  b               1   14[BANK1 ] unsigned char 
 Return value:  Size  Location     Type
		None               void
 Registers used:
		wreg, status,2, status,0
 Tracked objects:
		On entry : 
		On exit  : 
		Unchanged: 
 Data sizes:     COMRAM   BANK0   BANK1   BANK2   BANK3
      Params:         0       0       0       0       0
      Locals:         0       0       1       0       0
      Temps:          0       0       0       0       0
      Totals:         0       0       1       0       0
Total ram usage:        1 bytes
 Hardware stack levels used:    1
 Hardware stack levels required when called:   12
 This function calls:
		Nothing
 This function is called by:
		_debugNum
 This function uses a non-reentrant model


 *************** function _block_on_To_msgqueues *****************
 Defined at:
		line 259 in file "../src/messages.c"
 Parameters:    Size  Location     Type
		None
 Auto vars:     Size  Location     Type
		None
 Return value:  Size  Location     Type
		None               void
 Registers used:
		wreg, fsr2l, fsr2h, status,2, status,0, prodl, prodh, cstack
 Tracked objects:
		On entry : 
		On exit  : 
		Unchanged: 
 Data sizes:     COMRAM   BANK0   BANK1   BANK2   BANK3
      Params:         0       0       0       0       0
      Locals:         0       0       0       0       0
      Temps:          0       0       1       0       0
      Totals:         0       0       1       0       0
Total ram usage:        1 bytes
 Hardware stack levels used:    1
 Hardware stack levels required when called:   15
 This function calls:
		_Delay1KTCYx
		_check_msg
		_in_main
 This function is called by:
		_main
 This function uses a non-reentrant model


 *************** function _in_main *****************
 Defined at:
		line 42 in file "../src/interrupts.c"
 Parameters:    Size  Location     Type
		None
 Auto vars:     Size  Location     Type
		None
 Return value:  Size  Location     Type
                  2   18[BANK1 ] int 
 Registers used:
		wreg, status,2, status,0, cstack
 Tracked objects:
		On entry : 
		On exit  : 
		Unchanged: 
 Data sizes:     COMRAM   BANK0   BANK1   BANK2   BANK3
      Params:         0       0       2       0       0
      Locals:         0       0       0       0       0
      Temps:          0       0       0       0       0
      Totals:         0       0       2       0       0
Total ram usage:        2 bytes
 Hardware stack levels used:    1
 Hardware stack levels required when called:   14
 This function calls:
		_in_high_int
		_in_low_int
 This function is called by:
		_block_on_To_msgqueues
 This function uses a non-reentrant model


 *************** function _in_low_int *****************
 Defined at:
		line 32 in file "../src/interrupts.c"
 Parameters:    Size  Location     Type
		None
 Auto vars:     Size  Location     Type
		None
 Return value:  Size  Location     Type
                  2   16[BANK1 ] int 
 Registers used:
		wreg, status,2, status,0, cstack
 Tracked objects:
		On entry : 
		On exit  : 
		Unchanged: 
 Data sizes:     COMRAM   BANK0   BANK1   BANK2   BANK3
      Params:         0       0       2       0       0
      Locals:         0       0       0       0       0
      Temps:          0       0       0       0       0
      Totals:         0       0       2       0       0
Total ram usage:        2 bytes
 Hardware stack levels used:    1
 Hardware stack levels required when called:   13
 This function calls:
		_in_high_int
 This function is called by:
		_in_main
 This function uses a non-reentrant model


 *************** function _in_high_int *****************
 Defined at:
		line 24 in file "../src/interrupts.c"
 Parameters:    Size  Location     Type
		None
 Auto vars:     Size  Location     Type
		None
 Return value:  Size  Location     Type
                  2   14[BANK1 ] int 
 Registers used:
		wreg, status,2
 Tracked objects:
		On entry : 
		On exit  : 
		Unchanged: 
 Data sizes:     COMRAM   BANK0   BANK1   BANK2   BANK3
      Params:         0       0       2       0       0
      Locals:         0       0       0       0       0
      Temps:          0       0       0       0       0
      Totals:         0       0       2       0       0
Total ram usage:        2 bytes
 Hardware stack levels used:    1
 Hardware stack levels required when called:   12
 This function calls:
		Nothing
 This function is called by:
		_in_low_int
		_in_main
 This function uses a non-reentrant model


 *************** function _check_msg *****************
 Defined at:
		line 223 in file "../src/messages.c"
 Parameters:    Size  Location     Type
  qptr            2   14[BANK1 ] PTR struct __msg_queue
		 -> ToMainHigh_MQ(54), ToMainLow_MQ(54), 
 Auto vars:     Size  Location     Type
		None
 Return value:  Size  Location     Type
                  1    wreg      unsigned char 
 Registers used:
		wreg, fsr2l, fsr2h, status,2, status,0, prodl, prodh
 Tracked objects:
		On entry : 
		On exit  : 
		Unchanged: 
 Data sizes:     COMRAM   BANK0   BANK1   BANK2   BANK3
      Params:         0       0       2       0       0
      Locals:         0       0       0       0       0
      Temps:          0       0       1       0       0
      Totals:         0       0       3       0       0
Total ram usage:        3 bytes
 Hardware stack levels used:    1
 Hardware stack levels required when called:   12
 This function calls:
		Nothing
 This function is called by:
		_block_on_To_msgqueues
 This function uses a non-reentrant model


 *************** function _Delay1KTCYx *****************
 Defined at:
		line 8 in file "C:\Program Files (x86)\Microchip\xc8\v1.30\sources\pic18\d1ktcyx.c"
 Parameters:    Size  Location     Type
  unit            1    wreg     unsigned char 
 Auto vars:     Size  Location     Type
  unit            1   14[BANK1 ] unsigned char 
 Return value:  Size  Location     Type
		None               void
 Registers used:
		wreg
 Tracked objects:
		On entry : 
		On exit  : 
		Unchanged: 
 Data sizes:     COMRAM   BANK0   BANK1   BANK2   BANK3
      Params:         0       0       0       0       0
      Locals:         0       0       1       0       0
      Temps:          0       0       0       0       0
      Totals:         0       0       1       0       0
Total ram usage:        1 bytes
 Hardware stack levels used:    1
 Hardware stack levels required when called:   12
 This function calls:
		Nothing
 This function is called by:
		_block_on_To_msgqueues
 This function uses a non-reentrant model


 *************** function _ToMainLow_recvmsg *****************
 Defined at:
		line 113 in file "../src/messages.c"
 Parameters:    Size  Location     Type
  maxlength       1    wreg     unsigned char 
[...]
      Temps:          1       0       0       0       0
      Totals:         7       5       0       0       0
Total ram usage:       12 bytes
 Hardware stack levels used:    1
 Hardware stack levels required when called:    1
 This function calls:
		i2_memcpy
 This function is called by:
		i2_ToMainHigh_sendmsg
 This function uses a non-reentrant model


 *************** function i2_memcpy *****************
 Defined at:
		line 11 in file "C:\Program Files (x86)\Microchip\xc8\v1.30\sources\common\memcpy.c"
 Parameters:    Size  Location     Type
  d1              2   47[COMRAM] PTR void 
		 -> FromMainLow_MQ.queue(52), FromMainHigh_MQ.queue(52), ToMainHigh_MQ.queue(52), ToMainLow_MQ.queue(52), 
		 -> FromMainHigh_MQ(54), FromMainLow_MQ(54), ToMainHigh_MQ(54), ToMainLow_MQ(54), 
		 -> main@msgbuffer(11), 
  s1              2   49[COMRAM] PTR const void 
		 -> ToMainLow_MQ.data(10), ToMainHigh_MQ.data(10), FromMainLow_MQ.data(10), FromMainHigh_MQ.data(10), 
		 -> ToMainLow_MQ.queue.data(10), ToMainHigh_MQ.queue.data(10), FromMainHigh_MQ.queue.data(10), FromMainLow_MQ.queue.data(10), 
		 -> ADCBuffer(5), reqADData@buf(10), NULL(0), i2c_master_recv@addr(1), 
		 -> i2c_master_send@tempbuf(101), FromMainHigh_MQ(54), FromMainLow_MQ(54), ToMainHigh_MQ(54), 
		 -> ToMainLow_MQ(54), main@uc(23), 
  n               2   51[COMRAM] unsigned int 
 Auto vars:     Size  Location     Type
  memcpy          2   55[COMRAM] PTR const unsigned char 
		 -> ToMainLow_MQ.data(10), ToMainHigh_MQ.data(10), FromMainLow_MQ.data(10), FromMainHigh_MQ.data(10), 
		 -> ToMainLow_MQ.queue.data(10), ToMainHigh_MQ.queue.data(10), FromMainHigh_MQ.queue.data(10), FromMainLow_MQ.queue.data(10), 
		 -> ADCBuffer(5), reqADData@buf(10), NULL(0), i2c_master_recv@addr(1), 
		 -> i2c_master_send@tempbuf(101), FromMainHigh_MQ(54), FromMainLow_MQ(54), ToMainHigh_MQ(54), 
		 -> ToMainLow_MQ(54), main@uc(23), 
  memcpy          2   53[COMRAM] PTR unsigned char 
		 -> FromMainLow_MQ.queue(52), FromMainHigh_MQ.queue(52), ToMainHigh_MQ.queue(52), ToMainLow_MQ.queue(52), 
		 -> FromMainHigh_MQ(54), FromMainLow_MQ(54), ToMainHigh_MQ(54), ToMainLow_MQ(54), 
		 -> main@msgbuffer(11), 
 Return value:  Size  Location     Type
                  2   47[COMRAM] PTR void 
 Registers used:
		wreg, fsr1l, fsr1h, fsr2l, fsr2h, status,2, status,0
 Tracked objects:
		On entry : 
		On exit  : 
		Unchanged: 
 Data sizes:     COMRAM   BANK0   BANK1   BANK2   BANK3
      Params:         6       0       0       0       0
      Locals:         4       0       0       0       0
      Temps:          0       0       0       0       0
      Totals:        10       0       0       0       0
Total ram usage:       10 bytes
 Hardware stack levels used:    1
 This function calls:
		Nothing
 This function is called by:
		i2_send_msg
 This function uses a non-reentrant model


 *************** function _WriteTimer0 *****************
 Defined at:
		line 16 in file "C:\Program Files (x86)\Microchip\xc8\v1.30\sources\pic18\plib\Timers\t0write.c"
 Parameters:    Size  Location     Type
  timer0          2   47[COMRAM] unsigned int 
 Auto vars:     Size  Location     Type
  timer           2   49[COMRAM] struct Timers
 Return value:  Size  Location     Type
		None               void
 Registers used:
		None
 Tracked objects:
		On entry : 
		On exit  : 
		Unchanged: 
 Data sizes:     COMRAM   BANK0   BANK1   BANK2   BANK3
      Params:         2       0       0       0       0
      Locals:         2       0       0       0       0
      Temps:          0       0       0       0       0
      Totals:         4       0       0       0       0
Total ram usage:        4 bytes
 Hardware stack levels used:    1
 This function calls:
		Nothing
 This function is called by:
		_timer0_int_handler
 This function uses a non-reentrant model


 *************** function _i2c_int_handler *****************
 Defined at:
		line 224 in file "../src/my_i2c.c"
 Parameters:    Size  Location     Type
		None
 Auto vars:     Size  Location     Type
		None
 Return value:  Size  Location     Type
		None               void
 Registers used:
		wreg, fsr1l, fsr1h, fsr2l, fsr2h, status,2, status,0, prodl, prodh, cstack
 Tracked objects:
		On entry : 
		On exit  : 
		Unchanged: 
 Data sizes:     COMRAM   BANK0   BANK1   BANK2   BANK3
      Params:         0       0       0       0       0
      Locals:         0       0       0       0       0
      Temps:          0       0       0       0       0
      Totals:         0       0       0       0       0
Total ram usage:        0 bytes
 Hardware stack levels used:    1
 Hardware stack levels required when called:    2
 This function calls:
		_i2c_rx_handler
		_i2c_tx_handler
 This function is called by:
		_InterruptHandlerHigh
 This function uses a non-reentrant model


 *************** function _i2c_tx_handler *****************
 Defined at:
		line 140 in file "../src/my_i2c.c"
 Parameters:    Size  Location     Type
		None
 Auto vars:     Size  Location     Type
		None
 Return value:  Size  Location     Type
		None               void
 Registers used:
		wreg, fsr1l, fsr1h, fsr2l, fsr2h, status,2, status,0, prodl, prodh, cstack
 Tracked objects:
		On entry : 
		On exit  : 
		Unchanged: 
 Data sizes:     COMRAM   BANK0   BANK1   BANK2   BANK3
      Params:         0       0       0       0       0
      Locals:         0       0       0       0       0
      Temps:          1       0       0       0       0
      Totals:         1       0       0       0       0
Total ram usage:        1 bytes
 Hardware stack levels used:    1
 Hardware stack levels required when called:    1
 This function calls:
		_check_if_send_stop
		_load_i2c_data
		_send_stop
 This function is called by:
		_i2c_int_handler
 This function uses a non-reentrant model


 *************** function _check_if_send_stop *****************
 Defined at:
		line 128 in file "../src/my_i2c.c"
 Parameters:    Size  Location     Type
		None
 Auto vars:     Size  Location     Type
		None
 Return value:  Size  Location     Type
                  1    wreg      unsigned char 
 Registers used:
		wreg, fsr1l, fsr1h, fsr2l, fsr2h, status,2, status,0
 Tracked objects:
		On entry : 
		On exit  : 
		Unchanged: 
 Data sizes:     COMRAM   BANK0   BANK1   BANK2   BANK3
      Params:         0       0       0       0       0
      Locals:         0       0       0       0       0
      Temps:          0       0       0       0       0
      Totals:         0       0       0       0       0
Total ram usage:        0 bytes
 Hardware stack levels used:    1
 This function calls:
		Nothing
 This function is called by:
		_i2c_tx_handler
 This function uses a non-reentrant model


 *************** function _i2c_rx_handler *****************
 Defined at:
		line 188 in file "../src/my_i2c.c"
 Parameters:    Size  Location     Type
		None
 Auto vars:     Size  Location     Type
		None
 Return value:  Size  Location     Type
		None               void
 Registers used:
		wreg, fsr2l, fsr2h, status,2, status,0, prodl, prodh, cstack
 Tracked objects:
		On entry : 
		On exit  : 
		Unchanged: 
 Data sizes:     COMRAM   BANK0   BANK1   BANK2   BANK3
      Params:         0       0       0       0       0
      Locals:         0       0       0       0       0
      Temps:          1       0       0       0       0
      Totals:         1       0       0       0       0
Total ram usage:        1 bytes
 Hardware stack levels used:    1
 Hardware stack levels required when called:    1
 This function calls:
		_load_i2c_data
		_receive_data
		_send_stop
 This function is called by:
		_i2c_int_handler
 This function uses a non-reentrant model


 *************** function _send_stop *****************
 Defined at:
		line 135 in file "../src/my_i2c.c"
 Parameters:    Size  Location     Type
		None
 Auto vars:     Size  Location     Type
		None
 Return value:  Size  Location     Type
		None               void
 Registers used:
		wreg, fsr2l, fsr2h, status,2, status,0
 Tracked objects:
		On entry : 
		On exit  : 
		Unchanged: 
 Data sizes:     COMRAM   BANK0   BANK1   BANK2   BANK3
      Params:         0       0       0       0       0
      Locals:         0       0       0       0       0
      Temps:          0       0       0       0       0
      Totals:         0       0       0       0       0
Total ram usage:        0 bytes
 Hardware stack levels used:    1
 This function calls:
		Nothing
 This function is called by:
		_i2c_tx_handler
		_i2c_rx_handler
 This function uses a non-reentrant model


 *************** function _receive_data *****************
 Defined at:
		line 164 in file "../src/my_i2c.c"
 Parameters:    Size  Location     Type
		None
 Auto vars:     Size  Location     Type
  recv            1   48[COMRAM] unsigned char 
 Return value:  Size  Location     Type
                  1    wreg      unsigned char 
 Registers used:
		wreg, fsr2l, fsr2h, status,2, status,0, prodl, prodh
 Tracked objects:
		On entry : 
		On exit  : 
		Unchanged: 
 Data sizes:     COMRAM   BANK0   BANK1   BANK2   BANK3
      Params:         0       0       0       0       0
      Locals:         1       0       0       0       0
      Temps:          1       0       0       0       0
      Totals:         2       0       0       0       0
Total ram usage:        2 bytes
 Hardware stack levels used:    1
 This function calls:
		Nothing
 This function is called by:
		_i2c_rx_handler
 This function uses a non-reentrant model


 *************** function _load_i2c_data *****************
 Defined at:
		line 118 in file "../src/my_i2c.c"
 Parameters:    Size  Location     Type
		None
 Auto vars:     Size  Location     Type
		None
 Return value:  Size  Location     Type
                  1    wreg      unsigned char 
 Registers used:
		wreg, fsr2l, fsr2h, status,2, status,0, prodl, prodh
 Tracked objects:
		On entry : 
		On exit  : 
		Unchanged: 
 Data sizes:     COMRAM   BANK0   BANK1   BANK2   BANK3
      Params:         0       0       0       0       0
      Locals:         0       0       0       0       0
      Temps:          1       0       0       0       0
      Totals:         1       0       0       0       0
Total ram usage:        1 bytes
 Hardware stack levels used:    1
 This function calls:
		Nothing
 This function is called by:
		_i2c_tx_handler
		_i2c_rx_handler
 This function uses a non-reentrant model


 *************** function _SleepIfOkay *****************
 Defined at:
		line 229 in file "../src/messages.c"
 Parameters:    Size  Location     Type
		None
 Auto vars:     Size  Location     Type
		None
 Return value:  Size  Location     Type
		None               void
 Registers used:
		wreg, fsr2l, fsr2h, status,2, status,0, prodl, prodh, cstack
 Tracked objects:
		On entry : 
		On exit  : 
		Unchanged: 
 Data sizes:     COMRAM   BANK0   BANK1   BANK2   BANK3
      Params:         0       0       0       0       0
      Locals:         0       0       0       0       0
      Temps:          0       0       0       0       0
      Totals:         0       0       0       0       0
Total ram usage:        0 bytes
 Hardware stack levels used:    1
 Hardware stack levels required when called:    2
 This function calls:
		_enter_sleep_mode
		i2_check_msg
		i2_in_high_int
		i2_in_low_int
 This function is called by:
		_InterruptHandlerHigh
 This function uses a non-reentrant model


 *************** function i2_in_low_int *****************
 Defined at:
		line 32 in file "../src/interrupts.c"
 Parameters:    Size  Location     Type
		None
 Auto vars:     Size  Location     Type
		None
 Return value:  Size  Location     Type
                  2   49[COMRAM] int 
 Registers used:
		wreg, status,2, status,0, cstack
 Tracked objects:
		On entry : 
		On exit  : 
		Unchanged: 
 Data sizes:     COMRAM   BANK0   BANK1   BANK2   BANK3
      Params:         2       0       0       0       0
      Locals:         0       0       0       0       0
      Temps:          0       0       0       0       0
      Totals:         2       0       0       0       0
Total ram usage:        2 bytes
 Hardware stack levels used:    1
 Hardware stack levels required when called:    1
 This function calls:
		i2_in_high_int
 This function is called by:
		_SleepIfOkay
 This function uses a non-reentrant model


 *************** function i2_in_high_int *****************
 Defined at:
		line 24 in file "../src/interrupts.c"
 Parameters:    Size  Location     Type
		None
 Auto vars:     Size  Location     Type
		None
 Return value:  Size  Location     Type
                  2   47[COMRAM] int 
 Registers used:
		wreg, status,2
 Tracked objects:
		On entry : 
		On exit  : 
		Unchanged: 
 Data sizes:     COMRAM   BANK0   BANK1   BANK2   BANK3
      Params:         2       0       0       0       0
      Locals:         0       0       0       0       0
      Temps:          0       0       0       0       0
      Totals:         2       0       0       0       0
Total ram usage:        2 bytes
 Hardware stack levels used:    1
 This function calls:
		Nothing
 This function is called by:
		_SleepIfOkay
		i2_in_low_int
 This function uses a non-reentrant model


 *************** function i2_check_msg *****************
 Defined at:
		line 223 in file "../src/messages.c"
 Parameters:    Size  Location     Type
  qptr            2   47[COMRAM] PTR struct __msg_queue
		 -> ToMainHigh_MQ(54), ToMainLow_MQ(54), 
 Auto vars:     Size  Location     Type
		None
 Return value:  Size  Location     Type
                  1    wreg      unsigned char 
 Registers used:
		wreg, fsr2l, fsr2h, status,2, status,0, prodl, prodh
 Tracked objects:
		On entry : 
		On exit  : 
		Unchanged: 
 Data sizes:     COMRAM   BANK0   BANK1   BANK2   BANK3
      Params:         2       0       0       0       0
      Locals:         0       0       0       0       0
      Temps:          1       0       0       0       0
      Totals:         3       0       0       0       0
Total ram usage:        3 bytes
 Hardware stack levels used:    1
 This function calls:
		Nothing
 This function is called by:
		_SleepIfOkay
 This function uses a non-reentrant model


 *************** function _enter_sleep_mode *****************
 Defined at:
		line 203 in file "../src/messages.c"
 Parameters:    Size  Location     Type
		None
 Auto vars:     Size  Location     Type
		None
 Return value:  Size  Location     Type
		None               void
 Registers used:
		None
 Tracked objects:
		On entry : 
		On exit  : 
		Unchanged: 
 Data sizes:     COMRAM   BANK0   BANK1   BANK2   BANK3
      Params:         0       0       0       0       0
      Locals:         0       0       0       0       0
      Temps:          0       0       0       0       0
      Totals:         0       0       0       0       0
Total ram usage:        0 bytes
 Hardware stack levels used:    1
 This function calls:
		Nothing
 This function is called by:
		_SleepIfOkay
 This function uses a non-reentrant model



MODULE INFORMATION

Module		Function		Class		Link	Load	Size
C:\Program Files (x86)\Microchip\xc8\v1.30\sources\pic18\plib\Timers\t0write.c
		_WriteTimer0   		CODE           	21D6	0000	18

C:\Program Files (x86)\Microchip\xc8\v1.30\sources\pic18\plib\Timers\t0write.c estimated size: 18

C:\Program Files (x86)\Microchip\xc8\v1.30\sources\pic18\plib\Timers\t1write.c
		_WriteTimer1   		CODE           	21C4	0000	18

C:\Program Files (x86)\Microchip\xc8\v1.30\sources\pic18\plib\Timers\t1write.c estimated size: 18

../src/user_interrupts.c
		_timer0_int_han		CODE           	1E16	0000	72
		_timer1_int_han		CODE           	20A0	0000	42

../src/user_interrupts.c estimated size: 114

shared
		i1_send_msg    		CODE           	1282	0000	190
		i2_send_msg    		CODE           	119C	0000	230
		i1_ToMainHigh_s		CODE           	20CA	0000	42
		i2_ToMainHigh_s		CODE           	2072	0000	46
		i2_in_high_int 		CODE           	21E8	0000	16
		i2_i2c_master_s		CODE           	067C	0000	644
		__initializatio		CODE           	188E	0000	112
		i1_i2c_master_r		CODE           	10AE	0000	238
		i2_in_low_int  		CODE           	1C64	0000	98
		i1_WriteUSART  		CODE           	2040	0000	50
		i1_memcpy      		CODE           	1D6E	0000	84
		i2_memcpy      		CODE           	1DC2	0000	84
		i2_check_msg   		CODE           	211E	0000	40

shared estimated size: 1874

../src/my_i2c.c
		_i2c_rx_handler		CODE           	0EB0	0000	262
		_check_if_send_		CODE           	1EEA	0000	70
		_load_i2c_data 		CODE           	16B6	0000	162
		_i2c_master_sen		CODE           	03F8	0000	644
		_send_stop     		CODE           	2182	0000	26
		_i2c_master_rec		CODE           	0DA4	0000	268
		_i2c_configure_		CODE           	21B2	0000	18
		_i2c_tx_handler		CODE           	13FC	0000	180
		_receive_data  		CODE           	0FB6	0000	248
		_init_i2c      		CODE           	1A62	0000	106
		_i2c_int_handle		CODE           	1FDA	0000	52

../src/my_i2c.c estimated size: 2036

C:\Program Files (x86)\Microchip\xc8\v1.30\sources\pic18\plib\USART\uread.c
		_ReadUSART     		CODE           	1D1A	0000	84

C:\Program Files (x86)\Microchip\xc8\v1.30\sources\pic18\plib\USART\uread.c estimated size: 84

C:\Program Files (x86)\Microchip\xc8\v1.30\sources\pic18\plib\Timers\t0open.c
		_OpenTimer0    		CODE           	1FA4	0000	54

C:\Program Files (x86)\Microchip\xc8\v1.30\sources\pic18\plib\Timers\t0open.c estimated size: 54

../src/debug.c
		_setDBG        		CODE           	1BA0	0000	98
		_debugNum      		CODE           	1562	0000	172
		_resetDBG      		CODE           	1C02	0000	98

../src/debug.c estimated size: 368

C:\Program Files (x86)\Microchip\xc8\v1.30\sources\pic18\plib\Timers\t1open.c
		_OpenTimer1    		CODE           	1CC6	0000	84

C:\Program Files (x86)\Microchip\xc8\v1.30\sources\pic18\plib\Timers\t1open.c estimated size: 84

C:\Program Files (x86)\Microchip\xc8\v1.30\sources\pic18\d1ktcyx.c
		_Delay1KTCYx   		CODE           	2164	0000	30

C:\Program Files (x86)\Microchip\xc8\v1.30\sources\pic18\d1ktcyx.c estimated size: 30

../src/interrupts.c
		_enable_interru		CODE           	2204	0000	8
		_in_low_int    		CODE           	1908	0000	122
		_in_main       		CODE           	1ACC	0000	106
		_in_high_int   		CODE           	219C	0000	22
		_InterruptHandl		CODE           	0018	0000	224
		_InterruptHandl		CODE           	0008	0000	6126

../src/interrupts.c estimated size: 6608

C:\Program Files (x86)\Microchip\xc8\v1.30\sources\common\memcpy.c
		_memcpy        		CODE           	1982	0000	114

C:\Program Files (x86)\Microchip\xc8\v1.30\sources\common\memcpy.c estimated size: 114

C:\Program Files (x86)\Microchip\xc8\v1.30\sources\pic18\plib\USART\uwrite.c
		_WriteUSART    		CODE           	200E	0000	50

C:\Program Files (x86)\Microchip\xc8\v1.30\sources\pic18\plib\USART\uwrite.c estimated size: 50

../src/my_uart.c
		_uart_send_int_		CODE           	1B36	0000	106
		_uart_send_arra		CODE           	14B0	0000	178
		_init_uart_recv		CODE           	2146	0000	30
		_uart_recv_int_		CODE           	0C96	0000	270
		_uart_send     		CODE           	21F8	0000	12

../src/my_uart.c estimated size: 596

C:\Program Files (x86)\Microchip\xc8\v1.30\sources\pic18\plib\USART\uopen.c
		_OpenUSART     		CODE           	0A62	0000	284

C:\Program Files (x86)\Microchip\xc8\v1.30\sources\pic18\plib\USART\uopen.c estimated size: 284

../src/messages.c
		_ToMainHigh_sen		CODE           	1F30	0000	58
		_ToMainHigh_rec		CODE           	1EA4	0000	70
		_block_on_To_ms		CODE           	1340	0000	188
		_check_msg     		CODE           	1F6A	0000	58
		_ToMainLow_send		CODE           	20F4	0000	42
		_ToMainLow_recv		CODE           	1E5E	0000	70
		_enter_sleep_mo		CODE           	220C	0000	6
		_send_msg      		CODE           	0B7E	0000	280
		_init_queue    		CODE           	17F6	0000	152
		_init_queues   		CODE           	19F4	0000	110
		_recv_msg      		CODE           	0900	0000	354
		_SleepIfOkay   		CODE           	160E	0000	168

../src/messages.c estimated size: 1556

../src/main.c
		_main          		CODE           	00FC	0000	764

../src/main.c estimated size: 764

