Microchip MPLAB XC8 Compiler V1.30 ()

Linker command line:

--edf=C:\Program Files (x86)\Microchip\xc8\v1.30\dat\en_msgs.txt -cs \
  -h+dist/UseXC8/production\PIC_Framework_3.X.production.sym \
  --cmf=dist/UseXC8/production\PIC_Framework_3.X.production.cmf -z \
  -Q18F45J10 -oC:\Users\Glen\AppData\Local\Temp\s6ps.6 \
  -Mdist/UseXC8/production/PIC_Framework_3.X.production.map -E1 -ver=XC8 \
  -ASTACK=03AFh-03ffh -pstack=STACK -ACODE=00h-07FF7h -ACONST=00h-07FF7h \
  -ASMALLCONST=0400h-04FFhx123,07F00h-07FF7h -AMEDIUMCONST=0400h-07FF7h \
  -ACOMRAM=01h-07Fh -AABS1=00h-03FFh -ABIGRAM=01h-03FFh \
  -ARAM=080h-0FFh,0100h-01FFhx3 -ABANK0=080h-0FFh -ABANK1=0100h-01FFh \
  -ABANK2=0200h-02FFh -ABANK3=0300h-03FFh -ASFR=0F80h-0FFFh \
  -preset_vec=00h,intcode=08h,intcodelo=018h,powerup,init,end_init \
  -pramtop=0400h -psmallconst=SMALLCONST -pmediumconst=MEDIUMCONST \
  -pconst=CONST -AFARRAM=00h-00h -ACONFIG=07FF8h-07FFDh -pconfig=CONFIG \
  -pjflash_buffer=07800h \
  -prdata=COMRAM,nvrram=COMRAM,nvbit=COMRAM,rbss=COMRAM,rbit=COMRAM \
  -pfarbss=FARRAM,fardata=FARRAM,nvFARRAM=FARRAM \
  -pintsave_regs=BIGRAM,bigbss=BIGRAM,bigdata=BIGRAM -pbss=RAM \
  -pidata=CODE,irdata=CODE,ibigdata=CODE,ifardata=CODE \
  C:\Users\Glen\AppData\Local\Temp\s6ps.obj \
  dist/UseXC8/production\PIC_Framework_3.X.production.obj 

Object code version is 3.11

Machine type is 18F45J10

Call graph: (short form)




                Name                               Link     Load   Length Selector   Space Scale
C:\Users\Glen\AppData\Local\Temp\s6ps.obj
                end_init                             F8       F8        4        C       0
                reset_vec                             0        0        4        0       0
                config                             7FF8     7FF8        6     7FF8       0
dist/UseXC8/production\PIC_Framework_3.X.production.obj
                intcodelo                            18       18       E0        C       0
                intcode                               8        8        C        4       0
                text59                             23B2     23B2        6     11CF       0
                text58                             21AC     21AC       3A        C       0
                text57                             2342     2342       16        C       0
                text56                             1B14     1B14       7A        C       0
                text55                             1390     1390       C4        C       0
                text54                             1732     1732       A6        C       0
                text53                             119C     119C      106        C       0
                text52                             2312     2312       1A        C       0
                text51                             1092     1092      10A        C       0
                text50                             20B8     20B8       46        C       0
                text49                             15CE     15CE       B8        C       0
                text48                             221C     221C       34        C       0
                text47                             237C     237C       12        C       0
                text46                             1C00     1C00       72        C       0
                text45                              E6E      E6E      118        C       0
                text44                             2172     2172       3A        C       0
                text43                              712      712      284        C       0
                text42                             1FDE     1FDE       4E        C       0
                intcode_body                       17D8     17D8       9E        C       0
                text40                             236A     236A       12        C       0
                text39                             2250     2250       32        C       0
                text38                             190E     190E       8C        C       0
                text37                             1F8A     1F8A       54        C       0
                text36                             1454     1454       BE        C       0
                text35                             22AC     22AC       2A        C       0
                text34                             12A2     12A2       EE        C       0
                text33                             199A     199A       86        C       0
                text32                             1F36     1F36       54        C       0
                text31                             2282     2282       2A        C       0
                text30                              AF8      AF8      142        C       0
                text29                             239E     239E        C     11CF       0
                text28                             1DB4     1DB4       6A        C       0
                text26                             21E6     21E6       36        C       0
                text25                             1EE2     1EE2       54        C       0
                text24                              C3A      C3A      11C        C       0
                text23                             1B8E     1B8E       72        C       0
                text22                              996      996      162        C       0
                text21                             2072     2072       46        C       0
                text20                             202C     202C       46        C       0
                text19                             22F4     22F4       1E        C       0
                text18                             2138     2138       3A        C       0
                text17                             232C     232C       16        C       0
                text16                             1A9A     1A9A       7A        C       0
                text15                             1D4A     1D4A       6A        C       0
                text14                             1512     1512       BC        C       0
                text13                             1E80     1E80       62        C       0
                text12                             1E1E     1E1E       62        C       0
                text11                             1686     1686       AC        C       0
                text10                             23AA     23AA        8     11CF       0
                text9                              2358     2358       12        C       0
                text8                               D56      D56      118        C       0
                text7                              20FE     20FE       3A        C       0
                text6                               F86      F86      10C        C       0
                text5                               48E      48E      284        C       0
                text4                              1CE0     1CE0       6A        C       0
                text3                              1876     1876       98        C       0
                text2                              1C72     1C72       6E        C       0
                text1                              22D6     22D6       1E        C       0
                text0                                FC       FC      392        C       0
                cstackCOMRAM                          1        1       39        1       1
                cstackBANK0                          B6       B6       33       80       1
                cstackBANK1                         16C      16C       6B      100       1
                cstackBANK2                         200      200       95      200       1
                cstackBANK3                         300      300       AA      300       1
                dataBANK3                           3AA      3AA        5      300       1
                bssBANK2                            295      295       36      200       1
                bssBANK1                            100      100       6C      100       1
                bssBANK0                             80       80       36       80       1
                dataCOMRAM                           3A       3A        F        1       1
                bssCOMRAM                            49       49        A        1       1
                cinit                              1A20     1A20       7A        C       0
                nvBANK1                             1D7      1D7        2      100       1
                nvCOMRAM                             53       53        2        1       1
                idataBANK3                         23B8     23B8        5     11CF       0
                idataCOMRAM                        238E     238E        F        C       0

TOTAL           Name                               Link     Load   Length     Space
        CLASS   STACK          

        CLASS   CODE           
                end_init                             F8       F8        4         0
                intcodelo                            18       18       E0         0
                intcode                               8        8        C         0
                reset_vec                             0        0        4         0
                text59                             23B2     23B2        6         0
                text58                             21AC     21AC       3A         0
                text57                             2342     2342       16         0
                text56                             1B14     1B14       7A         0
                text55                             1390     1390       C4         0
                text54                             1732     1732       A6         0
                text53                             119C     119C      106         0
                text52                             2312     2312       1A         0
                text51                             1092     1092      10A         0
                text50                             20B8     20B8       46         0
                text49                             15CE     15CE       B8         0
                text48                             221C     221C       34         0
                text47                             237C     237C       12         0
                text46                             1C00     1C00       72         0
                text45                              E6E      E6E      118         0
                text44                             2172     2172       3A         0
                text43                              712      712      284         0
                text42                             1FDE     1FDE       4E         0
                intcode_body                       17D8     17D8       9E         0
                text40                             236A     236A       12         0
                text39                             2250     2250       32         0
                text38                             190E     190E       8C         0
                text37                             1F8A     1F8A       54         0
                text36                             1454     1454       BE         0
                text35                             22AC     22AC       2A         0
                text34                             12A2     12A2       EE         0
                text33                             199A     199A       86         0
                text32                             1F36     1F36       54         0
                text31                             2282     2282       2A         0
                text30                              AF8      AF8      142         0
                text29                             239E     239E        C         0
                text28                             1DB4     1DB4       6A         0
                text26                             21E6     21E6       36         0
                text25                             1EE2     1EE2       54         0
                text24                              C3A      C3A      11C         0
                text23                             1B8E     1B8E       72         0
                text22                              996      996      162         0
                text21                             2072     2072       46         0
                text20                             202C     202C       46         0
                text19                             22F4     22F4       1E         0
                text18                             2138     2138       3A         0
                text17                             232C     232C       16         0
                text16                             1A9A     1A9A       7A         0
                text15                             1D4A     1D4A       6A         0
                text14                             1512     1512       BC         0
                text13                             1E80     1E80       62         0
                text12                             1E1E     1E1E       62         0
                text11                             1686     1686       AC         0
                text10                             23AA     23AA        8         0
                text9                              2358     2358       12         0
                text8                               D56      D56      118         0
                text7                              20FE     20FE       3A         0
                text6                               F86      F86      10C         0
                text5                               48E      48E      284         0
                text4                              1CE0     1CE0       6A         0
                text3                              1876     1876       98         0
                text2                              1C72     1C72       6E         0
                text1                              22D6     22D6       1E         0
                text0                                FC       FC      392         0
                cinit                              1A20     1A20       7A         0
                idataBANK3                         23B8     23B8        5         0
                idataCOMRAM                        238E     238E        F         0

        CLASS   CONST          

        CLASS   SMALLCONST     

        CLASS   MEDIUMCONST    

        CLASS   COMRAM         
                cstackCOMRAM                          1        1       39         1
                dataCOMRAM                           3A       3A        F         1
                bssCOMRAM                            49       49        A         1
                nvCOMRAM                             53       53        2         1

        CLASS   ABS1           

        CLASS   BIGRAM         

        CLASS   RAM            

        CLASS   BANK0          
                cstackBANK0                          B6       B6       33         1
                bssBANK0                             80       80       36         1

        CLASS   BANK1          
                cstackBANK1                         16C      16C       6B         1
                bssBANK1                            100      100       6C         1
                nvBANK1                             1D7      1D7        2         1

        CLASS   BANK2          
                cstackBANK2                         200      200       95         1
                bssBANK2                            295      295       36         1

        CLASS   BANK3          
                cstackBANK3                         300      300       AA         1
                dataBANK3                           3AA      3AA        5         1

        CLASS   SFR            

        CLASS   FARRAM         

        CLASS   CONFIG         
                config                             7FF8     7FF8        6         0

        CLASS   IDLOC          



SEGMENTS        Name                           Load    Length   Top    Selector   Space  Class

                reset_vec                      000000  000004  000004         0       0  CODE    
                cstackCOMRAM                   000001  000054  000055         1       1  COMRAM  
                intcode                        000008  00000C  000014         4       0  CODE    
                intcodelo                      000018  002385  00239D         C       0  CODE    
                bssBANK0                       000080  000069  0000E9        80       1  BANK0   
                bssBANK1                       000100  0000D9  0001D9       100       1  BANK1   
                cstackBANK2                    000200  0000CB  0002CB       200       1  BANK2   
                cstackBANK3                    000300  0000AF  0003AF       300       1  BANK3   
                text29                         00239E  00001F  0023BD      11CF       0  CODE    
                config                         007FF8  000006  007FFE      7FF8       0  CONFIG  


UNUSED ADDRESS RANGES

        Name                Unused          Largest block    Delta
        BANK0            000E9-000FF              17
        BANK1            001D9-001FF              27
        BANK2            002CB-002FF              35
        BANK3            003AF-003FF              51
        BIGRAM           00055-0007F              2B
                         000E9-000FF              17
                         001D9-001FF              27
                         002CB-002FF              35
                         003AF-003FF              51
        CODE             00004-00007               4
                         00014-00017               4
                         0239D-0239D               1
                         023BD-07FF7            5C3B
        COMRAM           00055-0007F              2B
        CONST            00004-00007               4
                         00014-00017               4
                         0239D-0239D               1
                         023BD-07FF7            5C3B
        MEDIUMCONST      0239D-0239D               1
                         023BD-07FF7            5C3B
        RAM              000E9-000FF              17
                         001D9-001FF              27
                         002CB-002FF              35
                         003AF-003FF              51
        SFR              00F80-00FFF              80
        SMALLCONST       0239D-0239D               1
                         023BD-07FF7             100
        STACK            003AF-003FF              51

                                  Symbol Table

?_in_high_int                   cstackBANK2   00200
?_in_low_int                    cstackBANK2   00202
?_in_main                       cstackBANK2   00204
?i2_in_high_int                 cstackBANK0   000B6
?i2_in_low_int                  cstackBANK0   000B8
Delay1KTCYx@unit                cstackBANK2   00200
OpenTimer0@config               cstackBANK2   00200
OpenTimer1@config               cstackBANK2   00200
OpenUSART@config                cstackBANK2   00205
OpenUSART@spbrg                 cstackBANK2   00200
ReadUSART@data                  cstackCOMRAM  00001
ToMainHigh_recvmsg@data         cstackBANK2   0021A
ToMainHigh_recvmsg@maxlength    cstackBANK2   0021C
ToMainHigh_recvmsg@msgtype      cstackBANK2   00218
ToMainHigh_sendmsg@data         cstackBANK2   00217
ToMainHigh_sendmsg@length       cstackBANK2   00219
ToMainHigh_sendmsg@msgtype      cstackBANK2   00216
ToMainLow_recvmsg@data          cstackBANK2   0021A
ToMainLow_recvmsg@maxlength     cstackBANK2   0021C
ToMainLow_recvmsg@msgtype       cstackBANK2   00218
ToMainLow_sendmsg@data          cstackCOMRAM  00018
ToMainLow_sendmsg@length        cstackCOMRAM  0001A
ToMainLow_sendmsg@msgtype       cstackCOMRAM  00017
WriteTimer0@timer               cstackBANK0   000B8
WriteTimer0@timer0              cstackBANK0   000B6
WriteTimer1@timer               cstackCOMRAM  00003
WriteTimer1@timer1              cstackCOMRAM  00001
WriteUSART@data                 cstackCOMRAM  00001
_ADCBuffer                      bssCOMRAM     0004E
_ADCON0                         (abs)         00FC2
_ADCON0bits                     (abs)         00FC2
_ADCON1                         (abs)         00FC1
_ADCON2                         (abs)         00FC0
_ADRESH                         (abs)         00FC4
_ADRESL                         (abs)         00FC3
_Delay1KTCYx                    text19        022F4
_FromMainHigh_MQ                bssBANK2      00295
_FromMainLow_MQ                 bssBANK0      00080
_INTCONbits                     (abs)         00FF2
_IPR1bits                       (abs)         00F9F
_InterruptHandlerHigh           intcode       00008
_InterruptHandlerLow            intcodelo     00018
_LATB                           (abs)         00F8A
_LATBbits                       (abs)         00F8A
_MQ_Main_Willing_to_block       bssCOMRAM     00049
_OSCCON                         (abs)         00FD3
_OSCCONbits                     (abs)         00FD3
_OSCTUNEbits                    (abs)         00F9B
_OpenTimer0                     text26        021E6
_OpenTimer1                     text25        01EE2
_OpenUSART                      text24        00C3A
_PIE1bits                       (abs)         00F9D
_PIR1bits                       (abs)         00F9E
_PORTBbits                      (abs)         00F81
_RCONbits                       (abs)         00FD0
_RCREG                          (abs)         00FAE
_RCSTA                          (abs)         00FAB
_RCSTAbits                      (abs)         00FAB
_ReadUSART                      text32        01F36
_SPBRG                          (abs)         00FAF
_SPBRGH                         (abs)         00FB0
_SSPADD                         (abs)         00FC8
_SSPBUF                         (abs)         00FC9
_SSPCON1bits                    (abs)         00FC6
_SSPCON2bits                    (abs)         00FC5
_SSPSTATbits                    (abs)         00FC7
_SleepIfOkay                    text55        01390
_T0CON                          (abs)         00FD5
_T0CONbits                      (abs)         00FD5
_T1CON                          (abs)         00FCD
_T1CONbits                      (abs)         00FCD
_TMR0H                          (abs)         00FD7
_TMR0L                          (abs)         00FD6
_TMR1H                          (abs)         00FCF
_TMR1L                          (abs)         00FCE
_TRISAbits                      (abs)         00F92
_TRISB                          (abs)         00F93
_TRISCbits                      (abs)         00F94
_TXREG                          (abs)         00FAD
_TXSTA                          (abs)         00FAC
_TXSTAbits                      (abs)         00FAC
_ToMainHigh_MQ                  bssBANK1      00100
_ToMainHigh_recvmsg             text21        02072
_ToMainHigh_sendmsg             text7         020FE
_ToMainLow_MQ                   bssBANK1      00136
_ToMainLow_recvmsg              text20        0202C
_ToMainLow_sendmsg              text31        02282
_USART_Status                   bssCOMRAM     0004A
_WriteTimer0                    text47        0237C
_WriteTimer1                    text40        0236A
_WriteUSART                     text39        02250
__CFG_CCP2MX$DEFAULT            (abs)         00000
__CFG_CP0$OFF                   (abs)         00000
__CFG_FCMEN$ON                  (abs)         00000
__CFG_FOSC$HSPLL                (abs)         00000
__CFG_FOSC2$ON                  (abs)         00000
__CFG_IESO$ON                   (abs)         00000
__CFG_STVREN$OFF                (abs)         00000
__CFG_WDTEN$OFF                 (abs)         00000
__CFG_WDTPS$32768               (abs)         00000
__CFG_XINST$OFF                 (abs)         00000
__HRAM                          (abs)         00000
__Habs1                         abs1          00000
__Hbank0                        bank0         00000
__Hbank1                        bank1         00000
__Hbank2                        bank2         00000
__Hbank3                        bank3         00000
__Hbigbss                       bigbss        00000
__Hbigdata                      bigdata       00000
__Hbigram                       bigram        00000
__Hbss                          bss           00000
__HbssBANK0                     bssBANK0      00000
__HbssBANK1                     bssBANK1      00000
__HbssBANK2                     bssBANK2      00000
__HbssCOMRAM                    bssCOMRAM     00000
__Hcinit                        cinit         00000
__Hclrtext                      clrtext       00000
__Hcomram                       comram        00000
__Hconfig                       config        07FFE
__Hconst                        const         00000
__HcstackBANK0                  cstackBANK0   00000
__HcstackBANK1                  cstackBANK1   00000
__HcstackBANK2                  cstackBANK2   00000
__HcstackBANK3                  cstackBANK3   00000
__HcstackCOMRAM                 cstackCOMRAM  00000
__Hdata                         data          00000
__HdataBANK3                    dataBANK3     00000
__HdataCOMRAM                   dataCOMRAM    00000
__Hend_init                     end_init      000FC
__Hfarbss                       farbss        00000
__Hfardata                      fardata       00000
__Hibigdata                     ibigdata      00000
__Hidata                        idata         00000
__HidataBANK3                   idataBANK3    00000
__HidataCOMRAM                  idataCOMRAM   00000
__Hidloc                        idloc         00000
__Hifardata                     ifardata      00000
__Hinit                         init          000F8
__Hintcode                      intcode       00014
__Hintcode_body                 intcode_body  00000
__Hintcodelo                    intcodelo     000F8
__Hintentry                     intentry      00000
__Hintret                       intret        00000
__Hintsave_regs                 intsave_regs  00000
__Hirdata                       irdata        00000
__Hjflash_buffer                jflash_buffer 07800
__Hmediumconst                  mediumconst   00000
__HnvBANK1                      nvBANK1       00000
__HnvCOMRAM                     nvCOMRAM      00000
__HnvFARRAM                     nvFARRAM      00000
__Hnvbit                        nvbit         00000
__Hnvrram                       nvrram        00000
__Hparam                        param0        00000
__Hparam0                       param0        00000
__Hpowerup                      powerup       000F8
__Hram                          ram           00000
__Hramtop                       ramtop        00400
__Hrbit                         rbit          00000
__Hrbss                         rbss          00000
__Hrdata                        rdata         00000
__Hreset_vec                    reset_vec     00004
__Hsfr                          sfr           00000
__Hsmallconst                   smallconst    00000
__Hstack                        stack         00000
__Hstruct                       struct        00000
__Htemp                         temp          00000
__Htext                         text          00000
__Htext0                        text0         00000
__Htext1                        text1         00000
__Htext10                       text10        00000
__Htext11                       text11        00000
__Htext12                       text12        00000
__Htext13                       text13        00000
__Htext14                       text14        00000
__Htext15                       text15        00000
__Htext16                       text16        00000
__Htext17                       text17        00000
__Htext18                       text18        00000
__Htext19                       text19        00000
__Htext2                        text2         00000
__Htext20                       text20        00000
__Htext21                       text21        00000
__Htext22                       text22        00000
__Htext23                       text23        00000
__Htext24                       text24        00000
__Htext25                       text25        00000
__Htext26                       text26        00000
__Htext28                       text28        00000
__Htext29                       text29        00000
__Htext3                        text3         00000
__Htext30                       text30        00000
__Htext31                       text31        00000
__Htext32                       text32        00000
__Htext33                       text33        00000
__Htext34                       text34        00000
__Htext35                       text35        00000
__Htext36                       text36        00000
__Htext37                       text37        00000
__Htext38                       text38        00000
__Htext39                       text39        00000
__Htext4                        text4         00000
__Htext40                       text40        00000
__Htext42                       text42        00000
__Htext43                       text43        00000
__Htext44                       text44        00000
__Htext45                       text45        00000
__Htext46                       text46        00000
__Htext47                       text47        00000
__Htext48                       text48        00000
__Htext49                       text49        00000
__Htext5                        text5         00000
__Htext50                       text50        00000
__Htext51                       text51        00000
__Htext52                       text52        00000
__Htext53                       text53        00000
__Htext54                       text54        00000
__Htext55                       text55        00000
__Htext56                       text56        00000
__Htext57                       text57        00000
__Htext58                       text58        00000
__Htext59                       text59        00000
__Htext6                        text6         00000
__Htext7                        text7         00000
__Htext8                        text8         00000
__Htext9                        text9         00000
__LRAM                          (abs)         00001
__Labs1                         abs1          00000
__Lbank0                        bank0         00000
__Lbank1                        bank1         00000
__Lbank2                        bank2         00000
__Lbank3                        bank3         00000
__Lbigbss                       bigbss        00000
__Lbigdata                      bigdata       00000
__Lbigram                       bigram        00000
__Lbss                          bss           00000
__LbssBANK0                     bssBANK0      00000
__LbssBANK1                     bssBANK1      00000
__LbssBANK2                     bssBANK2      00000
__LbssCOMRAM                    bssCOMRAM     00000
__Lcinit                        cinit         00000
__Lclrtext                      clrtext       00000
__Lcomram                       comram        00000
__Lconfig                       config        07FF8
__Lconst                        const         00000
__LcstackBANK0                  cstackBANK0   00000
__LcstackBANK1                  cstackBANK1   00000
__LcstackBANK2                  cstackBANK2   00000
__LcstackBANK3                  cstackBANK3   00000
__LcstackCOMRAM                 cstackCOMRAM  00000
__Ldata                         data          00000
__LdataBANK3                    dataBANK3     00000
__LdataCOMRAM                   dataCOMRAM    00000
__Lend_init                     end_init      000F8
__Lfarbss                       farbss        00000
__Lfardata                      fardata       00000
__Libigdata                     ibigdata      00000
__Lidata                        idata         00000
__LidataBANK3                   idataBANK3    00000
__LidataCOMRAM                  idataCOMRAM   00000
__Lidloc                        idloc         00000
__Lifardata                     ifardata      00000
__Linit                         init          000F8
__Lintcode                      intcode       00008
__Lintcode_body                 intcode_body  00000
__Lintcodelo                    intcodelo     00018
__Lintentry                     intentry      00000
__Lintret                       intret        00000
__Lintsave_regs                 intsave_regs  00000
__Lirdata                       irdata        00000
__Ljflash_buffer                jflash_buffer 07800
__Lmediumconst                  mediumconst   00000
__LnvBANK1                      nvBANK1       00000
__LnvCOMRAM                     nvCOMRAM      00000
__LnvFARRAM                     nvFARRAM      00000
__Lnvbit                        nvbit         00000
__Lnvrram                       nvrram        00000
__Lparam                        param0        00000
__Lparam0                       param0        00000
__Lpowerup                      powerup       000F8
__Lram                          ram           00000
__Lramtop                       ramtop        00400
__Lrbit                         rbit          00000
__Lrbss                         rbss          00000
__Lrdata                        rdata         00000
__Lreset_vec                    reset_vec     00000
__Lsfr                          sfr           00000
__Lsmallconst                   smallconst    00000
__Lstack                        stack         00000
__Lstruct                       struct        00000
__Ltemp                         temp          00000
__Ltext                         text          00000
__Ltext0                        text0         00000
__Ltext1                        text1         00000
__Ltext10                       text10        00000
__Ltext11                       text11        00000
__Ltext12                       text12        00000
__Ltext13                       text13        00000
__Ltext14                       text14        00000
__Ltext15                       text15        00000
__Ltext16                       text16        00000
__Ltext17                       text17        00000
__Ltext18                       text18        00000
__Ltext19                       text19        00000
__Ltext2                        text2         00000
__Ltext20                       text20        00000
__Ltext21                       text21        00000
__Ltext22                       text22        00000
__Ltext23                       text23        00000
__Ltext24                       text24        00000
__Ltext25                       text25        00000
__Ltext26                       text26        00000
__Ltext28                       text28        00000
__Ltext29                       text29        00000
__Ltext3                        text3         00000
__Ltext30                       text30        00000
__Ltext31                       text31        00000
__Ltext32                       text32        00000
__Ltext33                       text33        00000
__Ltext34                       text34        00000
__Ltext35                       text35        00000
__Ltext36                       text36        00000
__Ltext37                       text37        00000
__Ltext38                       text38        00000
__Ltext39                       text39        00000
__Ltext4                        text4         00000
__Ltext40                       text40        00000
__Ltext42                       text42        00000
__Ltext43                       text43        00000
__Ltext44                       text44        00000
__Ltext45                       text45        00000
__Ltext46                       text46        00000
__Ltext47                       text47        00000
__Ltext48                       text48        00000
__Ltext49                       text49        00000
__Ltext5                        text5         00000
__Ltext50                       text50        00000
__Ltext51                       text51        00000
__Ltext52                       text52        00000
__Ltext53                       text53        00000
__Ltext54                       text54        00000
__Ltext55                       text55        00000
__Ltext56                       text56        00000
__Ltext57                       text57        00000
__Ltext58                       text58        00000
__Ltext59                       text59        00000
__Ltext6                        text6         00000
__Ltext7                        text7         00000
__Ltext8                        text8         00000
__Ltext9                        text9         00000
__S0                            (abs)         07FFE
__S1                            (abs)         003AF
__S2                            (abs)         00000
___extmem_base                  (abs)         20000
___inthi_sp                     stack         00000
___intlo_sp                     stack         00000
___sp                           stack         00000
__accesstop                     (abs)         00080
__activetblptr                  (abs)         00002
__end_of_Delay1KTCYx            text19        02312
__end_of_InterruptHandlerHigh   intcode_body  01876
__end_of_InterruptHandlerLow    intcodelo     000F8
__end_of_OpenTimer0             text26        0221C
__end_of_OpenTimer1             text25        01F36
__end_of_OpenUSART              text24        00D56
__end_of_ReadUSART              text32        01F8A
__end_of_SleepIfOkay            text55        01454
__end_of_ToMainHigh_recvmsg     text21        020B8
__end_of_ToMainHigh_sendmsg     text7         02138
__end_of_ToMainLow_recvmsg      text20        02072
__end_of_ToMainLow_sendmsg      text31        022AC
__end_of_WriteTimer0            text47        0238E
__end_of_WriteTimer1            text40        0237C
__end_of_WriteUSART             text39        02282
__end_of__initialization        cinit         01A90
__end_of_block_on_To_msgqueues  text14        015CE
__end_of_check_if_send_stop     text50        020FE
__end_of_check_msg              text18        02172
__end_of_debugNum               text11        01732
__end_of_enable_interrupts      text10        023B2
__end_of_enter_sleep_mode       text59        023B8
__end_of_i2c_configure_master   text9         0236A
__end_of_i2c_int_handler        text48        02250
__end_of_i2c_master_recv        text6         01092
__end_of_i2c_master_send        text5         00712
__end_of_i2c_rx_handler         text51        0119C
__end_of_i2c_tx_handler         text49        01686
__end_of_in_high_int            text17        02342
__end_of_in_low_int             text16        01B14
__end_of_in_main                text15        01DB4
__end_of_init_i2c               text4         01D4A
__end_of_init_queue             text3         0190E
__end_of_init_queues            text2         01CE0
__end_of_init_uart_recv         text1         022F4
__end_of_load_i2c_data          text54        017D8
__end_of_main                   text0         0048E
__end_of_memcpy                 text23        01C00
__end_of_receive_data           text53        012A2
__end_of_recv_msg               text22        00AF8
__end_of_resetDBG               text13        01EE2
__end_of_send_msg               text8         00E6E
__end_of_send_stop              text52        0232C
__end_of_setDBG                 text12        01E80
__end_of_timer0_int_handler     text42        0202C
__end_of_timer1_int_handler     text33        01A20
__end_of_uart_recv_int_handler  text30        00C3A
__end_of_uart_send              text29        023AA
__end_of_uart_send_array        text38        0199A
__end_of_uart_send_int_handler  text28        01E1E
__end_ofi1_ToMainHigh_sendmsg   text35        022D6
__end_ofi1_i2c_master_recv      text34        01390
__end_ofi1_memcpy               text37        01FDE
__end_ofi1_send_msg             text36        01512
__end_ofi2_ToMainHigh_sendmsg   text44        021AC
__end_ofi2_check_msg            text58        021E6
__end_ofi2_i2c_master_send      text43        00996
__end_ofi2_in_high_int          text57        02358
__end_ofi2_in_low_int           text56        01B8E
__end_ofi2_memcpy               text46        01C72
__end_ofi2_send_msg             text45        00F86
__initialization                cinit         01A20
__mediumconst                   mediumconst   00000
__pbssBANK0                     bssBANK0      00080
__pbssBANK1                     bssBANK1      00100
__pbssBANK2                     bssBANK2      00295
__pbssCOMRAM                    bssCOMRAM     00049
__pcinit                        cinit         01A20
__pcstackBANK0                  cstackBANK0   000B6
__pcstackBANK1                  cstackBANK1   0016C
__pcstackBANK2                  cstackBANK2   00200
__pcstackBANK3                  cstackBANK3   00300
__pcstackCOMRAM                 cstackCOMRAM  00001
__pdataBANK3                    dataBANK3     003AA
__pdataCOMRAM                   dataCOMRAM    0003A
__pidataBANK3                   idataBANK3    023B8
__pidataCOMRAM                  idataCOMRAM   0238E
__pintcode                      intcode       00008
__pintcode_body                 intcode_body  017D8
__pintcodelo                    intcodelo     00018
__pnvBANK1                      nvBANK1       001D7
__pnvCOMRAM                     nvCOMRAM      00053
__ptext0                        text0         000FC
__ptext1                        text1         022D6
__ptext10                       text10        023AA
__ptext11                       text11        01686
__ptext12                       text12        01E1E
__ptext13                       text13        01E80
__ptext14                       text14        01512
__ptext15                       text15        01D4A
__ptext16                       text16        01A9A
__ptext17                       text17        0232C
__ptext18                       text18        02138
__ptext19                       text19        022F4
__ptext2                        text2         01C72
__ptext20                       text20        0202C
__ptext21                       text21        02072
__ptext22                       text22        00996
__ptext23                       text23        01B8E
__ptext24                       text24        00C3A
__ptext25                       text25        01EE2
__ptext26                       text26        021E6
__ptext28                       text28        01DB4
__ptext29                       text29        0239E
__ptext3                        text3         01876
__ptext30                       text30        00AF8
__ptext31                       text31        02282
__ptext32                       text32        01F36
__ptext33                       text33        0199A
__ptext34                       text34        012A2
__ptext35                       text35        022AC
__ptext36                       text36        01454
__ptext37                       text37        01F8A
__ptext38                       text38        0190E
__ptext39                       text39        02250
__ptext4                        text4         01CE0
__ptext40                       text40        0236A
__ptext42                       text42        01FDE
__ptext43                       text43        00712
__ptext44                       text44        02172
__ptext45                       text45        00E6E
__ptext46                       text46        01C00
__ptext47                       text47        0237C
__ptext48                       text48        0221C
__ptext49                       text49        015CE
__ptext5                        text5         0048E
__ptext50                       text50        020B8
__ptext51                       text51        01092
__ptext52                       text52        02312
__ptext53                       text53        0119C
__ptext54                       text54        01732
__ptext55                       text55        01390
__ptext56                       text56        01B14
__ptext57                       text57        02342
__ptext58                       text58        021AC
__ptext59                       text59        023B2
__ptext6                        text6         00F86
__ptext7                        text7         020FE
__ptext8                        text8         00D56
__ptext9                        text9         02358
__ramtop                        ramtop        00400
__size_of_Delay1KTCYx           (abs)         00000
__size_of_InterruptHandlerHigh  (abs)         00000
__size_of_InterruptHandlerLow   (abs)         00000
__size_of_OpenTimer0            (abs)         00000
__size_of_OpenTimer1            (abs)         00000
__size_of_OpenUSART             (abs)         00000
__size_of_ReadUSART             (abs)         00000
__size_of_SleepIfOkay           (abs)         00000
__size_of_ToMainHigh_recvmsg    (abs)         00000
__size_of_ToMainHigh_sendmsg    (abs)         00000
__size_of_ToMainLow_recvmsg     (abs)         00000
__size_of_ToMainLow_sendmsg     (abs)         00000
__size_of_WriteTimer0           (abs)         00000
__size_of_WriteTimer1           (abs)         00000
__size_of_WriteUSART            (abs)         00000
__size_of_block_on_To_msgqueues (abs)         00000
__size_of_check_if_send_stop    (abs)         00000
__size_of_check_msg             (abs)         00000
__size_of_debugNum              (abs)         00000
__size_of_enable_interrupts     (abs)         00000
__size_of_enter_sleep_mode      (abs)         00000
__size_of_i2c_configure_master  (abs)         00000
__size_of_i2c_int_handler       (abs)         00000
__size_of_i2c_master_recv       (abs)         00000
__size_of_i2c_master_send       (abs)         00000
__size_of_i2c_rx_handler        (abs)         00000
__size_of_i2c_tx_handler        (abs)         00000
__size_of_in_high_int           (abs)         00000
__size_of_in_low_int            (abs)         00000
__size_of_in_main               (abs)         00000
__size_of_init_i2c              (abs)         00000
__size_of_init_queue            (abs)         00000
__size_of_init_queues           (abs)         00000
__size_of_init_uart_recv        (abs)         00000
__size_of_load_i2c_data         (abs)         00000
__size_of_main                  (abs)         00000
__size_of_memcpy                (abs)         00000
__size_of_receive_data          (abs)         00000
__size_of_recv_msg              (abs)         00000
__size_of_resetDBG              (abs)         00000
__size_of_send_msg              (abs)         00000
__size_of_send_stop             (abs)         00000
__size_of_setDBG                (abs)         00000
__size_of_timer0_int_handler    (abs)         00000
__size_of_timer1_int_handler    (abs)         00000
__size_of_uart_recv_int_handler (abs)         00000
__size_of_uart_send             (abs)         00000
__size_of_uart_send_array       (abs)         00000
__size_of_uart_send_int_handler (abs)         00000
__size_ofi1_ToMainHigh_sendmsg  (abs)         00000
__size_ofi1_i2c_master_recv     (abs)         00000
__size_ofi1_memcpy              (abs)         00000
__size_ofi1_send_msg            (abs)         00000
__size_ofi2_ToMainHigh_sendmsg  (abs)         00000
__size_ofi2_check_msg           (abs)         00000
__size_ofi2_i2c_master_send     (abs)         00000
__size_ofi2_in_high_int         (abs)         00000
__size_ofi2_in_low_int          (abs)         00000
__size_ofi2_memcpy              (abs)         00000
__size_ofi2_send_msg            (abs)         00000
__smallconst                    smallconst    00000
_block_on_To_msgqueues          text14        01512
_check_if_send_stop             text50        020B8
_check_msg                      text18        02138
_count                          bssCOMRAM     0004B
_debugNum                       text11        01686
_enable_interrupts              text10        023AA
_enter_sleep_mode               text59        023B2
_i2c_configure_master           text9         02358
_i2c_int_handler                text48        0221C
_i2c_master_recv                text6         00F86
_i2c_master_send                text5         0048E
_i2c_rx_handler                 text51        01092
_i2c_tx_handler                 text49        015CE
_ic_ptr                         nvBANK1       001D7
_in_high_int                    text17        0232C
_in_low_int                     text16        01A9A
_in_main                        text15        01D4A
_init_i2c                       text4         01CE0
_init_queue                     text3         01876
_init_queues                    text2         01C72
_init_uart_recv                 text1         022D6
_load_i2c_data                  text54        01732
_main                           text0         000FC
_memcpy                         text23        01B8E
_receive_data                   text53        0119C
_recv_msg                       text22        00996
_resetDBG                       text13        01E80
_sample1                        dataCOMRAM    00044
_sample2                        dataCOMRAM    00045
_sample3                        dataCOMRAM    00046
_sample4                        dataCOMRAM    00047
_sample5                        dataCOMRAM    00048
_send_msg                       text8         00D56
_send_stop                      text52        02312
_setDBG                         text12        01E1E
_timer0_int_handler             text42        01FDE
_timer1_int_handler             text33        0199A
_timesreq                       bssCOMRAM     0004C
_uart_recv_int_handler          text30        00AF8
_uart_send                      text29        0239E
_uart_send_array                text38        0190E
_uart_send_int_handler          text28        01DB4
_uc_ptr                         nvCOMRAM      00053
check_msg@qptr                  cstackBANK2   00200
debugNum@num                    cstackBANK2   00201
end_of_initialization           cinit         01A90
i1ToMainHigh_sendmsg@data       cstackCOMRAM  00018
i1ToMainHigh_sendmsg@length     cstackCOMRAM  0001A
i1ToMainHigh_sendmsg@msgtype    cstackCOMRAM  00017
i1_ToMainHigh_sendmsg           text35        022AC
i1_i2c_master_recv              text34        012A2
i1_memcpy                       text37        01F8A
i1_send_msg                     text36        01454
i1i2c_master_recv@addr          cstackCOMRAM  0001D
i1i2c_master_recv@buf_addr      cstackCOMRAM  0001C
i1memcpy@d                      cstackCOMRAM  00007
i1memcpy@d1                     cstackCOMRAM  00001
i1memcpy@n                      cstackCOMRAM  00005
i1memcpy@s                      cstackCOMRAM  00009
i1memcpy@s1                     cstackCOMRAM  00003
i1send_msg@data                 cstackCOMRAM  0000F
i1send_msg@length               cstackCOMRAM  0000D
i1send_msg@msgtype              cstackCOMRAM  0000E
i1send_msg@qmsg                 cstackCOMRAM  00015
i1send_msg@qptr                 cstackCOMRAM  0000B
i1send_msg@slot                 cstackCOMRAM  00014
i1send_msg@tlength              cstackCOMRAM  00012
i2ToMainHigh_sendmsg@data       cstackBANK0   000CD
i2ToMainHigh_sendmsg@length     cstackBANK0   000CF
i2ToMainHigh_sendmsg@msgtype    cstackBANK0   000CC
i2_ToMainHigh_sendmsg           text44        02172
i2_check_msg                    text58        021AC
i2_i2c_master_send              text43        00712
i2_in_high_int                  text57        02342
i2_in_low_int                   text56        01B14
i2_memcpy                       text46        01C00
i2_send_msg                     text45        00E6E
i2c_master_recv@addr            cstackBANK2   0021C
i2c_master_recv@buf_addr        cstackBANK2   0021B
i2c_master_send@addr            cstackBANK2   00289
i2c_master_send@buf_addr        cstackBANK2   00288
i2c_master_send@i               cstackBANK2   0028A
i2c_master_send@i_1330          cstackBANK2   0028C
i2c_master_send@length          cstackBANK2   0021A
i2c_master_send@msg             cstackBANK2   0021B
i2c_master_send@tempbuf         cstackBANK2   00223
i2check_msg@qptr                cstackBANK0   000B6
i2i2c_master_send@addr          cstackBANK1   001D2
i2i2c_master_send@buf_addr      cstackBANK1   001D1
i2i2c_master_send@i             cstackBANK1   001D3
i2i2c_master_send@i_1330        cstackBANK1   001D5
i2i2c_master_send@length        cstackBANK0   000D0
i2i2c_master_send@msg           cstackBANK0   000D1
i2i2c_master_send@tempbuf       cstackBANK1   0016C
i2memcpy@d                      cstackBANK0   000BC
i2memcpy@d1                     cstackBANK0   000B6
i2memcpy@n                      cstackBANK0   000BA
i2memcpy@s                      cstackBANK0   000BE
i2memcpy@s1                     cstackBANK0   000B8
i2send_msg@data                 cstackBANK0   000C4
i2send_msg@length               cstackBANK0   000C2
i2send_msg@msgtype              cstackBANK0   000C3
i2send_msg@qmsg                 cstackBANK0   000CA
i2send_msg@qptr                 cstackBANK0   000C0
i2send_msg@slot                 cstackBANK0   000C9
i2send_msg@tlength              cstackBANK0   000C7
init_i2c@ic                     cstackBANK2   00200
init_queue@i                    cstackBANK2   00203
init_queue@qptr                 cstackBANK2   00200
init_uart_recv@uc               cstackBANK2   00200
int_func                        intcode_body  017D8
intlevel0                       text          00000
intlevel1                       text          00000
intlevel2                       text          00000
intlevel3                       text          00000
main@F5242                      dataBANK3     003AA
main@count                      cstackBANK3   00314
main@data_points_count          cstackBANK3   00305
main@i                          cstackBANK3   00313
main@i_663                      cstackBANK3   00315
main@ic                         cstackBANK3   0032F
main@last_reg_recvd             cstackBANK3   00307
main@length                     cstackBANK3   00317
main@msgbuffer                  cstackBANK3   00308
main@msgtype                    cstackBANK3   00316
main@test                       cstackBANK3   00300
main@uc                         cstackBANK3   00318
memcpy@d                        cstackBANK2   00206
memcpy@d1                       cstackBANK2   00200
memcpy@n                        cstackBANK2   00204
memcpy@s                        cstackBANK2   00208
memcpy@s1                       cstackBANK2   00202
receive_data@recv               cstackBANK0   000B7
recv_msg@data                   cstackBANK2   0020F
recv_msg@maxlength              cstackBANK2   0020C
recv_msg@msgtype                cstackBANK2   0020D
recv_msg@qmsg                   cstackBANK2   00216
recv_msg@qptr                   cstackBANK2   0020A
recv_msg@slot                   cstackBANK2   00213
recv_msg@tlength                cstackBANK2   00214
resetDBG@b                      cstackBANK2   00200
send_msg@data                   cstackBANK2   0020E
send_msg@length                 cstackBANK2   0020C
send_msg@msgtype                cstackBANK2   0020D
send_msg@qmsg                   cstackBANK2   00214
send_msg@qptr                   cstackBANK2   0020A
send_msg@slot                   cstackBANK2   00213
send_msg@tlength                cstackBANK2   00211
setDBG@b                        cstackBANK2   00200
stackhi                         (abs)         003FF
stacklo                         (abs)         003AF
start                           init          000F8
start_initialization            cinit         01A20
timer0_int_handler@buf          cstackBANK0   000DA
timer1_int_handler@F5157        dataCOMRAM    0003A
timer1_int_handler@F5159        dataCOMRAM    0003F
timer1_int_handler@temp         bssCOMRAM     0004D
timer1_int_handler@test         cstackCOMRAM  0001F
timer1_int_handler@test_1584    cstackCOMRAM  00024
uart_send@data                  cstackCOMRAM  00002
uart_send_array@data            cstackCOMRAM  00002
uart_send_array@i               cstackCOMRAM  00006
uart_send_array@length          cstackCOMRAM  00004


FUNCTION INFORMATION:

 *************** function _main *****************
 Defined at:
		line 191 in file "../src/main.c"
 Parameters:    Size  Location     Type
		None
 Auto vars:     Size  Location     Type
  test            5    0[BANK3 ] unsigned char [5]
  i               1   21[BANK3 ] unsigned char 
  count           1   20[BANK3 ] unsigned char 
  i               1   19[BANK3 ] unsigned char 
  ic            123   47[BANK3 ] struct __i2c_comm
  uc             23   24[BANK3 ] struct __uart_comm
  msgbuffer      11    8[BANK3 ] unsigned char [11]
  to_send_buff   11    0        unsigned char [11]
  data_points_    2    5[BANK3 ] int 
  length          1   23[BANK3 ] char 
  msgtype         1   22[BANK3 ] unsigned char 
  last_reg_rec    1    7[BANK3 ] unsigned char 
 Return value:  Size  Location     Type
		None               void
 Registers used:
		wreg, fsr0l, fsr0h, fsr1l, fsr1h, fsr1l, fsr1h, fsr2l, fsr2h, status,2, status,0, pclat, btemp, btemp+1, btemp+2, btemp+3, btemp+4, btemp+5, btemp+6, btemp+7, btemp+8, btemp+9, btemp+10, btemp+11, tosl, structret, tblptrl, tblptrh, tblptru, prodl, prodh, bsr, cstack
 Tracked objects:
		On entry : 
		On exit  : 
		Unchanged: 
 Data sizes:     COMRAM   BANK0   BANK1   BANK2   BANK3
      Params:         0       0       0       0       0
      Locals:         0       0       0       0     170
      Temps:          0       0       0       7       0
      Totals:         0       0       0       7     170
Total ram usage:      177 bytes
 Hardware stack levels required when called:   16
 This function calls:
		_OpenTimer0
		_OpenTimer1
		_OpenUSART
		_ToMainHigh_recvmsg
		_ToMainLow_recvmsg
		_block_on_To_msgqueues
		_debugNum
		_enable_interrupts
		_i2c_configure_master
		_i2c_master_recv
		_i2c_master_send
		_init_i2c
		_init_queues
		_init_uart_recv
 This function is called by:
		Startup code after reset
 This function uses a non-reentrant model


 *************** function _init_uart_recv *****************
 Defined at:
		line 61 in file "../src/my_uart.c"
 Parameters:    Size  Location     Type
  uc              2    0[BANK2 ] PTR struct __uart_comm
		 -> main@uc(23), 
 Auto vars:     Size  Location     Type
		None
 Return value:  Size  Location     Type
		None               void
 Registers used:
		wreg, fsr2l, fsr2h, status,2, status,0
 Tracked objects:
		On entry : 
		On exit  : 
		Unchanged: 
 Data sizes:     COMRAM   BANK0   BANK1   BANK2   BANK3
      Params:         0       0       0       2       0
      Locals:         0       0       0       0       0
      Temps:          0       0       0       0       0
      Totals:         0       0       0       2       0
Total ram usage:        2 bytes
 Hardware stack levels used:    1
 Hardware stack levels required when called:   12
 This function calls:
		Nothing
 This function is called by:
		_main
 This function uses a non-reentrant model


 *************** function _init_queues *****************
 Defined at:
		line 195 in file "../src/messages.c"
 Parameters:    Size  Location     Type
		None
 Auto vars:     Size  Location     Type
		None
 Return value:  Size  Location     Type
		None               void
 Registers used:
		wreg, fsr2l, fsr2h, status,2, status,0, prodl, prodh, cstack
 Tracked objects:
		On entry : 
		On exit  : 
		Unchanged: 
 Data sizes:     COMRAM   BANK0   BANK1   BANK2   BANK3
      Params:         0       0       0       0       0
      Locals:         0       0       0       0       0
      Temps:          0       0       0       1       0
      Totals:         0       0       0       1       0
Total ram usage:        1 bytes
 Hardware stack levels used:    1
 Hardware stack levels required when called:   13
 This function calls:
		_init_queue
 This function is called by:
		_main
 This function uses a non-reentrant model


 *************** function _init_queue *****************
 Defined at:
		line 15 in file "../src/messages.c"
 Parameters:    Size  Location     Type
  qptr            2    0[BANK2 ] PTR struct __msg_queue
		 -> FromMainHigh_MQ(54), FromMainLow_MQ(54), ToMainHigh_MQ(54), ToMainLow_MQ(54), 
 Auto vars:     Size  Location     Type
  i               1    3[BANK2 ] unsigned char 
 Return value:  Size  Location     Type
		None               void
 Registers used:
		wreg, fsr2l, fsr2h, status,2, status,0, prodl, prodh
 Tracked objects:
		On entry : 
		On exit  : 
		Unchanged: 
 Data sizes:     COMRAM   BANK0   BANK1   BANK2   BANK3
      Params:         0       0       0       2       0
      Locals:         0       0       0       1       0
      Temps:          0       0       0       1       0
      Totals:         0       0       0       4       0
Total ram usage:        4 bytes
 Hardware stack levels used:    1
 Hardware stack levels required when called:   12
 This function calls:
		Nothing
 This function is called by:
		_init_queues
 This function uses a non-reentrant model


 *************** function _init_i2c *****************
 Defined at:
		line 24 in file "../src/my_i2c.c"
 Parameters:    Size  Location     Type
  ic              2    0[BANK2 ] PTR struct __i2c_comm
		 -> main@ic(123), 
 Auto vars:     Size  Location     Type
		None
 Return value:  Size  Location     Type
		None               void
 Registers used:
		wreg, fsr2l, fsr2h, status,2, status,0
 Tracked objects:
		On entry : 
		On exit  : 
		Unchanged: 
 Data sizes:     COMRAM   BANK0   BANK1   BANK2   BANK3
      Params:         0       0       0       2       0
      Locals:         0       0       0       0       0
      Temps:          0       0       0       0       0
      Totals:         0       0       0       2       0
Total ram usage:        2 bytes
 Hardware stack levels used:    1
 Hardware stack levels required when called:   12
 This function calls:
		Nothing
 This function is called by:
		_main
 This function uses a non-reentrant model


 *************** function _i2c_master_send *****************
 Defined at:
		line 57 in file "../src/my_i2c.c"
 Parameters:    Size  Location     Type
  addr            1    wreg     unsigned char 
  length          1   26[BANK2 ] unsigned char 
  msg             2   27[BANK2 ] PTR unsigned char 
		 -> timer0_int_handler@buf(1), main@msgbuffer(11), 
 Auto vars:     Size  Location     Type
  addr            1  137[BANK2 ] unsigned char 
  tempbuf       101   35[BANK2 ] unsigned char [101]
  i               2  138[BANK2 ] int 
  i               2  140[BANK2 ] int 
  buf_addr        1  136[BANK2 ] unsigned char 
 Return value:  Size  Location     Type
                  1    wreg      unsigned char 
 Registers used:
		wreg, fsr1l, fsr1h, fsr2l, fsr2h, status,2, status,0, prodl, prodh, cstack
 Tracked objects:
		On entry : 
		On exit  : 
		Unchanged: 
 Data sizes:     COMRAM   BANK0   BANK1   BANK2   BANK3
      Params:         0       0       0       3       0
      Locals:         0       0       0     107       0
      Temps:          0       0       0       6       0
      Totals:         0       0       0     116       0
Total ram usage:      116 bytes
 Hardware stack levels used:    1
 Hardware stack levels required when called:   15
 This function calls:
		_ToMainHigh_sendmsg
 This function is called by:
		_main
 This function uses a non-reentrant model


 *************** function _i2c_master_recv *****************
 Defined at:
		line 98 in file "../src/my_i2c.c"
 Parameters:    Size  Location     Type
  addr            1    wreg     unsigned char 
 Auto vars:     Size  Location     Type
  addr            1   28[BANK2 ] unsigned char 
  buf_addr        1   27[BANK2 ] unsigned char 
 Return value:  Size  Location     Type
                  1    wreg      unsigned char 
 Registers used:
		wreg, fsr1l, fsr1h, fsr2l, fsr2h, status,2, status,0, prodl, prodh, cstack
 Tracked objects:
		On entry : 
		On exit  : 
		Unchanged: 
 Data sizes:     COMRAM   BANK0   BANK1   BANK2   BANK3
      Params:         0       0       0       0       0
      Locals:         0       0       0       2       0
      Temps:          0       0       0       1       0
      Totals:         0       0       0       3       0
Total ram usage:        3 bytes
 Hardware stack levels used:    1
 Hardware stack levels required when called:   15
 This function calls:
		_ToMainHigh_sendmsg
 This function is called by:
		_main
 This function uses a non-reentrant model


 *************** function _ToMainHigh_sendmsg *****************
 Defined at:
		line 127 in file "../src/messages.c"
 Parameters:    Size  Location     Type
  length          1    wreg     unsigned char 
  msgtype         1   22[BANK2 ] unsigned char 
  data            2   23[BANK2 ] PTR void 
		 -> ADCBuffer(5), reqADData@buf(10), i2c_master_recv@addr(1), i2c_master_send@tempbuf(101), 
 Auto vars:     Size  Location     Type
  length          1   25[BANK2 ] unsigned char 
 Return value:  Size  Location     Type
                  1    wreg      char 
 Registers used:
		wreg, fsr1l, fsr1h, fsr2l, fsr2h, status,2, status,0, prodl, prodh, cstack
 Tracked objects:
		On entry : 
		On exit  : 
		Unchanged: 
 Data sizes:     COMRAM   BANK0   BANK1   BANK2   BANK3
      Params:         0       0       0       3       0
      Locals:         0       0       0       1       0
      Temps:          0       0       0       0       0
      Totals:         0       0       0       4       0
Total ram usage:        4 bytes
 Hardware stack levels used:    1
 Hardware stack levels required when called:   14
 This function calls:
		_send_msg
 This function is called by:
		_i2c_master_send
		_i2c_master_recv
		_reqADData
		_adc_int_handler
 This function uses a non-reentrant model


 *************** function _send_msg *****************
 Defined at:
		line 25 in file "../src/messages.c"
 Parameters:    Size  Location     Type
  qptr            2   10[BANK2 ] PTR struct __msg_queue
		 -> FromMainHigh_MQ(54), FromMainLow_MQ(54), ToMainHigh_MQ(54), ToMainLow_MQ(54), 
  length          1   12[BANK2 ] unsigned char 
  msgtype         1   13[BANK2 ] unsigned char 
  data            2   14[BANK2 ] PTR void 
		 -> ADCBuffer(5), reqADData@buf(10), NULL(0), i2c_master_recv@addr(1), 
		 -> i2c_master_send@tempbuf(101), main@uc(23), 
 Auto vars:     Size  Location     Type
  qmsg            2   20[BANK2 ] PTR struct __msg
		 -> FromMainLow_MQ.queue(52), FromMainHigh_MQ.queue(52), ToMainHigh_MQ.queue(52), ToMainLow_MQ.queue(52), 
		 -> FromMainHigh_MQ(54), FromMainLow_MQ(54), ToMainHigh_MQ(54), ToMainLow_MQ(54), 
  tlength         2   17[BANK2 ] unsigned int 
  slot            1   19[BANK2 ] unsigned char 
 Return value:  Size  Location     Type
                  1    wreg      char 
 Registers used:
		wreg, fsr1l, fsr1h, fsr2l, fsr2h, status,2, status,0, prodl, prodh, cstack
 Tracked objects:
		On entry : 
		On exit  : 
		Unchanged: 
 Data sizes:     COMRAM   BANK0   BANK1   BANK2   BANK3
      Params:         0       0       0       6       0
      Locals:         0       0       0       5       0
      Temps:          0       0       0       1       0
      Totals:         0       0       0      12       0
Total ram usage:       12 bytes
 Hardware stack levels used:    1
 Hardware stack levels required when called:   13
 This function calls:
		_memcpy
 This function is called by:
		_ToMainHigh_sendmsg
		_FromMainLow_sendmsg
		_FromMainHigh_sendmsg
 This function uses a non-reentrant model


 *************** function _i2c_configure_master *****************
 Defined at:
		line 37 in file "../src/my_i2c.c"
 Parameters:    Size  Location     Type
		None
 Auto vars:     Size  Location     Type
		None
 Return value:  Size  Location     Type
		None               void
 Registers used:
		wreg, status,2
 Tracked objects:
		On entry : 
		On exit  : 
		Unchanged: 
 Data sizes:     COMRAM   BANK0   BANK1   BANK2   BANK3
      Params:         0       0       0       0       0
      Locals:         0       0       0       0       0
      Temps:          0       0       0       0       0
      Totals:         0       0       0       0       0
Total ram usage:        0 bytes
 Hardware stack levels used:    1
 Hardware stack levels required when called:   12
 This function calls:
		Nothing
 This function is called by:
		_main
 This function uses a non-reentrant model


 *************** function _enable_interrupts *****************
 Defined at:
		line 16 in file "../src/interrupts.c"
 Parameters:    Size  Location     Type
		None
 Auto vars:     Size  Location     Type
		None
 Return value:  Size  Location     Type
		None               void
 Registers used:
		None
 Tracked objects:
		On entry : 
		On exit  : 
		Unchanged: 
 Data sizes:     COMRAM   BANK0   BANK1   BANK2   BANK3
      Params:         0       0       0       0       0
      Locals:         0       0       0       0       0
      Temps:          0       0       0       0       0
      Totals:         0       0       0       0       0
Total ram usage:        0 bytes
 Hardware stack levels used:    1
 Hardware stack levels required when called:   12
 This function calls:
		Nothing
 This function is called by:
		_main
 This function uses a non-reentrant model


 *************** function _debugNum *****************
 Defined at:
		line 69 in file "../src/debug.c"
 Parameters:    Size  Location     Type
  num             2    1[BANK2 ] int 
 Auto vars:     Size  Location     Type
		None
 Return value:  Size  Location     Type
		None               void
 Registers used:
		wreg, status,2, status,0, cstack
 Tracked objects:
		On entry : 
		On exit  : 
		Unchanged: 
 Data sizes:     COMRAM   BANK0   BANK1   BANK2   BANK3
      Params:         0       0       0       2       0
      Locals:         0       0       0       0       0
      Temps:          0       0       0       0       0
      Totals:         0       0       0       2       0
Total ram usage:        2 bytes
 Hardware stack levels used:    1
 Hardware stack levels required when called:   13
 This function calls:
		_resetDBG
		_setDBG
 This function is called by:
		_main
		_adc_int_handler
 This function uses a non-reentrant model


 *************** function _setDBG *****************
 Defined at:
		line 4 in file "../src/debug.c"
 Parameters:    Size  Location     Type
  b               1    wreg     unsigned char 
 Auto vars:     Size  Location     Type
  b               1    0[BANK2 ] unsigned char 
 Return value:  Size  Location     Type
		None               void
 Registers used:
		wreg, status,2, status,0
 Tracked objects:
		On entry : 
		On exit  : 
		Unchanged: 
 Data sizes:     COMRAM   BANK0   BANK1   BANK2   BANK3
      Params:         0       0       0       0       0
      Locals:         0       0       0       1       0
      Temps:          0       0       0       0       0
      Totals:         0       0       0       1       0
Total ram usage:        1 bytes
 Hardware stack levels used:    1
 Hardware stack levels required when called:   12
 This function calls:
		Nothing
 This function is called by:
		_debugNum
 This function uses a non-reentrant model


 *************** function _resetDBG *****************
 Defined at:
		line 26 in file "../src/debug.c"
 Parameters:    Size  Location     Type
  b               1    wreg     unsigned char 
 Auto vars:     Size  Location     Type
  b               1    0[BANK2 ] unsigned char 
 Return value:  Size  Location     Type
		None               void
 Registers used:
		wreg, status,2, status,0
 Tracked objects:
		On entry : 
		On exit  : 
		Unchanged: 
 Data sizes:     COMRAM   BANK0   BANK1   BANK2   BANK3
      Params:         0       0       0       0       0
      Locals:         0       0       0       1       0
      Temps:          0       0       0       0       0
      Totals:         0       0       0       1       0
Total ram usage:        1 bytes
 Hardware stack levels used:    1
 Hardware stack levels required when called:   12
 This function calls:
		Nothing
 This function is called by:
		_debugNum
 This function uses a non-reentrant model


 *************** function _block_on_To_msgqueues *****************
 Defined at:
		line 259 in file "../src/messages.c"
 Parameters:    Size  Location     Type
		None
 Auto vars:     Size  Location     Type
		None
 Return value:  Size  Location     Type
		None               void
 Registers used:
		wreg, fsr2l, fsr2h, status,2, status,0, prodl, prodh, cstack
 Tracked objects:
		On entry : 
		On exit  : 
		Unchanged: 
 Data sizes:     COMRAM   BANK0   BANK1   BANK2   BANK3
      Params:         0       0       0       0       0
      Locals:         0       0       0       0       0
      Temps:          0       0       0       1       0
      Totals:         0       0       0       1       0
Total ram usage:        1 bytes
 Hardware stack levels used:    1
 Hardware stack levels required when called:   15
 This function calls:
		_Delay1KTCYx
		_check_msg
		_in_main
 This function is called by:
		_main
 This function uses a non-reentrant model


 *************** function _in_main *****************
 Defined at:
		line 42 in file "../src/interrupts.c"
 Parameters:    Size  Location     Type
		None
 Auto vars:     Size  Location     Type
		None
 Return value:  Size  Location     Type
                  2    4[BANK2 ] int 
 Registers used:
		wreg, status,2, status,0, cstack
 Tracked objects:
		On entry : 
		On exit  : 
		Unchanged: 
 Data sizes:     COMRAM   BANK0   BANK1   BANK2   BANK3
      Params:         0       0       0       2       0
      Locals:         0       0       0       0       0
      Temps:          0       0       0       0       0
      Totals:         0       0       0       2       0
Total ram usage:        2 bytes
 Hardware stack levels used:    1
 Hardware stack levels required when called:   14
 This function calls:
		_in_high_int
		_in_low_int
 This function is called by:
		_block_on_To_msgqueues
 This function uses a non-reentrant model


 *************** function _in_low_int *****************
 Defined at:
		line 32 in file "../src/interrupts.c"
 Parameters:    Size  Location     Type
		None
 Auto vars:     Size  Location     Type
		None
 Return value:  Size  Location     Type
                  2    2[BANK2 ] int 
 Registers used:
		wreg, status,2, status,0, cstack
 Tracked objects:
		On entry : 
		On exit  : 
		Unchanged: 
 Data sizes:     COMRAM   BANK0   BANK1   BANK2   BANK3
      Params:         0       0       0       2       0
      Locals:         0       0       0       0       0
      Temps:          0       0       0       0       0
      Totals:         0       0       0       2       0
Total ram usage:        2 bytes
 Hardware stack levels used:    1
 Hardware stack levels required when called:   13
 This function calls:
		_in_high_int
 This function is called by:
		_in_main
 This function uses a non-reentrant model


 *************** function _in_high_int *****************
 Defined at:
		line 24 in file "../src/interrupts.c"
 Parameters:    Size  Location     Type
		None
 Auto vars:     Size  Location     Type
		None
 Return value:  Size  Location     Type
                  2    0[BANK2 ] int 
 Registers used:
		wreg, status,2
 Tracked objects:
		On entry : 
		On exit  : 
		Unchanged: 
 Data sizes:     COMRAM   BANK0   BANK1   BANK2   BANK3
      Params:         0       0       0       2       0
      Locals:         0       0       0       0       0
      Temps:          0       0       0       0       0
      Totals:         0       0       0       2       0
Total ram usage:        2 bytes
 Hardware stack levels used:    1
 Hardware stack levels required when called:   12
 This function calls:
		Nothing
 This function is called by:
		_in_low_int
		_in_main
 This function uses a non-reentrant model


 *************** function _check_msg *****************
 Defined at:
		line 223 in file "../src/messages.c"
 Parameters:    Size  Location     Type
  qptr            2    0[BANK2 ] PTR struct __msg_queue
		 -> ToMainHigh_MQ(54), ToMainLow_MQ(54), 
 Auto vars:     Size  Location     Type
		None
 Return value:  Size  Location     Type
                  1    wreg      unsigned char 
 Registers used:
		wreg, fsr2l, fsr2h, status,2, status,0, prodl, prodh
 Tracked objects:
		On entry : 
		On exit  : 
		Unchanged: 
 Data sizes:     COMRAM   BANK0   BANK1   BANK2   BANK3
      Params:         0       0       0       2       0
      Locals:         0       0       0       0       0
      Temps:          0       0       0       1       0
      Totals:         0       0       0       3       0
Total ram usage:        3 bytes
 Hardware stack levels used:    1
 Hardware stack levels required when called:   12
 This function calls:
		Nothing
 This function is called by:
		_block_on_To_msgqueues
 This function uses a non-reentrant model


 *************** function _Delay1KTCYx *****************
 Defined at:
		line 8 in file "C:\Program Files (x86)\Microchip\xc8\v1.30\sources\pic18\d1ktcyx.c"
 Parameters:    Size  Location     Type
  unit            1    wreg     unsigned char 
 Auto vars:     Size  Location     Type
  unit            1    0[BANK2 ] unsigned char 
 Return value:  Size  Location     Type
		None               void
 Registers used:
		wreg
 Tracked objects:
		On entry : 
		On exit  : 
		Unchanged: 
 Data sizes:     COMRAM   BANK0   BANK1   BANK2   BANK3
      Params:         0       0       0       0       0
      Locals:         0       0       0       1       0
      Temps:          0       0       0       0       0
      Totals:         0       0       0       1       0
Total ram usage:        1 bytes
 Hardware stack levels used:    1
 Hardware stack levels required when called:   12
 This function calls:
		Nothing
 This function is called by:
		_block_on_To_msgqueues
 This function uses a non-reentrant model


 *************** function _ToMainLow_recvmsg *****************
 Defined at:
		line 113 in file "../src/messages.c"
 Parameters:    Size  Location     Type
  maxlength       1    wreg     unsigned char 
  msgtype         2   24[BANK2 ] PTR unsigned char 
		 -> main@msgtype(1), 
  data            2   26[BANK2 ] PTR void 
		 -> main@msgbuffer(11), 
 Auto vars:     Size  Location     Type
  maxlength       1   28[BANK2 ] unsigned char 
 Return value:  Size  Location     Type
                  1    wreg      char 
 Registers used:
		wreg, fsr1l, fsr1h, fsr2l, fsr2h, status,2, status,0, prodl, prodh, cstack
 Tracked objects:
		On entry : 
		On exit  : 
		Unchanged: 
 Data sizes:     COMRAM   BANK0   BANK1   BANK2   BANK3
      Params:         0       0       0       4       0
      Locals:         0       0       0       1       0
      Temps:          0       0       0       0       0
      Totals:         0       0       0       5       0
Total ram usage:        5 bytes
 Hardware stack levels used:    1
 Hardware stack levels required when called:   14
 This function calls:
		_recv_msg
 This function is called by:
		_main
 This function uses a non-reentrant model


 *************** function _ToMainHigh_recvmsg *****************
 Defined at:
		line 136 in file "../src/messages.c"
 Parameters:    Size  Location     Type
  maxlength       1    wreg     unsigned char 
  msgtype         2   24[BANK2 ] PTR unsigned char 
		 -> main@msgtype(1), 
  data            2   26[BANK2 ] PTR void 
		 -> main@msgbuffer(11), 
 Auto vars:     Size  Location     Type
  maxlength       1   28[BANK2 ] unsigned char 
 Return value:  Size  Location     Type
                  1    wreg      char 
 Registers used:
[...]
      Locals:         0       5       0       0       0
      Temps:          0       1       0       0       0
      Totals:         0      12       0       0       0
Total ram usage:       12 bytes
 Hardware stack levels used:    1
 Hardware stack levels required when called:    1
 This function calls:
		i2_memcpy
 This function is called by:
		i2_ToMainHigh_sendmsg
 This function uses a non-reentrant model


 *************** function i2_memcpy *****************
 Defined at:
		line 11 in file "C:\Program Files (x86)\Microchip\xc8\v1.30\sources\common\memcpy.c"
 Parameters:    Size  Location     Type
  d1              2    0[BANK0 ] PTR void 
		 -> FromMainLow_MQ.queue(52), FromMainHigh_MQ.queue(52), ToMainHigh_MQ.queue(52), ToMainLow_MQ.queue(52), 
		 -> FromMainHigh_MQ(54), FromMainLow_MQ(54), ToMainHigh_MQ(54), ToMainLow_MQ(54), 
		 -> main@msgbuffer(11), 
  s1              2    2[BANK0 ] PTR const void 
		 -> ToMainLow_MQ.data(10), ToMainHigh_MQ.data(10), FromMainLow_MQ.data(10), FromMainHigh_MQ.data(10), 
		 -> ToMainLow_MQ.queue.data(10), ToMainHigh_MQ.queue.data(10), FromMainHigh_MQ.queue.data(10), FromMainLow_MQ.queue.data(10), 
		 -> ADCBuffer(5), reqADData@buf(10), NULL(0), i2c_master_recv@addr(1), 
		 -> i2c_master_send@tempbuf(101), FromMainHigh_MQ(54), FromMainLow_MQ(54), ToMainHigh_MQ(54), 
		 -> ToMainLow_MQ(54), main@uc(23), 
  n               2    4[BANK0 ] unsigned int 
 Auto vars:     Size  Location     Type
  memcpy          2    8[BANK0 ] PTR const unsigned char 
		 -> ToMainLow_MQ.data(10), ToMainHigh_MQ.data(10), FromMainLow_MQ.data(10), FromMainHigh_MQ.data(10), 
		 -> ToMainLow_MQ.queue.data(10), ToMainHigh_MQ.queue.data(10), FromMainHigh_MQ.queue.data(10), FromMainLow_MQ.queue.data(10), 
		 -> ADCBuffer(5), reqADData@buf(10), NULL(0), i2c_master_recv@addr(1), 
		 -> i2c_master_send@tempbuf(101), FromMainHigh_MQ(54), FromMainLow_MQ(54), ToMainHigh_MQ(54), 
		 -> ToMainLow_MQ(54), main@uc(23), 
  memcpy          2    6[BANK0 ] PTR unsigned char 
		 -> FromMainLow_MQ.queue(52), FromMainHigh_MQ.queue(52), ToMainHigh_MQ.queue(52), ToMainLow_MQ.queue(52), 
		 -> FromMainHigh_MQ(54), FromMainLow_MQ(54), ToMainHigh_MQ(54), ToMainLow_MQ(54), 
		 -> main@msgbuffer(11), 
 Return value:  Size  Location     Type
                  2    0[BANK0 ] PTR void 
 Registers used:
		wreg, fsr1l, fsr1h, fsr2l, fsr2h, status,2, status,0
 Tracked objects:
		On entry : 
		On exit  : 
		Unchanged: 
 Data sizes:     COMRAM   BANK0   BANK1   BANK2   BANK3
      Params:         0       6       0       0       0
      Locals:         0       4       0       0       0
      Temps:          0       0       0       0       0
      Totals:         0      10       0       0       0
Total ram usage:       10 bytes
 Hardware stack levels used:    1
 This function calls:
		Nothing
 This function is called by:
		i2_send_msg
 This function uses a non-reentrant model


 *************** function _WriteTimer0 *****************
 Defined at:
		line 16 in file "C:\Program Files (x86)\Microchip\xc8\v1.30\sources\pic18\plib\Timers\t0write.c"
 Parameters:    Size  Location     Type
  timer0          2    0[BANK0 ] unsigned int 
 Auto vars:     Size  Location     Type
  timer           2    2[BANK0 ] struct Timers
 Return value:  Size  Location     Type
		None               void
 Registers used:
		None
 Tracked objects:
		On entry : 
		On exit  : 
		Unchanged: 
 Data sizes:     COMRAM   BANK0   BANK1   BANK2   BANK3
      Params:         0       2       0       0       0
      Locals:         0       2       0       0       0
      Temps:          0       0       0       0       0
      Totals:         0       4       0       0       0
Total ram usage:        4 bytes
 Hardware stack levels used:    1
 This function calls:
		Nothing
 This function is called by:
		_timer0_int_handler
 This function uses a non-reentrant model


 *************** function _i2c_int_handler *****************
 Defined at:
		line 224 in file "../src/my_i2c.c"
 Parameters:    Size  Location     Type
		None
 Auto vars:     Size  Location     Type
		None
 Return value:  Size  Location     Type
		None               void
 Registers used:
		wreg, fsr1l, fsr1h, fsr2l, fsr2h, status,2, status,0, prodl, prodh, cstack
 Tracked objects:
		On entry : 
		On exit  : 
		Unchanged: 
 Data sizes:     COMRAM   BANK0   BANK1   BANK2   BANK3
      Params:         0       0       0       0       0
      Locals:         0       0       0       0       0
      Temps:          0       0       0       0       0
      Totals:         0       0       0       0       0
Total ram usage:        0 bytes
 Hardware stack levels used:    1
 Hardware stack levels required when called:    2
 This function calls:
		_i2c_rx_handler
		_i2c_tx_handler
 This function is called by:
		_InterruptHandlerHigh
 This function uses a non-reentrant model


 *************** function _i2c_tx_handler *****************
 Defined at:
		line 140 in file "../src/my_i2c.c"
 Parameters:    Size  Location     Type
		None
 Auto vars:     Size  Location     Type
		None
 Return value:  Size  Location     Type
		None               void
 Registers used:
		wreg, fsr1l, fsr1h, fsr2l, fsr2h, status,2, status,0, prodl, prodh, cstack
 Tracked objects:
		On entry : 
		On exit  : 
		Unchanged: 
 Data sizes:     COMRAM   BANK0   BANK1   BANK2   BANK3
      Params:         0       0       0       0       0
      Locals:         0       0       0       0       0
      Temps:          0       1       0       0       0
      Totals:         0       1       0       0       0
Total ram usage:        1 bytes
 Hardware stack levels used:    1
 Hardware stack levels required when called:    1
 This function calls:
		_check_if_send_stop
		_load_i2c_data
		_send_stop
 This function is called by:
		_i2c_int_handler
 This function uses a non-reentrant model


 *************** function _check_if_send_stop *****************
 Defined at:
		line 128 in file "../src/my_i2c.c"
 Parameters:    Size  Location     Type
		None
 Auto vars:     Size  Location     Type
		None
 Return value:  Size  Location     Type
                  1    wreg      unsigned char 
 Registers used:
		wreg, fsr1l, fsr1h, fsr2l, fsr2h, status,2, status,0
 Tracked objects:
		On entry : 
		On exit  : 
		Unchanged: 
 Data sizes:     COMRAM   BANK0   BANK1   BANK2   BANK3
      Params:         0       0       0       0       0
      Locals:         0       0       0       0       0
      Temps:          0       0       0       0       0
      Totals:         0       0       0       0       0
Total ram usage:        0 bytes
 Hardware stack levels used:    1
 This function calls:
		Nothing
 This function is called by:
		_i2c_tx_handler
 This function uses a non-reentrant model


 *************** function _i2c_rx_handler *****************
 Defined at:
		line 188 in file "../src/my_i2c.c"
 Parameters:    Size  Location     Type
		None
 Auto vars:     Size  Location     Type
		None
 Return value:  Size  Location     Type
		None               void
 Registers used:
		wreg, fsr2l, fsr2h, status,2, status,0, prodl, prodh, cstack
 Tracked objects:
		On entry : 
		On exit  : 
		Unchanged: 
 Data sizes:     COMRAM   BANK0   BANK1   BANK2   BANK3
      Params:         0       0       0       0       0
      Locals:         0       0       0       0       0
      Temps:          0       1       0       0       0
      Totals:         0       1       0       0       0
Total ram usage:        1 bytes
 Hardware stack levels used:    1
 Hardware stack levels required when called:    1
 This function calls:
		_load_i2c_data
		_receive_data
		_send_stop
 This function is called by:
		_i2c_int_handler
 This function uses a non-reentrant model


 *************** function _send_stop *****************
 Defined at:
		line 135 in file "../src/my_i2c.c"
 Parameters:    Size  Location     Type
		None
 Auto vars:     Size  Location     Type
		None
 Return value:  Size  Location     Type
		None               void
 Registers used:
		wreg, fsr2l, fsr2h, status,2, status,0
 Tracked objects:
		On entry : 
		On exit  : 
		Unchanged: 
 Data sizes:     COMRAM   BANK0   BANK1   BANK2   BANK3
      Params:         0       0       0       0       0
      Locals:         0       0       0       0       0
      Temps:          0       0       0       0       0
      Totals:         0       0       0       0       0
Total ram usage:        0 bytes
 Hardware stack levels used:    1
 This function calls:
		Nothing
 This function is called by:
		_i2c_tx_handler
		_i2c_rx_handler
 This function uses a non-reentrant model


 *************** function _receive_data *****************
 Defined at:
		line 164 in file "../src/my_i2c.c"
 Parameters:    Size  Location     Type
		None
 Auto vars:     Size  Location     Type
  recv            1    1[BANK0 ] unsigned char 
 Return value:  Size  Location     Type
                  1    wreg      unsigned char 
 Registers used:
		wreg, fsr2l, fsr2h, status,2, status,0, prodl, prodh
 Tracked objects:
		On entry : 
		On exit  : 
		Unchanged: 
 Data sizes:     COMRAM   BANK0   BANK1   BANK2   BANK3
      Params:         0       0       0       0       0
      Locals:         0       1       0       0       0
      Temps:          0       1       0       0       0
      Totals:         0       2       0       0       0
Total ram usage:        2 bytes
 Hardware stack levels used:    1
 This function calls:
		Nothing
 This function is called by:
		_i2c_rx_handler
 This function uses a non-reentrant model


 *************** function _load_i2c_data *****************
 Defined at:
		line 118 in file "../src/my_i2c.c"
 Parameters:    Size  Location     Type
		None
 Auto vars:     Size  Location     Type
		None
 Return value:  Size  Location     Type
                  1    wreg      unsigned char 
 Registers used:
		wreg, fsr2l, fsr2h, status,2, status,0, prodl, prodh
 Tracked objects:
		On entry : 
		On exit  : 
		Unchanged: 
 Data sizes:     COMRAM   BANK0   BANK1   BANK2   BANK3
      Params:         0       0       0       0       0
      Locals:         0       0       0       0       0
      Temps:          0       1       0       0       0
      Totals:         0       1       0       0       0
Total ram usage:        1 bytes
 Hardware stack levels used:    1
 This function calls:
		Nothing
 This function is called by:
		_i2c_tx_handler
		_i2c_rx_handler
 This function uses a non-reentrant model


 *************** function _SleepIfOkay *****************
 Defined at:
		line 229 in file "../src/messages.c"
 Parameters:    Size  Location     Type
		None
 Auto vars:     Size  Location     Type
		None
 Return value:  Size  Location     Type
		None               void
 Registers used:
		wreg, fsr2l, fsr2h, status,2, status,0, prodl, prodh, cstack
 Tracked objects:
		On entry : 
		On exit  : 
		Unchanged: 
 Data sizes:     COMRAM   BANK0   BANK1   BANK2   BANK3
      Params:         0       0       0       0       0
      Locals:         0       0       0       0       0
      Temps:          0       0       0       0       0
      Totals:         0       0       0       0       0
Total ram usage:        0 bytes
 Hardware stack levels used:    1
 Hardware stack levels required when called:    2
 This function calls:
		_enter_sleep_mode
		i2_check_msg
		i2_in_high_int
		i2_in_low_int
 This function is called by:
		_InterruptHandlerHigh
 This function uses a non-reentrant model


 *************** function i2_in_low_int *****************
 Defined at:
		line 32 in file "../src/interrupts.c"
 Parameters:    Size  Location     Type
		None
 Auto vars:     Size  Location     Type
		None
 Return value:  Size  Location     Type
                  2    2[BANK0 ] int 
 Registers used:
		wreg, status,2, status,0, cstack
 Tracked objects:
		On entry : 
		On exit  : 
		Unchanged: 
 Data sizes:     COMRAM   BANK0   BANK1   BANK2   BANK3
      Params:         0       2       0       0       0
      Locals:         0       0       0       0       0
      Temps:          0       0       0       0       0
      Totals:         0       2       0       0       0
Total ram usage:        2 bytes
 Hardware stack levels used:    1
 Hardware stack levels required when called:    1
 This function calls:
		i2_in_high_int
 This function is called by:
		_SleepIfOkay
 This function uses a non-reentrant model


 *************** function i2_in_high_int *****************
 Defined at:
		line 24 in file "../src/interrupts.c"
 Parameters:    Size  Location     Type
		None
 Auto vars:     Size  Location     Type
		None
 Return value:  Size  Location     Type
                  2    0[BANK0 ] int 
 Registers used:
		wreg, status,2
 Tracked objects:
		On entry : 
		On exit  : 
		Unchanged: 
 Data sizes:     COMRAM   BANK0   BANK1   BANK2   BANK3
      Params:         0       2       0       0       0
      Locals:         0       0       0       0       0
      Temps:          0       0       0       0       0
      Totals:         0       2       0       0       0
Total ram usage:        2 bytes
 Hardware stack levels used:    1
 This function calls:
		Nothing
 This function is called by:
		_SleepIfOkay
		i2_in_low_int
 This function uses a non-reentrant model


 *************** function i2_check_msg *****************
 Defined at:
		line 223 in file "../src/messages.c"
 Parameters:    Size  Location     Type
  qptr            2    0[BANK0 ] PTR struct __msg_queue
		 -> ToMainHigh_MQ(54), ToMainLow_MQ(54), 
 Auto vars:     Size  Location     Type
		None
 Return value:  Size  Location     Type
                  1    wreg      unsigned char 
 Registers used:
		wreg, fsr2l, fsr2h, status,2, status,0, prodl, prodh
 Tracked objects:
		On entry : 
		On exit  : 
		Unchanged: 
 Data sizes:     COMRAM   BANK0   BANK1   BANK2   BANK3
      Params:         0       2       0       0       0
      Locals:         0       0       0       0       0
      Temps:          0       1       0       0       0
      Totals:         0       3       0       0       0
Total ram usage:        3 bytes
 Hardware stack levels used:    1
 This function calls:
		Nothing
 This function is called by:
		_SleepIfOkay
 This function uses a non-reentrant model


 *************** function _enter_sleep_mode *****************
 Defined at:
		line 203 in file "../src/messages.c"
 Parameters:    Size  Location     Type
		None
 Auto vars:     Size  Location     Type
		None
 Return value:  Size  Location     Type
		None               void
 Registers used:
		None
 Tracked objects:
		On entry : 
		On exit  : 
		Unchanged: 
 Data sizes:     COMRAM   BANK0   BANK1   BANK2   BANK3
      Params:         0       0       0       0       0
      Locals:         0       0       0       0       0
      Temps:          0       0       0       0       0
      Totals:         0       0       0       0       0
Total ram usage:        0 bytes
 Hardware stack levels used:    1
 This function calls:
		Nothing
 This function is called by:
		_SleepIfOkay
 This function uses a non-reentrant model



MODULE INFORMATION

Module		Function		Class		Link	Load	Size
C:\Program Files (x86)\Microchip\xc8\v1.30\sources\pic18\plib\Timers\t0write.c
		_WriteTimer0   		CODE           	237C	0000	18

C:\Program Files (x86)\Microchip\xc8\v1.30\sources\pic18\plib\Timers\t0write.c estimated size: 18

C:\Program Files (x86)\Microchip\xc8\v1.30\sources\pic18\plib\Timers\t1write.c
		_WriteTimer1   		CODE           	236A	0000	18

C:\Program Files (x86)\Microchip\xc8\v1.30\sources\pic18\plib\Timers\t1write.c estimated size: 18

../src/user_interrupts.c
		_timer0_int_han		CODE           	1FDE	0000	78
		_timer1_int_han		CODE           	199A	0000	134

../src/user_interrupts.c estimated size: 212

shared
		i1_send_msg    		CODE           	1454	0000	190
		i2_send_msg    		CODE           	0E6E	0000	280
		i1_ToMainHigh_s		CODE           	22AC	0000	42
		i2_ToMainHigh_s		CODE           	2172	0000	58
		i2_in_high_int 		CODE           	2342	0000	22
		i2_i2c_master_s		CODE           	0712	0000	644
		__initializatio		CODE           	1A20	0000	112
		i1_i2c_master_r		CODE           	12A2	0000	238
		i2_in_low_int  		CODE           	1B14	0000	122
		i1_memcpy      		CODE           	1F8A	0000	84
		i2_memcpy      		CODE           	1C00	0000	114
		i2_check_msg   		CODE           	21AC	0000	58

shared estimated size: 1964

../src/my_i2c.c
		_i2c_rx_handler		CODE           	1092	0000	266
		_check_if_send_		CODE           	20B8	0000	70
		_load_i2c_data 		CODE           	1732	0000	166
		_i2c_master_sen		CODE           	048E	0000	644
		_send_stop     		CODE           	2312	0000	26
		_i2c_master_rec		CODE           	0F86	0000	268
		_i2c_configure_		CODE           	2358	0000	18
		_i2c_tx_handler		CODE           	15CE	0000	184
		_receive_data  		CODE           	119C	0000	262
		_init_i2c      		CODE           	1CE0	0000	106
		_i2c_int_handle		CODE           	221C	0000	52

../src/my_i2c.c estimated size: 2062

C:\Program Files (x86)\Microchip\xc8\v1.30\sources\pic18\plib\USART\uread.c
		_ReadUSART     		CODE           	1F36	0000	84

C:\Program Files (x86)\Microchip\xc8\v1.30\sources\pic18\plib\USART\uread.c estimated size: 84

C:\Program Files (x86)\Microchip\xc8\v1.30\sources\pic18\plib\Timers\t0open.c
		_OpenTimer0    		CODE           	21E6	0000	54

C:\Program Files (x86)\Microchip\xc8\v1.30\sources\pic18\plib\Timers\t0open.c estimated size: 54

../src/debug.c
		_setDBG        		CODE           	1E1E	0000	98
		_debugNum      		CODE           	1686	0000	172
		_resetDBG      		CODE           	1E80	0000	98

../src/debug.c estimated size: 368

C:\Program Files (x86)\Microchip\xc8\v1.30\sources\pic18\plib\Timers\t1open.c
		_OpenTimer1    		CODE           	1EE2	0000	84

C:\Program Files (x86)\Microchip\xc8\v1.30\sources\pic18\plib\Timers\t1open.c estimated size: 84

C:\Program Files (x86)\Microchip\xc8\v1.30\sources\pic18\d1ktcyx.c
		_Delay1KTCYx   		CODE           	22F4	0000	30

C:\Program Files (x86)\Microchip\xc8\v1.30\sources\pic18\d1ktcyx.c estimated size: 30

../src/interrupts.c
		_enable_interru		CODE           	23AA	0000	8
		_in_low_int    		CODE           	1A9A	0000	122
		_in_main       		CODE           	1D4A	0000	106
		_in_high_int   		CODE           	232C	0000	22
		_InterruptHandl		CODE           	0018	0000	224
		_InterruptHandl		CODE           	0008	0000	6254

../src/interrupts.c estimated size: 6736

C:\Program Files (x86)\Microchip\xc8\v1.30\sources\common\memcpy.c
		_memcpy        		CODE           	1B8E	0000	114

C:\Program Files (x86)\Microchip\xc8\v1.30\sources\common\memcpy.c estimated size: 114

C:\Program Files (x86)\Microchip\xc8\v1.30\sources\pic18\plib\USART\uwrite.c
		_WriteUSART    		CODE           	2250	0000	50

C:\Program Files (x86)\Microchip\xc8\v1.30\sources\pic18\plib\USART\uwrite.c estimated size: 50

../src/my_uart.c
		_uart_send_int_		CODE           	1DB4	0000	106
		_uart_send_arra		CODE           	190E	0000	140
		_init_uart_recv		CODE           	22D6	0000	30
		_uart_recv_int_		CODE           	0AF8	0000	322
		_uart_send     		CODE           	239E	0000	12

../src/my_uart.c estimated size: 610

C:\Program Files (x86)\Microchip\xc8\v1.30\sources\pic18\plib\USART\uopen.c
		_OpenUSART     		CODE           	0C3A	0000	284

C:\Program Files (x86)\Microchip\xc8\v1.30\sources\pic18\plib\USART\uopen.c estimated size: 284

../src/messages.c
		_ToMainHigh_sen		CODE           	20FE	0000	58
		_ToMainHigh_rec		CODE           	2072	0000	70
		_block_on_To_ms		CODE           	1512	0000	188
		_check_msg     		CODE           	2138	0000	58
		_ToMainLow_send		CODE           	2282	0000	42
		_ToMainLow_recv		CODE           	202C	0000	70
		_enter_sleep_mo		CODE           	23B2	0000	6
		_send_msg      		CODE           	0D56	0000	280
		_init_queue    		CODE           	1876	0000	152
		_init_queues   		CODE           	1C72	0000	110
		_recv_msg      		CODE           	0996	0000	354
		_SleepIfOkay   		CODE           	1390	0000	196

../src/messages.c estimated size: 1584

../src/main.c
		_main          		CODE           	00FC	0000	914

../src/main.c estimated size: 914

