Microchip MPLAB XC8 Compiler V1.30 ()

Linker command line:

--edf=C:\Program Files\Microchip\xc8\v1.30\dat\en_msgs.txt -cs \
  -h+dist/UseXC8/production\PIC_Framework_3.X.production.sym \
  --cmf=dist/UseXC8/production\PIC_Framework_3.X.production.cmf -z \
  -Q18F45J10 -oC:\Users\Kindel\AppData\Local\Temp\s7v4.6 \
  -Mdist/UseXC8/production/PIC_Framework_3.X.production.map -E1 -ver=XC8 \
  -ASTACK=0336h-03ffh -pstack=STACK -ACODE=00h-07FF7h -ACONST=00h-07FF7h \
  -ASMALLCONST=0400h-04FFhx123,07F00h-07FF7h -AMEDIUMCONST=0400h-07FF7h \
  -ACOMRAM=01h-07Fh -AABS1=00h-03FFh -ABIGRAM=01h-03FFh \
  -ARAM=080h-0FFh,0100h-01FFhx3 -ABANK0=080h-0FFh -ABANK1=0100h-01FFh \
  -ABANK2=0200h-02FFh -ABANK3=0300h-03FFh -ASFR=0F80h-0FFFh \
  -preset_vec=00h,intcode=08h,intcodelo=018h,powerup,init,end_init \
  -pramtop=0400h -psmallconst=SMALLCONST -pmediumconst=MEDIUMCONST \
  -pconst=CONST -AFARRAM=00h-00h -ACONFIG=07FF8h-07FFDh -pconfig=CONFIG \
  -pjflash_buffer=07800h \
  -prdata=COMRAM,nvrram=COMRAM,nvbit=COMRAM,rbss=COMRAM,rbit=COMRAM \
  -pfarbss=FARRAM,fardata=FARRAM,nvFARRAM=FARRAM \
  -pintsave_regs=BIGRAM,bigbss=BIGRAM,bigdata=BIGRAM -pbss=RAM \
  -pidata=CODE,irdata=CODE,ibigdata=CODE,ifardata=CODE \
  C:\Users\Kindel\AppData\Local\Temp\s7v4.obj \
  dist/UseXC8/production\PIC_Framework_3.X.production.obj 

Object code version is 3.11

Machine type is 18F45J10

Call graph: (short form)




                Name                               Link     Load   Length Selector   Space Scale
C:\Users\Kindel\AppData\Local\Temp\s7v4.obj
                end_init                             BA       BA        4        C       0
                reset_vec                             0        0        4        0       0
                config                             7FF8     7FF8        6     7FF8       0
dist/UseXC8/production\PIC_Framework_3.X.production.obj
                intcodelo                            18       18       A2        C       0
                intcode                               8        8        C        4       0
                text52                             1E24     1E24        6        C       0
                text51                             1D34     1D34       28        C       0
                text50                             1E0C     1E0C       10        C       0
                text49                             1934     1934       62        C       0
                text48                             13C2     13C2       A8        C       0
                text47                             146A     146A       A2        C       0
                text46                              E1C      E1C       F8        C       0
                text45                             1D7A     1D7A       1A        C       0
                text44                              D16      D16      106        C       0
                text43                             1B78     1B78       46        C       0
                text42                             1262     1262       B4        C       0
                text41                             1CA8     1CA8       34        C       0
                text40                             1DFA     1DFA       12        C       0
                text39                             1A98     1A98       54        C       0
                text38                             1002     1002       E6        C       0
                text37                             1CDC     1CDC       2E        C       0
                text36                              5F0      5F0      284        C       0
                text35                             1BBE     1BBE       40        C       0
                intcode_body                       150C     150C       9E        C       0
                text33                             1DE8     1DE8       12        C       0
                text32                             1A44     1A44       54        C       0
                text31                             10E8     10E8       BE        C       0
                text30                             1D0A     1D0A       2A        C       0
                text29                              F14      F14       EE        C       0
                text28                             1DC2     1DC2       14        C       0
                text26                             1C72     1C72       36        C       0
                text25                             19F0     19F0       54        C       0
                text24                              9D6      9D6      11C        C       0
                text23                             16BC     16BC       72        C       0
                text22                              874      874      162        C       0
                text21                             1B32     1B32       46        C       0
                text20                             1AEC     1AEC       46        C       0
                text19                             1D5C     1D5C       1E        C       0
                text18                             1C38     1C38       3A        C       0
                text17                             1DAC     1DAC       16        C       0
                text16                             1642     1642       7A        C       0
                text15                             1806     1806       6A        C       0
                text14                             11A6     11A6       BC        C       0
                text13                             1E1C     1E1C        8        C       0
                text12                             1DD6     1DD6       12        C       0
                text11                              AF2      AF2      118        C       0
                text10                             1BFE     1BFE       3A        C       0
                text9                               C0A      C0A      10C        C       0
                text8                               36C      36C      284        C       0
                text7                              179C     179C       6A        C       0
                text6                              15AA     15AA       98        C       0
                text5                              172E     172E       6E        C       0
                text4                              18D2     18D2       62        C       0
                text3                              1870     1870       62        C       0
                text2                              1316     1316       AC        C       0
                text1                              1D94     1D94       18        C       0
                text0                                BE       BE      2AE        C       0
                cstackCOMRAM                          1        1       41        1       1
                cstackBANK0                          80       80       7D       80       1
                cstackBANK1                         100      100       A3      100       1
                cstackBANK2                         200      200       8C      200       1
                bssBANK3                            300      300       36      300       1
                bssBANK2                            28C      28C       6C      200       1
                bssBANK1                            1A3      1A3       36      100       1
                dataCOMRAM                           4D       4D        5        1       1
                bssCOMRAM                            42       42        B        1       1
                cinit                              1996     1996       5A        C       0
                nvBANK1                             1D9      1D9        2      100       1
                idataCOMRAM                        1E2A     1E2A        5        C       0

TOTAL           Name                               Link     Load   Length     Space
        CLASS   STACK          

        CLASS   CODE           
                end_init                             BA       BA        4         0
                intcodelo                            18       18       A2         0
                intcode                               8        8        C         0
                reset_vec                             0        0        4         0
                text52                             1E24     1E24        6         0
                text51                             1D34     1D34       28         0
                text50                             1E0C     1E0C       10         0
                text49                             1934     1934       62         0
                text48                             13C2     13C2       A8         0
                text47                             146A     146A       A2         0
                text46                              E1C      E1C       F8         0
                text45                             1D7A     1D7A       1A         0
                text44                              D16      D16      106         0
                text43                             1B78     1B78       46         0
                text42                             1262     1262       B4         0
                text41                             1CA8     1CA8       34         0
                text40                             1DFA     1DFA       12         0
                text39                             1A98     1A98       54         0
                text38                             1002     1002       E6         0
                text37                             1CDC     1CDC       2E         0
                text36                              5F0      5F0      284         0
                text35                             1BBE     1BBE       40         0
                intcode_body                       150C     150C       9E         0
                text33                             1DE8     1DE8       12         0
                text32                             1A44     1A44       54         0
                text31                             10E8     10E8       BE         0
                text30                             1D0A     1D0A       2A         0
                text29                              F14      F14       EE         0
                text28                             1DC2     1DC2       14         0
                text26                             1C72     1C72       36         0
                text25                             19F0     19F0       54         0
                text24                              9D6      9D6      11C         0
                text23                             16BC     16BC       72         0
                text22                              874      874      162         0
                text21                             1B32     1B32       46         0
                text20                             1AEC     1AEC       46         0
                text19                             1D5C     1D5C       1E         0
                text18                             1C38     1C38       3A         0
                text17                             1DAC     1DAC       16         0
                text16                             1642     1642       7A         0
                text15                             1806     1806       6A         0
                text14                             11A6     11A6       BC         0
                text13                             1E1C     1E1C        8         0
                text12                             1DD6     1DD6       12         0
                text11                              AF2      AF2      118         0
                text10                             1BFE     1BFE       3A         0
                text9                               C0A      C0A      10C         0
                text8                               36C      36C      284         0
                text7                              179C     179C       6A         0
                text6                              15AA     15AA       98         0
                text5                              172E     172E       6E         0
                text4                              18D2     18D2       62         0
                text3                              1870     1870       62         0
                text2                              1316     1316       AC         0
                text1                              1D94     1D94       18         0
                text0                                BE       BE      2AE         0
                cinit                              1996     1996       5A         0
                idataCOMRAM                        1E2A     1E2A        5         0

        CLASS   CONST          

        CLASS   SMALLCONST     

        CLASS   MEDIUMCONST    

        CLASS   COMRAM         
                cstackCOMRAM                          1        1       41         1
                dataCOMRAM                           4D       4D        5         1
                bssCOMRAM                            42       42        B         1

        CLASS   ABS1           

        CLASS   BIGRAM         

        CLASS   RAM            

        CLASS   BANK0          
                cstackBANK0                          80       80       7D         1

        CLASS   BANK1          
                cstackBANK1                         100      100       A3         1
                bssBANK1                            1A3      1A3       36         1
                nvBANK1                             1D9      1D9        2         1

        CLASS   BANK2          
                cstackBANK2                         200      200       8C         1
                bssBANK2                            28C      28C       6C         1

        CLASS   BANK3          
                bssBANK3                            300      300       36         1

        CLASS   SFR            

        CLASS   FARRAM         

        CLASS   CONFIG         
                config                             7FF8     7FF8        6         0

        CLASS   IDLOC          



SEGMENTS        Name                           Load    Length   Top    Selector   Space  Class

                reset_vec                      000000  000004  000004         0       0  CODE    
                cstackCOMRAM                   000001  000051  000052         1       1  COMRAM  
                intcode                        000008  00000C  000014         4       0  CODE    
                intcodelo                      000018  001E17  001E2F         C       0  CODE    
                cstackBANK0                    000080  00007D  0000FD        80       1  BANK0   
                cstackBANK1                    000100  0000DB  0001DB       100       1  BANK1   
                cstackBANK2                    000200  0000F8  0002F8       200       1  BANK2   
                bssBANK3                       000300  000036  000336       300       1  BANK3   
                config                         007FF8  000006  007FFE      7FF8       0  CONFIG  


UNUSED ADDRESS RANGES

        Name                Unused          Largest block    Delta
        BANK0            000FD-000FF               3
        BANK1            001DB-001FF              25
        BANK2            002F8-002FF               8
        BANK3            00336-003FF              CA
        BIGRAM           00052-0007F              2E
                         000FD-000FF               3
                         001DB-001FF              25
                         002F8-002FF               8
                         00336-003FF              CA
        CODE             00004-00007               4
                         00014-00017               4
                         01E2F-07FF7            61C9
        COMRAM           00052-0007F              2E
        CONST            00004-00007               4
                         00014-00017               4
                         01E2F-07FF7            61C9
        MEDIUMCONST      01E2F-07FF7            61C9
        RAM              000FD-000FF               3
                         001DB-001FF              25
                         002F8-002FF               8
                         00336-003FF              CA
        SFR              00F80-00FFF              80
        SMALLCONST       01E2F-07FF7             100
        STACK            00336-003FF              CA

                                  Symbol Table

?_in_high_int                   cstackBANK1   0010E
?_in_low_int                    cstackBANK1   00110
?_in_main                       cstackBANK1   00112
?i2_in_high_int                 cstackCOMRAM  0002F
?i2_in_low_int                  cstackCOMRAM  00031
Delay1KTCYx@unit                cstackBANK1   0010E
OpenTimer0@config               cstackBANK1   0010E
OpenTimer1@config               cstackBANK1   0010E
OpenUSART@config                cstackBANK1   00113
OpenUSART@spbrg                 cstackBANK1   0010E
ToMainHigh_recvmsg@data         cstackBANK1   00128
ToMainHigh_recvmsg@maxlength    cstackBANK1   0012A
ToMainHigh_recvmsg@msgtype      cstackBANK1   00126
ToMainHigh_sendmsg@data         cstackBANK1   00125
ToMainHigh_sendmsg@length       cstackBANK1   00127
ToMainHigh_sendmsg@msgtype      cstackBANK1   00124
ToMainLow_recvmsg@data          cstackBANK1   00128
ToMainLow_recvmsg@maxlength     cstackBANK1   0012A
ToMainLow_recvmsg@msgtype       cstackBANK1   00126
WriteTimer0@timer               cstackCOMRAM  00031
WriteTimer0@timer0              cstackCOMRAM  0002F
WriteTimer1@timer               cstackCOMRAM  00003
WriteTimer1@timer1              cstackCOMRAM  00001
_ADCBuffer                      bssCOMRAM     00048
_ADCON0                         (abs)         00FC2
_ADCON0bits                     (abs)         00FC2
_ADCON1                         (abs)         00FC1
_ADCON2                         (abs)         00FC0
_ADRESH                         (abs)         00FC4
_ADRESL                         (abs)         00FC3
_BAUDCONbits                    (abs)         00FB8
_Delay1KTCYx                    text19        01D5C
_FromMainHigh_MQ                bssBANK3      00300
_FromMainLow_MQ                 bssBANK2      0028C
_INTCONbits                     (abs)         00FF2
_IPR1bits                       (abs)         00F9F
_InterruptHandlerHigh           intcode       00008
_InterruptHandlerLow            intcodelo     00018
_LATB                           (abs)         00F8A
_LATBbits                       (abs)         00F8A
_MQ_Main_Willing_to_block       bssCOMRAM     00044
_OSCCON                         (abs)         00FD3
_OSCCONbits                     (abs)         00FD3
_OSCTUNEbits                    (abs)         00F9B
_OpenTimer0                     text26        01C72
_OpenTimer1                     text25        019F0
_OpenUSART                      text24        009D6
_PIE1bits                       (abs)         00F9D
_PIR1bits                       (abs)         00F9E
_RCONbits                       (abs)         00FD0
_RCREG                          (abs)         00FAE
_RCSTA                          (abs)         00FAB
_RCSTAbits                      (abs)         00FAB
_SPBRG                          (abs)         00FAF
_SPBRGH                         (abs)         00FB0
_SSPADD                         (abs)         00FC8
_SSPBUF                         (abs)         00FC9
_SSPCON1bits                    (abs)         00FC6
_SSPCON2bits                    (abs)         00FC5
_SSPSTATbits                    (abs)         00FC7
_SleepIfOkay                    text48        013C2
_T0CON                          (abs)         00FD5
_T0CONbits                      (abs)         00FD5
_T1CON                          (abs)         00FCD
_T1CONbits                      (abs)         00FCD
_TMR0H                          (abs)         00FD7
_TMR0L                          (abs)         00FD6
_TMR1H                          (abs)         00FCF
_TMR1L                          (abs)         00FCE
_TRISAbits                      (abs)         00F92
_TRISB                          (abs)         00F93
_TRISCbits                      (abs)         00F94
_TXSTA                          (abs)         00FAC
_TXSTAbits                      (abs)         00FAC
_ToMainHigh_MQ                  bssBANK1      001A3
_ToMainHigh_recvmsg             text21        01B32
_ToMainHigh_sendmsg             text10        01BFE
_ToMainLow_MQ                   bssBANK2      002C2
_ToMainLow_recvmsg              text20        01AEC
_USART_Status                   bssCOMRAM     00045
_WriteTimer0                    text40        01DFA
_WriteTimer1                    text33        01DE8
__CFG_CCP2MX$DEFAULT            (abs)         00000
__CFG_CP0$OFF                   (abs)         00000
__CFG_FCMEN$ON                  (abs)         00000
__CFG_FOSC$HSPLL                (abs)         00000
__CFG_FOSC2$ON                  (abs)         00000
__CFG_IESO$ON                   (abs)         00000
__CFG_STVREN$OFF                (abs)         00000
__CFG_WDTEN$OFF                 (abs)         00000
__CFG_WDTPS$32768               (abs)         00000
__CFG_XINST$OFF                 (abs)         00000
__HRAM                          (abs)         00000
__Habs1                         abs1          00000
__Hbank0                        bank0         00000
__Hbank1                        bank1         00000
__Hbank2                        bank2         00000
__Hbank3                        bank3         00000
__Hbigbss                       bigbss        00000
__Hbigdata                      bigdata       00000
__Hbigram                       bigram        00000
__Hbss                          bss           00000
__HbssBANK1                     bssBANK1      00000
__HbssBANK2                     bssBANK2      00000
__HbssBANK3                     bssBANK3      00000
__HbssCOMRAM                    bssCOMRAM     00000
__Hcinit                        cinit         00000
__Hclrtext                      clrtext       00000
__Hcomram                       comram        00000
__Hconfig                       config        07FFE
__Hconst                        const         00000
__HcstackBANK0                  cstackBANK0   00000
__HcstackBANK1                  cstackBANK1   00000
__HcstackBANK2                  cstackBANK2   00000
__HcstackCOMRAM                 cstackCOMRAM  00000
__Hdata                         data          00000
__HdataCOMRAM                   dataCOMRAM    00000
__Hend_init                     end_init      000BE
__Hfarbss                       farbss        00000
__Hfardata                      fardata       00000
__Hibigdata                     ibigdata      00000
__Hidata                        idata         00000
__HidataCOMRAM                  idataCOMRAM   00000
__Hidloc                        idloc         00000
__Hifardata                     ifardata      00000
__Hinit                         init          000BA
__Hintcode                      intcode       00014
__Hintcode_body                 intcode_body  00000
__Hintcodelo                    intcodelo     000BA
__Hintentry                     intentry      00000
__Hintret                       intret        00000
__Hintsave_regs                 intsave_regs  00000
__Hirdata                       irdata        00000
__Hjflash_buffer                jflash_buffer 07800
__Hmediumconst                  mediumconst   00000
__HnvBANK1                      nvBANK1       00000
__HnvFARRAM                     nvFARRAM      00000
__Hnvbit                        nvbit         00000
__Hnvrram                       nvrram        00000
__Hparam                        rparam        00000
__Hpowerup                      powerup       000BA
__Hram                          ram           00000
__Hramtop                       ramtop        00400
__Hrbit                         rbit          00000
__Hrbss                         rbss          00000
__Hrdata                        rdata         00000
__Hreset_vec                    reset_vec     00004
__Hrparam                       rparam        00000
__Hsfr                          sfr           00000
__Hsmallconst                   smallconst    00000
__Hstack                        stack         00000
__Hstruct                       struct        00000
__Htemp                         temp          00000
__Htext                         text          00000
__Htext0                        text0         00000
__Htext1                        text1         00000
__Htext10                       text10        00000
__Htext11                       text11        00000
__Htext12                       text12        00000
__Htext13                       text13        00000
__Htext14                       text14        00000
__Htext15                       text15        00000
__Htext16                       text16        00000
__Htext17                       text17        00000
__Htext18                       text18        00000
__Htext19                       text19        00000
__Htext2                        text2         00000
__Htext20                       text20        00000
__Htext21                       text21        00000
__Htext22                       text22        00000
__Htext23                       text23        00000
__Htext24                       text24        00000
__Htext25                       text25        00000
__Htext26                       text26        00000
__Htext28                       text28        00000
__Htext29                       text29        00000
__Htext3                        text3         00000
__Htext30                       text30        00000
__Htext31                       text31        00000
__Htext32                       text32        00000
__Htext33                       text33        00000
__Htext35                       text35        00000
__Htext36                       text36        00000
__Htext37                       text37        00000
__Htext38                       text38        00000
__Htext39                       text39        00000
__Htext4                        text4         00000
__Htext40                       text40        00000
__Htext41                       text41        00000
__Htext42                       text42        00000
__Htext43                       text43        00000
__Htext44                       text44        00000
__Htext45                       text45        00000
__Htext46                       text46        00000
__Htext47                       text47        00000
__Htext48                       text48        00000
__Htext49                       text49        00000
__Htext5                        text5         00000
__Htext50                       text50        00000
__Htext51                       text51        00000
__Htext52                       text52        00000
__Htext6                        text6         00000
__Htext7                        text7         00000
__Htext8                        text8         00000
__Htext9                        text9         00000
__LRAM                          (abs)         00001
__Labs1                         abs1          00000
__Lbank0                        bank0         00000
__Lbank1                        bank1         00000
__Lbank2                        bank2         00000
__Lbank3                        bank3         00000
__Lbigbss                       bigbss        00000
__Lbigdata                      bigdata       00000
__Lbigram                       bigram        00000
__Lbss                          bss           00000
__LbssBANK1                     bssBANK1      00000
__LbssBANK2                     bssBANK2      00000
__LbssBANK3                     bssBANK3      00000
__LbssCOMRAM                    bssCOMRAM     00000
__Lcinit                        cinit         00000
__Lclrtext                      clrtext       00000
__Lcomram                       comram        00000
__Lconfig                       config        07FF8
__Lconst                        const         00000
__LcstackBANK0                  cstackBANK0   00000
__LcstackBANK1                  cstackBANK1   00000
__LcstackBANK2                  cstackBANK2   00000
__LcstackCOMRAM                 cstackCOMRAM  00000
__Ldata                         data          00000
__LdataCOMRAM                   dataCOMRAM    00000
__Lend_init                     end_init      000BA
__Lfarbss                       farbss        00000
__Lfardata                      fardata       00000
__Libigdata                     ibigdata      00000
__Lidata                        idata         00000
__LidataCOMRAM                  idataCOMRAM   00000
__Lidloc                        idloc         00000
__Lifardata                     ifardata      00000
__Linit                         init          000BA
__Lintcode                      intcode       00008
__Lintcode_body                 intcode_body  00000
__Lintcodelo                    intcodelo     00018
__Lintentry                     intentry      00000
__Lintret                       intret        00000
__Lintsave_regs                 intsave_regs  00000
__Lirdata                       irdata        00000
__Ljflash_buffer                jflash_buffer 07800
__Lmediumconst                  mediumconst   00000
__LnvBANK1                      nvBANK1       00000
__LnvFARRAM                     nvFARRAM      00000
__Lnvbit                        nvbit         00000
__Lnvrram                       nvrram        00000
__Lparam                        rparam        00000
__Lpowerup                      powerup       000BA
__Lram                          ram           00000
__Lramtop                       ramtop        00400
__Lrbit                         rbit          00000
__Lrbss                         rbss          00000
__Lrdata                        rdata         00000
__Lreset_vec                    reset_vec     00000
__Lrparam                       rparam        00000
__Lsfr                          sfr           00000
__Lsmallconst                   smallconst    00000
__Lstack                        stack         00000
__Lstruct                       struct        00000
__Ltemp                         temp          00000
__Ltext                         text          00000
__Ltext0                        text0         00000
__Ltext1                        text1         00000
__Ltext10                       text10        00000
__Ltext11                       text11        00000
__Ltext12                       text12        00000
__Ltext13                       text13        00000
__Ltext14                       text14        00000
__Ltext15                       text15        00000
__Ltext16                       text16        00000
__Ltext17                       text17        00000
__Ltext18                       text18        00000
__Ltext19                       text19        00000
__Ltext2                        text2         00000
__Ltext20                       text20        00000
__Ltext21                       text21        00000
__Ltext22                       text22        00000
__Ltext23                       text23        00000
__Ltext24                       text24        00000
__Ltext25                       text25        00000
__Ltext26                       text26        00000
__Ltext28                       text28        00000
__Ltext29                       text29        00000
__Ltext3                        text3         00000
__Ltext30                       text30        00000
__Ltext31                       text31        00000
__Ltext32                       text32        00000
__Ltext33                       text33        00000
__Ltext35                       text35        00000
__Ltext36                       text36        00000
__Ltext37                       text37        00000
__Ltext38                       text38        00000
__Ltext39                       text39        00000
__Ltext4                        text4         00000
__Ltext40                       text40        00000
__Ltext41                       text41        00000
__Ltext42                       text42        00000
__Ltext43                       text43        00000
__Ltext44                       text44        00000
__Ltext45                       text45        00000
__Ltext46                       text46        00000
__Ltext47                       text47        00000
__Ltext48                       text48        00000
__Ltext49                       text49        00000
__Ltext5                        text5         00000
__Ltext50                       text50        00000
__Ltext51                       text51        00000
__Ltext52                       text52        00000
__Ltext6                        text6         00000
__Ltext7                        text7         00000
__Ltext8                        text8         00000
__Ltext9                        text9         00000
__S0                            (abs)         07FFE
__S1                            (abs)         00336
__S2                            (abs)         00000
___extmem_base                  (abs)         20000
___inthi_sp                     stack         00000
___intlo_sp                     stack         00000
___sp                           stack         00000
__accesstop                     (abs)         00080
__activetblptr                  (abs)         00002
__end_of_Delay1KTCYx            text19        01D7A
__end_of_InterruptHandlerHigh   intcode_body  015AA
__end_of_InterruptHandlerLow    intcodelo     000BA
__end_of_OpenTimer0             text26        01CA8
__end_of_OpenTimer1             text25        01A44
__end_of_OpenUSART              text24        00AF2
__end_of_SleepIfOkay            text48        0146A
__end_of_ToMainHigh_recvmsg     text21        01B78
__end_of_ToMainHigh_sendmsg     text10        01C38
__end_of_ToMainLow_recvmsg      text20        01B32
__end_of_WriteTimer0            text40        01E0C
__end_of_WriteTimer1            text33        01DFA
__end_of__initialization        cinit         019E6
__end_of_block_on_To_msgqueues  text14        01262
__end_of_check_if_send_stop     text43        01BBE
__end_of_check_msg              text18        01C72
__end_of_debugNum               text2         013C2
__end_of_enable_interrupts      text13        01E24
__end_of_enter_sleep_mode       text52        01E2A
__end_of_i2c_configure_master   text12        01DE8
__end_of_i2c_int_handler        text41        01CDC
__end_of_i2c_master_recv        text9         00D16
__end_of_i2c_master_send        text8         005F0
__end_of_i2c_rx_handler         text44        00E1C
__end_of_i2c_tx_handler         text42        01316
__end_of_in_high_int            text17        01DC2
__end_of_in_low_int             text16        016BC
__end_of_in_main                text15        01870
__end_of_init_i2c               text7         01806
__end_of_init_queue             text6         01642
__end_of_init_queues            text5         0179C
__end_of_load_i2c_data          text47        0150C
__end_of_main                   text0         0036C
__end_of_memcpy                 text23        0172E
__end_of_receive_data           text46        00F14
__end_of_recv_msg               text22        009D6
__end_of_resetDBG               text4         01934
__end_of_send_msg               text11        00C0A
__end_of_send_stop              text45        01D94
__end_of_setDBG                 text3         018D2
__end_of_timer0_int_handler     text35        01BFE
__end_of_timer1_int_handler     text28        01DD6
__end_of_uart_send              text1         01DAC
__end_ofi1_ToMainHigh_sendmsg   text30        01D34
__end_ofi1_i2c_master_recv      text29        01002
__end_ofi1_memcpy               text32        01A98
__end_ofi1_send_msg             text31        011A6
__end_ofi2_ToMainHigh_sendmsg   text37        01D0A
__end_ofi2_check_msg            text51        01D5C
__end_ofi2_i2c_master_send      text36        00874
__end_ofi2_in_high_int          text50        01E1C
__end_ofi2_in_low_int           text49        01996
__end_ofi2_memcpy               text39        01AEC
__end_ofi2_send_msg             text38        010E8
__initialization                cinit         01996
__mediumconst                   mediumconst   00000
__pbssBANK1                     bssBANK1      001A3
__pbssBANK2                     bssBANK2      0028C
__pbssBANK3                     bssBANK3      00300
__pbssCOMRAM                    bssCOMRAM     00042
__pcinit                        cinit         01996
__pcstackBANK0                  cstackBANK0   00080
__pcstackBANK1                  cstackBANK1   00100
__pcstackBANK2                  cstackBANK2   00200
__pcstackCOMRAM                 cstackCOMRAM  00001
__pdataCOMRAM                   dataCOMRAM    0004D
__pidataCOMRAM                  idataCOMRAM   01E2A
__pintcode                      intcode       00008
__pintcode_body                 intcode_body  0150C
__pintcodelo                    intcodelo     00018
__pnvBANK1                      nvBANK1       001D9
__ptext0                        text0         000BE
__ptext1                        text1         01D94
__ptext10                       text10        01BFE
__ptext11                       text11        00AF2
__ptext12                       text12        01DD6
__ptext13                       text13        01E1C
__ptext14                       text14        011A6
__ptext15                       text15        01806
__ptext16                       text16        01642
__ptext17                       text17        01DAC
__ptext18                       text18        01C38
__ptext19                       text19        01D5C
__ptext2                        text2         01316
__ptext20                       text20        01AEC
__ptext21                       text21        01B32
__ptext22                       text22        00874
__ptext23                       text23        016BC
__ptext24                       text24        009D6
__ptext25                       text25        019F0
__ptext26                       text26        01C72
__ptext28                       text28        01DC2
__ptext29                       text29        00F14
__ptext3                        text3         01870
__ptext30                       text30        01D0A
__ptext31                       text31        010E8
__ptext32                       text32        01A44
__ptext33                       text33        01DE8
__ptext35                       text35        01BBE
__ptext36                       text36        005F0
__ptext37                       text37        01CDC
__ptext38                       text38        01002
__ptext39                       text39        01A98
__ptext4                        text4         018D2
__ptext40                       text40        01DFA
__ptext41                       text41        01CA8
__ptext42                       text42        01262
__ptext43                       text43        01B78
__ptext44                       text44        00D16
__ptext45                       text45        01D7A
__ptext46                       text46        00E1C
__ptext47                       text47        0146A
__ptext48                       text48        013C2
__ptext49                       text49        01934
__ptext5                        text5         0172E
__ptext50                       text50        01E0C
__ptext51                       text51        01D34
__ptext52                       text52        01E24
__ptext6                        text6         015AA
__ptext7                        text7         0179C
__ptext8                        text8         0036C
__ptext9                        text9         00C0A
__ramtop                        ramtop        00400
__size_of_Delay1KTCYx           (abs)         00000
__size_of_InterruptHandlerHigh  (abs)         00000
__size_of_InterruptHandlerLow   (abs)         00000
__size_of_OpenTimer0            (abs)         00000
__size_of_OpenTimer1            (abs)         00000
__size_of_OpenUSART             (abs)         00000
__size_of_SleepIfOkay           (abs)         00000
__size_of_ToMainHigh_recvmsg    (abs)         00000
__size_of_ToMainHigh_sendmsg    (abs)         00000
__size_of_ToMainLow_recvmsg     (abs)         00000
__size_of_WriteTimer0           (abs)         00000
__size_of_WriteTimer1           (abs)         00000
__size_of_block_on_To_msgqueues (abs)         00000
__size_of_check_if_send_stop    (abs)         00000
__size_of_check_msg             (abs)         00000
__size_of_debugNum              (abs)         00000
__size_of_enable_interrupts     (abs)         00000
__size_of_enter_sleep_mode      (abs)         00000
__size_of_i2c_configure_master  (abs)         00000
__size_of_i2c_int_handler       (abs)         00000
__size_of_i2c_master_recv       (abs)         00000
__size_of_i2c_master_send       (abs)         00000
__size_of_i2c_rx_handler        (abs)         00000
__size_of_i2c_tx_handler        (abs)         00000
__size_of_in_high_int           (abs)         00000
__size_of_in_low_int            (abs)         00000
__size_of_in_main               (abs)         00000
__size_of_init_i2c              (abs)         00000
__size_of_init_queue            (abs)         00000
__size_of_init_queues           (abs)         00000
__size_of_load_i2c_data         (abs)         00000
__size_of_main                  (abs)         00000
__size_of_memcpy                (abs)         00000
__size_of_receive_data          (abs)         00000
__size_of_recv_msg              (abs)         00000
__size_of_resetDBG              (abs)         00000
__size_of_send_msg              (abs)         00000
__size_of_send_stop             (abs)         00000
__size_of_setDBG                (abs)         00000
__size_of_timer0_int_handler    (abs)         00000
__size_of_timer1_int_handler    (abs)         00000
__size_of_uart_send             (abs)         00000
__size_ofi1_ToMainHigh_sendmsg  (abs)         00000
__size_ofi1_i2c_master_recv     (abs)         00000
__size_ofi1_memcpy              (abs)         00000
__size_ofi1_send_msg            (abs)         00000
__size_ofi2_ToMainHigh_sendmsg  (abs)         00000
__size_ofi2_check_msg           (abs)         00000
__size_ofi2_i2c_master_send     (abs)         00000
__size_ofi2_in_high_int         (abs)         00000
__size_ofi2_in_low_int          (abs)         00000
__size_ofi2_memcpy              (abs)         00000
__size_ofi2_send_msg            (abs)         00000
__smallconst                    smallconst    00000
_block_on_To_msgqueues          text14        011A6
_check_if_send_stop             text43        01B78
_check_msg                      text18        01C38
_count                          bssCOMRAM     00046
_debugNum                       text2         01316
_enable_interrupts              text13        01E1C
_enter_sleep_mode               text52        01E24
_i2c_configure_master           text12        01DD6
_i2c_int_handler                text41        01CA8
_i2c_master_recv                text9         00C0A
_i2c_master_send                text8         0036C
_i2c_rx_handler                 text44        00D16
_i2c_tx_handler                 text42        01262
_ic_ptr                         nvBANK1       001D9
_in_high_int                    text17        01DAC
_in_low_int                     text16        01642
_in_main                        text15        01806
_init_i2c                       text7         0179C
_init_queue                     text6         015AA
_init_queues                    text5         0172E
_load_i2c_data                  text47        0146A
_main                           text0         000BE
_memcpy                         text23        016BC
_receive_data                   text46        00E1C
_recv_msg                       text22        00874
_resetDBG                       text4         018D2
_sample1                        dataCOMRAM    0004D
_sample2                        dataCOMRAM    0004E
_sample3                        dataCOMRAM    0004F
_sample4                        dataCOMRAM    00050
_sample5                        dataCOMRAM    00051
_send_msg                       text11        00AF2
_send_stop                      text45        01D7A
_setDBG                         text3         01870
_timer0_int_handler             text35        01BBE
_timer1_int_handler             text28        01DC2
_timesreq                       bssCOMRAM     00047
_uart_send                      text1         01D94
_uc_ptr                         bssCOMRAM     00042
check_msg@qptr                  cstackBANK1   0010E
debugNum@num                    cstackBANK1   0010F
end_of_initialization           cinit         019E6
i1ToMainHigh_sendmsg@data       cstackCOMRAM  00018
i1ToMainHigh_sendmsg@length     cstackCOMRAM  0001A
i1ToMainHigh_sendmsg@msgtype    cstackCOMRAM  00017
i1_ToMainHigh_sendmsg           text30        01D0A
i1_i2c_master_recv              text29        00F14
i1_memcpy                       text32        01A44
i1_send_msg                     text31        010E8
i1i2c_master_recv@addr          cstackCOMRAM  0001D
i1i2c_master_recv@buf_addr      cstackCOMRAM  0001C
i1memcpy@d                      cstackCOMRAM  00007
i1memcpy@d1                     cstackCOMRAM  00001
i1memcpy@n                      cstackCOMRAM  00005
i1memcpy@s                      cstackCOMRAM  00009
i1memcpy@s1                     cstackCOMRAM  00003
i1send_msg@data                 cstackCOMRAM  0000F
i1send_msg@length               cstackCOMRAM  0000D
i1send_msg@msgtype              cstackCOMRAM  0000E
i1send_msg@qmsg                 cstackCOMRAM  00015
i1send_msg@qptr                 cstackCOMRAM  0000B
i1send_msg@slot                 cstackCOMRAM  00014
i1send_msg@tlength              cstackCOMRAM  00012
i2ToMainHigh_sendmsg@data       cstackBANK0   00086
i2ToMainHigh_sendmsg@length     cstackCOMRAM  00040
i2ToMainHigh_sendmsg@msgtype    cstackBANK0   00085
i2_ToMainHigh_sendmsg           text37        01CDC
i2_check_msg                    text51        01D34
i2_i2c_master_send              text36        005F0
i2_in_high_int                  text50        01E0C
i2_in_low_int                   text49        01934
i2_memcpy                       text39        01A98
i2_send_msg                     text38        01002
i2c_master_recv@addr            cstackBANK1   0012A
i2c_master_recv@buf_addr        cstackBANK1   00129
i2c_master_send@addr            cstackBANK1   00197
i2c_master_send@buf_addr        cstackBANK1   00196
i2c_master_send@i               cstackBANK1   00198
i2c_master_send@i_1323          cstackBANK1   0019A
i2c_master_send@length          cstackBANK1   00128
i2c_master_send@msg             cstackBANK1   00129
i2c_master_send@tempbuf         cstackBANK1   00131
i2check_msg@qptr                cstackCOMRAM  0002F
i2i2c_master_send@addr          cstackBANK0   000F7
i2i2c_master_send@buf_addr      cstackBANK0   000F6
i2i2c_master_send@i             cstackBANK0   000F8
i2i2c_master_send@i_1323        cstackBANK0   000FA
i2i2c_master_send@length        cstackBANK0   00088
i2i2c_master_send@msg           cstackBANK0   00089
i2i2c_master_send@tempbuf       cstackBANK0   00091
i2memcpy@d                      cstackCOMRAM  00035
i2memcpy@d1                     cstackCOMRAM  0002F
i2memcpy@n                      cstackCOMRAM  00033
i2memcpy@s                      cstackCOMRAM  00037
i2memcpy@s1                     cstackCOMRAM  00031
i2send_msg@data                 cstackCOMRAM  0003D
i2send_msg@length               cstackCOMRAM  0003B
i2send_msg@msgtype              cstackCOMRAM  0003C
i2send_msg@qmsg                 cstackBANK0   00083
i2send_msg@qptr                 cstackCOMRAM  00039
i2send_msg@slot                 cstackBANK0   00082
i2send_msg@tlength              cstackBANK0   00080
init_i2c@ic                     cstackBANK1   0010E
init_queue@i                    cstackBANK1   00111
init_queue@qptr                 cstackBANK1   0010E
int_func                        intcode_body  0150C
intlevel0                       text          00000
intlevel1                       text          00000
intlevel2                       text          00000
intlevel3                       text          00000
main@data_points_count          cstackBANK2   00200
main@i                          cstackBANK2   0020E
main@ic                         cstackBANK2   00211
main@last_reg_recvd             cstackBANK2   00202
main@length                     cstackBANK2   00210
main@msgbuffer                  cstackBANK2   00203
main@msgtype                    cstackBANK2   0020F
memcpy@d                        cstackBANK1   00114
memcpy@d1                       cstackBANK1   0010E
memcpy@n                        cstackBANK1   00112
memcpy@s                        cstackBANK1   00116
memcpy@s1                       cstackBANK1   00110
receive_data@recv               cstackCOMRAM  00030
recv_msg@data                   cstackBANK1   0011D
recv_msg@maxlength              cstackBANK1   0011A
recv_msg@msgtype                cstackBANK1   0011B
recv_msg@qmsg                   cstackBANK1   00124
recv_msg@qptr                   cstackBANK1   00118
recv_msg@slot                   cstackBANK1   00121
recv_msg@tlength                cstackBANK1   00122
resetDBG@b                      cstackBANK1   0010E
send_msg@data                   cstackBANK1   0011C
send_msg@length                 cstackBANK1   0011A
send_msg@msgtype                cstackBANK1   0011B
send_msg@qmsg                   cstackBANK1   00122
send_msg@qptr                   cstackBANK1   00118
send_msg@slot                   cstackBANK1   00121
send_msg@tlength                cstackBANK1   0011F
setDBG@b                        cstackBANK1   0010E
stackhi                         (abs)         003FF
stacklo                         (abs)         00336
start                           init          000BA
start_initialization            cinit         01996
timer0_int_handler@buf          cstackBANK0   000FC
uart_send@data                  cstackBANK1   00111


FUNCTION INFORMATION:

 *************** function _main *****************
 Defined at:
		line 191 in file "../src/main.c"
 Parameters:    Size  Location     Type
		None
 Auto vars:     Size  Location     Type
  i               1   14[BANK2 ] unsigned char 
  ic            123   17[BANK2 ] struct __i2c_comm
  msgbuffer      11    3[BANK2 ] unsigned char [11]
  to_send_buff   11    0        unsigned char [11]
  data_points_    2    0[BANK2 ] int 
  length          1   16[BANK2 ] char 
  msgtype         1   15[BANK2 ] unsigned char 
  last_reg_rec    1    2[BANK2 ] unsigned char 
 Return value:  Size  Location     Type
		None               void
 Registers used:
		wreg, fsr0l, fsr0h, fsr1l, fsr1h, fsr1l, fsr1h, fsr2l, fsr2h, status,2, status,0, pclat, btemp, btemp+1, btemp+2, btemp+3, btemp+4, btemp+5, btemp+6, btemp+7, btemp+8, btemp+9, btemp+10, btemp+11, tosl, structret, tblptrl, tblptrh, tblptru, prodl, prodh, bsr, cstack
 Tracked objects:
		On entry : 
		On exit  : 
		Unchanged: 
 Data sizes:     COMRAM   BANK0   BANK1   BANK2   BANK3
      Params:         0       0       0       0       0
      Locals:         0       0       0     140       0
      Temps:          0       0       7       0       0
      Totals:         0       0       7     140       0
Total ram usage:      147 bytes
 Hardware stack levels required when called:   16
 This function calls:
		_OpenTimer0
		_OpenTimer1
		_OpenUSART
		_ToMainHigh_recvmsg
		_ToMainLow_recvmsg
		_block_on_To_msgqueues
		_debugNum
		_enable_interrupts
		_i2c_configure_master
		_i2c_master_recv
		_i2c_master_send
		_init_i2c
		_init_queues
		_uart_send
 This function is called by:
		Startup code after reset
 This function uses a non-reentrant model


 *************** function _uart_send *****************
 Defined at:
		line 55 in file "../src/my_uart.c"
 Parameters:    Size  Location     Type
  data            1    wreg     unsigned char 
 Auto vars:     Size  Location     Type
  data            1   17[BANK1 ] unsigned char 
 Return value:  Size  Location     Type
		None               void
 Registers used:
		wreg, status,2, status,0, cstack
 Tracked objects:
		On entry : 
		On exit  : 
		Unchanged: 
 Data sizes:     COMRAM   BANK0   BANK1   BANK2   BANK3
      Params:         0       0       0       0       0
      Locals:         0       0       1       0       0
      Temps:          0       0       0       0       0
      Totals:         0       0       1       0       0
Total ram usage:        1 bytes
 Hardware stack levels used:    1
 Hardware stack levels required when called:   14
 This function calls:
		_debugNum
 This function is called by:
		_main
 This function uses a non-reentrant model


 *************** function _debugNum *****************
 Defined at:
		line 69 in file "../src/debug.c"
 Parameters:    Size  Location     Type
  num             2   15[BANK1 ] int 
 Auto vars:     Size  Location     Type
		None
 Return value:  Size  Location     Type
		None               void
 Registers used:
		wreg, status,2, status,0, cstack
 Tracked objects:
		On entry : 
		On exit  : 
		Unchanged: 
 Data sizes:     COMRAM   BANK0   BANK1   BANK2   BANK3
      Params:         0       0       2       0       0
      Locals:         0       0       0       0       0
      Temps:          0       0       0       0       0
      Totals:         0       0       2       0       0
Total ram usage:        2 bytes
 Hardware stack levels used:    1
 Hardware stack levels required when called:   13
 This function calls:
		_resetDBG
		_setDBG
 This function is called by:
		_main
		_uart_send
		_adc_int_handler
 This function uses a non-reentrant model


 *************** function _setDBG *****************
 Defined at:
		line 4 in file "../src/debug.c"
 Parameters:    Size  Location     Type
  b               1    wreg     unsigned char 
 Auto vars:     Size  Location     Type
  b               1   14[BANK1 ] unsigned char 
 Return value:  Size  Location     Type
		None               void
 Registers used:
		wreg, status,2, status,0
 Tracked objects:
		On entry : 
		On exit  : 
		Unchanged: 
 Data sizes:     COMRAM   BANK0   BANK1   BANK2   BANK3
      Params:         0       0       0       0       0
      Locals:         0       0       1       0       0
      Temps:          0       0       0       0       0
      Totals:         0       0       1       0       0
Total ram usage:        1 bytes
 Hardware stack levels used:    1
 Hardware stack levels required when called:   12
 This function calls:
		Nothing
 This function is called by:
		_debugNum
 This function uses a non-reentrant model


 *************** function _resetDBG *****************
 Defined at:
		line 26 in file "../src/debug.c"
 Parameters:    Size  Location     Type
  b               1    wreg     unsigned char 
 Auto vars:     Size  Location     Type
  b               1   14[BANK1 ] unsigned char 
 Return value:  Size  Location     Type
		None               void
 Registers used:
		wreg, status,2, status,0
 Tracked objects:
		On entry : 
		On exit  : 
		Unchanged: 
 Data sizes:     COMRAM   BANK0   BANK1   BANK2   BANK3
      Params:         0       0       0       0       0
      Locals:         0       0       1       0       0
      Temps:          0       0       0       0       0
      Totals:         0       0       1       0       0
Total ram usage:        1 bytes
 Hardware stack levels used:    1
 Hardware stack levels required when called:   12
 This function calls:
		Nothing
 This function is called by:
		_debugNum
 This function uses a non-reentrant model


 *************** function _init_queues *****************
 Defined at:
		line 195 in file "../src/messages.c"
 Parameters:    Size  Location     Type
		None
 Auto vars:     Size  Location     Type
		None
 Return value:  Size  Location     Type
		None               void
 Registers used:
		wreg, fsr2l, fsr2h, status,2, status,0, prodl, prodh, cstack
 Tracked objects:
		On entry : 
		On exit  : 
		Unchanged: 
 Data sizes:     COMRAM   BANK0   BANK1   BANK2   BANK3
      Params:         0       0       0       0       0
      Locals:         0       0       0       0       0
      Temps:          0       0       1       0       0
      Totals:         0       0       1       0       0
Total ram usage:        1 bytes
 Hardware stack levels used:    1
 Hardware stack levels required when called:   13
 This function calls:
		_init_queue
 This function is called by:
		_main
 This function uses a non-reentrant model


 *************** function _init_queue *****************
 Defined at:
		line 15 in file "../src/messages.c"
 Parameters:    Size  Location     Type
  qptr            2   14[BANK1 ] PTR struct __msg_queue
		 -> FromMainHigh_MQ(54), FromMainLow_MQ(54), ToMainHigh_MQ(54), ToMainLow_MQ(54), 
 Auto vars:     Size  Location     Type
  i               1   17[BANK1 ] unsigned char 
 Return value:  Size  Location     Type
		None               void
 Registers used:
		wreg, fsr2l, fsr2h, status,2, status,0, prodl, prodh
 Tracked objects:
		On entry : 
		On exit  : 
		Unchanged: 
 Data sizes:     COMRAM   BANK0   BANK1   BANK2   BANK3
      Params:         0       0       2       0       0
      Locals:         0       0       1       0       0
      Temps:          0       0       1       0       0
      Totals:         0       0       4       0       0
Total ram usage:        4 bytes
 Hardware stack levels used:    1
 Hardware stack levels required when called:   12
 This function calls:
		Nothing
 This function is called by:
		_init_queues
 This function uses a non-reentrant model


 *************** function _init_i2c *****************
 Defined at:
		line 24 in file "../src/my_i2c.c"
 Parameters:    Size  Location     Type
  ic              2   14[BANK1 ] PTR struct __i2c_comm
		 -> main@ic(123), 
 Auto vars:     Size  Location     Type
		None
 Return value:  Size  Location     Type
		None               void
 Registers used:
		wreg, fsr2l, fsr2h, status,2, status,0
 Tracked objects:
		On entry : 
		On exit  : 
		Unchanged: 
 Data sizes:     COMRAM   BANK0   BANK1   BANK2   BANK3
      Params:         0       0       2       0       0
      Locals:         0       0       0       0       0
      Temps:          0       0       0       0       0
      Totals:         0       0       2       0       0
Total ram usage:        2 bytes
 Hardware stack levels used:    1
 Hardware stack levels required when called:   12
 This function calls:
		Nothing
 This function is called by:
		_main
 This function uses a non-reentrant model


 *************** function _i2c_master_send *****************
 Defined at:
		line 57 in file "../src/my_i2c.c"
 Parameters:    Size  Location     Type
  addr            1    wreg     unsigned char 
  length          1   40[BANK1 ] unsigned char 
  msg             2   41[BANK1 ] PTR unsigned char 
		 -> timer0_int_handler@buf(1), main@msgbuffer(11), 
 Auto vars:     Size  Location     Type
  addr            1  151[BANK1 ] unsigned char 
  tempbuf       101   49[BANK1 ] unsigned char [101]
  i               2  152[BANK1 ] int 
  i               2  154[BANK1 ] int 
  buf_addr        1  150[BANK1 ] unsigned char 
 Return value:  Size  Location     Type
                  1    wreg      unsigned char 
 Registers used:
		wreg, fsr0l, fsr0h, fsr1l, fsr1h, fsr1l, fsr1h, fsr2l, fsr2h, status,2, status,0, pclat, btemp, btemp+1, btemp+2, btemp+3, btemp+4, btemp+5, btemp+6, btemp+7, btemp+8, btemp+9, btemp+10, btemp+11, tosl, structret, tblptrl, tblptrh, tblptru, prodl, prodh, bsr, cstack
 Tracked objects:
		On entry : 
		On exit  : 
		Unchanged: 
 Data sizes:     COMRAM   BANK0   BANK1   BANK2   BANK3
      Params:         0       0       3       0       0
      Locals:         0       0     107       0       0
      Temps:          0       0       6       0       0
      Totals:         0       0     116       0       0
Total ram usage:      116 bytes
 Hardware stack levels used:    1
 Hardware stack levels required when called:   15
 This function calls:
		_ToMainHigh_sendmsg
 This function is called by:
		_main
 This function uses a non-reentrant model


 *************** function _i2c_master_recv *****************
 Defined at:
		line 98 in file "../src/my_i2c.c"
 Parameters:    Size  Location     Type
  addr            1    wreg     unsigned char 
 Auto vars:     Size  Location     Type
  addr            1   42[BANK1 ] unsigned char 
  buf_addr        1   41[BANK1 ] unsigned char 
 Return value:  Size  Location     Type
                  1    wreg      unsigned char 
 Registers used:
		wreg, fsr0l, fsr0h, fsr1l, fsr1h, fsr1l, fsr1h, fsr2l, fsr2h, status,2, status,0, pclat, btemp, btemp+1, btemp+2, btemp+3, btemp+4, btemp+5, btemp+6, btemp+7, btemp+8, btemp+9, btemp+10, btemp+11, tosl, structret, tblptrl, tblptrh, tblptru, prodl, prodh, bsr, cstack
 Tracked objects:
		On entry : 
		On exit  : 
		Unchanged: 
 Data sizes:     COMRAM   BANK0   BANK1   BANK2   BANK3
      Params:         0       0       0       0       0
      Locals:         0       0       2       0       0
      Temps:          0       0       1       0       0
      Totals:         0       0       3       0       0
Total ram usage:        3 bytes
 Hardware stack levels used:    1
 Hardware stack levels required when called:   15
 This function calls:
		_ToMainHigh_sendmsg
 This function is called by:
		_main
 This function uses a non-reentrant model


 *************** function _ToMainHigh_sendmsg *****************
 Defined at:
		line 127 in file "../src/messages.c"
 Parameters:    Size  Location     Type
  length          1    wreg     unsigned char 
  msgtype         1   36[BANK1 ] unsigned char 
  data            2   37[BANK1 ] PTR void 
		 -> ADCBuffer(5), reqADData@buf(10), i2c_master_recv@addr(1), i2c_master_send@tempbuf(101), 
 Auto vars:     Size  Location     Type
  length          1   39[BANK1 ] unsigned char 
 Return value:  Size  Location     Type
                  1    wreg      char 
 Registers used:
		wreg, fsr1l, fsr1h, fsr2l, fsr2h, status,2, status,0, prodl, prodh, cstack
 Tracked objects:
		On entry : 
		On exit  : 
		Unchanged: 
 Data sizes:     COMRAM   BANK0   BANK1   BANK2   BANK3
      Params:         0       0       3       0       0
      Locals:         0       0       1       0       0
      Temps:          0       0       0       0       0
      Totals:         0       0       4       0       0
Total ram usage:        4 bytes
 Hardware stack levels used:    1
 Hardware stack levels required when called:   14
 This function calls:
		_send_msg
 This function is called by:
		_i2c_master_send
		_i2c_master_recv
		_reqADData
		_adc_int_handler
 This function uses a non-reentrant model


 *************** function _send_msg *****************
 Defined at:
		line 25 in file "../src/messages.c"
 Parameters:    Size  Location     Type
  qptr            2   24[BANK1 ] PTR struct __msg_queue
		 -> FromMainHigh_MQ(54), FromMainLow_MQ(54), ToMainHigh_MQ(54), ToMainLow_MQ(54), 
  length          1   26[BANK1 ] unsigned char 
  msgtype         1   27[BANK1 ] unsigned char 
  data            2   28[BANK1 ] PTR void 
		 -> ADCBuffer(5), reqADData@buf(10), NULL(0), i2c_master_recv@addr(1), 
		 -> i2c_master_send@tempbuf(101), 
 Auto vars:     Size  Location     Type
  qmsg            2   34[BANK1 ] PTR struct __msg
		 -> FromMainLow_MQ.queue(52), FromMainHigh_MQ.queue(52), ToMainHigh_MQ.queue(52), ToMainLow_MQ.queue(52), 
		 -> FromMainHigh_MQ(54), FromMainLow_MQ(54), ToMainHigh_MQ(54), ToMainLow_MQ(54), 
  tlength         2   31[BANK1 ] unsigned int 
  slot            1   33[BANK1 ] unsigned char 
 Return value:  Size  Location     Type
                  1    wreg      char 
 Registers used:
		wreg, fsr1l, fsr1h, fsr2l, fsr2h, status,2, status,0, prodl, prodh, cstack
 Tracked objects:
		On entry : 
		On exit  : 
		Unchanged: 
 Data sizes:     COMRAM   BANK0   BANK1   BANK2   BANK3
      Params:         0       0       6       0       0
      Locals:         0       0       5       0       0
      Temps:          0       0       1       0       0
      Totals:         0       0      12       0       0
Total ram usage:       12 bytes
 Hardware stack levels used:    1
 Hardware stack levels required when called:   13
 This function calls:
		_memcpy
 This function is called by:
		_ToMainHigh_sendmsg
		_ToMainLow_sendmsg
		_FromMainLow_sendmsg
		_FromMainHigh_sendmsg
 This function uses a non-reentrant model


 *************** function _i2c_configure_master *****************
 Defined at:
		line 37 in file "../src/my_i2c.c"
 Parameters:    Size  Location     Type
		None
 Auto vars:     Size  Location     Type
		None
 Return value:  Size  Location     Type
		None               void
 Registers used:
		wreg, status,2
 Tracked objects:
		On entry : 
		On exit  : 
		Unchanged: 
 Data sizes:     COMRAM   BANK0   BANK1   BANK2   BANK3
      Params:         0       0       0       0       0
      Locals:         0       0       0       0       0
      Temps:          0       0       0       0       0
      Totals:         0       0       0       0       0
Total ram usage:        0 bytes
 Hardware stack levels used:    1
 Hardware stack levels required when called:   12
 This function calls:
		Nothing
 This function is called by:
		_main
 This function uses a non-reentrant model


 *************** function _enable_interrupts *****************
 Defined at:
		line 16 in file "../src/interrupts.c"
 Parameters:    Size  Location     Type
		None
 Auto vars:     Size  Location     Type
		None
 Return value:  Size  Location     Type
		None               void
 Registers used:
		None
 Tracked objects:
		On entry : 
		On exit  : 
		Unchanged: 
 Data sizes:     COMRAM   BANK0   BANK1   BANK2   BANK3
      Params:         0       0       0       0       0
      Locals:         0       0       0       0       0
      Temps:          0       0       0       0       0
      Totals:         0       0       0       0       0
Total ram usage:        0 bytes
 Hardware stack levels used:    1
 Hardware stack levels required when called:   12
 This function calls:
		Nothing
 This function is called by:
		_main
 This function uses a non-reentrant model


 *************** function _block_on_To_msgqueues *****************
 Defined at:
		line 259 in file "../src/messages.c"
 Parameters:    Size  Location     Type
		None
 Auto vars:     Size  Location     Type
		None
 Return value:  Size  Location     Type
		None               void
 Registers used:
		wreg, fsr2l, fsr2h, status,2, status,0, prodl, prodh, cstack
 Tracked objects:
		On entry : 
		On exit  : 
		Unchanged: 
 Data sizes:     COMRAM   BANK0   BANK1   BANK2   BANK3
      Params:         0       0       0       0       0
      Locals:         0       0       0       0       0
      Temps:          0       0       1       0       0
      Totals:         0       0       1       0       0
Total ram usage:        1 bytes
 Hardware stack levels used:    1
 Hardware stack levels required when called:   15
 This function calls:
		_Delay1KTCYx
		_check_msg
		_in_main
 This function is called by:
		_main
 This function uses a non-reentrant model


 *************** function _in_main *****************
 Defined at:
		line 42 in file "../src/interrupts.c"
 Parameters:    Size  Location     Type
		None
 Auto vars:     Size  Location     Type
		None
 Return value:  Size  Location     Type
                  2   18[BANK1 ] int 
 Registers used:
		wreg, status,2, status,0, cstack
 Tracked objects:
		On entry : 
		On exit  : 
		Unchanged: 
 Data sizes:     COMRAM   BANK0   BANK1   BANK2   BANK3
      Params:         0       0       2       0       0
      Locals:         0       0       0       0       0
      Temps:          0       0       0       0       0
      Totals:         0       0       2       0       0
Total ram usage:        2 bytes
 Hardware stack levels used:    1
 Hardware stack levels required when called:   14
 This function calls:
		_in_high_int
		_in_low_int
 This function is called by:
		_block_on_To_msgqueues
 This function uses a non-reentrant model


 *************** function _in_low_int *****************
 Defined at:
		line 32 in file "../src/interrupts.c"
 Parameters:    Size  Location     Type
		None
 Auto vars:     Size  Location     Type
		None
 Return value:  Size  Location     Type
                  2   16[BANK1 ] int 
 Registers used:
		wreg, status,2, status,0, cstack
 Tracked objects:
		On entry : 
		On exit  : 
		Unchanged: 
 Data sizes:     COMRAM   BANK0   BANK1   BANK2   BANK3
      Params:         0       0       2       0       0
      Locals:         0       0       0       0       0
      Temps:          0       0       0       0       0
      Totals:         0       0       2       0       0
Total ram usage:        2 bytes
 Hardware stack levels used:    1
 Hardware stack levels required when called:   13
 This function calls:
		_in_high_int
 This function is called by:
		_in_main
 This function uses a non-reentrant model


 *************** function _in_high_int *****************
 Defined at:
		line 24 in file "../src/interrupts.c"
 Parameters:    Size  Location     Type
		None
 Auto vars:     Size  Location     Type
		None
 Return value:  Size  Location     Type
                  2   14[BANK1 ] int 
 Registers used:
		wreg, status,2
 Tracked objects:
		On entry : 
		On exit  : 
		Unchanged: 
 Data sizes:     COMRAM   BANK0   BANK1   BANK2   BANK3
      Params:         0       0       2       0       0
      Locals:         0       0       0       0       0
      Temps:          0       0       0       0       0
      Totals:         0       0       2       0       0
Total ram usage:        2 bytes
 Hardware stack levels used:    1
 Hardware stack levels required when called:   12
 This function calls:
		Nothing
 This function is called by:
		_in_low_int
		_in_main
 This function uses a non-reentrant model


 *************** function _check_msg *****************
 Defined at:
		line 223 in file "../src/messages.c"
 Parameters:    Size  Location     Type
  qptr            2   14[BANK1 ] PTR struct __msg_queue
		 -> ToMainHigh_MQ(54), ToMainLow_MQ(54), 
 Auto vars:     Size  Location     Type
		None
 Return value:  Size  Location     Type
                  1    wreg      unsigned char 
 Registers used:
		wreg, fsr2l, fsr2h, status,2, status,0, prodl, prodh
 Tracked objects:
		On entry : 
		On exit  : 
		Unchanged: 
 Data sizes:     COMRAM   BANK0   BANK1   BANK2   BANK3
      Params:         0       0       2       0       0
      Locals:         0       0       0       0       0
      Temps:          0       0       1       0       0
      Totals:         0       0       3       0       0
Total ram usage:        3 bytes
 Hardware stack levels used:    1
 Hardware stack levels required when called:   12
 This function calls:
		Nothing
 This function is called by:
		_block_on_To_msgqueues
 This function uses a non-reentrant model


 *************** function _Delay1KTCYx *****************
 Defined at:
		line 8 in file "C:\Program Files\Microchip\xc8\v1.30\sources\pic18\d1ktcyx.c"
 Parameters:    Size  Location     Type
  unit            1    wreg     unsigned char 
 Auto vars:     Size  Location     Type
  unit            1   14[BANK1 ] unsigned char 
 Return value:  Size  Location     Type
		None               void
 Registers used:
		wreg
 Tracked objects:
		On entry : 
		On exit  : 
		Unchanged: 
 Data sizes:     COMRAM   BANK0   BANK1   BANK2   BANK3
      Params:         0       0       0       0       0
      Locals:         0       0       1       0       0
      Temps:          0       0       0       0       0
      Totals:         0       0       1       0       0
Total ram usage:        1 bytes
 Hardware stack levels used:    1
 Hardware stack levels required when called:   12
 This function calls:
		Nothing
 This function is called by:
		_block_on_To_msgqueues
 This function uses a non-reentrant model


 *************** function _ToMainLow_recvmsg *****************
 Defined at:
		line 113 in file "../src/messages.c"
 Parameters:    Size  Location     Type
  maxlength       1    wreg     unsigned char 
  msgtype         2   38[BANK1 ] PTR unsigned char 
		 -> main@msgtype(1), 
  data            2   40[BANK1 ] PTR void 
		 -> main@msgbuffer(11), 
 Auto vars:     Size  Location     Type
  maxlength       1   42[BANK1 ] unsigned char 
 Return value:  Size  Location     Type
                  1    wreg      char 
 Registers used:
		wreg, fsr1l, fsr1h, fsr2l, fsr2h, status,2, status,0, prodl, prodh, cstack
 Tracked objects:
		On entry : 
		On exit  : 
		Unchanged: 
 Data sizes:     COMRAM   BANK0   BANK1   BANK2   BANK3
      Params:         0       0       4       0       0
      Locals:         0       0       1       0       0
      Temps:          0       0       0       0       0
      Totals:         0       0       5       0       0
Total ram usage:        5 bytes
 Hardware stack levels used:    1
 Hardware stack levels required when called:   14
 This function calls:
		_recv_msg
 This function is called by:
		_main
 This function uses a non-reentrant model


 *************** function _ToMainHigh_recvmsg *****************
 Defined at:
		line 136 in file "../src/messages.c"
 Parameters:    Size  Location     Type
  maxlength       1    wreg     unsigned char 
  msgtype         2   38[BANK1 ] PTR unsigned char 
		 -> main@msgtype(1), 
  data            2   40[BANK1 ] PTR void 
		 -> main@msgbuffer(11), 
 Auto vars:     Size  Location     Type
  maxlength       1   42[BANK1 ] unsigned char 
 Return value:  Size  Location     Type
                  1    wreg      char 
 Registers used:
		wreg, fsr1l, fsr1h, fsr2l, fsr2h, status,2, status,0, prodl, prodh, cstack
 Tracked objects:
		On entry : 
		On exit  : 
		Unchanged: 
 Data sizes:     COMRAM   BANK0   BANK1   BANK2   BANK3
      Params:         0       0       4       0       0
      Locals:         0       0       1       0       0
      Temps:          0       0       0       0       0
      Totals:         0       0       5       0       0
Total ram usage:        5 bytes
 Hardware stack levels used:    1
 Hardware stack levels required when called:   14
 This function calls:
		_recv_msg
 This function is called by:
		_main
 This function uses a non-reentrant model


 *************** function _recv_msg *****************
 Defined at:
		line 64 in file "../src/messages.c"
 Parameters:    Size  Location     Type
  qptr            2   24[BANK1 ] PTR struct __msg_queue
		 -> FromMainHigh_MQ(54), FromMainLow_MQ(54), ToMainHigh_MQ(54), ToMainLow_MQ(54), 
  maxlength       1   26[BANK1 ] unsigned char 
  msgtype         2   27[BANK1 ] PTR unsigned char 
		 -> main@msgtype(1), 
  data            2   29[BANK1 ] PTR void 
		 -> main@msgbuffer(11), 
 Auto vars:     Size  Location     Type
  qmsg            2   36[BANK1 ] PTR struct __msg
		 -> FromMainLow_MQ.queue(52), FromMainHigh_MQ.queue(52), ToMainHigh_MQ.queue(52), ToMainLow_MQ.queue(52), 
		 -> FromMainHigh_MQ(54), FromMainLow_MQ(54), ToMainHigh_MQ(54), ToMainLow_MQ(54), 
  tlength         2   34[BANK1 ] unsigned int 
  slot            1   33[BANK1 ] unsigned char 
 Return value:  Size  Location     Type
                  1    wreg      char 
 Registers used:
		wreg, fsr1l, fsr1h, fsr2l, fsr2h, status,2, status,0, prodl, prodh, cstack
 Tracked objects:
		On entry : 
		On exit  : 
		Unchanged: 
 Data sizes:     COMRAM   BANK0   BANK1   BANK2   BANK3
      Params:         0       0       7       0       0
      Locals:         0       0       5       0       0
      Temps:          0       0       2       0       0
      Totals:         0       0      14       0       0
Total ram usage:       14 bytes
 Hardware stack levels used:    1
 Hardware stack levels required when called:   13
 This function calls:
		_memcpy
 This function is called by:
		_ToMainLow_recvmsg
		_ToMainHigh_recvmsg
		_FromMainLow_recvmsg
		_FromMainHigh_recvmsg
 This function uses a non-reentrant model


 *************** function _memcpy *****************
 Defined at:
		line 11 in file "C:\Program Files\Microchip\xc8\v1.30\sources\common\memcpy.c"
 Parameters:    Size  Location     Type
  d1              2   14[BANK1 ] PTR void 
		 -> FromMainLow_MQ.queue(52), FromMainHigh_MQ.queue(52), ToMainHigh_MQ.queue(52), ToMainLow_MQ.queue(52), 
		 -> FromMainHigh_MQ(54), FromMainLow_MQ(54), ToMainHigh_MQ(54), ToMainLow_MQ(54), 
		 -> main@msgbuffer(11), 
  s1              2   16[BANK1 ] PTR const void 
		 -> ToMainLow_MQ.data(10), ToMainHigh_MQ.data(10), FromMainLow_MQ.data(10), FromMainHigh_MQ.data(10), 
		 -> ToMainLow_MQ.queue.data(10), ToMainHigh_MQ.queue.data(10), FromMainHigh_MQ.queue.data(10), FromMainLow_MQ.queue.data(10), 
		 -> ADCBuffer(5), reqADData@buf(10), NULL(0), i2c_master_recv@addr(1), 
		 -> i2c_master_send@tempbuf(101), FromMainHigh_MQ(54), FromMainLow_MQ(54), ToMainHigh_MQ(54), 
		 -> ToMainLow_MQ(54), 
  n               2   18[BANK1 ] unsigned int 
 Auto vars:     Size  Location     Type
  s               2   22[BANK1 ] PTR const unsigned char 
		 -> ToMainLow_MQ.data(10), ToMainHigh_MQ.data(10), FromMainLow_MQ.data(10), FromMainHigh_MQ.data(10), 
		 -> ToMainLow_MQ.queue.data(10), ToMainHigh_MQ.queue.data(10), FromMainHigh_MQ.queue.data(10), FromMainLow_MQ.queue.data(10), 
		 -> ADCBuffer(5), reqADData@buf(10), NULL(0), i2c_master_recv@addr(1), 
		 -> i2c_master_send@tempbuf(101), FromMainHigh_MQ(54), FromMainLow_MQ(54), ToMainHigh_MQ(54), 
		 -> ToMainLow_MQ(54), 
  d               2   20[BANK1 ] PTR unsigned char 
		 -> FromMainLow_MQ.queue(52), FromMainHigh_MQ.queue(52), ToMainHigh_MQ.queue(52), ToMainLow_MQ.queue(52), 
		 -> FromMainHigh_MQ(54), FromMainLow_MQ(54), ToMainHigh_MQ(54), ToMainLow_MQ(54), 
		 -> main@msgbuffer(11), 
 Return value:  Size  Location     Type
                  2   14[BANK1 ] PTR void 
 Registers used:
		wreg, fsr1l, fsr1h, fsr2l, fsr2h, status,2, status,0
 Tracked objects:
		On entry : 
		On exit  : 
		Unchanged: 
 Data sizes:     COMRAM   BANK0   BANK1   BANK2   BANK3
      Params:         0       0       6       0       0
      Locals:         0       0       4       0       0
      Temps:          0       0       0       0       0
      Totals:         0       0      10       0       0
Total ram usage:       10 bytes
 Hardware stack levels used:    1
 Hardware stack levels required when called:   12
 This function calls:
		Nothing
 This function is called by:
		_send_msg
		_recv_msg
 This function uses a non-reentrant model


 *************** function _OpenUSART *****************
 Defined at:
		line 73 in file "C:\Program Files\Microchip\xc8\v1.30\sources\pic18\plib\USART\uopen.c"
 Parameters:    Size  Location     Type
  config          1    wreg     unsigned char 
  spbrg           2   14[BANK1 ] unsigned int 
 Auto vars:     Size  Location     Type
  config          1   19[BANK1 ] unsigned char 
 Return value:  Size  Location     Type
		None               void
 Registers used:
		wreg, status,2
 Tracked objects:
		On entry : 
		On exit  : 
		Unchanged: 
 Data sizes:     COMRAM   BANK0   BANK1   BANK2   BANK3
      Params:         0       0       2       0       0
      Locals:         0       0       1       0       0
      Temps:          0       0       3       0       0
      Totals:         0       0       6       0       0
Total ram usage:        6 bytes
 Hardware stack levels used:    1
 Hardware stack levels required when called:   12
 This function calls:
		Nothing
 This function is called by:
		_main
 This function uses a non-reentrant model


[...]
		 -> i2c_master_send@tempbuf(101), 
 Auto vars:     Size  Location     Type
  send_msg        2    3[BANK0 ] PTR struct __msg
		 -> FromMainLow_MQ.queue(52), FromMainHigh_MQ.queue(52), ToMainHigh_MQ.queue(52), ToMainLow_MQ.queue(52), 
		 -> FromMainHigh_MQ(54), FromMainLow_MQ(54), ToMainHigh_MQ(54), ToMainLow_MQ(54), 
  send_msg        2    0[BANK0 ] unsigned int 
  send_msg        1    2[BANK0 ] unsigned char 
 Return value:  Size  Location     Type
                  1    wreg      char 
 Registers used:
		wreg, fsr1l, fsr1h, fsr2l, fsr2h, status,2, status,0, prodl, prodh, cstack
 Tracked objects:
		On entry : 
		On exit  : 
		Unchanged: 
 Data sizes:     COMRAM   BANK0   BANK1   BANK2   BANK3
      Params:         6       0       0       0       0
      Locals:         0       5       0       0       0
      Temps:          1       0       0       0       0
      Totals:         7       5       0       0       0
Total ram usage:       12 bytes
 Hardware stack levels used:    1
 Hardware stack levels required when called:    1
 This function calls:
		i2_memcpy
 This function is called by:
		i2_ToMainHigh_sendmsg
 This function uses a non-reentrant model


 *************** function i2_memcpy *****************
 Defined at:
		line 11 in file "C:\Program Files\Microchip\xc8\v1.30\sources\common\memcpy.c"
 Parameters:    Size  Location     Type
  d1              2   46[COMRAM] PTR void 
		 -> FromMainLow_MQ.queue(52), FromMainHigh_MQ.queue(52), ToMainHigh_MQ.queue(52), ToMainLow_MQ.queue(52), 
		 -> FromMainHigh_MQ(54), FromMainLow_MQ(54), ToMainHigh_MQ(54), ToMainLow_MQ(54), 
		 -> main@msgbuffer(11), 
  s1              2   48[COMRAM] PTR const void 
		 -> ToMainLow_MQ.data(10), ToMainHigh_MQ.data(10), FromMainLow_MQ.data(10), FromMainHigh_MQ.data(10), 
		 -> ToMainLow_MQ.queue.data(10), ToMainHigh_MQ.queue.data(10), FromMainHigh_MQ.queue.data(10), FromMainLow_MQ.queue.data(10), 
		 -> ADCBuffer(5), reqADData@buf(10), NULL(0), i2c_master_recv@addr(1), 
		 -> i2c_master_send@tempbuf(101), FromMainHigh_MQ(54), FromMainLow_MQ(54), ToMainHigh_MQ(54), 
		 -> ToMainLow_MQ(54), 
  n               2   50[COMRAM] unsigned int 
 Auto vars:     Size  Location     Type
  memcpy          2   54[COMRAM] PTR const unsigned char 
		 -> ToMainLow_MQ.data(10), ToMainHigh_MQ.data(10), FromMainLow_MQ.data(10), FromMainHigh_MQ.data(10), 
		 -> ToMainLow_MQ.queue.data(10), ToMainHigh_MQ.queue.data(10), FromMainHigh_MQ.queue.data(10), FromMainLow_MQ.queue.data(10), 
		 -> ADCBuffer(5), reqADData@buf(10), NULL(0), i2c_master_recv@addr(1), 
		 -> i2c_master_send@tempbuf(101), FromMainHigh_MQ(54), FromMainLow_MQ(54), ToMainHigh_MQ(54), 
		 -> ToMainLow_MQ(54), 
  memcpy          2   52[COMRAM] PTR unsigned char 
		 -> FromMainLow_MQ.queue(52), FromMainHigh_MQ.queue(52), ToMainHigh_MQ.queue(52), ToMainLow_MQ.queue(52), 
		 -> FromMainHigh_MQ(54), FromMainLow_MQ(54), ToMainHigh_MQ(54), ToMainLow_MQ(54), 
		 -> main@msgbuffer(11), 
 Return value:  Size  Location     Type
                  2   46[COMRAM] PTR void 
 Registers used:
		wreg, fsr1l, fsr1h, fsr2l, fsr2h, status,2, status,0
 Tracked objects:
		On entry : 
		On exit  : 
		Unchanged: 
 Data sizes:     COMRAM   BANK0   BANK1   BANK2   BANK3
      Params:         6       0       0       0       0
      Locals:         4       0       0       0       0
      Temps:          0       0       0       0       0
      Totals:        10       0       0       0       0
Total ram usage:       10 bytes
 Hardware stack levels used:    1
 This function calls:
		Nothing
 This function is called by:
		i2_send_msg
 This function uses a non-reentrant model


 *************** function _WriteTimer0 *****************
 Defined at:
		line 16 in file "C:\Program Files\Microchip\xc8\v1.30\sources\pic18\plib\Timers\t0write.c"
 Parameters:    Size  Location     Type
  timer0          2   46[COMRAM] unsigned int 
 Auto vars:     Size  Location     Type
  timer           2   48[COMRAM] struct Timers
 Return value:  Size  Location     Type
		None               void
 Registers used:
		None
 Tracked objects:
		On entry : 
		On exit  : 
		Unchanged: 
 Data sizes:     COMRAM   BANK0   BANK1   BANK2   BANK3
      Params:         2       0       0       0       0
      Locals:         2       0       0       0       0
      Temps:          0       0       0       0       0
      Totals:         4       0       0       0       0
Total ram usage:        4 bytes
 Hardware stack levels used:    1
 This function calls:
		Nothing
 This function is called by:
		_timer0_int_handler
 This function uses a non-reentrant model


 *************** function _i2c_int_handler *****************
 Defined at:
		line 224 in file "../src/my_i2c.c"
 Parameters:    Size  Location     Type
		None
 Auto vars:     Size  Location     Type
		None
 Return value:  Size  Location     Type
		None               void
 Registers used:
		wreg, fsr1l, fsr1h, fsr2l, fsr2h, status,2, status,0, prodl, prodh, cstack
 Tracked objects:
		On entry : 
		On exit  : 
		Unchanged: 
 Data sizes:     COMRAM   BANK0   BANK1   BANK2   BANK3
      Params:         0       0       0       0       0
      Locals:         0       0       0       0       0
      Temps:          0       0       0       0       0
      Totals:         0       0       0       0       0
Total ram usage:        0 bytes
 Hardware stack levels used:    1
 Hardware stack levels required when called:    2
 This function calls:
		_i2c_rx_handler
		_i2c_tx_handler
 This function is called by:
		_InterruptHandlerHigh
 This function uses a non-reentrant model


 *************** function _i2c_tx_handler *****************
 Defined at:
		line 140 in file "../src/my_i2c.c"
 Parameters:    Size  Location     Type
		None
 Auto vars:     Size  Location     Type
		None
 Return value:  Size  Location     Type
		None               void
 Registers used:
		wreg, fsr1l, fsr1h, fsr2l, fsr2h, status,2, status,0, prodl, prodh, cstack
 Tracked objects:
		On entry : 
		On exit  : 
		Unchanged: 
 Data sizes:     COMRAM   BANK0   BANK1   BANK2   BANK3
      Params:         0       0       0       0       0
      Locals:         0       0       0       0       0
      Temps:          1       0       0       0       0
      Totals:         1       0       0       0       0
Total ram usage:        1 bytes
 Hardware stack levels used:    1
 Hardware stack levels required when called:    1
 This function calls:
		_check_if_send_stop
		_load_i2c_data
		_send_stop
 This function is called by:
		_i2c_int_handler
 This function uses a non-reentrant model


 *************** function _check_if_send_stop *****************
 Defined at:
		line 128 in file "../src/my_i2c.c"
 Parameters:    Size  Location     Type
		None
 Auto vars:     Size  Location     Type
		None
 Return value:  Size  Location     Type
                  1    wreg      unsigned char 
 Registers used:
		wreg, fsr1l, fsr1h, fsr2l, fsr2h, status,2, status,0
 Tracked objects:
		On entry : 
		On exit  : 
		Unchanged: 
 Data sizes:     COMRAM   BANK0   BANK1   BANK2   BANK3
      Params:         0       0       0       0       0
      Locals:         0       0       0       0       0
      Temps:          0       0       0       0       0
      Totals:         0       0       0       0       0
Total ram usage:        0 bytes
 Hardware stack levels used:    1
 This function calls:
		Nothing
 This function is called by:
		_i2c_tx_handler
 This function uses a non-reentrant model


 *************** function _i2c_rx_handler *****************
 Defined at:
		line 188 in file "../src/my_i2c.c"
 Parameters:    Size  Location     Type
		None
 Auto vars:     Size  Location     Type
		None
 Return value:  Size  Location     Type
		None               void
 Registers used:
		wreg, fsr2l, fsr2h, status,2, status,0, prodl, prodh, cstack
 Tracked objects:
		On entry : 
		On exit  : 
		Unchanged: 
 Data sizes:     COMRAM   BANK0   BANK1   BANK2   BANK3
      Params:         0       0       0       0       0
      Locals:         0       0       0       0       0
      Temps:          1       0       0       0       0
      Totals:         1       0       0       0       0
Total ram usage:        1 bytes
 Hardware stack levels used:    1
 Hardware stack levels required when called:    1
 This function calls:
		_load_i2c_data
		_receive_data
		_send_stop
 This function is called by:
		_i2c_int_handler
 This function uses a non-reentrant model


 *************** function _send_stop *****************
 Defined at:
		line 135 in file "../src/my_i2c.c"
 Parameters:    Size  Location     Type
		None
 Auto vars:     Size  Location     Type
		None
 Return value:  Size  Location     Type
		None               void
 Registers used:
		wreg, fsr2l, fsr2h, status,2, status,0
 Tracked objects:
		On entry : 
		On exit  : 
		Unchanged: 
 Data sizes:     COMRAM   BANK0   BANK1   BANK2   BANK3
      Params:         0       0       0       0       0
      Locals:         0       0       0       0       0
      Temps:          0       0       0       0       0
      Totals:         0       0       0       0       0
Total ram usage:        0 bytes
 Hardware stack levels used:    1
 This function calls:
		Nothing
 This function is called by:
		_i2c_tx_handler
		_i2c_rx_handler
 This function uses a non-reentrant model


 *************** function _receive_data *****************
 Defined at:
		line 164 in file "../src/my_i2c.c"
 Parameters:    Size  Location     Type
		None
 Auto vars:     Size  Location     Type
  recv            1   47[COMRAM] unsigned char 
 Return value:  Size  Location     Type
                  1    wreg      unsigned char 
 Registers used:
		wreg, fsr2l, fsr2h, status,2, status,0, prodl, prodh
 Tracked objects:
		On entry : 
		On exit  : 
		Unchanged: 
 Data sizes:     COMRAM   BANK0   BANK1   BANK2   BANK3
      Params:         0       0       0       0       0
      Locals:         1       0       0       0       0
      Temps:          1       0       0       0       0
      Totals:         2       0       0       0       0
Total ram usage:        2 bytes
 Hardware stack levels used:    1
 This function calls:
		Nothing
 This function is called by:
		_i2c_rx_handler
 This function uses a non-reentrant model


 *************** function _load_i2c_data *****************
 Defined at:
		line 118 in file "../src/my_i2c.c"
 Parameters:    Size  Location     Type
		None
 Auto vars:     Size  Location     Type
		None
 Return value:  Size  Location     Type
                  1    wreg      unsigned char 
 Registers used:
		wreg, fsr2l, fsr2h, status,2, status,0, prodl, prodh
 Tracked objects:
		On entry : 
		On exit  : 
		Unchanged: 
 Data sizes:     COMRAM   BANK0   BANK1   BANK2   BANK3
      Params:         0       0       0       0       0
      Locals:         0       0       0       0       0
      Temps:          1       0       0       0       0
      Totals:         1       0       0       0       0
Total ram usage:        1 bytes
 Hardware stack levels used:    1
 This function calls:
		Nothing
 This function is called by:
		_i2c_tx_handler
		_i2c_rx_handler
 This function uses a non-reentrant model


 *************** function _SleepIfOkay *****************
 Defined at:
		line 229 in file "../src/messages.c"
 Parameters:    Size  Location     Type
		None
 Auto vars:     Size  Location     Type
		None
 Return value:  Size  Location     Type
		None               void
 Registers used:
		wreg, fsr2l, fsr2h, status,2, status,0, prodl, prodh, cstack
 Tracked objects:
		On entry : 
		On exit  : 
		Unchanged: 
 Data sizes:     COMRAM   BANK0   BANK1   BANK2   BANK3
      Params:         0       0       0       0       0
      Locals:         0       0       0       0       0
      Temps:          0       0       0       0       0
      Totals:         0       0       0       0       0
Total ram usage:        0 bytes
 Hardware stack levels used:    1
 Hardware stack levels required when called:    2
 This function calls:
		_enter_sleep_mode
		i2_check_msg
		i2_in_high_int
		i2_in_low_int
 This function is called by:
		_InterruptHandlerHigh
 This function uses a non-reentrant model


 *************** function i2_in_low_int *****************
 Defined at:
		line 32 in file "../src/interrupts.c"
 Parameters:    Size  Location     Type
		None
 Auto vars:     Size  Location     Type
		None
 Return value:  Size  Location     Type
                  2   48[COMRAM] int 
 Registers used:
		wreg, status,2, status,0, cstack
 Tracked objects:
		On entry : 
		On exit  : 
		Unchanged: 
 Data sizes:     COMRAM   BANK0   BANK1   BANK2   BANK3
      Params:         2       0       0       0       0
      Locals:         0       0       0       0       0
      Temps:          0       0       0       0       0
      Totals:         2       0       0       0       0
Total ram usage:        2 bytes
 Hardware stack levels used:    1
 Hardware stack levels required when called:    1
 This function calls:
		i2_in_high_int
 This function is called by:
		_SleepIfOkay
 This function uses a non-reentrant model


 *************** function i2_in_high_int *****************
 Defined at:
		line 24 in file "../src/interrupts.c"
 Parameters:    Size  Location     Type
		None
 Auto vars:     Size  Location     Type
		None
 Return value:  Size  Location     Type
                  2   46[COMRAM] int 
 Registers used:
		wreg, status,2
 Tracked objects:
		On entry : 
		On exit  : 
		Unchanged: 
 Data sizes:     COMRAM   BANK0   BANK1   BANK2   BANK3
      Params:         2       0       0       0       0
      Locals:         0       0       0       0       0
      Temps:          0       0       0       0       0
      Totals:         2       0       0       0       0
Total ram usage:        2 bytes
 Hardware stack levels used:    1
 This function calls:
		Nothing
 This function is called by:
		_SleepIfOkay
		i2_in_low_int
 This function uses a non-reentrant model


 *************** function i2_check_msg *****************
 Defined at:
		line 223 in file "../src/messages.c"
 Parameters:    Size  Location     Type
  qptr            2   46[COMRAM] PTR struct __msg_queue
		 -> ToMainHigh_MQ(54), ToMainLow_MQ(54), 
 Auto vars:     Size  Location     Type
		None
 Return value:  Size  Location     Type
                  1    wreg      unsigned char 
 Registers used:
		wreg, fsr2l, fsr2h, status,2, status,0, prodl, prodh
 Tracked objects:
		On entry : 
		On exit  : 
		Unchanged: 
 Data sizes:     COMRAM   BANK0   BANK1   BANK2   BANK3
      Params:         2       0       0       0       0
      Locals:         0       0       0       0       0
      Temps:          1       0       0       0       0
      Totals:         3       0       0       0       0
Total ram usage:        3 bytes
 Hardware stack levels used:    1
 This function calls:
		Nothing
 This function is called by:
		_SleepIfOkay
 This function uses a non-reentrant model


 *************** function _enter_sleep_mode *****************
 Defined at:
		line 203 in file "../src/messages.c"
 Parameters:    Size  Location     Type
		None
 Auto vars:     Size  Location     Type
		None
 Return value:  Size  Location     Type
		None               void
 Registers used:
		None
 Tracked objects:
		On entry : 
		On exit  : 
		Unchanged: 
 Data sizes:     COMRAM   BANK0   BANK1   BANK2   BANK3
      Params:         0       0       0       0       0
      Locals:         0       0       0       0       0
      Temps:          0       0       0       0       0
      Totals:         0       0       0       0       0
Total ram usage:        0 bytes
 Hardware stack levels used:    1
 This function calls:
		Nothing
 This function is called by:
		_SleepIfOkay
 This function uses a non-reentrant model



MODULE INFORMATION

Module		Function		Class		Link	Load	Size
C:\Program Files\Microchip\xc8\v1.30\sources\pic18\plib\Timers\t0write.c
		_WriteTimer0   		CODE           	1DFA	0000	18

C:\Program Files\Microchip\xc8\v1.30\sources\pic18\plib\Timers\t0write.c estimated size: 18

C:\Program Files\Microchip\xc8\v1.30\sources\pic18\plib\Timers\t1write.c
		_WriteTimer1   		CODE           	1DE8	0000	18

C:\Program Files\Microchip\xc8\v1.30\sources\pic18\plib\Timers\t1write.c estimated size: 18

../src/user_interrupts.c
		_timer0_int_han		CODE           	1BBE	0000	64
		_timer1_int_han		CODE           	1DC2	0000	20

../src/user_interrupts.c estimated size: 84

shared
		i1_send_msg    		CODE           	10E8	0000	190
		i2_send_msg    		CODE           	1002	0000	230
		i1_ToMainHigh_s		CODE           	1D0A	0000	42
		i2_ToMainHigh_s		CODE           	1CDC	0000	46
		i2_in_high_int 		CODE           	1E0C	0000	16
		i2_i2c_master_s		CODE           	05F0	0000	644
		__initializatio		CODE           	1996	0000	80
		i1_i2c_master_r		CODE           	0F14	0000	238
		i2_in_low_int  		CODE           	1934	0000	98
		i1_memcpy      		CODE           	1A44	0000	84
		i2_memcpy      		CODE           	1A98	0000	84
		i2_check_msg   		CODE           	1D34	0000	40

shared estimated size: 1792

../src/my_i2c.c
		_i2c_rx_handler		CODE           	0D16	0000	262
		_check_if_send_		CODE           	1B78	0000	70
		_load_i2c_data 		CODE           	146A	0000	162
		_i2c_master_sen		CODE           	036C	0000	644
		_send_stop     		CODE           	1D7A	0000	26
		_i2c_master_rec		CODE           	0C0A	0000	268
		_i2c_configure_		CODE           	1DD6	0000	18
		_i2c_tx_handler		CODE           	1262	0000	180
		_receive_data  		CODE           	0E1C	0000	248
		_init_i2c      		CODE           	179C	0000	106
		_i2c_int_handle		CODE           	1CA8	0000	52

../src/my_i2c.c estimated size: 2036

C:\Program Files\Microchip\xc8\v1.30\sources\pic18\plib\Timers\t0open.c
		_OpenTimer0    		CODE           	1C72	0000	54

C:\Program Files\Microchip\xc8\v1.30\sources\pic18\plib\Timers\t0open.c estimated size: 54

../src/debug.c
		_setDBG        		CODE           	1870	0000	98
		_debugNum      		CODE           	1316	0000	172
		_resetDBG      		CODE           	18D2	0000	98

../src/debug.c estimated size: 368

C:\Program Files\Microchip\xc8\v1.30\sources\pic18\plib\Timers\t1open.c
		_OpenTimer1    		CODE           	19F0	0000	84

C:\Program Files\Microchip\xc8\v1.30\sources\pic18\plib\Timers\t1open.c estimated size: 84

C:\Program Files\Microchip\xc8\v1.30\sources\pic18\d1ktcyx.c
		_Delay1KTCYx   		CODE           	1D5C	0000	30

C:\Program Files\Microchip\xc8\v1.30\sources\pic18\d1ktcyx.c estimated size: 30

../src/interrupts.c
		_enable_interru		CODE           	1E1C	0000	8
		_in_low_int    		CODE           	1642	0000	122
		_in_main       		CODE           	1806	0000	106
		_in_high_int   		CODE           	1DAC	0000	22
		_InterruptHandl		CODE           	0018	0000	162
		_InterruptHandl		CODE           	0008	0000	5538

../src/interrupts.c estimated size: 5958

C:\Program Files\Microchip\xc8\v1.30\sources\common\memcpy.c
		_memcpy        		CODE           	16BC	0000	114

C:\Program Files\Microchip\xc8\v1.30\sources\common\memcpy.c estimated size: 114

../src/my_uart.c
		_uart_send     		CODE           	1D94	0000	24

../src/my_uart.c estimated size: 24

C:\Program Files\Microchip\xc8\v1.30\sources\pic18\plib\USART\uopen.c
		_OpenUSART     		CODE           	09D6	0000	284

C:\Program Files\Microchip\xc8\v1.30\sources\pic18\plib\USART\uopen.c estimated size: 284

../src/messages.c
		_ToMainHigh_sen		CODE           	1BFE	0000	58
		_ToMainHigh_rec		CODE           	1B32	0000	70
		_block_on_To_ms		CODE           	11A6	0000	188
		_check_msg     		CODE           	1C38	0000	58
		_ToMainLow_recv		CODE           	1AEC	0000	70
		_enter_sleep_mo		CODE           	1E24	0000	6
		_send_msg      		CODE           	0AF2	0000	280
		_init_queue    		CODE           	15AA	0000	152
		_init_queues   		CODE           	172E	0000	110
		_recv_msg      		CODE           	0874	0000	354
		_SleepIfOkay   		CODE           	13C2	0000	168

../src/messages.c estimated size: 1514

../src/main.c
		_main          		CODE           	00BE	0000	686

../src/main.c estimated size: 686

