Microchip MPLAB XC8 Compiler V1.30 ()

Linker command line:

--edf=C:\Program Files\Microchip\xc8\v1.30\dat\en_msgs.txt -cs \
  -h+dist/UseXC8/production\PIC_Framework_3.X.production.sym \
  --cmf=dist/UseXC8/production\PIC_Framework_3.X.production.cmf -z \
  -Q18F45J10 -oC:\Users\Kindel\AppData\Local\Temp\s6kk.6 \
  -Mdist/UseXC8/production/PIC_Framework_3.X.production.map -E1 -ver=XC8 \
  -ASTACK=0164h-01ffh -pstack=STACK -ACODE=00h-07FF7h -ACONST=00h-07FF7h \
  -ASMALLCONST=0400h-04FFhx123,07F00h-07FF7h -AMEDIUMCONST=0400h-07FF7h \
  -ACOMRAM=01h-07Fh -AABS1=00h-03FFh -ABIGRAM=01h-03FFh \
  -ARAM=080h-0FFh,0100h-01FFhx3 -ABANK0=080h-0FFh -ABANK1=0100h-01FFh \
  -ABANK2=0200h-02FFh -ABANK3=0300h-03FFh -ASFR=0F80h-0FFFh \
  -preset_vec=00h,intcode=08h,intcodelo=018h,powerup,init,end_init \
  -pramtop=0400h -psmallconst=SMALLCONST -pmediumconst=MEDIUMCONST \
  -pconst=CONST -AFARRAM=00h-00h -ACONFIG=07FF8h-07FFDh -pconfig=CONFIG \
  -pjflash_buffer=07800h \
  -prdata=COMRAM,nvrram=COMRAM,nvbit=COMRAM,rbss=COMRAM,rbit=COMRAM \
  -pfarbss=FARRAM,fardata=FARRAM,nvFARRAM=FARRAM \
  -pintsave_regs=BIGRAM,bigbss=BIGRAM,bigdata=BIGRAM -pbss=RAM \
  -pidata=CODE,irdata=CODE,ibigdata=CODE,ifardata=CODE \
  C:\Users\Kindel\AppData\Local\Temp\s6kk.obj \
  dist/UseXC8/production\PIC_Framework_3.X.production.obj 

Object code version is 3.11

Machine type is 18F45J10

Call graph: (short form)




                Name                               Link     Load   Length Selector   Space Scale
C:\Users\Kindel\AppData\Local\Temp\s6kk.obj
                end_init                             AC       AC        4        C       0
                reset_vec                             0        0        4        0       0
                config                             7FF8     7FF8        6     7FF8       0
dist/UseXC8/production\PIC_Framework_3.X.production.obj
                intcodelo                            18       18       94        C       0
                intcode                               8        8        C        4       0
                text59                             1C2C     1C2C        6        C       0
                text58                             1B3A     1B3A       24        C       0
                text57                             1BFE     1BFE        C        C       0
                text56                             1A1C     1A1C       2E        C       0
                text55                             166C     166C       4E        C       0
                text54                              DEA      DEA       C8        C       0
                text53                             100C     100C       A8        C       0
                text52                             1886     1886       3E        C       0
                text51                              C24      C24       F4        C       0
                text50                             1326     1326       74        C       0
                text49                             161E     161E       4E        C       0
                text48                             1BC6     1BC6       14        C       0
                text47                             1C14     1C14        A        C       0
                text46                             19EA     19EA       32        C       0
                text45                             1808     1808       40        C       0
                text44                              D18      D18       D2        C       0
                text43                             1A9E     1A9E       2A        C       0
                text42                               B0       B0      608        C       0
                text41                             1BEC     1BEC       12        C       0
                text40                             1978     1978       3C        C       0
                text39                             193C     193C       3C        C       0
                text38                             157C     157C       52        C       0
                text37                             1B7E     1B7E       1C        C       0
                intcode_body                       1138     1138       82        C       0
                text35                             1C0A     1C0A        A        C       0
                text34                             17C8     17C8       40        C       0
                text33                              F62      F62       AA        C       0
                text32                             1AF0     1AF0       26        C       0
                text31                             1B16     1B16       24        C       0
                text30                             1900     1900       3C        C       0
                text29                             18C4     18C4       3C        C       0
                text28                             152A     152A       52        C       0
                text27                             15CE     15CE       50        C       0
                text25                             1A74     1A74       2A        C       0
                text24                             1472     1472       5E        C       0
                text23                              9E0      9E0      136        C       0
                text22                             1786     1786       42        C       0
                text21                             1744     1744       42        C       0
                text20                              EB2      EB2       B0        C       0
                text19                             1A4A     1A4A       2A        C       0
                text18                             1BB0     1BB0       16        C       0
                text17                             19B4     19B4       36        C       0
                text16                             1BDA     1BDA       12        C       0
                text15                             16BA     16BA       46        C       0
                text14                             1700     1700       44        C       0
                text13                             11BA     11BA       7E        C       0
                text12                             1C1E     1C1E        8        C       0
                text11                             1AC8     1AC8       28        C       0
                text10                             1B9A     1B9A       16        C       0
                text9                              10B4     10B4       84        C       0
                text8                              1B5E     1B5E       20        C       0
                text7                              1848     1848       3E        C       0
                text6                              1408     1408       6A        C       0
                text5                              1238     1238       7A        C       0
                text4                              139A     139A       6E        C       0
                text3                              12B2     12B2       74        C       0
                text2                              1C26     1C26        6        C       0
                text1                               B16      B16      10E        C       0
                text0                               6B8      6B8      328        C       0
                cstackCOMRAM                          1        1       3F        1       1
                cstackBANK0                          80       80       7B       80       1
                cstackBANK1                         138      138       2C      100       1
                cstackBANK3                         300      300       98      300       1
                bssBANK3                            398      398       36      300       1
                bssBANK2                            200      200       D1      200       1
                bssBANK1                            100      100       38      100       1
                dataCOMRAM                           4D       4D        5        1       1
                bssCOMRAM                            40       40        D        1       1
                cinit                              14D0     14D0       5A        C       0
                idataCOMRAM                        1C32     1C32        5        C       0

TOTAL           Name                               Link     Load   Length     Space
        CLASS   STACK          

        CLASS   CODE           
                end_init                             AC       AC        4         0
                intcodelo                            18       18       94         0
                intcode                               8        8        C         0
                reset_vec                             0        0        4         0
                text59                             1C2C     1C2C        6         0
                text58                             1B3A     1B3A       24         0
                text57                             1BFE     1BFE        C         0
                text56                             1A1C     1A1C       2E         0
                text55                             166C     166C       4E         0
                text54                              DEA      DEA       C8         0
                text53                             100C     100C       A8         0
                text52                             1886     1886       3E         0
                text51                              C24      C24       F4         0
                text50                             1326     1326       74         0
                text49                             161E     161E       4E         0
                text48                             1BC6     1BC6       14         0
                text47                             1C14     1C14        A         0
                text46                             19EA     19EA       32         0
                text45                             1808     1808       40         0
                text44                              D18      D18       D2         0
                text43                             1A9E     1A9E       2A         0
                text42                               B0       B0      608         0
                text41                             1BEC     1BEC       12         0
                text40                             1978     1978       3C         0
                text39                             193C     193C       3C         0
                text38                             157C     157C       52         0
                text37                             1B7E     1B7E       1C         0
                intcode_body                       1138     1138       82         0
                text35                             1C0A     1C0A        A         0
                text34                             17C8     17C8       40         0
                text33                              F62      F62       AA         0
                text32                             1AF0     1AF0       26         0
                text31                             1B16     1B16       24         0
                text30                             1900     1900       3C         0
                text29                             18C4     18C4       3C         0
                text28                             152A     152A       52         0
                text27                             15CE     15CE       50         0
                text25                             1A74     1A74       2A         0
                text24                             1472     1472       5E         0
                text23                              9E0      9E0      136         0
                text22                             1786     1786       42         0
                text21                             1744     1744       42         0
                text20                              EB2      EB2       B0         0
                text19                             1A4A     1A4A       2A         0
                text18                             1BB0     1BB0       16         0
                text17                             19B4     19B4       36         0
                text16                             1BDA     1BDA       12         0
                text15                             16BA     16BA       46         0
                text14                             1700     1700       44         0
                text13                             11BA     11BA       7E         0
                text12                             1C1E     1C1E        8         0
                text11                             1AC8     1AC8       28         0
                text10                             1B9A     1B9A       16         0
                text9                              10B4     10B4       84         0
                text8                              1B5E     1B5E       20         0
                text7                              1848     1848       3E         0
                text6                              1408     1408       6A         0
                text5                              1238     1238       7A         0
                text4                              139A     139A       6E         0
                text3                              12B2     12B2       74         0
                text2                              1C26     1C26        6         0
                text1                               B16      B16      10E         0
                text0                               6B8      6B8      328         0
                cinit                              14D0     14D0       5A         0
                idataCOMRAM                        1C32     1C32        5         0

        CLASS   CONST          

        CLASS   SMALLCONST     

        CLASS   MEDIUMCONST    

        CLASS   COMRAM         
                cstackCOMRAM                          1        1       3F         1
                dataCOMRAM                           4D       4D        5         1
                bssCOMRAM                            40       40        D         1

        CLASS   ABS1           

        CLASS   BIGRAM         

        CLASS   RAM            

        CLASS   BANK0          
                cstackBANK0                          80       80       7B         1

        CLASS   BANK1          
                cstackBANK1                         138      138       2C         1
                bssBANK1                            100      100       38         1

        CLASS   BANK2          
                bssBANK2                            200      200       D1         1

        CLASS   BANK3          
                cstackBANK3                         300      300       98         1
                bssBANK3                            398      398       36         1

        CLASS   SFR            

        CLASS   FARRAM         

        CLASS   CONFIG         
                config                             7FF8     7FF8        6         0

        CLASS   IDLOC          



SEGMENTS        Name                           Load    Length   Top    Selector   Space  Class

                reset_vec                      000000  000004  000004         0       0  CODE    
                cstackCOMRAM                   000001  000051  000052         1       1  COMRAM  
                intcode                        000008  00000C  000014         4       0  CODE    
                intcodelo                      000018  001C1F  001C37         C       0  CODE    
                cstackBANK0                    000080  00007B  0000FB        80       1  BANK0   
                bssBANK1                       000100  000064  000164       100       1  BANK1   
                bssBANK2                       000200  0000D1  0002D1       200       1  BANK2   
                cstackBANK3                    000300  0000CE  0003CE       300       1  BANK3   
                config                         007FF8  000006  007FFE      7FF8       0  CONFIG  


UNUSED ADDRESS RANGES

        Name                Unused          Largest block    Delta
        BANK0            000FB-000FF               5
        BANK1            00164-001FF              9C
        BANK2            002D1-002FF              2F
        BANK3            003CE-003FF              32
        BIGRAM           00052-0007F              2E
                         000FB-000FF               5
                         00164-001FF              9C
                         002D1-002FF              2F
                         003CE-003FF              32
        CODE             00004-00007               4
                         00014-00017               4
                         01C37-07FF7            63C1
        COMRAM           00052-0007F              2E
        CONST            00004-00007               4
                         00014-00017               4
                         01C37-07FF7            63C1
        MEDIUMCONST      01C37-07FF7            63C1
        RAM              000FB-000FF               5
                         00164-001FF              9C
                         002D1-002FF              2F
                         003CE-003FF              32
        SFR              00F80-00FFF              80
        SMALLCONST       01C37-07FF7             100
        STACK            00164-001FF              9C

                                  Symbol Table

?_ReadADC                         cstackCOMRAM  00001
?_in_high_int                     cstackBANK1   00146
?_in_low_int                      cstackBANK1   00148
?_in_main                         cstackBANK1   0014A
?_packADData                      cstackBANK0   00080
?_packReturnData                  cstackCOMRAM  0002F
?_unpackBrainMsg                  cstackCOMRAM  0002F
?i2_in_high_int                   cstackCOMRAM  0002F
?i2_in_low_int                    cstackCOMRAM  00031
Delay10TCYx@unit                  cstackBANK1   00146
Delay1KTCYx@unit                  cstackBANK1   00146
OpenADC@config                    cstackBANK1   0014A
OpenADC@config2                   cstackBANK1   00146
OpenADC@portconfig                cstackBANK1   00147
OpenTimer0@config                 cstackBANK1   00146
SetChanADC@channel                cstackBANK1   00147
ToMainHigh_recvmsg@data           cstackBANK1   00160
ToMainHigh_recvmsg@maxlength      cstackBANK1   00162
ToMainHigh_recvmsg@msgtype        cstackBANK1   0015E
ToMainHigh_sendmsg@data           cstackCOMRAM  00018
ToMainHigh_sendmsg@length         cstackCOMRAM  0001A
ToMainHigh_sendmsg@msgtype        cstackCOMRAM  00017
ToMainLow_recvmsg@data            cstackBANK1   00160
ToMainLow_recvmsg@maxlength       cstackBANK1   00162
ToMainLow_recvmsg@msgtype         cstackBANK1   0015E
WriteTimer0@timer                 cstackCOMRAM  00031
WriteTimer0@timer0                cstackCOMRAM  0002F
_ADCBuffer                        bssCOMRAM     00048
_ADCON0                           (abs)         00FC2
_ADCON0bits                       (abs)         00FC2
_ADCON1                           (abs)         00FC1
_ADCON2                           (abs)         00FC0
_ADRESH                           (abs)         00FC4
_ADRESL                           (abs)         00FC3
_ADacc                            bssBANK2      00200
_BrainMsgRecv                     bssCOMRAM     00040
_Delay10TCYx                      text10        01B9A
_Delay1KTCYx                      text18        01BB0
_FromMainHigh_MQ                  bssBANK3      00398
_FromMainLow_MQ                   bssBANK2      00265
_INTCONbits                       (abs)         00FF2
_IPR1bits                         (abs)         00F9F
_InterruptHandlerHigh             intcode       00008
_InterruptHandlerLow              intcodelo     00018
_LATB                             (abs)         00F8A
_LATBbits                         (abs)         00F8A
_MQ_Main_Willing_to_block         bssCOMRAM     00044
_OSCCON                           (abs)         00FD3
_OSCCONbits                       (abs)         00FD3
_OSCTUNEbits                      (abs)         00F9B
_OpenADC                          text9         010B4
_OpenTimer0                       text25        01A74
_PIE1bits                         (abs)         00F9D
_PIR1bits                         (abs)         00F9E
_RCONbits                         (abs)         00FD0
_RCREG                            (abs)         00FAE
_RCSTAbits                        (abs)         00FAB
_ReadADC                          text35        01C0A
_SSPADD                           (abs)         00FC8
_SSPBUF                           (abs)         00FC9
_SSPCON1                          (abs)         00FC6
_SSPCON1bits                      (abs)         00FC6
_SSPCON2                          (abs)         00FC5
_SSPCON2bits                      (abs)         00FC5
_SSPSTAT                          (abs)         00FC7
_SSPSTATbits                      (abs)         00FC7
_SetChanADC                       text8         01B5E
_SleepIfOkay                      text55        0166C
_T0CON                            (abs)         00FD5
_T0CONbits                        (abs)         00FD5
_TMR0H                            (abs)         00FD7
_TMR0L                            (abs)         00FD6
_TMR1H                            (abs)         00FCF
_TMR1L                            (abs)         00FCE
_TRISAbits                        (abs)         00F92
_TRISB                            (abs)         00F93
_TRISCbits                        (abs)         00F94
_ToMainHigh_MQ                    bssBANK1      00102
_ToMainHigh_recvmsg               text22        01786
_ToMainHigh_sendmsg               text32        01AF0
_ToMainLow_MQ                     bssBANK2      0029B
_ToMainLow_recvmsg                text21        01744
_USART_Status                     bssCOMRAM     00045
_WriteTimer0                      text41        01BEC
__CFG_CCP2MX$DEFAULT              (abs)         00000
__CFG_CP0$OFF                     (abs)         00000
__CFG_FCMEN$ON                    (abs)         00000
__CFG_FOSC$HSPLL                  (abs)         00000
__CFG_FOSC2$ON                    (abs)         00000
__CFG_IESO$ON                     (abs)         00000
__CFG_STVREN$OFF                  (abs)         00000
__CFG_WDTEN$OFF                   (abs)         00000
__CFG_WDTPS$32768                 (abs)         00000
__CFG_XINST$OFF                   (abs)         00000
__HRAM                            (abs)         00000
__Habs1                           abs1          00000
__Hbank0                          bank0         00000
__Hbank1                          bank1         00000
__Hbank2                          bank2         00000
__Hbank3                          bank3         00000
__Hbigbss                         bigbss        00000
__Hbigdata                        bigdata       00000
__Hbigram                         bigram        00000
__Hbss                            bss           00000
__HbssBANK1                       bssBANK1      00000
__HbssBANK2                       bssBANK2      00000
__HbssBANK3                       bssBANK3      00000
__HbssCOMRAM                      bssCOMRAM     00000
__Hcinit                          cinit         00000
__Hclrtext                        clrtext       00000
__Hcomram                         comram        00000
__Hconfig                         config        07FFE
__Hconst                          const         00000
__HcstackBANK0                    cstackBANK0   00000
__HcstackBANK1                    cstackBANK1   00000
__HcstackBANK3                    cstackBANK3   00000
__HcstackCOMRAM                   cstackCOMRAM  00000
__Hdata                           data          00000
__HdataCOMRAM                     dataCOMRAM    00000
__Hend_init                       end_init      000B0
__Hfarbss                         farbss        00000
__Hfardata                        fardata       00000
__Hibigdata                       ibigdata      00000
__Hidata                          idata         00000
__HidataCOMRAM                    idataCOMRAM   00000
__Hidloc                          idloc         00000
__Hifardata                       ifardata      00000
__Hinit                           init          000AC
__Hintcode                        intcode       00014
__Hintcode_body                   intcode_body  00000
__Hintcodelo                      intcodelo     000AC
__Hintentry                       intentry      00000
__Hintret                         intret        00000
__Hintsave_regs                   intsave_regs  00000
__Hirdata                         irdata        00000
__Hjflash_buffer                  jflash_buffer 07800
__Hmediumconst                    mediumconst   00000
__HnvFARRAM                       nvFARRAM      00000
__Hnvbit                          nvbit         00000
__Hnvrram                         nvrram        00000
__Hparam                          rparam        00000
__Hpowerup                        powerup       000AC
__Hram                            ram           00000
__Hramtop                         ramtop        00400
__Hrbit                           rbit          00000
__Hrbss                           rbss          00000
__Hrdata                          rdata         00000
__Hreset_vec                      reset_vec     00004
__Hrparam                         rparam        00000
__Hsfr                            sfr           00000
__Hsmallconst                     smallconst    00000
__Hstack                          stack         00000
__Hstruct                         struct        00000
__Htemp                           temp          00000
__Htext                           text          00000
__Htext0                          text0         00000
__Htext1                          text1         00000
__Htext10                         text10        00000
__Htext11                         text11        00000
__Htext12                         text12        00000
__Htext13                         text13        00000
__Htext14                         text14        00000
__Htext15                         text15        00000
__Htext16                         text16        00000
__Htext17                         text17        00000
__Htext18                         text18        00000
__Htext19                         text19        00000
__Htext2                          text2         00000
__Htext20                         text20        00000
__Htext21                         text21        00000
__Htext22                         text22        00000
__Htext23                         text23        00000
__Htext24                         text24        00000
__Htext25                         text25        00000
__Htext27                         text27        00000
__Htext28                         text28        00000
__Htext29                         text29        00000
__Htext3                          text3         00000
__Htext30                         text30        00000
__Htext31                         text31        00000
__Htext32                         text32        00000
__Htext33                         text33        00000
__Htext34                         text34        00000
__Htext35                         text35        00000
__Htext37                         text37        00000
__Htext38                         text38        00000
__Htext39                         text39        00000
__Htext4                          text4         00000
__Htext40                         text40        00000
__Htext41                         text41        00000
__Htext42                         text42        00000
__Htext43                         text43        00000
__Htext44                         text44        00000
__Htext45                         text45        00000
__Htext46                         text46        00000
__Htext47                         text47        00000
__Htext48                         text48        00000
__Htext49                         text49        00000
__Htext5                          text5         00000
__Htext50                         text50        00000
__Htext51                         text51        00000
__Htext52                         text52        00000
__Htext53                         text53        00000
__Htext54                         text54        00000
__Htext55                         text55        00000
__Htext56                         text56        00000
__Htext57                         text57        00000
__Htext58                         text58        00000
__Htext59                         text59        00000
__Htext6                          text6         00000
__Htext7                          text7         00000
__Htext8                          text8         00000
__Htext9                          text9         00000
__LRAM                            (abs)         00001
__Labs1                           abs1          00000
__Lbank0                          bank0         00000
__Lbank1                          bank1         00000
__Lbank2                          bank2         00000
__Lbank3                          bank3         00000
__Lbigbss                         bigbss        00000
__Lbigdata                        bigdata       00000
__Lbigram                         bigram        00000
__Lbss                            bss           00000
__LbssBANK1                       bssBANK1      00000
__LbssBANK2                       bssBANK2      00000
__LbssBANK3                       bssBANK3      00000
__LbssCOMRAM                      bssCOMRAM     00000
__Lcinit                          cinit         00000
__Lclrtext                        clrtext       00000
__Lcomram                         comram        00000
__Lconfig                         config        07FF8
__Lconst                          const         00000
__LcstackBANK0                    cstackBANK0   00000
__LcstackBANK1                    cstackBANK1   00000
__LcstackBANK3                    cstackBANK3   00000
__LcstackCOMRAM                   cstackCOMRAM  00000
__Ldata                           data          00000
__LdataCOMRAM                     dataCOMRAM    00000
__Lend_init                       end_init      000AC
__Lfarbss                         farbss        00000
__Lfardata                        fardata       00000
__Libigdata                       ibigdata      00000
__Lidata                          idata         00000
__LidataCOMRAM                    idataCOMRAM   00000
__Lidloc                          idloc         00000
__Lifardata                       ifardata      00000
__Linit                           init          000AC
__Lintcode                        intcode       00008
__Lintcode_body                   intcode_body  00000
__Lintcodelo                      intcodelo     00018
__Lintentry                       intentry      00000
__Lintret                         intret        00000
__Lintsave_regs                   intsave_regs  00000
__Lirdata                         irdata        00000
__Ljflash_buffer                  jflash_buffer 07800
__Lmediumconst                    mediumconst   00000
__LnvFARRAM                       nvFARRAM      00000
__Lnvbit                          nvbit         00000
__Lnvrram                         nvrram        00000
__Lparam                          rparam        00000
__Lpowerup                        powerup       000AC
__Lram                            ram           00000
__Lramtop                         ramtop        00400
__Lrbit                           rbit          00000
__Lrbss                           rbss          00000
__Lrdata                          rdata         00000
__Lreset_vec                      reset_vec     00000
__Lrparam                         rparam        00000
__Lsfr                            sfr           00000
__Lsmallconst                     smallconst    00000
__Lstack                          stack         00000
__Lstruct                         struct        00000
__Ltemp                           temp          00000
__Ltext                           text          00000
__Ltext0                          text0         00000
__Ltext1                          text1         00000
__Ltext10                         text10        00000
__Ltext11                         text11        00000
__Ltext12                         text12        00000
__Ltext13                         text13        00000
__Ltext14                         text14        00000
__Ltext15                         text15        00000
__Ltext16                         text16        00000
__Ltext17                         text17        00000
__Ltext18                         text18        00000
__Ltext19                         text19        00000
__Ltext2                          text2         00000
__Ltext20                         text20        00000
__Ltext21                         text21        00000
__Ltext22                         text22        00000
__Ltext23                         text23        00000
__Ltext24                         text24        00000
__Ltext25                         text25        00000
__Ltext27                         text27        00000
__Ltext28                         text28        00000
__Ltext29                         text29        00000
__Ltext3                          text3         00000
__Ltext30                         text30        00000
__Ltext31                         text31        00000
__Ltext32                         text32        00000
__Ltext33                         text33        00000
__Ltext34                         text34        00000
__Ltext35                         text35        00000
__Ltext37                         text37        00000
__Ltext38                         text38        00000
__Ltext39                         text39        00000
__Ltext4                          text4         00000
__Ltext40                         text40        00000
__Ltext41                         text41        00000
__Ltext42                         text42        00000
__Ltext43                         text43        00000
__Ltext44                         text44        00000
__Ltext45                         text45        00000
__Ltext46                         text46        00000
__Ltext47                         text47        00000
__Ltext48                         text48        00000
__Ltext49                         text49        00000
__Ltext5                          text5         00000
__Ltext50                         text50        00000
__Ltext51                         text51        00000
__Ltext52                         text52        00000
__Ltext53                         text53        00000
__Ltext54                         text54        00000
__Ltext55                         text55        00000
__Ltext56                         text56        00000
__Ltext57                         text57        00000
__Ltext58                         text58        00000
__Ltext59                         text59        00000
__Ltext6                          text6         00000
__Ltext7                          text7         00000
__Ltext8                          text8         00000
__Ltext9                          text9         00000
__S0                              (abs)         07FFE
__S1                              (abs)         003CE
__S2                              (abs)         00000
___extmem_base                    (abs)         20000
___inthi_sp                       stack         00000
___intlo_sp                       stack         00000
___sp                             stack         00000
__accesstop                       (abs)         00080
__activetblptr                    (abs)         00002
__end_of_Delay10TCYx              text10        01BB0
__end_of_Delay1KTCYx              text18        01BC6
__end_of_InterruptHandlerHigh     intcode_body  011BA
__end_of_InterruptHandlerLow      intcodelo     000AC
__end_of_OpenADC                  text9         01138
__end_of_OpenTimer0               text25        01A9E
__end_of_ReadADC                  text35        01C14
__end_of_SetChanADC               text8         01B7E
__end_of_SleepIfOkay              text55        016BA
__end_of_ToMainHigh_recvmsg       text22        017C8
__end_of_ToMainHigh_sendmsg       text32        01B16
__end_of_ToMainLow_recvmsg        text21        01786
__end_of_WriteTimer0              text41        01BFE
__end_of__initialization          cinit         01520
__end_of_adc_int_handler          text27        0161E
__end_of_addADDataPoints          text20        00F62
__end_of_addBuffer                text31        01B3A
__end_of_addDataPoints            text19        01A74
__end_of_block_on_To_msgqueues    text13        01238
__end_of_check_msg                text17        019EA
__end_of_debugNum                 text28        0157C
__end_of_enable_interrupts        text12        01C26
__end_of_enter_sleep_mode         text59        01C32
__end_of_handle_start             text54        00EB2
__end_of_i2c_configure_slave      text11        01AF0
__end_of_i2c_int_handler          text42        006B8
__end_of_in_high_int              text16        01BEC
__end_of_in_low_int               text15        01700
__end_of_in_main                  text14        01744
__end_of_init_adc                 text7         01886
__end_of_init_i2c                 text6         01472
__end_of_init_queue               text5         012B2
__end_of_init_queues              text4         01408
__end_of_main                     text0         009E0
__end_of_memcpy                   text24        014D0
__end_of_packADData               text52        018C4
__end_of_packReturnData           text53        010B4
__end_of_recv_msg                 text23        00B16
__end_of_resetADacc               text3         01326
__end_of_resetAccumulators        text2         01C2C
__end_of_resetDBG                 text30        0193C
__end_of_sendADdata               text50        0139A
__end_of_sendRequestedData        text48        01BDA
__end_of_send_msg                 text33        0100C
__end_of_setBrainReqData          text46        01A1C
__end_of_setDBG                   text29        01900
__end_of_start_i2c_slave_reply    text1         00C24
__end_of_timer0_int_handler       text37        01B9A
__end_of_unpackBrainMsg           text47        01C1E
__end_ofi1_memcpy                 text34        01808
__end_ofi2_ToMainHigh_sendmsg     text43        01AC8
__end_ofi2_check_msg              text58        01B5E
__end_ofi2_debugNum               text38        015CE
__end_ofi2_in_high_int            text57        01C0A
__end_ofi2_in_low_int             text56        01A4A
__end_ofi2_memcpy                 text45        01848
__end_ofi2_resetADacc             text49        0166C
__end_ofi2_resetDBG               text40        019B4
__end_ofi2_send_msg               text44        00DEA
__end_ofi2_setDBG                 text39        01978
__end_ofi2_start_i2c_slave_reply  text51        00D18
__initialization                  cinit         014D0
__mediumconst                     mediumconst   00000
__pbssBANK1                       bssBANK1      00100
__pbssBANK2                       bssBANK2      00200
__pbssBANK3                       bssBANK3      00398
__pbssCOMRAM                      bssCOMRAM     00040
__pcinit                          cinit         014D0
__pcstackBANK0                    cstackBANK0   00080
__pcstackBANK1                    cstackBANK1   00138
__pcstackBANK3                    cstackBANK3   00300
__pcstackCOMRAM                   cstackCOMRAM  00001
__pdataCOMRAM                     dataCOMRAM    0004D
__pidataCOMRAM                    idataCOMRAM   01C32
__pintcode                        intcode       00008
__pintcode_body                   intcode_body  01138
__pintcodelo                      intcodelo     00018
__ptext0                          text0         006B8
__ptext1                          text1         00B16
__ptext10                         text10        01B9A
__ptext11                         text11        01AC8
__ptext12                         text12        01C1E
__ptext13                         text13        011BA
__ptext14                         text14        01700
__ptext15                         text15        016BA
__ptext16                         text16        01BDA
__ptext17                         text17        019B4
__ptext18                         text18        01BB0
__ptext19                         text19        01A4A
__ptext2                          text2         01C26
__ptext20                         text20        00EB2
__ptext21                         text21        01744
__ptext22                         text22        01786
__ptext23                         text23        009E0
__ptext24                         text24        01472
__ptext25                         text25        01A74
__ptext27                         text27        015CE
__ptext28                         text28        0152A
__ptext29                         text29        018C4
__ptext3                          text3         012B2
__ptext30                         text30        01900
__ptext31                         text31        01B16
__ptext32                         text32        01AF0
__ptext33                         text33        00F62
__ptext34                         text34        017C8
__ptext35                         text35        01C0A
__ptext37                         text37        01B7E
__ptext38                         text38        0157C
__ptext39                         text39        0193C
__ptext4                          text4         0139A
__ptext40                         text40        01978
__ptext41                         text41        01BEC
__ptext42                         text42        000B0
__ptext43                         text43        01A9E
__ptext44                         text44        00D18
__ptext45                         text45        01808
__ptext46                         text46        019EA
__ptext47                         text47        01C14
__ptext48                         text48        01BC6
__ptext49                         text49        0161E
__ptext5                          text5         01238
__ptext50                         text50        01326
__ptext51                         text51        00C24
__ptext52                         text52        01886
__ptext53                         text53        0100C
__ptext54                         text54        00DEA
__ptext55                         text55        0166C
__ptext56                         text56        01A1C
__ptext57                         text57        01BFE
__ptext58                         text58        01B3A
__ptext59                         text59        01C2C
__ptext6                          text6         01408
__ptext7                          text7         01848
__ptext8                          text8         01B5E
__ptext9                          text9         010B4
__ramtop                          ramtop        00400
__size_of_Delay10TCYx             (abs)         00000
__size_of_Delay1KTCYx             (abs)         00000
__size_of_InterruptHandlerHigh    (abs)         00000
__size_of_InterruptHandlerLow     (abs)         00000
__size_of_OpenADC                 (abs)         00000
__size_of_OpenTimer0              (abs)         00000
__size_of_ReadADC                 (abs)         00000
__size_of_SetChanADC              (abs)         00000
__size_of_SleepIfOkay             (abs)         00000
__size_of_ToMainHigh_recvmsg      (abs)         00000
__size_of_ToMainHigh_sendmsg      (abs)         00000
__size_of_ToMainLow_recvmsg       (abs)         00000
__size_of_WriteTimer0             (abs)         00000
__size_of_adc_int_handler         (abs)         00000
__size_of_addADDataPoints         (abs)         00000
__size_of_addBuffer               (abs)         00000
__size_of_addDataPoints           (abs)         00000
__size_of_block_on_To_msgqueues   (abs)         00000
__size_of_check_msg               (abs)         00000
__size_of_debugNum                (abs)         00000
__size_of_enable_interrupts       (abs)         00000
__size_of_enter_sleep_mode        (abs)         00000
__size_of_handle_start            (abs)         00000
__size_of_i2c_configure_slave     (abs)         00000
__size_of_i2c_int_handler         (abs)         00000
__size_of_in_high_int             (abs)         00000
__size_of_in_low_int              (abs)         00000
__size_of_in_main                 (abs)         00000
__size_of_init_adc                (abs)         00000
__size_of_init_i2c                (abs)         00000
__size_of_init_queue              (abs)         00000
__size_of_init_queues             (abs)         00000
__size_of_main                    (abs)         00000
__size_of_memcpy                  (abs)         00000
__size_of_packADData              (abs)         00000
__size_of_packReturnData          (abs)         00000
__size_of_recv_msg                (abs)         00000
__size_of_resetADacc              (abs)         00000
__size_of_resetAccumulators       (abs)         00000
__size_of_resetDBG                (abs)         00000
__size_of_sendADdata              (abs)         00000
__size_of_sendRequestedData       (abs)         00000
__size_of_send_msg                (abs)         00000
__size_of_setBrainReqData         (abs)         00000
__size_of_setDBG                  (abs)         00000
__size_of_start_i2c_slave_reply   (abs)         00000
__size_of_timer0_int_handler      (abs)         00000
__size_of_unpackBrainMsg          (abs)         00000
__size_ofi1_memcpy                (abs)         00000
__size_ofi2_ToMainHigh_sendmsg    (abs)         00000
__size_ofi2_check_msg             (abs)         00000
__size_ofi2_debugNum              (abs)         00000
__size_ofi2_in_high_int           (abs)         00000
__size_ofi2_in_low_int            (abs)         00000
__size_ofi2_memcpy                (abs)         00000
__size_ofi2_resetADacc            (abs)         00000
__size_ofi2_resetDBG              (abs)         00000
__size_ofi2_send_msg              (abs)         00000
__size_ofi2_setDBG                (abs)         00000
__size_ofi2_start_i2c_slave_reply (abs)         00000
__smallconst                      smallconst    00000
_adc_int_handler                  text27        015CE
_addADDataPoints                  text20        00EB2
_addBuffer                        text31        01B16
_addDataPoints                    text19        01A4A
_block_on_To_msgqueues            text13        011BA
_check_msg                        text17        019B4
_count                            bssCOMRAM     00046
_debugNum                         text28        0152A
_enable_interrupts                text12        01C1E
_enter_sleep_mode                 text59        01C2C
_handle_start                     text54        00DEA
_i2c_configure_slave              text11        01AC8
_i2c_int_handler                  text42        000B0
_ic_ptr                           bssBANK1      00100
_in_high_int                      text16        01BDA
_in_low_int                       text15        016BA
_in_main                          text14        01700
_init_adc                         text7         01848
_init_i2c                         text6         01408
_init_queue                       text5         01238
_init_queues                      text4         0139A
_main                             text0         006B8
_memcpy                           text24        01472
_packADData                       text52        01886
_packReturnData                   text53        0100C
_recv_msg                         text23        009E0
_resetADacc                       text3         012B2
_resetAccumulators                text2         01C26
_resetDBG                         text30        01900
_sample1                          dataCOMRAM    0004D
_sample2                          dataCOMRAM    0004E
_sample3                          dataCOMRAM    0004F
_sample4                          dataCOMRAM    00050
_sample5                          dataCOMRAM    00051
_sendADdata                       text50        01326
_sendRequestedData                text48        01BC6
_send_msg                         text33        00F62
_setBrainReqData                  text46        019EA
_setDBG                           text29        018C4
_start_i2c_slave_reply            text1         00B16
_timer0_int_handler               text37        01B7E
_timesreq                         bssCOMRAM     00047
_uc_ptr                           bssCOMRAM     00042
_unpackBrainMsg                   text47        01C14
adc_int_handler@data              cstackCOMRAM  0001C
addADDataPoints@data              cstackBANK1   00146
addADDataPoints@i                 cstackBANK1   0014C
addADDataPoints@len               cstackBANK1   00148
addBuffer@data                    cstackCOMRAM  00001
addDataPoints@data                cstackBANK1   00150
addDataPoints@len                 cstackBANK1   00152
addDataPoints@sensorid            cstackBANK1   0014E
check_msg@qptr                    cstackBANK1   00146
debugNum@num                      cstackCOMRAM  00002
end_of_initialization             cinit         01520
handle_start@data_read            cstackCOMRAM  0002F
i1_memcpy                         text34        017C8
i1memcpy@d                        cstackCOMRAM  00007
i1memcpy@d1                       cstackCOMRAM  00001
i1memcpy@n                        cstackCOMRAM  00005
i1memcpy@s                        cstackCOMRAM  00009
i1memcpy@s1                       cstackCOMRAM  00003
i2ToMainHigh_sendmsg@data         cstackBANK0   00086
i2ToMainHigh_sendmsg@length       cstackBANK0   00088
i2ToMainHigh_sendmsg@msgtype      cstackBANK0   00085
i2_ToMainHigh_sendmsg             text43        01A9E
i2_check_msg                      text58        01B3A
i2_debugNum                       text38        0157C
i2_in_high_int                    text57        01BFE
i2_in_low_int                     text56        01A1C
i2_memcpy                         text45        01808
i2_resetADacc                     text49        0161E
i2_resetDBG                       text40        01978
i2_send_msg                       text44        00D18
i2_setDBG                         text39        0193C
i2_start_i2c_slave_reply          text51        00C24
i2c_configure_slave@addr          cstackBANK1   00146
i2c_int_handler@data_read         cstackBANK0   000FA
i2c_int_handler@data_written      cstackBANK0   000F5
i2c_int_handler@error_buf         cstackBANK0   000F2
i2c_int_handler@i2c_data          cstackBANK0   000F7
i2c_int_handler@msg_ready         cstackBANK0   000F9
i2c_int_handler@msg_to_send       cstackBANK0   000F8
i2c_int_handler@overrun_error     cstackBANK0   000F6
i2check_msg@qptr                  cstackCOMRAM  0002F
i2debugNum@num                    cstackCOMRAM  00030
i2memcpy@d                        cstackCOMRAM  00035
i2memcpy@d1                       cstackCOMRAM  0002F
i2memcpy@n                        cstackCOMRAM  00033
i2memcpy@s                        cstackCOMRAM  00037
i2memcpy@s1                       cstackCOMRAM  00031
i2resetADacc@i                    cstackCOMRAM  00032
i2resetDBG@b                      cstackCOMRAM  0002F
i2send_msg@data                   cstackCOMRAM  0003D
i2send_msg@length                 cstackCOMRAM  0003B
i2send_msg@msgtype                cstackCOMRAM  0003C
i2send_msg@qmsg                   cstackBANK0   00083
i2send_msg@qptr                   cstackCOMRAM  00039
i2send_msg@slot                   cstackBANK0   00082
i2send_msg@tlength                cstackBANK0   00080
i2setDBG@b                        cstackCOMRAM  0002F
i2start_i2c_slave_reply@length    cstackCOMRAM  00033
i2start_i2c_slave_reply@msg       cstackCOMRAM  0002F
init_i2c@ic                       cstackBANK1   00146
init_queue@i                      cstackBANK1   00149
init_queue@qptr                   cstackBANK1   00146
int_func                          intcode_body  01138
intlevel0                         text          00000
intlevel1                         text          00000
intlevel2                         text          00000
intlevel3                         text          00000
main@data_points_count            cstackBANK3   0031C
main@ic                           cstackBANK3   0031F
main@j                            cstackBANK3   00317
main@j_452                        cstackBANK3   00319
main@last_reg_recvd               cstackBANK3   00316
main@length                       cstackBANK3   0031E
main@msgbuffer                    cstackBANK3   0030B
main@msgtype                      cstackBANK3   0031B
main@to_send_buffer               cstackBANK3   00300
memcpy@d                          cstackBANK1   0014C
memcpy@d1                         cstackBANK1   00146
memcpy@n                          cstackBANK1   0014A
memcpy@s                          cstackBANK1   0014E
memcpy@s1                         cstackBANK1   00148
packADData@data                   cstackBANK0   00080
packADData@len                    cstackBANK0   00082
packADData@maxout                 cstackBANK0   00086
packADData@out                    cstackBANK0   00084
packReturnData@data               cstackCOMRAM  0002F
packReturnData@dest               cstackCOMRAM  0003E
packReturnData@end                cstackCOMRAM  0003C
packReturnData@maxout             cstackCOMRAM  00035
packReturnData@msg                cstackCOMRAM  00033
packReturnData@payloadLen         cstackCOMRAM  00031
packReturnData@sensorID           cstackCOMRAM  00037
recv_msg@data                     cstackBANK1   00155
recv_msg@maxlength                cstackBANK1   00152
recv_msg@msgtype                  cstackBANK1   00153
recv_msg@qmsg                     cstackBANK1   0015C
recv_msg@qptr                     cstackBANK1   00150
recv_msg@slot                     cstackBANK1   00159
recv_msg@tlength                  cstackBANK1   0015A
resetADacc@i                      cstackBANK1   00149
resetDBG@b                        cstackCOMRAM  00001
sendADdata@bytes_packed           cstackBANK0   000EF
sendADdata@outBuff                cstackBANK0   00088
send_msg@data                     cstackCOMRAM  0000F
send_msg@length                   cstackCOMRAM  0000D
send_msg@msgtype                  cstackCOMRAM  0000E
send_msg@qmsg                     cstackCOMRAM  00015
send_msg@qptr                     cstackCOMRAM  0000B
send_msg@slot                     cstackCOMRAM  00014
send_msg@tlength                  cstackCOMRAM  00012
setBrainReqData@buf               cstackCOMRAM  00031
setBrainReqData@tempBrain         cstackCOMRAM  00033
setDBG@b                          cstackCOMRAM  00001
stackhi                           (abs)         001FF
stacklo                           (abs)         00164
start                             init          000AC
start_i2c_slave_reply@length      cstackBANK1   0014A
start_i2c_slave_reply@msg         cstackBANK1   00146
start_initialization              cinit         014D0
unpackBrainMsg@buf                cstackCOMRAM  0002F


FUNCTION INFORMATION:

 *************** function _main *****************
 Defined at:
		line 188 in file "../src/main.c"
 Parameters:    Size  Location     Type
		None
 Auto vars:     Size  Location     Type
  j               2   23[BANK3 ] int 
  j               2   25[BANK3 ] int 
  ic            121   31[BANK3 ] struct __i2c_comm
  msgbuffer      11   11[BANK3 ] unsigned char [11]
  to_send_buff   11    0[BANK3 ] unsigned char [11]
  data_points_    2   28[BANK3 ] int 
  t0thread_dat    2    0        struct __timer0_thread_s
  length          1   30[BANK3 ] char 
  msgtype         1   27[BANK3 ] unsigned char 
  last_reg_rec    1   22[BANK3 ] unsigned char 
 Return value:  Size  Location     Type
		None               void
 Registers used:
		wreg, fsr1l, fsr1h, fsr2l, fsr2h, status,2, status,0, prodl, prodh, cstack
 Tracked objects:
		On entry : 
		On exit  : 
		Unchanged: 
 Data sizes:     COMRAM   BANK0   BANK1   BANK2   BANK3
      Params:         0       0       0       0       0
      Locals:         0       0       0       0     152
      Temps:          0       0       1       0       0
      Totals:         0       0       1       0     152
Total ram usage:      153 bytes
 Hardware stack levels required when called:   15
 This function calls:
		_OpenTimer0
		_ToMainHigh_recvmsg
		_ToMainLow_recvmsg
		_addDataPoints
		_block_on_To_msgqueues
		_enable_interrupts
		_i2c_configure_slave
		_init_adc
		_init_i2c
		_init_queues
		_resetAccumulators
		_start_i2c_slave_reply
 This function is called by:
		Startup code after reset
 This function uses a non-reentrant model


 *************** function _start_i2c_slave_reply *****************
 Defined at:
		line 60 in file "../src/my_i2c.c"
 Parameters:    Size  Location     Type
  length          1    wreg     unsigned char 
  msg             2   14[BANK1 ] PTR unsigned char 
		 -> sendADdata@outBuff(103), main@msgbuffer(11), 
 Auto vars:     Size  Location     Type
  length          1   18[BANK1 ] unsigned char 
 Return value:  Size  Location     Type
		None               void
 Registers used:
		wreg, fsr1l, fsr1h, fsr2l, fsr2h, status,2, status,0, prodl, prodh
 Tracked objects:
		On entry : 
		On exit  : 
		Unchanged: 
 Data sizes:     COMRAM   BANK0   BANK1   BANK2   BANK3
      Params:         0       0       2       0       0
      Locals:         0       0       1       0       0
      Temps:          0       0       2       0       0
      Totals:         0       0       5       0       0
Total ram usage:        5 bytes
 Hardware stack levels used:    1
 Hardware stack levels required when called:   11
 This function calls:
		Nothing
 This function is called by:
		_main
 This function uses a non-reentrant model


 *************** function _resetAccumulators *****************
 Defined at:
		line 80 in file "../src/sensorcomm.c"
 Parameters:    Size  Location     Type
		None
 Auto vars:     Size  Location     Type
		None
 Return value:  Size  Location     Type
		None               void
 Registers used:
		wreg, fsr2l, fsr2h, status,2, status,0, cstack
 Tracked objects:
		On entry : 
		On exit  : 
		Unchanged: 
 Data sizes:     COMRAM   BANK0   BANK1   BANK2   BANK3
      Params:         0       0       0       0       0
      Locals:         0       0       0       0       0
      Temps:          0       0       0       0       0
      Totals:         0       0       0       0       0
Total ram usage:        0 bytes
 Hardware stack levels used:    1
 Hardware stack levels required when called:   12
 This function calls:
		_resetADacc
 This function is called by:
		_main
 This function uses a non-reentrant model


 *************** function _resetADacc *****************
 Defined at:
		line 72 in file "../src/sensorcomm.c"
 Parameters:    Size  Location     Type
		None
 Auto vars:     Size  Location     Type
  i               2   17[BANK1 ] int 
 Return value:  Size  Location     Type
		None               void
 Registers used:
		wreg, fsr2l, fsr2h, status,2, status,0
 Tracked objects:
		On entry : 
		On exit  : 
		Unchanged: 
 Data sizes:     COMRAM   BANK0   BANK1   BANK2   BANK3
      Params:         0       0       0       0       0
      Locals:         0       0       2       0       0
      Temps:          0       0       3       0       0
      Totals:         0       0       5       0       0
Total ram usage:        5 bytes
 Hardware stack levels used:    1
 Hardware stack levels required when called:   11
 This function calls:
		Nothing
 This function is called by:
		_resetAccumulators
 This function uses a non-reentrant model


 *************** function _init_queues *****************
 Defined at:
		line 195 in file "../src/messages.c"
 Parameters:    Size  Location     Type
		None
 Auto vars:     Size  Location     Type
		None
 Return value:  Size  Location     Type
		None               void
 Registers used:
		wreg, fsr2l, fsr2h, status,2, status,0, prodl, prodh, cstack
 Tracked objects:
		On entry : 
		On exit  : 
		Unchanged: 
 Data sizes:     COMRAM   BANK0   BANK1   BANK2   BANK3
      Params:         0       0       0       0       0
      Locals:         0       0       0       0       0
      Temps:          0       0       1       0       0
      Totals:         0       0       1       0       0
Total ram usage:        1 bytes
 Hardware stack levels used:    1
 Hardware stack levels required when called:   12
 This function calls:
		_init_queue
 This function is called by:
		_main
 This function uses a non-reentrant model


 *************** function _init_queue *****************
 Defined at:
		line 15 in file "../src/messages.c"
 Parameters:    Size  Location     Type
  qptr            2   14[BANK1 ] PTR struct __msg_queue
		 -> FromMainHigh_MQ(54), FromMainLow_MQ(54), ToMainHigh_MQ(54), ToMainLow_MQ(54), 
 Auto vars:     Size  Location     Type
  i               1   17[BANK1 ] unsigned char 
 Return value:  Size  Location     Type
		None               void
 Registers used:
		wreg, fsr2l, fsr2h, status,2, status,0, prodl, prodh
 Tracked objects:
		On entry : 
		On exit  : 
		Unchanged: 
 Data sizes:     COMRAM   BANK0   BANK1   BANK2   BANK3
      Params:         0       0       2       0       0
      Locals:         0       0       1       0       0
      Temps:          0       0       1       0       0
      Totals:         0       0       4       0       0
Total ram usage:        4 bytes
 Hardware stack levels used:    1
 Hardware stack levels required when called:   11
 This function calls:
		Nothing
 This function is called by:
		_init_queues
 This function uses a non-reentrant model


 *************** function _init_i2c *****************
 Defined at:
		line 294 in file "../src/my_i2c.c"
 Parameters:    Size  Location     Type
  ic              2   14[BANK1 ] PTR struct __i2c_comm
		 -> main@ic(121), 
 Auto vars:     Size  Location     Type
		None
 Return value:  Size  Location     Type
		None               void
 Registers used:
		wreg, fsr2l, fsr2h, status,2, status,0
 Tracked objects:
		On entry : 
		On exit  : 
		Unchanged: 
 Data sizes:     COMRAM   BANK0   BANK1   BANK2   BANK3
      Params:         0       0       2       0       0
      Locals:         0       0       0       0       0
      Temps:          0       0       0       0       0
      Totals:         0       0       2       0       0
Total ram usage:        2 bytes
 Hardware stack levels used:    1
 Hardware stack levels required when called:   11
 This function calls:
		Nothing
 This function is called by:
		_main
 This function uses a non-reentrant model


 *************** function _init_adc *****************
 Defined at:
		line 21 in file "../src/my_adc.c"
 Parameters:    Size  Location     Type
		None
 Auto vars:     Size  Location     Type
		None
 Return value:  Size  Location     Type
		None               void
 Registers used:
		wreg, status,2, status,0, cstack
 Tracked objects:
		On entry : 
		On exit  : 
		Unchanged: 
 Data sizes:     COMRAM   BANK0   BANK1   BANK2   BANK3
      Params:         0       0       0       0       0
      Locals:         0       0       0       0       0
      Temps:          0       0       2       0       0
      Totals:         0       0       2       0       0
Total ram usage:        2 bytes
 Hardware stack levels used:    1
 Hardware stack levels required when called:   12
 This function calls:
		_Delay10TCYx
		_OpenADC
		_SetChanADC
 This function is called by:
		_main
 This function uses a non-reentrant model


 *************** function _SetChanADC *****************
 Defined at:
		line 30 in file "C:\Program Files\Microchip\xc8\v1.30\sources\pic18\plib\ADC\adcsetch.c"
 Parameters:    Size  Location     Type
  channel         1    wreg     unsigned char 
 Auto vars:     Size  Location     Type
  channel         1   15[BANK1 ] unsigned char 
 Return value:  Size  Location     Type
		None               void
 Registers used:
		wreg, status,2, status,0
 Tracked objects:
		On entry : 
		On exit  : 
		Unchanged: 
 Data sizes:     COMRAM   BANK0   BANK1   BANK2   BANK3
      Params:         0       0       0       0       0
      Locals:         0       0       1       0       0
      Temps:          0       0       1       0       0
      Totals:         0       0       2       0       0
Total ram usage:        2 bytes
 Hardware stack levels used:    1
 Hardware stack levels required when called:   11
 This function calls:
		Nothing
 This function is called by:
		_init_adc
 This function uses a non-reentrant model


 *************** function _OpenADC *****************
 Defined at:
		line 68 in file "C:\Program Files\Microchip\xc8\v1.30\sources\pic18\plib\ADC\adcopen.c"
 Parameters:    Size  Location     Type
  config          1    wreg     unsigned char 
  config2         1   14[BANK1 ] unsigned char 
  portconfig      1   15[BANK1 ] unsigned char 
 Auto vars:     Size  Location     Type
  config          1   18[BANK1 ] unsigned char 
 Return value:  Size  Location     Type
		None               void
 Registers used:
		wreg, status,2, status,0
 Tracked objects:
		On entry : 
		On exit  : 
		Unchanged: 
 Data sizes:     COMRAM   BANK0   BANK1   BANK2   BANK3
      Params:         0       0       2       0       0
      Locals:         0       0       1       0       0
      Temps:          0       0       2       0       0
      Totals:         0       0       5       0       0
Total ram usage:        5 bytes
 Hardware stack levels used:    1
 Hardware stack levels required when called:   11
 This function calls:
		Nothing
 This function is called by:
		_init_adc
 This function uses a non-reentrant model


 *************** function _Delay10TCYx *****************
 Defined at:
		line 8 in file "C:\Program Files\Microchip\xc8\v1.30\sources\pic18\d10tcyx.c"
 Parameters:    Size  Location     Type
  unit            1    wreg     unsigned char 
 Auto vars:     Size  Location     Type
  unit            1   14[BANK1 ] unsigned char 
 Return value:  Size  Location     Type
		None               void
 Registers used:
		wreg
 Tracked objects:
		On entry : 
		On exit  : 
		Unchanged: 
 Data sizes:     COMRAM   BANK0   BANK1   BANK2   BANK3
      Params:         0       0       0       0       0
      Locals:         0       0       1       0       0
      Temps:          0       0       0       0       0
      Totals:         0       0       1       0       0
Total ram usage:        1 bytes
 Hardware stack levels used:    1
 Hardware stack levels required when called:   11
 This function calls:
		Nothing
 This function is called by:
		_init_adc
 This function uses a non-reentrant model


 *************** function _i2c_configure_slave *****************
 Defined at:
		line 305 in file "../src/my_i2c.c"
 Parameters:    Size  Location     Type
  addr            1    wreg     unsigned char 
 Auto vars:     Size  Location     Type
  addr            1   14[BANK1 ] unsigned char 
 Return value:  Size  Location     Type
		None               void
 Registers used:
		wreg, status,2, status,0
 Tracked objects:
		On entry : 
		On exit  : 
		Unchanged: 
 Data sizes:     COMRAM   BANK0   BANK1   BANK2   BANK3
      Params:         0       0       0       0       0
      Locals:         0       0       1       0       0
      Temps:          0       0       0       0       0
      Totals:         0       0       1       0       0
Total ram usage:        1 bytes
 Hardware stack levels used:    1
 Hardware stack levels required when called:   11
 This function calls:
		Nothing
 This function is called by:
		_main
 This function uses a non-reentrant model


 *************** function _enable_interrupts *****************
 Defined at:
		line 16 in file "../src/interrupts.c"
 Parameters:    Size  Location     Type
		None
 Auto vars:     Size  Location     Type
		None
 Return value:  Size  Location     Type
		None               void
 Registers used:
		None
 Tracked objects:
		On entry : 
		On exit  : 
		Unchanged: 
 Data sizes:     COMRAM   BANK0   BANK1   BANK2   BANK3
      Params:         0       0       0       0       0
      Locals:         0       0       0       0       0
      Temps:          0       0       0       0       0
      Totals:         0       0       0       0       0
Total ram usage:        0 bytes
 Hardware stack levels used:    1
 Hardware stack levels required when called:   11
 This function calls:
		Nothing
 This function is called by:
		_main
 This function uses a non-reentrant model


 *************** function _block_on_To_msgqueues *****************
 Defined at:
		line 259 in file "../src/messages.c"
 Parameters:    Size  Location     Type
		None
 Auto vars:     Size  Location     Type
		None
 Return value:  Size  Location     Type
		None               void
 Registers used:
		wreg, fsr2l, fsr2h, status,2, status,0, prodl, prodh, cstack
 Tracked objects:
		On entry : 
		On exit  : 
		Unchanged: 
 Data sizes:     COMRAM   BANK0   BANK1   BANK2   BANK3
      Params:         0       0       0       0       0
      Locals:         0       0       0       0       0
      Temps:          0       0       1       0       0
      Totals:         0       0       1       0       0
Total ram usage:        1 bytes
 Hardware stack levels used:    1
 Hardware stack levels required when called:   14
 This function calls:
		_Delay1KTCYx
		_check_msg
		_in_main
 This function is called by:
		_main
 This function uses a non-reentrant model


 *************** function _in_main *****************
 Defined at:
		line 42 in file "../src/interrupts.c"
 Parameters:    Size  Location     Type
		None
 Auto vars:     Size  Location     Type
		None
 Return value:  Size  Location     Type
                  2   18[BANK1 ] int 
 Registers used:
		wreg, status,2, status,0, cstack
 Tracked objects:
		On entry : 
		On exit  : 
		Unchanged: 
 Data sizes:     COMRAM   BANK0   BANK1   BANK2   BANK3
      Params:         0       0       2       0       0
      Locals:         0       0       0       0       0
      Temps:          0       0       0       0       0
      Totals:         0       0       2       0       0
Total ram usage:        2 bytes
 Hardware stack levels used:    1
 Hardware stack levels required when called:   13
 This function calls:
		_in_high_int
		_in_low_int
 This function is called by:
		_block_on_To_msgqueues
 This function uses a non-reentrant model


 *************** function _in_low_int *****************
 Defined at:
		line 32 in file "../src/interrupts.c"
 Parameters:    Size  Location     Type
		None
 Auto vars:     Size  Location     Type
		None
 Return value:  Size  Location     Type
                  2   16[BANK1 ] int 
 Registers used:
		wreg, status,2, status,0, cstack
 Tracked objects:
		On entry : 
		On exit  : 
		Unchanged: 
 Data sizes:     COMRAM   BANK0   BANK1   BANK2   BANK3
      Params:         0       0       2       0       0
      Locals:         0       0       0       0       0
      Temps:          0       0       0       0       0
      Totals:         0       0       2       0       0
Total ram usage:        2 bytes
 Hardware stack levels used:    1
 Hardware stack levels required when called:   12
 This function calls:
		_in_high_int
 This function is called by:
		_in_main
 This function uses a non-reentrant model


 *************** function _in_high_int *****************
 Defined at:
		line 24 in file "../src/interrupts.c"
 Parameters:    Size  Location     Type
		None
 Auto vars:     Size  Location     Type
		None
 Return value:  Size  Location     Type
                  2   14[BANK1 ] int 
 Registers used:
		wreg, status,2
 Tracked objects:
		On entry : 
		On exit  : 
		Unchanged: 
 Data sizes:     COMRAM   BANK0   BANK1   BANK2   BANK3
      Params:         0       0       2       0       0
      Locals:         0       0       0       0       0
      Temps:          0       0       0       0       0
      Totals:         0       0       2       0       0
Total ram usage:        2 bytes
 Hardware stack levels used:    1
 Hardware stack levels required when called:   11
 This function calls:
		Nothing
 This function is called by:
		_in_low_int
		_in_main
 This function uses a non-reentrant model


 *************** function _check_msg *****************
 Defined at:
		line 223 in file "../src/messages.c"
 Parameters:    Size  Location     Type
  qptr            2   14[BANK1 ] PTR struct __msg_queue
		 -> ToMainHigh_MQ(54), ToMainLow_MQ(54), 
 Auto vars:     Size  Location     Type
		None
 Return value:  Size  Location     Type
                  1    wreg      unsigned char 
 Registers used:
		wreg, fsr2l, fsr2h, status,2, status,0, prodl, prodh
 Tracked objects:
		On entry : 
		On exit  : 
		Unchanged: 
 Data sizes:     COMRAM   BANK0   BANK1   BANK2   BANK3
      Params:         0       0       2       0       0
      Locals:         0       0       0       0       0
      Temps:          0       0       1       0       0
      Totals:         0       0       3       0       0
Total ram usage:        3 bytes
 Hardware stack levels used:    1
 Hardware stack levels required when called:   11
 This function calls:
		Nothing
 This function is called by:
		_block_on_To_msgqueues
 This function uses a non-reentrant model


 *************** function _Delay1KTCYx *****************
 Defined at:
		line 8 in file "C:\Program Files\Microchip\xc8\v1.30\sources\pic18\d1ktcyx.c"
 Parameters:    Size  Location     Type
  unit            1    wreg     unsigned char 
 Auto vars:     Size  Location     Type
  unit            1   14[BANK1 ] unsigned char 
 Return value:  Size  Location     Type
		None               void
 Registers used:
		wreg
 Tracked objects:
		On entry : 
		On exit  : 
		Unchanged: 
 Data sizes:     COMRAM   BANK0   BANK1   BANK2   BANK3
      Params:         0       0       0       0       0
      Locals:         0       0       1       0       0
      Temps:          0       0       0       0       0
      Totals:         0       0       1       0       0
Total ram usage:        1 bytes
 Hardware stack levels used:    1
 Hardware stack levels required when called:   11
 This function calls:
		Nothing
 This function is called by:
		_block_on_To_msgqueues
 This function uses a non-reentrant model


 *************** function _addDataPoints *****************
 Defined at:
		line 48 in file "../src/sensorcomm.c"
 Parameters:    Size  Location     Type
  sensorid        2   22[BANK1 ] int 
  data            2   24[BANK1 ] PTR void 
		 -> main@msgbuffer(11), 
  len             2   26[BANK1 ] int 
 Auto vars:     Size  Location     Type
		None
 Return value:  Size  Location     Type
		None               void
 Registers used:
		wreg, fsr1l, fsr1h, fsr2l, fsr2h, status,2, status,0, prodl, prodh, cstack
 Tracked objects:
		On entry : 
		On exit  : 
		Unchanged: 
 Data sizes:     COMRAM   BANK0   BANK1   BANK2   BANK3
      Params:         0       0       6       0       0
      Locals:         0       0       0       0       0
      Temps:          0       0       0       0       0
      Totals:         0       0       6       0       0
Total ram usage:        6 bytes
 Hardware stack levels used:    1
 Hardware stack levels required when called:   12
 This function calls:
		_addADDataPoints
 This function is called by:
		_main
 This function uses a non-reentrant model


 *************** function _addADDataPoints *****************
 Defined at:
		line 57 in file "../src/sensorcomm.c"
 Parameters:    Size  Location     Type
  data            2   14[BANK1 ] PTR struct .
		 -> main@msgbuffer(11), 
  len             2   16[BANK1 ] int 
 Auto vars:     Size  Location     Type
  i               2   20[BANK1 ] int 
 Return value:  Size  Location     Type
		None               void
 Registers used:
		wreg, fsr1l, fsr1h, fsr2l, fsr2h, status,2, status,0, prodl, prodh
 Tracked objects:
		On entry : 
		On exit  : 
		Unchanged: 
 Data sizes:     COMRAM   BANK0   BANK1   BANK2   BANK3
      Params:         0       0       4       0       0
      Locals:         0       0       2       0       0
      Temps:          0       0       2       0       0
      Totals:         0       0       8       0       0
Total ram usage:        8 bytes
 Hardware stack levels used:    1
 Hardware stack levels required when called:   11
 This function calls:
		Nothing
 This function is called by:
		_addDataPoints
 This function uses a non-reentrant model


 *************** function _ToMainLow_recvmsg *****************
 Defined at:
		line 113 in file "../src/messages.c"
 Parameters:    Size  Location     Type
  maxlength       1    wreg     unsigned char 
  msgtype         2   38[BANK1 ] PTR unsigned char 
		 -> main@msgtype(1), 
  data            2   40[BANK1 ] PTR void 
		 -> main@msgbuffer(11), 
 Auto vars:     Size  Location     Type
  maxlength       1   42[BANK1 ] unsigned char 
 Return value:  Size  Location     Type
                  1    wreg      char 
 Registers used:
		wreg, fsr1l, fsr1h, fsr2l, fsr2h, status,2, status,0, prodl, prodh, cstack
 Tracked objects:
		On entry : 
		On exit  : 
		Unchanged: 
 Data sizes:     COMRAM   BANK0   BANK1   BANK2   BANK3
      Params:         0       0       4       0       0
      Locals:         0       0       1       0       0
      Temps:          0       0       0       0       0
      Totals:         0       0       5       0       0
Total ram usage:        5 bytes
 Hardware stack levels used:    1
 Hardware stack levels required when called:   13
 This function calls:
		_recv_msg
 This function is called by:
		_main
 This function uses a non-reentrant model


 *************** function _ToMainHigh_recvmsg *****************
 Defined at:
		line 136 in file "../src/messages.c"
 Parameters:    Size  Location     Type
  maxlength       1    wreg     unsigned char 
  msgtype         2   38[BANK1 ] PTR unsigned char 
		 -> main@msgtype(1), 
  data            2   40[BANK1 ] PTR void 
		 -> main@msgbuffer(11), 
 Auto vars:     Size  Location     Type
  maxlength       1   42[BANK1 ] unsigned char 
 Return value:  Size  Location     Type
                  1    wreg      char 
 Registers used:
		wreg, fsr1l, fsr1h, fsr2l, fsr2h, status,2, status,0, prodl, prodh, cstack
 Tracked objects:
		On entry : 
		On exit  : 
		Unchanged: 
 Data sizes:     COMRAM   BANK0   BANK1   BANK2   BANK3
      Params:         0       0       4       0       0
      Locals:         0       0       1       0       0
      Temps:          0       0       0       0       0
      Totals:         0       0       5       0       0
Total ram usage:        5 bytes
 Hardware stack levels used:    1
 Hardware stack levels required when called:   13
 This function calls:
		_recv_msg
 This function is called by:
		_main
 This function uses a non-reentrant model


 *************** function _recv_msg *****************
 Defined at:
		line 64 in file "../src/messages.c"
 Parameters:    Size  Location     Type
  qptr            2   24[BANK1 ] PTR struct __msg_queue
		 -> FromMainHigh_MQ(54), FromMainLow_MQ(54), ToMainHigh_MQ(54), ToMainLow_MQ(54), 
  maxlength       1   26[BANK1 ] unsigned char 
  msgtype         2   27[BANK1 ] PTR unsigned char 
		 -> main@msgtype(1), 
  data            2   29[BANK1 ] PTR void 
		 -> main@msgbuffer(11), 
 Auto vars:     Size  Location     Type
  qmsg            2   36[BANK1 ] PTR struct __msg
[...]
  memcpy          2   52[COMRAM] PTR unsigned char 
		 -> FromMainLow_MQ.queue(52), FromMainHigh_MQ.queue(52), ToMainHigh_MQ.queue(52), ToMainLow_MQ.queue(52), 
		 -> FromMainHigh_MQ(54), FromMainLow_MQ(54), ToMainHigh_MQ(54), ToMainLow_MQ(54), 
		 -> main@msgbuffer(11), 
 Return value:  Size  Location     Type
                  2   46[COMRAM] PTR void 
 Registers used:
		wreg, fsr1l, fsr1h, fsr2l, fsr2h, status,2, status,0
 Tracked objects:
		On entry : 
		On exit  : 
		Unchanged: 
 Data sizes:     COMRAM   BANK0   BANK1   BANK2   BANK3
      Params:         6       0       0       0       0
      Locals:         4       0       0       0       0
      Temps:          0       0       0       0       0
      Totals:        10       0       0       0       0
Total ram usage:       10 bytes
 Hardware stack levels used:    1
 This function calls:
		Nothing
 This function is called by:
		i2_send_msg
 This function uses a non-reentrant model


 *************** function _setBrainReqData *****************
 Defined at:
		line 16 in file "../src/sensorcomm.c"
 Parameters:    Size  Location     Type
  buf             2   48[COMRAM] PTR unsigned char 
		 -> NULL(0), main@ic(121), 
 Auto vars:     Size  Location     Type
  tempBrain       2   50[COMRAM] PTR struct .
		 -> NULL(0), main@ic(121), 
 Return value:  Size  Location     Type
		None               void
 Registers used:
		wreg, fsr2l, fsr2h, status,2, status,0, cstack
 Tracked objects:
		On entry : 
		On exit  : 
		Unchanged: 
 Data sizes:     COMRAM   BANK0   BANK1   BANK2   BANK3
      Params:         2       0       0       0       0
      Locals:         2       0       0       0       0
      Temps:          0       0       0       0       0
      Totals:         4       0       0       0       0
Total ram usage:        4 bytes
 Hardware stack levels used:    1
 Hardware stack levels required when called:    1
 This function calls:
		_unpackBrainMsg
 This function is called by:
		_i2c_int_handler
 This function uses a non-reentrant model


 *************** function _unpackBrainMsg *****************
 Defined at:
		line 42 in file "../../../../common/communication/brain_rover.c"
 Parameters:    Size  Location     Type
  buf             2   46[COMRAM] PTR unsigned char 
		 -> NULL(0), main@ic(121), 
 Auto vars:     Size  Location     Type
		None
 Return value:  Size  Location     Type
                  2   46[COMRAM] PTR struct .
 Registers used:
		wreg, status,2, status,0
 Tracked objects:
		On entry : 
		On exit  : 
		Unchanged: 
 Data sizes:     COMRAM   BANK0   BANK1   BANK2   BANK3
      Params:         2       0       0       0       0
      Locals:         0       0       0       0       0
      Temps:          0       0       0       0       0
      Totals:         2       0       0       0       0
Total ram usage:        2 bytes
 Hardware stack levels used:    1
 This function calls:
		Nothing
 This function is called by:
		_setBrainReqData
 This function uses a non-reentrant model


 *************** function _sendRequestedData *****************
 Defined at:
		line 25 in file "../src/sensorcomm.c"
 Parameters:    Size  Location     Type
		None
 Auto vars:     Size  Location     Type
		None
 Return value:  Size  Location     Type
		None               void
 Registers used:
		wreg, fsr1l, fsr1h, fsr2l, fsr2h, status,2, status,0, prodl, prodh, cstack
 Tracked objects:
		On entry : 
		On exit  : 
		Unchanged: 
 Data sizes:     COMRAM   BANK0   BANK1   BANK2   BANK3
      Params:         0       0       0       0       0
      Locals:         0       0       0       0       0
      Temps:          0       0       0       0       0
      Totals:         0       0       0       0       0
Total ram usage:        0 bytes
 Hardware stack levels used:    1
 Hardware stack levels required when called:    3
 This function calls:
		_sendADdata
		i2_resetADacc
 This function is called by:
		_i2c_int_handler
 This function uses a non-reentrant model


 *************** function i2_resetADacc *****************
 Defined at:
		line 72 in file "../src/sensorcomm.c"
 Parameters:    Size  Location     Type
		None
 Auto vars:     Size  Location     Type
  resetADacc      2   49[COMRAM] int 
 Return value:  Size  Location     Type
		None               void
 Registers used:
		wreg, fsr2l, fsr2h, status,2, status,0
 Tracked objects:
		On entry : 
		On exit  : 
		Unchanged: 
 Data sizes:     COMRAM   BANK0   BANK1   BANK2   BANK3
      Params:         0       0       0       0       0
      Locals:         2       0       0       0       0
      Temps:          3       0       0       0       0
      Totals:         5       0       0       0       0
Total ram usage:        5 bytes
 Hardware stack levels used:    1
 This function calls:
		Nothing
 This function is called by:
		_sendRequestedData
 This function uses a non-reentrant model


 *************** function _sendADdata *****************
 Defined at:
		line 34 in file "../src/sensorcomm.c"
 Parameters:    Size  Location     Type
		None
 Auto vars:     Size  Location     Type
  outBuff       103    8[BANK0 ] unsigned char [103]
  bytes_packed    2  111[BANK0 ] int 
 Return value:  Size  Location     Type
		None               void
 Registers used:
		wreg, fsr1l, fsr1h, fsr2l, fsr2h, status,2, status,0, prodl, prodh, cstack
 Tracked objects:
		On entry : 
		On exit  : 
		Unchanged: 
 Data sizes:     COMRAM   BANK0   BANK1   BANK2   BANK3
      Params:         0       0       0       0       0
      Locals:         0     105       0       0       0
      Temps:          0       0       0       0       0
      Totals:         0     105       0       0       0
Total ram usage:      105 bytes
 Hardware stack levels used:    1
 Hardware stack levels required when called:    2
 This function calls:
		_packADData
		i2_start_i2c_slave_reply
 This function is called by:
		_sendRequestedData
 This function uses a non-reentrant model


 *************** function i2_start_i2c_slave_reply *****************
 Defined at:
		line 60 in file "../src/my_i2c.c"
 Parameters:    Size  Location     Type
  length          1    wreg     unsigned char 
  msg             2   46[COMRAM] PTR unsigned char 
		 -> sendADdata@outBuff(103), main@msgbuffer(11), 
 Auto vars:     Size  Location     Type
  length          1   50[COMRAM] unsigned char 
 Return value:  Size  Location     Type
		None               void
 Registers used:
		wreg, fsr1l, fsr1h, fsr2l, fsr2h, status,2, status,0, prodl, prodh
 Tracked objects:
		On entry : 
		On exit  : 
		Unchanged: 
 Data sizes:     COMRAM   BANK0   BANK1   BANK2   BANK3
      Params:         2       0       0       0       0
      Locals:         1       0       0       0       0
      Temps:          2       0       0       0       0
      Totals:         5       0       0       0       0
Total ram usage:        5 bytes
 Hardware stack levels used:    1
 This function calls:
		Nothing
 This function is called by:
		_sendADdata
 This function uses a non-reentrant model


 *************** function _packADData *****************
 Defined at:
		line 38 in file "../../../../common/communication/brain_rover.c"
 Parameters:    Size  Location     Type
  data            2    0[BANK0 ] PTR struct .
		 -> ADacc(101), 
  len             2    2[BANK0 ] int 
  out             2    4[BANK0 ] PTR unsigned char 
		 -> sendADdata@outBuff(103), 
  maxout          2    6[BANK0 ] int 
 Auto vars:     Size  Location     Type
		None
 Return value:  Size  Location     Type
                  2    0[BANK0 ] int 
 Registers used:
		wreg, fsr1l, fsr1h, fsr2l, fsr2h, status,2, status,0, cstack
 Tracked objects:
		On entry : 
		On exit  : 
		Unchanged: 
 Data sizes:     COMRAM   BANK0   BANK1   BANK2   BANK3
      Params:         0       8       0       0       0
      Locals:         0       0       0       0       0
      Temps:          0       0       0       0       0
      Totals:         0       8       0       0       0
Total ram usage:        8 bytes
 Hardware stack levels used:    1
 Hardware stack levels required when called:    1
 This function calls:
		_packReturnData
 This function is called by:
		_sendADdata
 This function uses a non-reentrant model


 *************** function _packReturnData *****************
 Defined at:
		line 17 in file "../../../../common/communication/brain_rover.c"
 Parameters:    Size  Location     Type
  data            2   46[COMRAM] PTR unsigned char 
		 -> ADacc(101), 
  payloadLen      2   48[COMRAM] int 
  msg             2   50[COMRAM] PTR struct .
		 -> sendADdata@outBuff(103), 
  maxout          2   52[COMRAM] int 
  sensorID        2   54[COMRAM] int 
 Auto vars:     Size  Location     Type
  dest            2   61[COMRAM] PTR unsigned char 
		 -> sendADdata@outBuff.payload(0), sendADdata@outBuff(103), 
  end             2   59[COMRAM] PTR unsigned char 
		 -> sendADdata@outBuff.payload(0), sendADdata@outBuff(103), 
 Return value:  Size  Location     Type
                  2   46[COMRAM] int 
 Registers used:
		wreg, fsr1l, fsr1h, fsr2l, fsr2h, status,2, status,0
 Tracked objects:
		On entry : 
		On exit  : 
		Unchanged: 
 Data sizes:     COMRAM   BANK0   BANK1   BANK2   BANK3
      Params:        10       0       0       0       0
      Locals:         4       0       0       0       0
      Temps:          3       0       0       0       0
      Totals:        17       0       0       0       0
Total ram usage:       17 bytes
 Hardware stack levels used:    1
 This function calls:
		Nothing
 This function is called by:
		_packADData
 This function uses a non-reentrant model


 *************** function _handle_start *****************
 Defined at:
		line 78 in file "../src/my_i2c.c"
 Parameters:    Size  Location     Type
  data_read       1    wreg     unsigned char 
 Auto vars:     Size  Location     Type
  data_read       1   46[COMRAM] unsigned char 
 Return value:  Size  Location     Type
		None               void
 Registers used:
		wreg, fsr2l, fsr2h, status,2, status,0
 Tracked objects:
		On entry : 
		On exit  : 
		Unchanged: 
 Data sizes:     COMRAM   BANK0   BANK1   BANK2   BANK3
      Params:         0       0       0       0       0
      Locals:         1       0       0       0       0
      Temps:          0       0       0       0       0
      Totals:         1       0       0       0       0
Total ram usage:        1 bytes
 Hardware stack levels used:    1
 This function calls:
		Nothing
 This function is called by:
		_i2c_int_handler
 This function uses a non-reentrant model


 *************** function _SleepIfOkay *****************
 Defined at:
		line 229 in file "../src/messages.c"
 Parameters:    Size  Location     Type
		None
 Auto vars:     Size  Location     Type
		None
 Return value:  Size  Location     Type
		None               void
 Registers used:
		wreg, fsr2l, fsr2h, status,2, status,0, prodl, prodh, cstack
 Tracked objects:
		On entry : 
		On exit  : 
		Unchanged: 
 Data sizes:     COMRAM   BANK0   BANK1   BANK2   BANK3
      Params:         0       0       0       0       0
      Locals:         0       0       0       0       0
      Temps:          0       0       0       0       0
      Totals:         0       0       0       0       0
Total ram usage:        0 bytes
 Hardware stack levels used:    1
 Hardware stack levels required when called:    2
 This function calls:
		_enter_sleep_mode
		i2_check_msg
		i2_in_high_int
		i2_in_low_int
 This function is called by:
		_InterruptHandlerHigh
 This function uses a non-reentrant model


 *************** function i2_in_low_int *****************
 Defined at:
		line 32 in file "../src/interrupts.c"
 Parameters:    Size  Location     Type
		None
 Auto vars:     Size  Location     Type
		None
 Return value:  Size  Location     Type
                  2   48[COMRAM] int 
 Registers used:
		wreg, status,2, status,0, cstack
 Tracked objects:
		On entry : 
		On exit  : 
		Unchanged: 
 Data sizes:     COMRAM   BANK0   BANK1   BANK2   BANK3
      Params:         2       0       0       0       0
      Locals:         0       0       0       0       0
      Temps:          0       0       0       0       0
      Totals:         2       0       0       0       0
Total ram usage:        2 bytes
 Hardware stack levels used:    1
 Hardware stack levels required when called:    1
 This function calls:
		i2_in_high_int
 This function is called by:
		_SleepIfOkay
 This function uses a non-reentrant model


 *************** function i2_in_high_int *****************
 Defined at:
		line 24 in file "../src/interrupts.c"
 Parameters:    Size  Location     Type
		None
 Auto vars:     Size  Location     Type
		None
 Return value:  Size  Location     Type
                  2   46[COMRAM] int 
 Registers used:
		wreg, status,2
 Tracked objects:
		On entry : 
		On exit  : 
		Unchanged: 
 Data sizes:     COMRAM   BANK0   BANK1   BANK2   BANK3
      Params:         2       0       0       0       0
      Locals:         0       0       0       0       0
      Temps:          0       0       0       0       0
      Totals:         2       0       0       0       0
Total ram usage:        2 bytes
 Hardware stack levels used:    1
 This function calls:
		Nothing
 This function is called by:
		_SleepIfOkay
		i2_in_low_int
 This function uses a non-reentrant model


 *************** function i2_check_msg *****************
 Defined at:
		line 223 in file "../src/messages.c"
 Parameters:    Size  Location     Type
  qptr            2   46[COMRAM] PTR struct __msg_queue
		 -> ToMainHigh_MQ(54), ToMainLow_MQ(54), 
 Auto vars:     Size  Location     Type
		None
 Return value:  Size  Location     Type
                  1    wreg      unsigned char 
 Registers used:
		wreg, fsr2l, fsr2h, status,2, status,0, prodl, prodh
 Tracked objects:
		On entry : 
		On exit  : 
		Unchanged: 
 Data sizes:     COMRAM   BANK0   BANK1   BANK2   BANK3
      Params:         2       0       0       0       0
      Locals:         0       0       0       0       0
      Temps:          1       0       0       0       0
      Totals:         3       0       0       0       0
Total ram usage:        3 bytes
 Hardware stack levels used:    1
 This function calls:
		Nothing
 This function is called by:
		_SleepIfOkay
 This function uses a non-reentrant model


 *************** function _enter_sleep_mode *****************
 Defined at:
		line 203 in file "../src/messages.c"
 Parameters:    Size  Location     Type
		None
 Auto vars:     Size  Location     Type
		None
 Return value:  Size  Location     Type
		None               void
 Registers used:
		None
 Tracked objects:
		On entry : 
		On exit  : 
		Unchanged: 
 Data sizes:     COMRAM   BANK0   BANK1   BANK2   BANK3
      Params:         0       0       0       0       0
      Locals:         0       0       0       0       0
      Temps:          0       0       0       0       0
      Totals:         0       0       0       0       0
Total ram usage:        0 bytes
 Hardware stack levels used:    1
 This function calls:
		Nothing
 This function is called by:
		_SleepIfOkay
 This function uses a non-reentrant model



MODULE INFORMATION

Module		Function		Class		Link	Load	Size
C:\Program Files\Microchip\xc8\v1.30\sources\pic18\plib\Timers\t0write.c
		_WriteTimer0   		CODE           	1BEC	0000	18

C:\Program Files\Microchip\xc8\v1.30\sources\pic18\plib\Timers\t0write.c estimated size: 18

../src/user_interrupts.c
		_timer0_int_han		CODE           	1B7E	0000	28

../src/user_interrupts.c estimated size: 28

C:\Program Files\Microchip\xc8\v1.30\sources\pic18\d10tcyx.c
		_Delay10TCYx   		CODE           	1B9A	0000	22

C:\Program Files\Microchip\xc8\v1.30\sources\pic18\d10tcyx.c estimated size: 22

C:\Program Files\Microchip\xc8\v1.30\sources\pic18\plib\ADC\adcopen.c
		_OpenADC       		CODE           	10B4	0000	132

C:\Program Files\Microchip\xc8\v1.30\sources\pic18\plib\ADC\adcopen.c estimated size: 132

shared
		i2_send_msg    		CODE           	0D18	0000	210
		i2_ToMainHigh_s		CODE           	1A9E	0000	42
		i2_setDBG      		CODE           	193C	0000	60
		i2_in_high_int 		CODE           	1BFE	0000	12
		__initializatio		CODE           	14D0	0000	80
		i2_in_low_int  		CODE           	1A1C	0000	46
		i2_resetDBG    		CODE           	1978	0000	60
		i2_debugNum    		CODE           	157C	0000	82
		i2_resetADacc  		CODE           	161E	0000	78
		i2_start_i2c_sl		CODE           	0C24	0000	244
		i1_memcpy      		CODE           	17C8	0000	64
		i2_memcpy      		CODE           	1808	0000	64
		i2_check_msg   		CODE           	1B3A	0000	36

shared estimated size: 1078

../src/my_i2c.c
		_start_i2c_slav		CODE           	0B16	0000	270
		_handle_start  		CODE           	0DEA	0000	200
		_i2c_configure_		CODE           	1AC8	0000	40
		_init_i2c      		CODE           	1408	0000	106
		_i2c_int_handle		CODE           	00B0	0000	1544

../src/my_i2c.c estimated size: 2160

../../../../common/communication/brain_rover.c
		_packADData    		CODE           	1886	0000	62
		_unpackBrainMsg		CODE           	1C14	0000	10
		_packReturnData		CODE           	100C	0000	168

../../../../common/communication/brain_rover.c estimated size: 240

C:\Program Files\Microchip\xc8\v1.30\sources\pic18\plib\Timers\t0open.c
		_OpenTimer0    		CODE           	1A74	0000	42

C:\Program Files\Microchip\xc8\v1.30\sources\pic18\plib\Timers\t0open.c estimated size: 42

../src/debug.c
		_setDBG        		CODE           	18C4	0000	60
		_debugNum      		CODE           	152A	0000	82
		_resetDBG      		CODE           	1900	0000	60

../src/debug.c estimated size: 202

../src/sensorcomm.c
		_sendADdata    		CODE           	1326	0000	116
		_resetADacc    		CODE           	12B2	0000	116
		_sendRequestedD		CODE           	1BC6	0000	20
		_addADDataPoint		CODE           	0EB2	0000	176
		_addDataPoints 		CODE           	1A4A	0000	42
		_setBrainReqDat		CODE           	19EA	0000	50
		_resetAccumulat		CODE           	1C26	0000	6

../src/sensorcomm.c estimated size: 526

../src/my_adc.c
		_init_adc      		CODE           	1848	0000	62
		_addBuffer     		CODE           	1B16	0000	36
		_adc_int_handle		CODE           	15CE	0000	80

../src/my_adc.c estimated size: 178

C:\Program Files\Microchip\xc8\v1.30\sources\pic18\d1ktcyx.c
		_Delay1KTCYx   		CODE           	1BB0	0000	22

C:\Program Files\Microchip\xc8\v1.30\sources\pic18\d1ktcyx.c estimated size: 22

../src/interrupts.c
		_enable_interru		CODE           	1C1E	0000	8
		_in_low_int    		CODE           	16BA	0000	70
		_in_main       		CODE           	1700	0000	68
		_in_high_int   		CODE           	1BDA	0000	18
		_InterruptHandl		CODE           	0018	0000	148
		_InterruptHandl		CODE           	0008	0000	4530

../src/interrupts.c estimated size: 4842

C:\Program Files\Microchip\xc8\v1.30\sources\common\memcpy.c
		_memcpy        		CODE           	1472	0000	94

C:\Program Files\Microchip\xc8\v1.30\sources\common\memcpy.c estimated size: 94

C:\Program Files\Microchip\xc8\v1.30\sources\pic18\plib\ADC\adcsetch.c
		_SetChanADC    		CODE           	1B5E	0000	32

C:\Program Files\Microchip\xc8\v1.30\sources\pic18\plib\ADC\adcsetch.c estimated size: 32

../src/messages.c
		_ToMainHigh_sen		CODE           	1AF0	0000	38
		_ToMainHigh_rec		CODE           	1786	0000	66
		_block_on_To_ms		CODE           	11BA	0000	126
		_check_msg     		CODE           	19B4	0000	54
		_ToMainLow_recv		CODE           	1744	0000	66
		_enter_sleep_mo		CODE           	1C2C	0000	6
		_send_msg      		CODE           	0F62	0000	170
		_init_queue    		CODE           	1238	0000	122
		_init_queues   		CODE           	139A	0000	110
		_recv_msg      		CODE           	09E0	0000	310
		_SleepIfOkay   		CODE           	166C	0000	78

../src/messages.c estimated size: 1146

C:\Program Files\Microchip\xc8\v1.30\sources\pic18\plib\ADC\adcread.c
		_ReadADC       		CODE           	1C0A	0000	10

C:\Program Files\Microchip\xc8\v1.30\sources\pic18\plib\ADC\adcread.c estimated size: 10

../src/main.c
		_main          		CODE           	06B8	0000	808

../src/main.c estimated size: 808

