Microchip MPLAB XC8 Compiler V1.30 ()

Linker command line:

--edf=C:\Program Files\Microchip\xc8\v1.30\dat\en_msgs.txt -cs \
  -h+dist/UseXC8/production\PIC_Framework_3.X.production.sym \
  --cmf=dist/UseXC8/production\PIC_Framework_3.X.production.cmf -z \
  -Q18F45J10 -oC:\Users\Kindel\AppData\Local\Temp\s2mg.6 \
  -Mdist/UseXC8/production/PIC_Framework_3.X.production.map -E1 -ver=XC8 \
  -ASTACK=02B2h-03ffh -pstack=STACK -ACODE=00h-07FF7h -ACONST=00h-07FF7h \
  -ASMALLCONST=0400h-04FFhx123,07F00h-07FF7h -AMEDIUMCONST=0400h-07FF7h \
  -ACOMRAM=01h-07Fh -AABS1=00h-03FFh -ABIGRAM=01h-03FFh \
  -ARAM=080h-0FFh,0100h-01FFhx3 -ABANK0=080h-0FFh -ABANK1=0100h-01FFh \
  -ABANK2=0200h-02FFh -ABANK3=0300h-03FFh -ASFR=0F80h-0FFFh \
  -preset_vec=00h,intcode=08h,intcodelo=018h,powerup,init,end_init \
  -pramtop=0400h -psmallconst=SMALLCONST -pmediumconst=MEDIUMCONST \
  -pconst=CONST -AFARRAM=00h-00h -ACONFIG=07FF8h-07FFDh -pconfig=CONFIG \
  -pjflash_buffer=07800h \
  -prdata=COMRAM,nvrram=COMRAM,nvbit=COMRAM,rbss=COMRAM,rbit=COMRAM \
  -pfarbss=FARRAM,fardata=FARRAM,nvFARRAM=FARRAM \
  -pintsave_regs=BIGRAM,bigbss=BIGRAM,bigdata=BIGRAM -pbss=RAM \
  -pidata=CODE,irdata=CODE,ibigdata=CODE,ifardata=CODE \
  C:\Users\Kindel\AppData\Local\Temp\s2mg.obj \
  dist/UseXC8/production\PIC_Framework_3.X.production.obj 

Object code version is 3.11

Machine type is 18F45J10

Call graph: (short form)




                Name                               Link     Load   Length Selector   Space Scale
C:\Users\Kindel\AppData\Local\Temp\s2mg.obj
                end_init                             B6       B6        4        C       0
                reset_vec                             0        0        4        0       0
                config                             7FF8     7FF8        6     7FF8       0
dist/UseXC8/production\PIC_Framework_3.X.production.obj
                intcodelo                            18       18       9E        C       0
                intcode                               8        8        C        4       0
                text59                             1E9A     1E9A        6        C       0
                text58                             1D84     1D84       24        C       0
                text57                             1E7C     1E7C        C        C       0
                text56                             1CB8     1CB8       2E        C       0
                text55                             1962     1962       4E        C       0
                text54                             1AFE     1AFE       40        C       0
                text53                             112E     112E       AA        C       0
                text52                             1D5E     1D5E       26        C       0
                text51                              FBC      FBC       C8        C       0
                text50                             1438     1438       86        C       0
                text49                             11D8     11D8       A8        C       0
                text48                             1C20     1C20       36        C       0
                text47                              DF6      DF6       F4        C       0
                text46                             18BC     18BC       58        C       0
                text45                             17FA     17FA       64        C       0
                text44                             1E88     1E88        A        C       0
                text43                             1DFA     1DFA       16        C       0
                text42                               BA       BA      600        C       0
                text41                              EEA      EEA       D2        C       0
                text40                             1C56     1C56       32        C       0
                text39                             1E6A     1E6A       12        C       0
                text38                             1638     1638       78        C       0
                intcode_body                       14BE     14BE       82        C       0
                text36                             1E58     1E58       12        C       0
                text35                             1ABE     1ABE       40        C       0
                text34                             1084     1084       AA        C       0
                text33                             1D38     1D38       26        C       0
                text32                             1E46     1E46       12        C       0
                text31                             1C88     1C88       30        C       0
                text30                             1DC6     1DC6       1E        C       0
                text29                             1280     1280       9C        C       0
                text27                             1CE6     1CE6       2A        C       0
                text26                             1B7C     1B7C       38        C       0
                text25                             131C     131C       92        C       0
                text24                             185E     185E       5E        C       0
                text23                              AAE      AAE      136        C       0
                text22                             1A7C     1A7C       42        C       0
                text21                             1A3A     1A3A       42        C       0
                text20                             1DE4     1DE4       16        C       0
                text19                             1BEA     1BEA       36        C       0
                text18                             1E34     1E34       12        C       0
                text17                             19B0     19B0       46        C       0
                text16                             19F6     19F6       44        C       0
                text15                             1540     1540       7E        C       0
                text14                             1E92     1E92        8        C       0
                text13                             1D10     1D10       28        C       0
                text12                             1790     1790       6A        C       0
                text11                             15BE     15BE       7A        C       0
                text10                             1722     1722       6E        C       0
                text9                              1E22     1E22       12        C       0
                text8                              1DA8     1DA8       1E        C       0
                text7                               BE4      BE4      10E        C       0
                text6                              1E10     1E10       12        C       0
                text5                               CF2      CF2      104        C       0
                text4                              1BB4     1BB4       36        C       0
                text3                              13AE     13AE       8A        C       0
                text2                              16B0     16B0       72        C       0
                text1                              1B3E     1B3E       3E        C       0
                text0                               6BA      6BA      3F4        C       0
                cstackCOMRAM                          1        1       47        1       1
                cstackBANK0                          80       80       76       80       1
                cstackBANK1                         16C      16C       3C      100       1
                cstackBANK2                         26C      26C       46      200       1
                bssBANK2                            200      200       6C      200       1
                bssBANK1                            100      100       6C      100       1
                bssBANK0                             F6       F6        2       80       1
                dataCOMRAM                           48       48        5        1       1
                bssCOMRAM                            4D       4D        3        1       1
                cinit                              1914     1914       4E        C       0
                nvBANK1                             1A8      1A8        2      100       1
                nvCOMRAM                             50       50        2        1       1
                idataCOMRAM                        1EA0     1EA0        5        C       0

TOTAL           Name                               Link     Load   Length     Space
        CLASS   STACK          

        CLASS   CODE           
                end_init                             B6       B6        4         0
                intcodelo                            18       18       9E         0
                intcode                               8        8        C         0
                reset_vec                             0        0        4         0
                text59                             1E9A     1E9A        6         0
                text58                             1D84     1D84       24         0
                text57                             1E7C     1E7C        C         0
                text56                             1CB8     1CB8       2E         0
                text55                             1962     1962       4E         0
                text54                             1AFE     1AFE       40         0
                text53                             112E     112E       AA         0
                text52                             1D5E     1D5E       26         0
                text51                              FBC      FBC       C8         0
                text50                             1438     1438       86         0
                text49                             11D8     11D8       A8         0
                text48                             1C20     1C20       36         0
                text47                              DF6      DF6       F4         0
                text46                             18BC     18BC       58         0
                text45                             17FA     17FA       64         0
                text44                             1E88     1E88        A         0
                text43                             1DFA     1DFA       16         0
                text42                               BA       BA      600         0
                text41                              EEA      EEA       D2         0
                text40                             1C56     1C56       32         0
                text39                             1E6A     1E6A       12         0
                text38                             1638     1638       78         0
                intcode_body                       14BE     14BE       82         0
                text36                             1E58     1E58       12         0
                text35                             1ABE     1ABE       40         0
                text34                             1084     1084       AA         0
                text33                             1D38     1D38       26         0
                text32                             1E46     1E46       12         0
                text31                             1C88     1C88       30         0
                text30                             1DC6     1DC6       1E         0
                text29                             1280     1280       9C         0
                text27                             1CE6     1CE6       2A         0
                text26                             1B7C     1B7C       38         0
                text25                             131C     131C       92         0
                text24                             185E     185E       5E         0
                text23                              AAE      AAE      136         0
                text22                             1A7C     1A7C       42         0
                text21                             1A3A     1A3A       42         0
                text20                             1DE4     1DE4       16         0
                text19                             1BEA     1BEA       36         0
                text18                             1E34     1E34       12         0
                text17                             19B0     19B0       46         0
                text16                             19F6     19F6       44         0
                text15                             1540     1540       7E         0
                text14                             1E92     1E92        8         0
                text13                             1D10     1D10       28         0
                text12                             1790     1790       6A         0
                text11                             15BE     15BE       7A         0
                text10                             1722     1722       6E         0
                text9                              1E22     1E22       12         0
                text8                              1DA8     1DA8       1E         0
                text7                               BE4      BE4      10E         0
                text6                              1E10     1E10       12         0
                text5                               CF2      CF2      104         0
                text4                              1BB4     1BB4       36         0
                text3                              13AE     13AE       8A         0
                text2                              16B0     16B0       72         0
                text1                              1B3E     1B3E       3E         0
                text0                               6BA      6BA      3F4         0
                cinit                              1914     1914       4E         0
                idataCOMRAM                        1EA0     1EA0        5         0

        CLASS   CONST          

        CLASS   SMALLCONST     

        CLASS   MEDIUMCONST    

        CLASS   COMRAM         
                cstackCOMRAM                          1        1       47         1
                dataCOMRAM                           48       48        5         1
                bssCOMRAM                            4D       4D        3         1
                nvCOMRAM                             50       50        2         1

        CLASS   ABS1           

        CLASS   BIGRAM         

        CLASS   RAM            

        CLASS   BANK0          
                cstackBANK0                          80       80       76         1
                bssBANK0                             F6       F6        2         1

        CLASS   BANK1          
                cstackBANK1                         16C      16C       3C         1
                bssBANK1                            100      100       6C         1
                nvBANK1                             1A8      1A8        2         1

        CLASS   BANK2          
                cstackBANK2                         26C      26C       46         1
                bssBANK2                            200      200       6C         1

        CLASS   BANK3          

        CLASS   SFR            

        CLASS   FARRAM         

        CLASS   CONFIG         
                config                             7FF8     7FF8        6         0

        CLASS   IDLOC          



SEGMENTS        Name                           Load    Length   Top    Selector   Space  Class

                reset_vec                      000000  000004  000004         0       0  CODE    
                cstackCOMRAM                   000001  000051  000052         1       1  COMRAM  
                intcode                        000008  00000C  000014         4       0  CODE    
                intcodelo                      000018  001E8D  001EA5         C       0  CODE    
                cstackBANK0                    000080  000078  0000F8        80       1  BANK0   
                bssBANK1                       000100  0000AA  0001AA       100       1  BANK1   
                bssBANK2                       000200  0000B2  0002B2       200       1  BANK2   
                config                         007FF8  000006  007FFE      7FF8       0  CONFIG  


UNUSED ADDRESS RANGES

        Name                Unused          Largest block    Delta
        BANK0            000F8-000FF               8
        BANK1            001AA-001FF              56
        BANK2            002B2-002FF              4E
        BANK3            00300-003FF             100
        BIGRAM           00052-0007F              2E
                         000F8-000FF               8
                         001AA-001FF              56
                         002B2-003FF             14E
        CODE             00004-00007               4
                         00014-00017               4
                         01EA5-07FF7            6153
        COMRAM           00052-0007F              2E
        CONST            00004-00007               4
                         00014-00017               4
                         01EA5-07FF7            6153
        MEDIUMCONST      01EA5-07FF7            6153
        RAM              000F8-000FF               8
                         001AA-001FF              56
                         002B2-003FF              4E
        SFR              00F80-00FFF              80
        SMALLCONST       01EA5-07FF7             100
        STACK            002B2-003FF             14E

                                  Symbol Table

?_ReadTimer1                      cstackCOMRAM  00001
?___lwmod                         cstackBANK1   00183
?_in_high_int                     cstackBANK1   00183
?_in_low_int                      cstackBANK1   00185
?_in_main                         cstackBANK1   00187
?_packADData                      cstackCOMRAM  00040
?_packReturnData                  cstackCOMRAM  0002F
?_unpackBrainMsg                  cstackCOMRAM  0002F
?i2_in_high_int                   cstackCOMRAM  0002F
?i2_in_low_int                    cstackCOMRAM  00031
Delay1KTCYx@unit                  cstackBANK1   00183
FromMainHigh_recvmsg@data         cstackBANK0   00082
FromMainHigh_recvmsg@maxlength    cstackCOMRAM  00047
FromMainHigh_recvmsg@msgtype      cstackBANK0   00080
FromMainHigh_sendmsg@data         cstackBANK1   0019A
FromMainHigh_sendmsg@length       cstackBANK1   0019C
FromMainHigh_sendmsg@msgtype      cstackBANK1   00199
OpenTimer0@config                 cstackBANK1   00183
OpenTimer1@config                 cstackBANK1   00183
OpenUSART@config                  cstackBANK1   00188
OpenUSART@spbrg                   cstackBANK1   00183
ReadTimer1@timer                  cstackCOMRAM  00003
ReadUSART@data                    cstackCOMRAM  00001
ToMainHigh_recvmsg@data           cstackBANK1   0019D
ToMainHigh_recvmsg@maxlength      cstackBANK1   0019F
ToMainHigh_recvmsg@msgtype        cstackBANK1   0019B
ToMainHigh_sendmsg@data           cstackCOMRAM  00046
ToMainHigh_sendmsg@length         cstackBANK0   00080
ToMainHigh_sendmsg@msgtype        cstackCOMRAM  00045
ToMainLow_recvmsg@data            cstackBANK1   0019D
ToMainLow_recvmsg@maxlength       cstackBANK1   0019F
ToMainLow_recvmsg@msgtype         cstackBANK1   0019B
ToMainLow_sendmsg@data            cstackCOMRAM  00018
ToMainLow_sendmsg@length          cstackCOMRAM  0001A
ToMainLow_sendmsg@msgtype         cstackCOMRAM  00017
WriteTimer0@timer                 cstackCOMRAM  00031
WriteTimer0@timer0                cstackCOMRAM  0002F
WriteTimer1@timer                 cstackCOMRAM  00003
WriteTimer1@timer1                cstackCOMRAM  00001
_BrainMsgRecv                     bssBANK0      000F6
_Delay1KTCYx                      text20        01DE4
_FromMainHigh_MQ                  bssBANK2      00200
_FromMainHigh_recvmsg             text40        01C56
_FromMainHigh_sendmsg             text4         01BB4
_FromMainLow_MQ                   bssBANK2      00236
_INTCONbits                       (abs)         00FF2
_IPR1bits                         (abs)         00F9F
_InterruptHandlerHigh             intcode       00008
_InterruptHandlerLow              intcodelo     00018
_LATB                             (abs)         00F8A
_LATBbits                         (abs)         00F8A
_MQ_Main_Willing_to_block         bssCOMRAM     0004D
_OSCCON                           (abs)         00FD3
_OSCCONbits                       (abs)         00FD3
_OSCTUNEbits                      (abs)         00F9B
_OpenTimer0                       text27        01CE6
_OpenTimer1                       text26        01B7C
_OpenUSART                        text25        0131C
_PIE1bits                         (abs)         00F9D
_PIR1bits                         (abs)         00F9E
_RCONbits                         (abs)         00FD0
_RCREG                            (abs)         00FAE
_RCSTA                            (abs)         00FAB
_RCSTAbits                        (abs)         00FAB
_ReadTimer1                       text36        01E58
_ReadUSART                        text30        01DC6
_SPBRG                            (abs)         00FAF
_SPBRGH                           (abs)         00FB0
_SSPADD                           (abs)         00FC8
_SSPBUF                           (abs)         00FC9
_SSPCON1                          (abs)         00FC6
_SSPCON1bits                      (abs)         00FC6
_SSPCON2                          (abs)         00FC5
_SSPCON2bits                      (abs)         00FC5
_SSPSTAT                          (abs)         00FC7
_SSPSTATbits                      (abs)         00FC7
_SleepIfOkay                      text55        01962
_T0CON                            (abs)         00FD5
_T0CONbits                        (abs)         00FD5
_T1CON                            (abs)         00FCD
_T1CONbits                        (abs)         00FCD
_TMR0H                            (abs)         00FD7
_TMR0L                            (abs)         00FD6
_TMR1H                            (abs)         00FCF
_TMR1L                            (abs)         00FCE
_TRISB                            (abs)         00F93
_TRISCbits                        (abs)         00F94
_TXSTA                            (abs)         00FAC
_TXSTAbits                        (abs)         00FAC
_ToMainHigh_MQ                    bssBANK1      00100
_ToMainHigh_recvmsg               text22        01A7C
_ToMainHigh_sendmsg               text52        01D5E
_ToMainLow_MQ                     bssBANK1      00136
_ToMainLow_recvmsg                text21        01A3A
_ToMainLow_sendmsg                text33        01D38
_USART_Status                     bssCOMRAM     0004E
_WriteTimer0                      text39        01E6A
_WriteTimer1                      text32        01E46
__CFG_CCP2MX$DEFAULT              (abs)         00000
__CFG_CP0$OFF                     (abs)         00000
__CFG_FCMEN$ON                    (abs)         00000
__CFG_FOSC$HSPLL                  (abs)         00000
__CFG_FOSC2$ON                    (abs)         00000
__CFG_IESO$ON                     (abs)         00000
__CFG_STVREN$OFF                  (abs)         00000
__CFG_WDTEN$OFF                   (abs)         00000
__CFG_WDTPS$32768                 (abs)         00000
__CFG_XINST$OFF                   (abs)         00000
__HRAM                            (abs)         00000
__Habs1                           abs1          00000
__Hbank0                          bank0         00000
__Hbank1                          bank1         00000
__Hbank2                          bank2         00000
__Hbank3                          bank3         00000
__Hbigbss                         bigbss        00000
__Hbigdata                        bigdata       00000
__Hbigram                         bigram        00000
__Hbss                            bss           00000
__HbssBANK0                       bssBANK0      00000
__HbssBANK1                       bssBANK1      00000
__HbssBANK2                       bssBANK2      00000
__HbssCOMRAM                      bssCOMRAM     00000
__Hcinit                          cinit         00000
__Hclrtext                        clrtext       00000
__Hcomram                         comram        00000
__Hconfig                         config        07FFE
__Hconst                          const         00000
__HcstackBANK0                    cstackBANK0   00000
__HcstackBANK1                    cstackBANK1   00000
__HcstackBANK2                    cstackBANK2   00000
__HcstackCOMRAM                   cstackCOMRAM  00000
__Hdata                           data          00000
__HdataCOMRAM                     dataCOMRAM    00000
__Hend_init                       end_init      000BA
__Hfarbss                         farbss        00000
__Hfardata                        fardata       00000
__Hibigdata                       ibigdata      00000
__Hidata                          idata         00000
__HidataCOMRAM                    idataCOMRAM   00000
__Hidloc                          idloc         00000
__Hifardata                       ifardata      00000
__Hinit                           init          000B6
__Hintcode                        intcode       00014
__Hintcode_body                   intcode_body  00000
__Hintcodelo                      intcodelo     000B6
__Hintentry                       intentry      00000
__Hintret                         intret        00000
__Hintsave_regs                   intsave_regs  00000
__Hirdata                         irdata        00000
__Hjflash_buffer                  jflash_buffer 07800
__Hmediumconst                    mediumconst   00000
__HnvBANK1                        nvBANK1       00000
__HnvCOMRAM                       nvCOMRAM      00000
__HnvFARRAM                       nvFARRAM      00000
__Hnvbit                          nvbit         00000
__Hnvrram                         nvrram        00000
__Hparam                          rparam        00000
__Hpowerup                        powerup       000B6
__Hram                            ram           00000
__Hramtop                         ramtop        00400
__Hrbit                           rbit          00000
__Hrbss                           rbss          00000
__Hrdata                          rdata         00000
__Hreset_vec                      reset_vec     00004
__Hrparam                         rparam        00000
__Hsfr                            sfr           00000
__Hsmallconst                     smallconst    00000
__Hstack                          stack         00000
__Hstruct                         struct        00000
__Htemp                           temp          00000
__Htext                           text          00000
__Htext0                          text0         00000
__Htext1                          text1         00000
__Htext10                         text10        00000
__Htext11                         text11        00000
__Htext12                         text12        00000
__Htext13                         text13        00000
__Htext14                         text14        00000
__Htext15                         text15        00000
__Htext16                         text16        00000
__Htext17                         text17        00000
__Htext18                         text18        00000
__Htext19                         text19        00000
__Htext2                          text2         00000
__Htext20                         text20        00000
__Htext21                         text21        00000
__Htext22                         text22        00000
__Htext23                         text23        00000
__Htext24                         text24        00000
__Htext25                         text25        00000
__Htext26                         text26        00000
__Htext27                         text27        00000
__Htext29                         text29        00000
__Htext3                          text3         00000
__Htext30                         text30        00000
__Htext31                         text31        00000
__Htext32                         text32        00000
__Htext33                         text33        00000
__Htext34                         text34        00000
__Htext35                         text35        00000
__Htext36                         text36        00000
__Htext38                         text38        00000
__Htext39                         text39        00000
__Htext4                          text4         00000
__Htext40                         text40        00000
__Htext41                         text41        00000
__Htext42                         text42        00000
__Htext43                         text43        00000
__Htext44                         text44        00000
__Htext45                         text45        00000
__Htext46                         text46        00000
__Htext47                         text47        00000
__Htext48                         text48        00000
__Htext49                         text49        00000
__Htext5                          text5         00000
__Htext50                         text50        00000
__Htext51                         text51        00000
__Htext52                         text52        00000
__Htext53                         text53        00000
__Htext54                         text54        00000
__Htext55                         text55        00000
__Htext56                         text56        00000
__Htext57                         text57        00000
__Htext58                         text58        00000
__Htext59                         text59        00000
__Htext6                          text6         00000
__Htext7                          text7         00000
__Htext8                          text8         00000
__Htext9                          text9         00000
__LRAM                            (abs)         00001
__Labs1                           abs1          00000
__Lbank0                          bank0         00000
__Lbank1                          bank1         00000
__Lbank2                          bank2         00000
__Lbank3                          bank3         00000
__Lbigbss                         bigbss        00000
__Lbigdata                        bigdata       00000
__Lbigram                         bigram        00000
__Lbss                            bss           00000
__LbssBANK0                       bssBANK0      00000
__LbssBANK1                       bssBANK1      00000
__LbssBANK2                       bssBANK2      00000
__LbssCOMRAM                      bssCOMRAM     00000
__Lcinit                          cinit         00000
__Lclrtext                        clrtext       00000
__Lcomram                         comram        00000
__Lconfig                         config        07FF8
__Lconst                          const         00000
__LcstackBANK0                    cstackBANK0   00000
__LcstackBANK1                    cstackBANK1   00000
__LcstackBANK2                    cstackBANK2   00000
__LcstackCOMRAM                   cstackCOMRAM  00000
__Ldata                           data          00000
__LdataCOMRAM                     dataCOMRAM    00000
__Lend_init                       end_init      000B6
__Lfarbss                         farbss        00000
__Lfardata                        fardata       00000
__Libigdata                       ibigdata      00000
__Lidata                          idata         00000
__LidataCOMRAM                    idataCOMRAM   00000
__Lidloc                          idloc         00000
__Lifardata                       ifardata      00000
__Linit                           init          000B6
__Lintcode                        intcode       00008
__Lintcode_body                   intcode_body  00000
__Lintcodelo                      intcodelo     00018
__Lintentry                       intentry      00000
__Lintret                         intret        00000
__Lintsave_regs                   intsave_regs  00000
__Lirdata                         irdata        00000
__Ljflash_buffer                  jflash_buffer 07800
__Lmediumconst                    mediumconst   00000
__LnvBANK1                        nvBANK1       00000
__LnvCOMRAM                       nvCOMRAM      00000
__LnvFARRAM                       nvFARRAM      00000
__Lnvbit                          nvbit         00000
__Lnvrram                         nvrram        00000
__Lparam                          rparam        00000
__Lpowerup                        powerup       000B6
__Lram                            ram           00000
__Lramtop                         ramtop        00400
__Lrbit                           rbit          00000
__Lrbss                           rbss          00000
__Lrdata                          rdata         00000
__Lreset_vec                      reset_vec     00000
__Lrparam                         rparam        00000
__Lsfr                            sfr           00000
__Lsmallconst                     smallconst    00000
__Lstack                          stack         00000
__Lstruct                         struct        00000
__Ltemp                           temp          00000
__Ltext                           text          00000
__Ltext0                          text0         00000
__Ltext1                          text1         00000
__Ltext10                         text10        00000
__Ltext11                         text11        00000
__Ltext12                         text12        00000
__Ltext13                         text13        00000
__Ltext14                         text14        00000
__Ltext15                         text15        00000
__Ltext16                         text16        00000
__Ltext17                         text17        00000
__Ltext18                         text18        00000
__Ltext19                         text19        00000
__Ltext2                          text2         00000
__Ltext20                         text20        00000
__Ltext21                         text21        00000
__Ltext22                         text22        00000
__Ltext23                         text23        00000
__Ltext24                         text24        00000
__Ltext25                         text25        00000
__Ltext26                         text26        00000
__Ltext27                         text27        00000
__Ltext29                         text29        00000
__Ltext3                          text3         00000
__Ltext30                         text30        00000
__Ltext31                         text31        00000
__Ltext32                         text32        00000
__Ltext33                         text33        00000
__Ltext34                         text34        00000
__Ltext35                         text35        00000
__Ltext36                         text36        00000
__Ltext38                         text38        00000
__Ltext39                         text39        00000
__Ltext4                          text4         00000
__Ltext40                         text40        00000
__Ltext41                         text41        00000
__Ltext42                         text42        00000
__Ltext43                         text43        00000
__Ltext44                         text44        00000
__Ltext45                         text45        00000
__Ltext46                         text46        00000
__Ltext47                         text47        00000
__Ltext48                         text48        00000
__Ltext49                         text49        00000
__Ltext5                          text5         00000
__Ltext50                         text50        00000
__Ltext51                         text51        00000
__Ltext52                         text52        00000
__Ltext53                         text53        00000
__Ltext54                         text54        00000
__Ltext55                         text55        00000
__Ltext56                         text56        00000
__Ltext57                         text57        00000
__Ltext58                         text58        00000
__Ltext59                         text59        00000
__Ltext6                          text6         00000
__Ltext7                          text7         00000
__Ltext8                          text8         00000
__Ltext9                          text9         00000
__S0                              (abs)         07FFE
__S1                              (abs)         002B2
__S2                              (abs)         00000
___extmem_base                    (abs)         20000
___inthi_sp                       stack         00000
___intlo_sp                       stack         00000
___lwmod                          text3         013AE
___lwmod@counter                  cstackBANK1   00188
___lwmod@dividend                 cstackBANK1   00183
___lwmod@divisor                  cstackBANK1   00185
___sp                             stack         00000
__accesstop                       (abs)         00080
__activetblptr                    (abs)         00002
__end_of_Delay1KTCYx              text20        01DFA
__end_of_FromMainHigh_recvmsg     text40        01C88
__end_of_FromMainHigh_sendmsg     text4         01BEA
__end_of_InterruptHandlerHigh     intcode_body  01540
__end_of_InterruptHandlerLow      intcodelo     000B6
__end_of_OpenTimer0               text27        01D10
__end_of_OpenTimer1               text26        01BB4
__end_of_OpenUSART                text25        013AE
__end_of_ReadTimer1               text36        01E6A
__end_of_ReadUSART                text30        01DE4
__end_of_SleepIfOkay              text55        019B0
__end_of_ToMainHigh_recvmsg       text22        01ABE
__end_of_ToMainHigh_sendmsg       text52        01D84
__end_of_ToMainLow_recvmsg        text21        01A7C
__end_of_ToMainLow_sendmsg        text33        01D5E
__end_of_WriteTimer0              text39        01E7C
__end_of_WriteTimer1              text32        01E58
__end_of___lwmod                  text3         01438
__end_of__initialization          cinit         01958
__end_of_block_on_To_msgqueues    text15        015BE
__end_of_check_msg                text19        01C20
__end_of_enable_interrupts        text14        01E9A
__end_of_enter_sleep_mode         text59        01EA0
__end_of_handle_start             text51        01084
__end_of_i2c_configure_slave      text13        01D38
__end_of_i2c_int_handler          text42        006BA
__end_of_in_high_int              text18        01E46
__end_of_in_low_int               text17        019F6
__end_of_in_main                  text16        01A3A
__end_of_init_i2c                 text12        017FA
__end_of_init_queue               text11        01638
__end_of_init_queues              text10        01790
__end_of_init_timer1_lthread      text9         01E34
__end_of_init_uart_recv           text8         01DC6
__end_of_main                     text0         00AAE
__end_of_memcpy                   text24        018BC
__end_of_packADData               text48        01C56
__end_of_packReturnData           text49        01280
__end_of_recv_msg                 text23        00BE4
__end_of_reqADData                text50        014BE
__end_of_sendADdata               text46        01914
__end_of_sendRequestedData        text45        0185E
__end_of_send_msg                 text5         00DF6
__end_of_setBrainReqData          text43        01E10
__end_of_start_i2c_slave_reply    text7         00CF2
__end_of_timer0_int_handler       text38        016B0
__end_of_timer0_lthread           text6         01E22
__end_of_timer1_int_handler       text31        01CB8
__end_of_timer1_lthread           text2         01722
__end_of_uart_lthread             text1         01B7C
__end_of_uart_recv_int_handler    text29        0131C
__end_of_unpackBrainMsg           text44        01E92
__end_ofi1_memcpy                 text35        01AFE
__end_ofi1_send_msg               text34        0112E
__end_ofi2_check_msg              text58        01DA8
__end_ofi2_in_high_int            text57        01E88
__end_ofi2_in_low_int             text56        01CE6
__end_ofi2_memcpy                 text54        01B3E
__end_ofi2_recv_msg               text41        00FBC
__end_ofi2_send_msg               text53        011D8
__end_ofi2_start_i2c_slave_reply  text47        00EEA
__initialization                  cinit         01914
__mediumconst                     mediumconst   00000
__pbssBANK0                       bssBANK0      000F6
__pbssBANK1                       bssBANK1      00100
__pbssBANK2                       bssBANK2      00200
__pbssCOMRAM                      bssCOMRAM     0004D
__pcinit                          cinit         01914
__pcstackBANK0                    cstackBANK0   00080
__pcstackBANK1                    cstackBANK1   0016C
__pcstackBANK2                    cstackBANK2   0026C
__pcstackCOMRAM                   cstackCOMRAM  00001
__pdataCOMRAM                     dataCOMRAM    00048
__pidataCOMRAM                    idataCOMRAM   01EA0
__pintcode                        intcode       00008
__pintcode_body                   intcode_body  014BE
__pintcodelo                      intcodelo     00018
__pnvBANK1                        nvBANK1       001A8
__pnvCOMRAM                       nvCOMRAM      00050
__ptext0                          text0         006BA
__ptext1                          text1         01B3E
__ptext10                         text10        01722
__ptext11                         text11        015BE
__ptext12                         text12        01790
__ptext13                         text13        01D10
__ptext14                         text14        01E92
__ptext15                         text15        01540
__ptext16                         text16        019F6
__ptext17                         text17        019B0
__ptext18                         text18        01E34
__ptext19                         text19        01BEA
__ptext2                          text2         016B0
__ptext20                         text20        01DE4
__ptext21                         text21        01A3A
__ptext22                         text22        01A7C
__ptext23                         text23        00AAE
__ptext24                         text24        0185E
__ptext25                         text25        0131C
__ptext26                         text26        01B7C
__ptext27                         text27        01CE6
__ptext29                         text29        01280
__ptext3                          text3         013AE
__ptext30                         text30        01DC6
__ptext31                         text31        01C88
__ptext32                         text32        01E46
__ptext33                         text33        01D38
__ptext34                         text34        01084
__ptext35                         text35        01ABE
__ptext36                         text36        01E58
__ptext38                         text38        01638
__ptext39                         text39        01E6A
__ptext4                          text4         01BB4
__ptext40                         text40        01C56
__ptext41                         text41        00EEA
__ptext42                         text42        000BA
__ptext43                         text43        01DFA
__ptext44                         text44        01E88
__ptext45                         text45        017FA
__ptext46                         text46        018BC
__ptext47                         text47        00DF6
__ptext48                         text48        01C20
__ptext49                         text49        011D8
__ptext5                          text5         00CF2
__ptext50                         text50        01438
__ptext51                         text51        00FBC
__ptext52                         text52        01D5E
__ptext53                         text53        0112E
__ptext54                         text54        01AFE
__ptext55                         text55        01962
__ptext56                         text56        01CB8
__ptext57                         text57        01E7C
__ptext58                         text58        01D84
__ptext59                         text59        01E9A
__ptext6                          text6         01E10
__ptext7                          text7         00BE4
__ptext8                          text8         01DA8
__ptext9                          text9         01E22
__ramtop                          ramtop        00400
__size_of_Delay1KTCYx             (abs)         00000
__size_of_FromMainHigh_recvmsg    (abs)         00000
__size_of_FromMainHigh_sendmsg    (abs)         00000
__size_of_InterruptHandlerHigh    (abs)         00000
__size_of_InterruptHandlerLow     (abs)         00000
__size_of_OpenTimer0              (abs)         00000
__size_of_OpenTimer1              (abs)         00000
__size_of_OpenUSART               (abs)         00000
__size_of_ReadTimer1              (abs)         00000
__size_of_ReadUSART               (abs)         00000
__size_of_SleepIfOkay             (abs)         00000
__size_of_ToMainHigh_recvmsg      (abs)         00000
__size_of_ToMainHigh_sendmsg      (abs)         00000
__size_of_ToMainLow_recvmsg       (abs)         00000
__size_of_ToMainLow_sendmsg       (abs)         00000
__size_of_WriteTimer0             (abs)         00000
__size_of_WriteTimer1             (abs)         00000
__size_of___lwmod                 (abs)         00000
__size_of_block_on_To_msgqueues   (abs)         00000
__size_of_check_msg               (abs)         00000
__size_of_enable_interrupts       (abs)         00000
__size_of_enter_sleep_mode        (abs)         00000
__size_of_handle_start            (abs)         00000
__size_of_i2c_configure_slave     (abs)         00000
__size_of_i2c_int_handler         (abs)         00000
__size_of_in_high_int             (abs)         00000
__size_of_in_low_int              (abs)         00000
__size_of_in_main                 (abs)         00000
__size_of_init_i2c                (abs)         00000
__size_of_init_queue              (abs)         00000
__size_of_init_queues             (abs)         00000
__size_of_init_timer1_lthread     (abs)         00000
__size_of_init_uart_recv          (abs)         00000
__size_of_main                    (abs)         00000
__size_of_memcpy                  (abs)         00000
__size_of_packADData              (abs)         00000
__size_of_packReturnData          (abs)         00000
__size_of_recv_msg                (abs)         00000
__size_of_reqADData               (abs)         00000
__size_of_sendADdata              (abs)         00000
__size_of_sendRequestedData       (abs)         00000
__size_of_send_msg                (abs)         00000
__size_of_setBrainReqData         (abs)         00000
__size_of_start_i2c_slave_reply   (abs)         00000
__size_of_timer0_int_handler      (abs)         00000
__size_of_timer0_lthread          (abs)         00000
__size_of_timer1_int_handler      (abs)         00000
__size_of_timer1_lthread          (abs)         00000
__size_of_uart_lthread            (abs)         00000
__size_of_uart_recv_int_handler   (abs)         00000
__size_of_unpackBrainMsg          (abs)         00000
__size_ofi1_memcpy                (abs)         00000
__size_ofi1_send_msg              (abs)         00000
__size_ofi2_check_msg             (abs)         00000
__size_ofi2_in_high_int           (abs)         00000
__size_ofi2_in_low_int            (abs)         00000
__size_ofi2_memcpy                (abs)         00000
__size_ofi2_recv_msg              (abs)         00000
__size_ofi2_send_msg              (abs)         00000
__size_ofi2_start_i2c_slave_reply (abs)         00000
__smallconst                      smallconst    00000
_block_on_To_msgqueues            text15        01540
_check_msg                        text19        01BEA
_enable_interrupts                text14        01E92
_enter_sleep_mode                 text59        01E9A
_handle_start                     text51        00FBC
_i2c_configure_slave              text13        01D10
_i2c_int_handler                  text42        000BA
_ic_ptr                           nvBANK1       001A8
_in_high_int                      text18        01E34
_in_low_int                       text17        019B0
_in_main                          text16        019F6
_init_i2c                         text12        01790
_init_queue                       text11        015BE
_init_queues                      text10        01722
_init_timer1_lthread              text9         01E22
_init_uart_recv                   text8         01DA8
_main                             text0         006BA
_memcpy                           text24        0185E
_packADData                       text48        01C20
_packReturnData                   text49        011D8
_recv_msg                         text23        00AAE
_reqADData                        text50        01438
_sample1                          dataCOMRAM    00048
_sample2                          dataCOMRAM    00049
_sample3                          dataCOMRAM    0004A
_sample4                          dataCOMRAM    0004B
_sample5                          dataCOMRAM    0004C
_sendADdata                       text46        018BC
_sendRequestedData                text45        017FA
_send_msg                         text5         00CF2
_setBrainReqData                  text43        01DFA
_start_i2c_slave_reply            text7         00BE4
_timer0_int_handler               text38        01638
_timer0_lthread                   text6         01E10
_timer1_int_handler               text31        01C88
_timer1_lthread                   text2         016B0
_timesreq                         bssCOMRAM     0004F
_uart_lthread                     text1         01B3E
_uart_recv_int_handler            text29        01280
_uc_ptr                           nvCOMRAM      00050
_unpackBrainMsg                   text44        01E88
check_msg@qptr                    cstackBANK1   00183
end_of_initialization             cinit         01958
handle_start@data_read            cstackCOMRAM  0002F
i1_memcpy                         text35        01ABE
i1_send_msg                       text34        01084
i1memcpy@d                        cstackCOMRAM  00007
i1memcpy@d1                       cstackCOMRAM  00001
i1memcpy@n                        cstackCOMRAM  00005
i1memcpy@s                        cstackCOMRAM  00009
i1memcpy@s1                       cstackCOMRAM  00003
i1send_msg@data                   cstackCOMRAM  0000F
i1send_msg@length                 cstackCOMRAM  0000D
i1send_msg@msgtype                cstackCOMRAM  0000E
i1send_msg@qmsg                   cstackCOMRAM  00015
i1send_msg@qptr                   cstackCOMRAM  0000B
i1send_msg@slot                   cstackCOMRAM  00014
i1send_msg@tlength                cstackCOMRAM  00012
i2_check_msg                      text58        01D84
i2_in_high_int                    text57        01E7C
i2_in_low_int                     text56        01CB8
i2_memcpy                         text54        01AFE
i2_recv_msg                       text41        00EEA
i2_send_msg                       text53        0112E
i2_start_i2c_slave_reply          text47        00DF6
i2c_configure_slave@addr          cstackBANK1   00183
i2c_int_handler@data_read         cstackBANK1   00174
i2c_int_handler@data_written      cstackBANK1   0016F
i2c_int_handler@error_buf         cstackBANK1   0016C
i2c_int_handler@i2c_data          cstackBANK1   00171
i2c_int_handler@msg_ready         cstackBANK1   00173
i2c_int_handler@msg_to_send       cstackBANK1   00172
i2c_int_handler@overrun_error     cstackBANK1   00170
i2check_msg@qptr                  cstackCOMRAM  0002F
i2memcpy@d                        cstackCOMRAM  00035
i2memcpy@d1                       cstackCOMRAM  0002F
i2memcpy@n                        cstackCOMRAM  00033
i2memcpy@s                        cstackCOMRAM  00037
i2memcpy@s1                       cstackCOMRAM  00031
i2recv_msg@data                   cstackCOMRAM  0003E
i2recv_msg@maxlength              cstackCOMRAM  0003B
i2recv_msg@msgtype                cstackCOMRAM  0003C
i2recv_msg@qmsg                   cstackCOMRAM  00045
i2recv_msg@qptr                   cstackCOMRAM  00039
i2recv_msg@slot                   cstackCOMRAM  00042
i2recv_msg@tlength                cstackCOMRAM  00043
i2send_msg@data                   cstackCOMRAM  0003D
i2send_msg@length                 cstackCOMRAM  0003B
i2send_msg@msgtype                cstackCOMRAM  0003C
i2send_msg@qmsg                   cstackCOMRAM  00043
i2send_msg@qptr                   cstackCOMRAM  00039
i2send_msg@slot                   cstackCOMRAM  00042
i2send_msg@tlength                cstackCOMRAM  00040
i2start_i2c_slave_reply@length    cstackCOMRAM  00033
i2start_i2c_slave_reply@msg       cstackCOMRAM  0002F
init_i2c@ic                       cstackBANK1   00183
init_queue@i                      cstackBANK1   00186
init_queue@qptr                   cstackBANK1   00183
init_timer1_lthread@tptr          cstackBANK1   00183
init_uart_recv@uc                 cstackBANK1   00183
int_func                          intcode_body  014BE
intlevel0                         text          00000
intlevel1                         text          00000
intlevel2                         text          00000
intlevel3                         text          00000
main@data_points_count            cstackBANK2   00292
main@ic                           cstackBANK2   00296
main@j                            cstackBANK2   00287
main@j_502                        cstackBANK2   00289
main@last_reg_recvd               cstackBANK2   00286
main@length                       cstackBANK2   00295
main@msgbuffer                    cstackBANK2   0027B
main@msgtype                      cstackBANK2   00294
main@t0thread_data                cstackBANK2   00279
main@t1thread_data                cstackBANK2   0028B
main@to_send_buffer               cstackBANK2   0026C
main@uc                           cstackBANK2   0028D
main@uthread_data                 cstackBANK2   00277
memcpy@d                          cstackBANK1   00189
memcpy@d1                         cstackBANK1   00183
memcpy@n                          cstackBANK1   00187
memcpy@s                          cstackBANK1   0018B
memcpy@s1                         cstackBANK1   00185
packADData@data                   cstackCOMRAM  00040
packADData@len                    cstackCOMRAM  00042
packADData@maxout                 cstackCOMRAM  00046
packADData@out                    cstackCOMRAM  00044
packReturnData@data               cstackCOMRAM  0002F
packReturnData@dest               cstackCOMRAM  0003E
packReturnData@end                cstackCOMRAM  0003C
packReturnData@maxout             cstackCOMRAM  00035
packReturnData@msg                cstackCOMRAM  00033
packReturnData@payloadLen         cstackCOMRAM  00031
packReturnData@sensorID           cstackCOMRAM  00037
recv_msg@data                     cstackBANK1   00192
recv_msg@maxlength                cstackBANK1   0018F
recv_msg@msgtype                  cstackBANK1   00190
recv_msg@qmsg                     cstackBANK1   00199
recv_msg@qptr                     cstackBANK1   0018D
recv_msg@slot                     cstackBANK1   00196
recv_msg@tlength                  cstackBANK1   00197
reqADData@buf                     cstackCOMRAM  0002F
reqADData@numSamples              cstackCOMRAM  00032
sendADdata@bytes_packed           cstackBANK0   000E8
sendADdata@data                   cstackBANK0   00080
sendADdata@len                    cstackBANK0   00082
sendADdata@outBuff                cstackBANK0   00084
sendRequestedData@data            cstackBANK0   000EA
sendRequestedData@len             cstackBANK0   000F4
send_msg@data                     cstackBANK1   00191
send_msg@length                   cstackBANK1   0018F
send_msg@msgtype                  cstackBANK1   00190
send_msg@qmsg                     cstackBANK1   00197
send_msg@qptr                     cstackBANK1   0018D
send_msg@slot                     cstackBANK1   00196
send_msg@tlength                  cstackBANK1   00194
setBrainReqData@buf               cstackCOMRAM  00031
stackhi                           (abs)         003FF
stacklo                           (abs)         002B2
start                             init          000B6
start_i2c_slave_reply@length      cstackBANK1   00187
start_i2c_slave_reply@msg         cstackBANK1   00183
start_initialization              cinit         01914
timer0_int_handler@length         cstackBANK0   00085
timer0_int_handler@msgtype        cstackBANK0   00087
timer0_int_handler@val            cstackBANK0   00089
timer0_lthread@length             cstackBANK1   00187
timer0_lthread@msgbuffer          cstackBANK1   00189
timer0_lthread@msgtype            cstackBANK1   00185
timer0_lthread@msgval             cstackBANK1   0018B
timer0_lthread@tptr               cstackBANK1   00183
timer1_int_handler@result         cstackCOMRAM  0001C
timer1_lthread@length             cstackBANK1   001A1
timer1_lthread@msgbuffer          cstackBANK1   001A3
timer1_lthread@msgtype            cstackBANK1   0019F
timer1_lthread@retval             cstackBANK1   001A6
timer1_lthread@tptr               cstackBANK1   0019D
uart_lthread@length               cstackBANK1   00187
uart_lthread@msgbuffer            cstackBANK1   00189
uart_lthread@msgtype              cstackBANK1   00185
uart_lthread@uptr                 cstackBANK1   00183
unpackBrainMsg@buf                cstackCOMRAM  0002F


FUNCTION INFORMATION:

 *************** function _main *****************
 Defined at:
		line 186 in file "../src/main.c"
 Parameters:    Size  Location     Type
		None
 Auto vars:     Size  Location     Type
  j               2   27[BANK2 ] int 
  j               2   29[BANK2 ] int 
  ic             28   42[BANK2 ] struct __i2c_comm
  msgbuffer      11   15[BANK2 ] unsigned char [11]
  to_send_buff   11    0[BANK2 ] unsigned char [11]
  uc              5   33[BANK2 ] struct __uart_comm
  data_points_    2   38[BANK2 ] int 
  t1thread_dat    2   31[BANK2 ] struct __timer1_thread_s
  t0thread_dat    2   13[BANK2 ] struct __timer0_thread_s
  uthread_data    2   11[BANK2 ] struct __uart_thread_str
  length          1   41[BANK2 ] char 
  msgtype         1   40[BANK2 ] unsigned char 
  last_reg_rec    1   26[BANK2 ] unsigned char 
  i               1    0        unsigned char 
  c               1    0        unsigned char 
 Return value:  Size  Location     Type
		None               void
 Registers used:
		wreg, fsr0l, fsr0h, fsr1l, fsr1h, fsr1l, fsr1h, fsr2l, fsr2h, status,2, status,0, pclat, btemp, btemp+1, btemp+2, btemp+3, btemp+4, btemp+5, btemp+6, btemp+7, btemp+8, btemp+9, btemp+10, btemp+11, tosl, structret, tblptrl, tblptrh, tblptru, prodl, prodh, bsr, cstack
 Tracked objects:
		On entry : 
		On exit  : 
		Unchanged: 
 Data sizes:     COMRAM   BANK0   BANK1   BANK2   BANK3
      Params:         0       0       0       0       0
      Locals:         0       0       0      70       0
      Temps:          0       0       1       0       0
      Totals:         0       0       1      70       0
Total ram usage:       71 bytes
 Hardware stack levels required when called:   15
 This function calls:
		_OpenTimer0
		_OpenTimer1
		_OpenUSART
		_ToMainHigh_recvmsg
		_ToMainLow_recvmsg
		_block_on_To_msgqueues
		_enable_interrupts
		_i2c_configure_slave
		_init_i2c
		_init_queues
		_init_timer1_lthread
		_init_uart_recv
		_start_i2c_slave_reply
		_timer0_lthread
		_timer1_lthread
		_uart_lthread
 This function is called by:
		Startup code after reset
 This function uses a non-reentrant model


 *************** function _uart_lthread *****************
 Defined at:
		line 9 in file "../src/uart_thread.c"
 Parameters:    Size  Location     Type
  uptr            2   23[BANK1 ] PTR struct __uart_thread
		 -> main@uthread_data(2), 
  msgtype         2   25[BANK1 ] int 
  length          2   27[BANK1 ] int 
  msgbuffer       2   29[BANK1 ] PTR unsigned char 
		 -> main@msgbuffer(11), 
 Auto vars:     Size  Location     Type
		None
 Return value:  Size  Location     Type
                  2   23[BANK1 ] int 
 Registers used:
		wreg, fsr2l, fsr2h, status,2, status,0
 Tracked objects:
		On entry : 
		On exit  : 
		Unchanged: 
 Data sizes:     COMRAM   BANK0   BANK1   BANK2   BANK3
      Params:         0       0       8       0       0
      Locals:         0       0       0       0       0
      Temps:          0       0       0       0       0
      Totals:         0       0       8       0       0
Total ram usage:        8 bytes
 Hardware stack levels used:    1
 Hardware stack levels required when called:   11
 This function calls:
		Nothing
 This function is called by:
		_main
 This function uses a non-reentrant model


 *************** function _timer1_lthread *****************
 Defined at:
		line 14 in file "../src/timer1_thread.c"
 Parameters:    Size  Location     Type
  tptr            2   49[BANK1 ] PTR struct __timer1_thre
		 -> main@t1thread_data(2), 
  msgtype         2   51[BANK1 ] int 
  length          2   53[BANK1 ] int 
  msgbuffer       2   55[BANK1 ] PTR unsigned char 
		 -> main@msgbuffer(11), 
 Auto vars:     Size  Location     Type
  retval          1   58[BANK1 ] char 
 Return value:  Size  Location     Type
                  2   49[BANK1 ] int 
 Registers used:
		wreg, fsr1l, fsr1h, fsr2l, fsr2h, status,2, status,0, prodl, prodh, cstack
 Tracked objects:
		On entry : 
		On exit  : 
		Unchanged: 
 Data sizes:     COMRAM   BANK0   BANK1   BANK2   BANK3
      Params:         0       0       8       0       0
      Locals:         0       0       1       0       0
      Temps:          0       0       1       0       0
      Totals:         0       0      10       0       0
Total ram usage:       10 bytes
 Hardware stack levels used:    1
 Hardware stack levels required when called:   14
 This function calls:
		_FromMainHigh_sendmsg
		___lwmod
 This function is called by:
		_main
 This function uses a non-reentrant model


 *************** function ___lwmod *****************
 Defined at:
		line 8 in file "C:\Program Files\Microchip\xc8\v1.30\sources\common\lwmod.c"
 Parameters:    Size  Location     Type
  dividend        2   23[BANK1 ] unsigned int 
  divisor         2   25[BANK1 ] unsigned int 
 Auto vars:     Size  Location     Type
  counter         1   28[BANK1 ] unsigned char 
 Return value:  Size  Location     Type
                  2   23[BANK1 ] unsigned int 
 Registers used:
		wreg, status,2, status,0
 Tracked objects:
		On entry : 
		On exit  : 
		Unchanged: 
 Data sizes:     COMRAM   BANK0   BANK1   BANK2   BANK3
      Params:         0       0       4       0       0
      Locals:         0       0       1       0       0
      Temps:          0       0       1       0       0
      Totals:         0       0       6       0       0
Total ram usage:        6 bytes
 Hardware stack levels used:    1
 Hardware stack levels required when called:   11
 This function calls:
		Nothing
 This function is called by:
		_timer1_lthread
 This function uses a non-reentrant model


 *************** function _FromMainHigh_sendmsg *****************
 Defined at:
		line 176 in file "../src/messages.c"
 Parameters:    Size  Location     Type
  length          1    wreg     unsigned char 
  msgtype         1   45[BANK1 ] unsigned char 
  data            2   46[BANK1 ] PTR void 
		 -> main@t1thread_data(2), 
 Auto vars:     Size  Location     Type
  length          1   48[BANK1 ] unsigned char 
 Return value:  Size  Location     Type
                  1    wreg      char 
 Registers used:
		wreg, fsr1l, fsr1h, fsr2l, fsr2h, status,2, status,0, prodl, prodh, cstack
 Tracked objects:
		On entry : 
		On exit  : 
		Unchanged: 
 Data sizes:     COMRAM   BANK0   BANK1   BANK2   BANK3
      Params:         0       0       3       0       0
      Locals:         0       0       1       0       0
      Temps:          0       0       0       0       0
      Totals:         0       0       4       0       0
Total ram usage:        4 bytes
 Hardware stack levels used:    1
 Hardware stack levels required when called:   13
 This function calls:
		_send_msg
 This function is called by:
		_timer1_lthread
 This function uses a non-reentrant model


 *************** function _send_msg *****************
 Defined at:
		line 26 in file "../src/messages.c"
 Parameters:    Size  Location     Type
  qptr            2   33[BANK1 ] PTR struct __msg_queue
		 -> FromMainHigh_MQ(54), FromMainLow_MQ(54), ToMainHigh_MQ(54), ToMainLow_MQ(54), 
  length          1   35[BANK1 ] unsigned char 
  msgtype         1   36[BANK1 ] unsigned char 
  data            2   37[BANK1 ] PTR void 
		 -> timer0_int_handler@val(2), NULL(0), i2c_int_handler@error_buf(3), main@t1thread_data(2), 
		 -> main@uc(5), 
 Auto vars:     Size  Location     Type
  qmsg            2   43[BANK1 ] PTR struct __msg
		 -> FromMainLow_MQ.queue(52), FromMainHigh_MQ.queue(52), ToMainHigh_MQ.queue(52), ToMainLow_MQ.queue(52), 
		 -> FromMainHigh_MQ(54), FromMainLow_MQ(54), ToMainHigh_MQ(54), ToMainLow_MQ(54), 
  tlength         2   40[BANK1 ] unsigned int 
  slot            1   42[BANK1 ] unsigned char 
 Return value:  Size  Location     Type
                  1    wreg      char 
 Registers used:
		wreg, fsr1l, fsr1h, fsr2l, fsr2h, status,2, status,0, prodl, prodh, cstack
 Tracked objects:
		On entry : 
		On exit  : 
		Unchanged: 
 Data sizes:     COMRAM   BANK0   BANK1   BANK2   BANK3
      Params:         0       0       6       0       0
      Locals:         0       0       5       0       0
      Temps:          0       0       1       0       0
      Totals:         0       0      12       0       0
Total ram usage:       12 bytes
 Hardware stack levels used:    1
 Hardware stack levels required when called:   12
 This function calls:
		_memcpy
 This function is called by:
		_FromMainHigh_sendmsg
		_FromMainLow_sendmsg
 This function uses a non-reentrant model


 *************** function _timer0_lthread *****************
 Defined at:
		line 9 in file "../src/timer0_thread.c"
 Parameters:    Size  Location     Type
  tptr            2   23[BANK1 ] PTR struct __timer0_thre
		 -> main@t0thread_data(2), 
  msgtype         2   25[BANK1 ] int 
  length          2   27[BANK1 ] int 
  msgbuffer       2   29[BANK1 ] PTR unsigned char 
		 -> main@msgbuffer(11), 
 Auto vars:     Size  Location     Type
  msgval          2   31[BANK1 ] PTR unsigned int 
		 -> main@msgbuffer(11), 
 Return value:  Size  Location     Type
                  2   23[BANK1 ] int 
 Registers used:
		wreg, status,2, status,0
 Tracked objects:
		On entry : 
		On exit  : 
		Unchanged: 
 Data sizes:     COMRAM   BANK0   BANK1   BANK2   BANK3
      Params:         0       0       8       0       0
      Locals:         0       0       2       0       0
      Temps:          0       0       0       0       0
      Totals:         0       0      10       0       0
Total ram usage:       10 bytes
 Hardware stack levels used:    1
 Hardware stack levels required when called:   11
 This function calls:
		Nothing
 This function is called by:
		_main
 This function uses a non-reentrant model


 *************** function _start_i2c_slave_reply *****************
 Defined at:
		line 54 in file "../src/my_i2c.c"
 Parameters:    Size  Location     Type
  length          1    wreg     unsigned char 
  msg             2   23[BANK1 ] PTR unsigned char 
		 -> sendADdata@outBuff(100), main@msgbuffer(11), 
 Auto vars:     Size  Location     Type
  length          1   27[BANK1 ] unsigned char 
 Return value:  Size  Location     Type
		None               void
 Registers used:
		wreg, fsr1l, fsr1h, fsr2l, fsr2h, status,2, status,0, prodl, prodh
 Tracked objects:
		On entry : 
		On exit  : 
		Unchanged: 
 Data sizes:     COMRAM   BANK0   BANK1   BANK2   BANK3
      Params:         0       0       2       0       0
      Locals:         0       0       1       0       0
      Temps:          0       0       2       0       0
      Totals:         0       0       5       0       0
Total ram usage:        5 bytes
 Hardware stack levels used:    1
 Hardware stack levels required when called:   11
 This function calls:
		Nothing
 This function is called by:
		_main
 This function uses a non-reentrant model


 *************** function _init_uart_recv *****************
 Defined at:
		line 49 in file "../src/my_uart.c"
 Parameters:    Size  Location     Type
  uc              2   23[BANK1 ] PTR struct __uart_comm
		 -> main@uc(5), 
 Auto vars:     Size  Location     Type
		None
 Return value:  Size  Location     Type
		None               void
 Registers used:
		wreg, fsr2l, fsr2h, status,2, status,0
 Tracked objects:
		On entry : 
		On exit  : 
		Unchanged: 
 Data sizes:     COMRAM   BANK0   BANK1   BANK2   BANK3
      Params:         0       0       2       0       0
      Locals:         0       0       0       0       0
      Temps:          0       0       0       0       0
      Totals:         0       0       2       0       0
Total ram usage:        2 bytes
 Hardware stack levels used:    1
 Hardware stack levels required when called:   11
 This function calls:
		Nothing
 This function is called by:
		_main
 This function uses a non-reentrant model


 *************** function _init_timer1_lthread *****************
 Defined at:
		line 6 in file "../src/timer1_thread.c"
 Parameters:    Size  Location     Type
  tptr            2   23[BANK1 ] PTR struct __timer1_thre
		 -> main@t1thread_data(2), 
 Auto vars:     Size  Location     Type
		None
 Return value:  Size  Location     Type
		None               void
 Registers used:
		wreg, fsr2l, fsr2h
 Tracked objects:
		On entry : 
		On exit  : 
		Unchanged: 
 Data sizes:     COMRAM   BANK0   BANK1   BANK2   BANK3
      Params:         0       0       2       0       0
      Locals:         0       0       0       0       0
      Temps:          0       0       0       0       0
      Totals:         0       0       2       0       0
Total ram usage:        2 bytes
 Hardware stack levels used:    1
 Hardware stack levels required when called:   11
 This function calls:
		Nothing
 This function is called by:
		_main
 This function uses a non-reentrant model


 *************** function _init_queues *****************
 Defined at:
		line 196 in file "../src/messages.c"
 Parameters:    Size  Location     Type
		None
 Auto vars:     Size  Location     Type
		None
 Return value:  Size  Location     Type
		None               void
 Registers used:
		wreg, fsr2l, fsr2h, status,2, status,0, prodl, prodh, cstack
 Tracked objects:
		On entry : 
		On exit  : 
		Unchanged: 
 Data sizes:     COMRAM   BANK0   BANK1   BANK2   BANK3
      Params:         0       0       0       0       0
      Locals:         0       0       0       0       0
      Temps:          0       0       1       0       0
      Totals:         0       0       1       0       0
Total ram usage:        1 bytes
 Hardware stack levels used:    1
 Hardware stack levels required when called:   12
 This function calls:
		_init_queue
 This function is called by:
		_main
 This function uses a non-reentrant model


 *************** function _init_queue *****************
 Defined at:
		line 16 in file "../src/messages.c"
 Parameters:    Size  Location     Type
  qptr            2   23[BANK1 ] PTR struct __msg_queue
		 -> FromMainHigh_MQ(54), FromMainLow_MQ(54), ToMainHigh_MQ(54), ToMainLow_MQ(54), 
 Auto vars:     Size  Location     Type
  i               1   26[BANK1 ] unsigned char 
 Return value:  Size  Location     Type
		None               void
 Registers used:
		wreg, fsr2l, fsr2h, status,2, status,0, prodl, prodh
 Tracked objects:
		On entry : 
		On exit  : 
		Unchanged: 
 Data sizes:     COMRAM   BANK0   BANK1   BANK2   BANK3
      Params:         0       0       2       0       0
      Locals:         0       0       1       0       0
      Temps:          0       0       1       0       0
      Totals:         0       0       4       0       0
Total ram usage:        4 bytes
 Hardware stack levels used:    1
 Hardware stack levels required when called:   11
 This function calls:
		Nothing
 This function is called by:
		_init_queues
 This function uses a non-reentrant model


 *************** function _init_i2c *****************
 Defined at:
		line 272 in file "../src/my_i2c.c"
 Parameters:    Size  Location     Type
  ic              2   23[BANK1 ] PTR struct __i2c_comm
		 -> main@ic(28), 
 Auto vars:     Size  Location     Type
		None
 Return value:  Size  Location     Type
		None               void
 Registers used:
		wreg, fsr2l, fsr2h, status,2, status,0
 Tracked objects:
		On entry : 
		On exit  : 
		Unchanged: 
 Data sizes:     COMRAM   BANK0   BANK1   BANK2   BANK3
      Params:         0       0       2       0       0
      Locals:         0       0       0       0       0
      Temps:          0       0       0       0       0
      Totals:         0       0       2       0       0
Total ram usage:        2 bytes
 Hardware stack levels used:    1
 Hardware stack levels required when called:   11
 This function calls:
		Nothing
 This function is called by:
		_main
 This function uses a non-reentrant model


 *************** function _i2c_configure_slave *****************
 Defined at:
		line 283 in file "../src/my_i2c.c"
 Parameters:    Size  Location     Type
  addr            1    wreg     unsigned char 
 Auto vars:     Size  Location     Type
  addr            1   23[BANK1 ] unsigned char 
 Return value:  Size  Location     Type
		None               void
 Registers used:
		wreg, status,2, status,0
 Tracked objects:
		On entry : 
		On exit  : 
		Unchanged: 
 Data sizes:     COMRAM   BANK0   BANK1   BANK2   BANK3
      Params:         0       0       0       0       0
      Locals:         0       0       1       0       0
      Temps:          0       0       0       0       0
      Totals:         0       0       1       0       0
Total ram usage:        1 bytes
 Hardware stack levels used:    1
 Hardware stack levels required when called:   11
 This function calls:
		Nothing
 This function is called by:
		_main
 This function uses a non-reentrant model


 *************** function _enable_interrupts *****************
 Defined at:
		line 14 in file "../src/interrupts.c"
 Parameters:    Size  Location     Type
		None
 Auto vars:     Size  Location     Type
		None
 Return value:  Size  Location     Type
		None               void
 Registers used:
		None
 Tracked objects:
		On entry : 
		On exit  : 
		Unchanged: 
 Data sizes:     COMRAM   BANK0   BANK1   BANK2   BANK3
      Params:         0       0       0       0       0
      Locals:         0       0       0       0       0
      Temps:          0       0       0       0       0
      Totals:         0       0       0       0       0
Total ram usage:        0 bytes
 Hardware stack levels used:    1
 Hardware stack levels required when called:   11
 This function calls:
		Nothing
 This function is called by:
		_main
 This function uses a non-reentrant model


 *************** function _block_on_To_msgqueues *****************
 Defined at:
		line 260 in file "../src/messages.c"
 Parameters:    Size  Location     Type
		None
 Auto vars:     Size  Location     Type
		None
 Return value:  Size  Location     Type
		None               void
 Registers used:
		wreg, fsr2l, fsr2h, status,2, status,0, prodl, prodh, cstack
 Tracked objects:
		On entry : 
		On exit  : 
		Unchanged: 
 Data sizes:     COMRAM   BANK0   BANK1   BANK2   BANK3
      Params:         0       0       0       0       0
      Locals:         0       0       0       0       0
      Temps:          0       0       1       0       0
      Totals:         0       0       1       0       0
Total ram usage:        1 bytes
 Hardware stack levels used:    1
 Hardware stack levels required when called:   14
 This function calls:
		_Delay1KTCYx
		_check_msg
		_in_main
 This function is called by:
		_main
 This function uses a non-reentrant model


 *************** function _in_main *****************
 Defined at:
		line 40 in file "../src/interrupts.c"
 Parameters:    Size  Location     Type
		None
 Auto vars:     Size  Location     Type
		None
 Return value:  Size  Location     Type
                  2   27[BANK1 ] int 
 Registers used:
		wreg, status,2, status,0, cstack
 Tracked objects:
		On entry : 
		On exit  : 
		Unchanged: 
 Data sizes:     COMRAM   BANK0   BANK1   BANK2   BANK3
      Params:         0       0       2       0       0
      Locals:         0       0       0       0       0
      Temps:          0       0       0       0       0
      Totals:         0       0       2       0       0
Total ram usage:        2 bytes
 Hardware stack levels used:    1
 Hardware stack levels required when called:   13
 This function calls:
		_in_high_int
		_in_low_int
 This function is called by:
		_block_on_To_msgqueues
 This function uses a non-reentrant model


 *************** function _in_low_int *****************
 Defined at:
		line 30 in file "../src/interrupts.c"
 Parameters:    Size  Location     Type
		None
 Auto vars:     Size  Location     Type
		None
 Return value:  Size  Location     Type
                  2   25[BANK1 ] int 
 Registers used:
		wreg, status,2, status,0, cstack
 Tracked objects:
		On entry : 
		On exit  : 
		Unchanged: 
 Data sizes:     COMRAM   BANK0   BANK1   BANK2   BANK3
      Params:         0       0       2       0       0
      Locals:         0       0       0       0       0
      Temps:          0       0       0       0       0
      Totals:         0       0       2       0       0
Total ram usage:        2 bytes
 Hardware stack levels used:    1
 Hardware stack levels required when called:   12
 This function calls:
		_in_high_int
 This function is called by:
		_in_main
 This function uses a non-reentrant model


 *************** function _in_high_int *****************
 Defined at:
		line 22 in file "../src/interrupts.c"
 Parameters:    Size  Location     Type
		None
 Auto vars:     Size  Location     Type
		None
 Return value:  Size  Location     Type
                  2   23[BANK1 ] int 
 Registers used:
		wreg, status,2
 Tracked objects:
		On entry : 
		On exit  : 
		Unchanged: 
 Data sizes:     COMRAM   BANK0   BANK1   BANK2   BANK3
      Params:         0       0       2       0       0
      Locals:         0       0       0       0       0
      Temps:          0       0       0       0       0
      Totals:         0       0       2       0       0
Total ram usage:        2 bytes
 Hardware stack levels used:    1
 Hardware stack levels required when called:   11
 This function calls:
		Nothing
 This function is called by:
		_in_low_int
		_in_main
 This function uses a non-reentrant model


 *************** function _check_msg *****************
 Defined at:
		line 224 in file "../src/messages.c"
 Parameters:    Size  Location     Type
  qptr            2   23[BANK1 ] PTR struct __msg_queue
		 -> ToMainHigh_MQ(54), ToMainLow_MQ(54), 
 Auto vars:     Size  Location     Type
		None
 Return value:  Size  Location     Type
                  1    wreg      unsigned char 
 Registers used:
		wreg, fsr2l, fsr2h, status,2, status,0, prodl, prodh
 Tracked objects:
		On entry : 
		On exit  : 
		Unchanged: 
 Data sizes:     COMRAM   BANK0   BANK1   BANK2   BANK3
      Params:         0       0       2       0       0
[...]


 *************** function _packADData *****************
 Defined at:
		line 38 in file "../../../../common/communication/brain_rover.c"
 Parameters:    Size  Location     Type
  data            2   63[COMRAM] PTR struct .
		 -> sendRequestedData@data(10), 
  len             2   65[COMRAM] int 
  out             2   67[COMRAM] PTR unsigned char 
		 -> sendADdata@outBuff(100), 
  maxout          2   69[COMRAM] int 
 Auto vars:     Size  Location     Type
		None
 Return value:  Size  Location     Type
                  2   63[COMRAM] int 
 Registers used:
		wreg, fsr1l, fsr1h, fsr2l, fsr2h, status,2, status,0, cstack
 Tracked objects:
		On entry : 
		On exit  : 
		Unchanged: 
 Data sizes:     COMRAM   BANK0   BANK1   BANK2   BANK3
      Params:         8       0       0       0       0
      Locals:         0       0       0       0       0
      Temps:          0       0       0       0       0
      Totals:         8       0       0       0       0
Total ram usage:        8 bytes
 Hardware stack levels used:    1
 Hardware stack levels required when called:    1
 This function calls:
		_packReturnData
 This function is called by:
		_sendADdata
 This function uses a non-reentrant model


 *************** function _packReturnData *****************
 Defined at:
		line 17 in file "../../../../common/communication/brain_rover.c"
 Parameters:    Size  Location     Type
  data            2   46[COMRAM] PTR unsigned char 
		 -> sendRequestedData@data(10), 
  payloadLen      2   48[COMRAM] int 
  msg             2   50[COMRAM] PTR struct .
		 -> sendADdata@outBuff(100), 
  maxout          2   52[COMRAM] int 
  sensorID        2   54[COMRAM] int 
 Auto vars:     Size  Location     Type
  dest            2   61[COMRAM] PTR unsigned char 
		 -> sendADdata@outBuff.payload(7), sendADdata@outBuff(100), 
  end             2   59[COMRAM] PTR unsigned char 
		 -> sendADdata@outBuff.payload(7), sendADdata@outBuff(100), 
 Return value:  Size  Location     Type
                  2   46[COMRAM] int 
 Registers used:
		wreg, fsr1l, fsr1h, fsr2l, fsr2h, status,2, status,0
 Tracked objects:
		On entry : 
		On exit  : 
		Unchanged: 
 Data sizes:     COMRAM   BANK0   BANK1   BANK2   BANK3
      Params:        10       0       0       0       0
      Locals:         4       0       0       0       0
      Temps:          3       0       0       0       0
      Totals:        17       0       0       0       0
Total ram usage:       17 bytes
 Hardware stack levels used:    1
 This function calls:
		Nothing
 This function is called by:
		_packADData
 This function uses a non-reentrant model


 *************** function _reqADData *****************
 Defined at:
		line 16 in file "../src/testAD.c"
 Parameters:    Size  Location     Type
  buf             2   46[COMRAM] PTR struct .
		 -> sendRequestedData@data(10), 
 Auto vars:     Size  Location     Type
  numSamples      1   49[COMRAM] unsigned char 
 Return value:  Size  Location     Type
                  1    wreg      unsigned char 
 Registers used:
		wreg, fsr2l, fsr2h, status,2, status,0
 Tracked objects:
		On entry : 
		On exit  : 
		Unchanged: 
 Data sizes:     COMRAM   BANK0   BANK1   BANK2   BANK3
      Params:         2       0       0       0       0
      Locals:         1       0       0       0       0
      Temps:          1       0       0       0       0
      Totals:         4       0       0       0       0
Total ram usage:        4 bytes
 Hardware stack levels used:    1
 This function calls:
		Nothing
 This function is called by:
		_sendRequestedData
 This function uses a non-reentrant model


 *************** function _handle_start *****************
 Defined at:
		line 72 in file "../src/my_i2c.c"
 Parameters:    Size  Location     Type
  data_read       1    wreg     unsigned char 
 Auto vars:     Size  Location     Type
  data_read       1   46[COMRAM] unsigned char 
 Return value:  Size  Location     Type
		None               void
 Registers used:
		wreg, fsr2l, fsr2h, status,2, status,0
 Tracked objects:
		On entry : 
		On exit  : 
		Unchanged: 
 Data sizes:     COMRAM   BANK0   BANK1   BANK2   BANK3
      Params:         0       0       0       0       0
      Locals:         1       0       0       0       0
      Temps:          0       0       0       0       0
      Totals:         1       0       0       0       0
Total ram usage:        1 bytes
 Hardware stack levels used:    1
 This function calls:
		Nothing
 This function is called by:
		_i2c_int_handler
 This function uses a non-reentrant model


 *************** function _ToMainHigh_sendmsg *****************
 Defined at:
		line 128 in file "../src/messages.c"
 Parameters:    Size  Location     Type
  length          1    wreg     unsigned char 
  msgtype         1   68[COMRAM] unsigned char 
  data            2   69[COMRAM] PTR void 
		 -> timer0_int_handler@val(2), i2c_int_handler@error_buf(3), 
 Auto vars:     Size  Location     Type
  length          1    0[BANK0 ] unsigned char 
 Return value:  Size  Location     Type
                  1    wreg      char 
 Registers used:
		wreg, fsr1l, fsr1h, fsr2l, fsr2h, status,2, status,0, prodl, prodh, cstack
 Tracked objects:
		On entry : 
		On exit  : 
		Unchanged: 
 Data sizes:     COMRAM   BANK0   BANK1   BANK2   BANK3
      Params:         3       0       0       0       0
      Locals:         0       1       0       0       0
      Temps:          0       0       0       0       0
      Totals:         3       1       0       0       0
Total ram usage:        4 bytes
 Hardware stack levels used:    1
 Hardware stack levels required when called:    2
 This function calls:
		i2_send_msg
 This function is called by:
		_i2c_int_handler
		_timer0_int_handler
 This function uses a non-reentrant model


 *************** function i2_send_msg *****************
 Defined at:
		line 26 in file "../src/messages.c"
 Parameters:    Size  Location     Type
  qptr            2   56[COMRAM] PTR struct __msg_queue
		 -> FromMainHigh_MQ(54), FromMainLow_MQ(54), ToMainHigh_MQ(54), ToMainLow_MQ(54), 
  length          1   58[COMRAM] unsigned char 
  msgtype         1   59[COMRAM] unsigned char 
  data            2   60[COMRAM] PTR void 
		 -> timer0_int_handler@val(2), NULL(0), i2c_int_handler@error_buf(3), main@t1thread_data(2), 
		 -> main@uc(5), 
 Auto vars:     Size  Location     Type
  send_msg        2   66[COMRAM] PTR struct __msg
		 -> FromMainLow_MQ.queue(52), FromMainHigh_MQ.queue(52), ToMainHigh_MQ.queue(52), ToMainLow_MQ.queue(52), 
		 -> FromMainHigh_MQ(54), FromMainLow_MQ(54), ToMainHigh_MQ(54), ToMainLow_MQ(54), 
  send_msg        2   63[COMRAM] unsigned int 
  send_msg        1   65[COMRAM] unsigned char 
 Return value:  Size  Location     Type
                  1    wreg      char 
 Registers used:
		wreg, fsr1l, fsr1h, fsr2l, fsr2h, status,2, status,0, prodl, prodh, cstack
 Tracked objects:
		On entry : 
		On exit  : 
		Unchanged: 
 Data sizes:     COMRAM   BANK0   BANK1   BANK2   BANK3
      Params:         6       0       0       0       0
      Locals:         5       0       0       0       0
      Temps:          1       0       0       0       0
      Totals:        12       0       0       0       0
Total ram usage:       12 bytes
 Hardware stack levels used:    1
 Hardware stack levels required when called:    1
 This function calls:
		i2_memcpy
 This function is called by:
		_ToMainHigh_sendmsg
 This function uses a non-reentrant model


 *************** function i2_memcpy *****************
 Defined at:
		line 11 in file "C:\Program Files\Microchip\xc8\v1.30\sources\common\memcpy.c"
 Parameters:    Size  Location     Type
  d1              2   46[COMRAM] PTR void 
		 -> FromMainLow_MQ.queue(52), FromMainHigh_MQ.queue(52), ToMainHigh_MQ.queue(52), ToMainLow_MQ.queue(52), 
		 -> timer0_int_handler@val(2), FromMainHigh_MQ(54), FromMainLow_MQ(54), ToMainHigh_MQ(54), 
		 -> ToMainLow_MQ(54), main@msgbuffer(11), 
  s1              2   48[COMRAM] PTR const void 
		 -> ToMainLow_MQ.data(10), ToMainHigh_MQ.data(10), FromMainLow_MQ.data(10), FromMainHigh_MQ.data(10), 
		 -> ToMainLow_MQ.queue.data(10), ToMainHigh_MQ.queue.data(10), FromMainHigh_MQ.queue.data(10), FromMainLow_MQ.queue.data(10), 
		 -> timer0_int_handler@val(2), NULL(0), i2c_int_handler@error_buf(3), FromMainHigh_MQ(54), 
		 -> FromMainLow_MQ(54), ToMainHigh_MQ(54), ToMainLow_MQ(54), main@t1thread_data(2), 
		 -> main@uc(5), 
  n               2   50[COMRAM] unsigned int 
 Auto vars:     Size  Location     Type
  memcpy          2   54[COMRAM] PTR const unsigned char 
		 -> ToMainLow_MQ.data(10), ToMainHigh_MQ.data(10), FromMainLow_MQ.data(10), FromMainHigh_MQ.data(10), 
		 -> ToMainLow_MQ.queue.data(10), ToMainHigh_MQ.queue.data(10), FromMainHigh_MQ.queue.data(10), FromMainLow_MQ.queue.data(10), 
		 -> timer0_int_handler@val(2), NULL(0), i2c_int_handler@error_buf(3), FromMainHigh_MQ(54), 
		 -> FromMainLow_MQ(54), ToMainHigh_MQ(54), ToMainLow_MQ(54), main@t1thread_data(2), 
		 -> main@uc(5), 
  memcpy          2   52[COMRAM] PTR unsigned char 
		 -> FromMainLow_MQ.queue(52), FromMainHigh_MQ.queue(52), ToMainHigh_MQ.queue(52), ToMainLow_MQ.queue(52), 
		 -> timer0_int_handler@val(2), FromMainHigh_MQ(54), FromMainLow_MQ(54), ToMainHigh_MQ(54), 
		 -> ToMainLow_MQ(54), main@msgbuffer(11), 
 Return value:  Size  Location     Type
                  2   46[COMRAM] PTR void 
 Registers used:
		wreg, fsr1l, fsr1h, fsr2l, fsr2h, status,2, status,0
 Tracked objects:
		On entry : 
		On exit  : 
		Unchanged: 
 Data sizes:     COMRAM   BANK0   BANK1   BANK2   BANK3
      Params:         6       0       0       0       0
      Locals:         4       0       0       0       0
      Temps:          0       0       0       0       0
      Totals:        10       0       0       0       0
Total ram usage:       10 bytes
 Hardware stack levels used:    1
 This function calls:
		Nothing
 This function is called by:
		i2_send_msg
		i2_recv_msg
 This function uses a non-reentrant model


 *************** function _SleepIfOkay *****************
 Defined at:
		line 230 in file "../src/messages.c"
 Parameters:    Size  Location     Type
		None
 Auto vars:     Size  Location     Type
		None
 Return value:  Size  Location     Type
		None               void
 Registers used:
		wreg, fsr2l, fsr2h, status,2, status,0, prodl, prodh, cstack
 Tracked objects:
		On entry : 
		On exit  : 
		Unchanged: 
 Data sizes:     COMRAM   BANK0   BANK1   BANK2   BANK3
      Params:         0       0       0       0       0
      Locals:         0       0       0       0       0
      Temps:          0       0       0       0       0
      Totals:         0       0       0       0       0
Total ram usage:        0 bytes
 Hardware stack levels used:    1
 Hardware stack levels required when called:    2
 This function calls:
		_enter_sleep_mode
		i2_check_msg
		i2_in_high_int
		i2_in_low_int
 This function is called by:
		_InterruptHandlerHigh
 This function uses a non-reentrant model


 *************** function i2_in_low_int *****************
 Defined at:
		line 30 in file "../src/interrupts.c"
 Parameters:    Size  Location     Type
		None
 Auto vars:     Size  Location     Type
		None
 Return value:  Size  Location     Type
                  2   48[COMRAM] int 
 Registers used:
		wreg, status,2, status,0, cstack
 Tracked objects:
		On entry : 
		On exit  : 
		Unchanged: 
 Data sizes:     COMRAM   BANK0   BANK1   BANK2   BANK3
      Params:         2       0       0       0       0
      Locals:         0       0       0       0       0
      Temps:          0       0       0       0       0
      Totals:         2       0       0       0       0
Total ram usage:        2 bytes
 Hardware stack levels used:    1
 Hardware stack levels required when called:    1
 This function calls:
		i2_in_high_int
 This function is called by:
		_SleepIfOkay
 This function uses a non-reentrant model


 *************** function i2_in_high_int *****************
 Defined at:
		line 22 in file "../src/interrupts.c"
 Parameters:    Size  Location     Type
		None
 Auto vars:     Size  Location     Type
		None
 Return value:  Size  Location     Type
                  2   46[COMRAM] int 
 Registers used:
		wreg, status,2
 Tracked objects:
		On entry : 
		On exit  : 
		Unchanged: 
 Data sizes:     COMRAM   BANK0   BANK1   BANK2   BANK3
      Params:         2       0       0       0       0
      Locals:         0       0       0       0       0
      Temps:          0       0       0       0       0
      Totals:         2       0       0       0       0
Total ram usage:        2 bytes
 Hardware stack levels used:    1
 This function calls:
		Nothing
 This function is called by:
		_SleepIfOkay
		i2_in_low_int
 This function uses a non-reentrant model


 *************** function i2_check_msg *****************
 Defined at:
		line 224 in file "../src/messages.c"
 Parameters:    Size  Location     Type
  qptr            2   46[COMRAM] PTR struct __msg_queue
		 -> ToMainHigh_MQ(54), ToMainLow_MQ(54), 
 Auto vars:     Size  Location     Type
		None
 Return value:  Size  Location     Type
                  1    wreg      unsigned char 
 Registers used:
		wreg, fsr2l, fsr2h, status,2, status,0, prodl, prodh
 Tracked objects:
		On entry : 
		On exit  : 
		Unchanged: 
 Data sizes:     COMRAM   BANK0   BANK1   BANK2   BANK3
      Params:         2       0       0       0       0
      Locals:         0       0       0       0       0
      Temps:          1       0       0       0       0
      Totals:         3       0       0       0       0
Total ram usage:        3 bytes
 Hardware stack levels used:    1
 This function calls:
		Nothing
 This function is called by:
		_SleepIfOkay
 This function uses a non-reentrant model


 *************** function _enter_sleep_mode *****************
 Defined at:
		line 204 in file "../src/messages.c"
 Parameters:    Size  Location     Type
		None
 Auto vars:     Size  Location     Type
		None
 Return value:  Size  Location     Type
		None               void
 Registers used:
		None
 Tracked objects:
		On entry : 
		On exit  : 
		Unchanged: 
 Data sizes:     COMRAM   BANK0   BANK1   BANK2   BANK3
      Params:         0       0       0       0       0
      Locals:         0       0       0       0       0
      Temps:          0       0       0       0       0
      Totals:         0       0       0       0       0
Total ram usage:        0 bytes
 Hardware stack levels used:    1
 This function calls:
		Nothing
 This function is called by:
		_SleepIfOkay
 This function uses a non-reentrant model



MODULE INFORMATION

Module		Function		Class		Link	Load	Size
C:\Program Files\Microchip\xc8\v1.30\sources\pic18\plib\Timers\t0write.c
		_WriteTimer0   		CODE           	1E6A	0000	18

C:\Program Files\Microchip\xc8\v1.30\sources\pic18\plib\Timers\t0write.c estimated size: 18

../src/testAD.c
		_reqADData     		CODE           	1438	0000	134

../src/testAD.c estimated size: 134

C:\Program Files\Microchip\xc8\v1.30\sources\pic18\plib\Timers\t1write.c
		_WriteTimer1   		CODE           	1E46	0000	18

C:\Program Files\Microchip\xc8\v1.30\sources\pic18\plib\Timers\t1write.c estimated size: 18

C:\Program Files\Microchip\xc8\v1.30\sources\pic18\plib\Timers\t1read.c
		_ReadTimer1    		CODE           	1E58	0000	18

C:\Program Files\Microchip\xc8\v1.30\sources\pic18\plib\Timers\t1read.c estimated size: 18

../src/user_interrupts.c
		_timer0_int_han		CODE           	1638	0000	120
		_timer1_int_han		CODE           	1C88	0000	48

../src/user_interrupts.c estimated size: 168

../src/timer0_thread.c
		_timer0_lthread		CODE           	1E10	0000	18

../src/timer0_thread.c estimated size: 18

shared
		i1_send_msg    		CODE           	1084	0000	170
		i2_send_msg    		CODE           	112E	0000	170
		i2_in_high_int 		CODE           	1E7C	0000	12
		i2_recv_msg    		CODE           	0EEA	0000	210
		__initializatio		CODE           	1914	0000	68
		i2_in_low_int  		CODE           	1CB8	0000	46
		i2_start_i2c_sl		CODE           	0DF6	0000	244
		i1_memcpy      		CODE           	1ABE	0000	64
		i2_memcpy      		CODE           	1AFE	0000	64
		i2_check_msg   		CODE           	1D84	0000	36

shared estimated size: 1084

../src/timer1_thread.c
		_timer1_lthread		CODE           	16B0	0000	114
		_init_timer1_lt		CODE           	1E22	0000	18

../src/timer1_thread.c estimated size: 132

../src/my_i2c.c
		_start_i2c_slav		CODE           	0BE4	0000	270
		_handle_start  		CODE           	0FBC	0000	200
		_i2c_configure_		CODE           	1D10	0000	40
		_init_i2c      		CODE           	1790	0000	106
		_i2c_int_handle		CODE           	00BA	0000	1536

../src/my_i2c.c estimated size: 2152

C:\Program Files\Microchip\xc8\v1.30\sources\pic18\plib\USART\uread.c
		_ReadUSART     		CODE           	1DC6	0000	30

C:\Program Files\Microchip\xc8\v1.30\sources\pic18\plib\USART\uread.c estimated size: 30

../../../../common/communication/brain_rover.c
		_packADData    		CODE           	1C20	0000	54
		_unpackBrainMsg		CODE           	1E88	0000	10
		_packReturnData		CODE           	11D8	0000	168

../../../../common/communication/brain_rover.c estimated size: 232

C:\Program Files\Microchip\xc8\v1.30\sources\pic18\plib\Timers\t0open.c
		_OpenTimer0    		CODE           	1CE6	0000	42

C:\Program Files\Microchip\xc8\v1.30\sources\pic18\plib\Timers\t0open.c estimated size: 42

C:\Program Files\Microchip\xc8\v1.30\sources\pic18\plib\Timers\t1open.c
		_OpenTimer1    		CODE           	1B7C	0000	56

C:\Program Files\Microchip\xc8\v1.30\sources\pic18\plib\Timers\t1open.c estimated size: 56

../src/uart_thread.c
		_uart_lthread  		CODE           	1B3E	0000	62

../src/uart_thread.c estimated size: 62

../src/sensorcomm.c
		_sendADdata    		CODE           	18BC	0000	88
		_sendRequestedD		CODE           	17FA	0000	100
		_setBrainReqDat		CODE           	1DFA	0000	22

../src/sensorcomm.c estimated size: 210

C:\Program Files\Microchip\xc8\v1.30\sources\pic18\d1ktcyx.c
		_Delay1KTCYx   		CODE           	1DE4	0000	22

C:\Program Files\Microchip\xc8\v1.30\sources\pic18\d1ktcyx.c estimated size: 22

../src/interrupts.c
		_enable_interru		CODE           	1E92	0000	8
		_in_low_int    		CODE           	19B0	0000	70
		_in_main       		CODE           	19F6	0000	68
		_in_high_int   		CODE           	1E34	0000	18
		_InterruptHandl		CODE           	0018	0000	158
		_InterruptHandl		CODE           	0008	0000	5432

../src/interrupts.c estimated size: 5754

C:\Program Files\Microchip\xc8\v1.30\sources\common\memcpy.c
		_memcpy        		CODE           	185E	0000	94

C:\Program Files\Microchip\xc8\v1.30\sources\common\memcpy.c estimated size: 94

../src/my_uart.c
		_init_uart_recv		CODE           	1DA8	0000	30
		_uart_recv_int_		CODE           	1280	0000	156

../src/my_uart.c estimated size: 186

C:\Program Files\Microchip\xc8\v1.30\sources\pic18\plib\USART\uopen.c
		_OpenUSART     		CODE           	131C	0000	146

C:\Program Files\Microchip\xc8\v1.30\sources\pic18\plib\USART\uopen.c estimated size: 146

../src/messages.c
		_ToMainHigh_sen		CODE           	1D5E	0000	38
		_ToMainHigh_rec		CODE           	1A7C	0000	66
		_block_on_To_ms		CODE           	1540	0000	126
		_check_msg     		CODE           	1BEA	0000	54
		_ToMainLow_send		CODE           	1D38	0000	38
		_ToMainLow_recv		CODE           	1A3A	0000	66
		_FromMainHigh_s		CODE           	1BB4	0000	54
		_enter_sleep_mo		CODE           	1E9A	0000	6
		_send_msg      		CODE           	0CF2	0000	260
		_FromMainHigh_r		CODE           	1C56	0000	50
		_init_queue    		CODE           	15BE	0000	122
		_init_queues   		CODE           	1722	0000	110
		_recv_msg      		CODE           	0AAE	0000	310
		_SleepIfOkay   		CODE           	1962	0000	78

../src/messages.c estimated size: 1378

C:\Program Files\Microchip\xc8\v1.30\sources\common\lwmod.c
		___lwmod       		CODE           	13AE	0000	138

C:\Program Files\Microchip\xc8\v1.30\sources\common\lwmod.c estimated size: 138

../src/main.c
		_main          		CODE           	06BA	0000	1012

../src/main.c estimated size: 1012

