Microchip MPLAB XC8 Compiler V1.30 ()

Linker command line:

--edf=C:\Program Files\Microchip\xc8\v1.30\dat\en_msgs.txt -cs \
  -h+dist/UseXC8/production\PIC_Framework_3.X.production.sym \
  --cmf=dist/UseXC8/production\PIC_Framework_3.X.production.cmf -z \
  -Q18F45J10 -oC:\Users\Kindel\AppData\Local\Temp\s5h4.6 \
  -Mdist/UseXC8/production/PIC_Framework_3.X.production.map -E1 -ver=XC8 \
  -ASTACK=0236h-03ffh -pstack=STACK -ACODE=00h-07FF7h -ACONST=00h-07FF7h \
  -ASMALLCONST=0400h-04FFhx123,07F00h-07FF7h -AMEDIUMCONST=0400h-07FF7h \
  -ACOMRAM=01h-07Fh -AABS1=00h-03FFh -ABIGRAM=01h-03FFh \
  -ARAM=080h-0FFh,0100h-01FFhx3 -ABANK0=080h-0FFh -ABANK1=0100h-01FFh \
  -ABANK2=0200h-02FFh -ABANK3=0300h-03FFh -ASFR=0F80h-0FFFh \
  -preset_vec=00h,intcode=08h,intcodelo=018h,powerup,init,end_init \
  -pramtop=0400h -psmallconst=SMALLCONST -pmediumconst=MEDIUMCONST \
  -pconst=CONST -AFARRAM=00h-00h -ACONFIG=07FF8h-07FFDh -pconfig=CONFIG \
  -pjflash_buffer=07800h \
  -prdata=COMRAM,nvrram=COMRAM,nvbit=COMRAM,rbss=COMRAM,rbit=COMRAM \
  -pfarbss=FARRAM,fardata=FARRAM,nvFARRAM=FARRAM \
  -pintsave_regs=BIGRAM,bigbss=BIGRAM,bigdata=BIGRAM -pbss=RAM \
  -pidata=CODE,irdata=CODE,ibigdata=CODE,ifardata=CODE \
  C:\Users\Kindel\AppData\Local\Temp\s5h4.obj \
  dist/UseXC8/production\PIC_Framework_3.X.production.obj 

Object code version is 3.11

Machine type is 18F45J10

Call graph: (short form)




                Name                               Link     Load   Length Selector   Space Scale
C:\Users\Kindel\AppData\Local\Temp\s5h4.obj
                end_init                             A2       A2        4        C       0
                reset_vec                             0        0        4        0       0
                config                             7FF8     7FF8        6     7FF8       0
dist/UseXC8/production\PIC_Framework_3.X.production.obj
                intcodelo                            18       18       8A        C       0
                intcode                               8        8        C        4       0
                text48                             18F2     18F2        6        C       0
                text47                             1862     1862       24        C       0
                text46                             18CE     18CE        C        C       0
                text45                             1792     1792       2E        C       0
                text44                             1494     1494       4E        C       0
                text43                              C54      C54       C8        C       0
                text42                             16B2     16B2       3C        C       0
                text41                             1676     1676       3C        C       0
                text40                             13F4     13F4       52        C       0
                text39                              E76      E76       A8        C       0
                text38                             175C     175C       36        C       0
                text37                              B60      B60       F4        C       0
                text36                             139C     139C       58        C       0
                text35                             1446     1446       4E        C       0
                text34                             16EE     16EE       38        C       0
                text33                             1636     1636       40        C       0
                text32                              DCC      DCC       AA        C       0
                text31                             183C     183C       26        C       0
                text30                             120C     120C       6E        C       0
                text29                             18DA     18DA        A        C       0
                text28                             1528     1528       46        C       0
                text27                               A6       A6      540        C       0
                text26                             18AE     18AE       12        C       0
                text25                             18C0     18C0        E        C       0
                intcode_body                        FB0      FB0       82        C       0
                text22                             17EA     17EA       2A        C       0
                text21                              F1E      F1E       92        C       0
                text20                             12E4     12E4       5E        C       0
                text19                              91C      91C      136        C       0
                text18                             15F4     15F4       42        C       0
                text17                             15B2     15B2       42        C       0
                text16                              D1C      D1C       B0        C       0
                text15                             17C0     17C0       2A        C       0
                text14                             1886     1886       16        C       0
                text13                             1726     1726       36        C       0
                text12                             189C     189C       12        C       0
                text11                             14E2     14E2       46        C       0
                text10                             156E     156E       44        C       0
                text9                              1032     1032       7E        C       0
                text8                              18E4     18E4        8        C       0
                text7                              1814     1814       28        C       0
                text6                              127A     127A       6A        C       0
                text5                              10B0     10B0       7A        C       0
                text4                              119E     119E       6E        C       0
                text3                              112A     112A       74        C       0
                text2                              18EC     18EC        6        C       0
                text1                               A52      A52      10E        C       0
                text0                               5E6      5E6      336        C       0
                cstackCOMRAM                          1        1       53        1       1
                cstackBANK0                          80       80       66       80       1
                cstackBANK1                         1A4      1A4       59      100       1
                bssBANK2                            200      200       36      200       1
                bssBANK1                            100      100       A4      100       1
                bssBANK0                             E6       E6        B       80       1
                dataCOMRAM                           5B       5B        5        1       1
                bssCOMRAM                            54       54        7        1       1
                cinit                              1342     1342       5A        C       0
                idataCOMRAM                        18F8     18F8        5        C       0

TOTAL           Name                               Link     Load   Length     Space
        CLASS   STACK          

        CLASS   CODE           
                end_init                             A2       A2        4         0
                intcodelo                            18       18       8A         0
                intcode                               8        8        C         0
                reset_vec                             0        0        4         0
                text48                             18F2     18F2        6         0
                text47                             1862     1862       24         0
                text46                             18CE     18CE        C         0
                text45                             1792     1792       2E         0
                text44                             1494     1494       4E         0
                text43                              C54      C54       C8         0
                text42                             16B2     16B2       3C         0
                text41                             1676     1676       3C         0
                text40                             13F4     13F4       52         0
                text39                              E76      E76       A8         0
                text38                             175C     175C       36         0
                text37                              B60      B60       F4         0
                text36                             139C     139C       58         0
                text35                             1446     1446       4E         0
                text34                             16EE     16EE       38         0
                text33                             1636     1636       40         0
                text32                              DCC      DCC       AA         0
                text31                             183C     183C       26         0
                text30                             120C     120C       6E         0
                text29                             18DA     18DA        A         0
                text28                             1528     1528       46         0
                text27                               A6       A6      540         0
                text26                             18AE     18AE       12         0
                text25                             18C0     18C0        E         0
                intcode_body                        FB0      FB0       82         0
                text22                             17EA     17EA       2A         0
                text21                              F1E      F1E       92         0
                text20                             12E4     12E4       5E         0
                text19                              91C      91C      136         0
                text18                             15F4     15F4       42         0
                text17                             15B2     15B2       42         0
                text16                              D1C      D1C       B0         0
                text15                             17C0     17C0       2A         0
                text14                             1886     1886       16         0
                text13                             1726     1726       36         0
                text12                             189C     189C       12         0
                text11                             14E2     14E2       46         0
                text10                             156E     156E       44         0
                text9                              1032     1032       7E         0
                text8                              18E4     18E4        8         0
                text7                              1814     1814       28         0
                text6                              127A     127A       6A         0
                text5                              10B0     10B0       7A         0
                text4                              119E     119E       6E         0
                text3                              112A     112A       74         0
                text2                              18EC     18EC        6         0
                text1                               A52      A52      10E         0
                text0                               5E6      5E6      336         0
                cinit                              1342     1342       5A         0
                idataCOMRAM                        18F8     18F8        5         0

        CLASS   CONST          

        CLASS   SMALLCONST     

        CLASS   MEDIUMCONST    

        CLASS   COMRAM         
                cstackCOMRAM                          1        1       53         1
                dataCOMRAM                           5B       5B        5         1
                bssCOMRAM                            54       54        7         1

        CLASS   ABS1           

        CLASS   BIGRAM         

        CLASS   RAM            

        CLASS   BANK0          
                cstackBANK0                          80       80       66         1
                bssBANK0                             E6       E6        B         1

        CLASS   BANK1          
                cstackBANK1                         1A4      1A4       59         1
                bssBANK1                            100      100       A4         1

        CLASS   BANK2          
                bssBANK2                            200      200       36         1

        CLASS   BANK3          

        CLASS   SFR            

        CLASS   FARRAM         

        CLASS   CONFIG         
                config                             7FF8     7FF8        6         0

        CLASS   IDLOC          



SEGMENTS        Name                           Load    Length   Top    Selector   Space  Class

                reset_vec                      000000  000004  000004         0       0  CODE    
                cstackCOMRAM                   000001  00005F  000060         1       1  COMRAM  
                intcode                        000008  00000C  000014         4       0  CODE    
                intcodelo                      000018  0018E5  0018FD         C       0  CODE    
                cstackBANK0                    000080  000071  0000F1        80       1  BANK0   
                bssBANK1                       000100  0000FD  0001FD       100       1  BANK1   
                bssBANK2                       000200  000036  000236       200       1  BANK2   
                config                         007FF8  000006  007FFE      7FF8       0  CONFIG  


UNUSED ADDRESS RANGES

        Name                Unused          Largest block    Delta
        BANK0            000F1-000FF               F
        BANK1            001FD-001FF               3
        BANK2            00236-002FF              CA
        BANK3            00300-003FF             100
        BIGRAM           00060-0007F              20
                         000F1-000FF               F
                         001FD-001FF               3
                         00236-003FF             1CA
        CODE             00004-00007               4
                         00014-00017               4
                         018FD-07FF7            66FB
        COMRAM           00060-0007F              20
        CONST            00004-00007               4
                         00014-00017               4
                         018FD-07FF7            66FB
        MEDIUMCONST      018FD-07FF7            66FB
        RAM              000F1-000FF               F
                         001FD-001FF               3
                         00236-003FF              CA
        SFR              00F80-00FFF              80
        SMALLCONST       018FD-07FF7             100
        STACK            00236-003FF             1CA

                                  Symbol Table

?_in_high_int                     cstackBANK1   001A4
?_in_low_int                      cstackBANK1   001A6
?_in_main                         cstackBANK1   001A8
?_packADData                      cstackCOMRAM  00023
?_packReturnData                  cstackCOMRAM  00012
?_unpackBrainMsg                  cstackCOMRAM  00012
?i2_in_high_int                   cstackCOMRAM  00012
?i2_in_low_int                    cstackCOMRAM  00014
Delay1KTCYx@unit                  cstackBANK1   001A4
OpenTimer0@config                 cstackBANK1   001A4
OpenUSART@config                  cstackBANK1   001A9
OpenUSART@spbrg                   cstackBANK1   001A4
ToMainHigh_recvmsg@data           cstackBANK1   001BE
ToMainHigh_recvmsg@maxlength      cstackBANK1   001C0
ToMainHigh_recvmsg@msgtype        cstackBANK1   001BC
ToMainHigh_sendmsg@data           cstackCOMRAM  00029
ToMainHigh_sendmsg@length         cstackCOMRAM  0002B
ToMainHigh_sendmsg@msgtype        cstackCOMRAM  00028
ToMainLow_recvmsg@data            cstackBANK1   001BE
ToMainLow_recvmsg@maxlength       cstackBANK1   001C0
ToMainLow_recvmsg@msgtype         cstackBANK1   001BC
WriteTimer0@timer                 cstackCOMRAM  00014
WriteTimer0@timer0                cstackCOMRAM  00012
_ADacc                            bssBANK0      000E6
_BrainMsgRecv                     bssCOMRAM     00054
_Delay1KTCYx                      text14        01886
_FromMainHigh_MQ                  bssBANK2      00200
_FromMainLow_MQ                   bssBANK1      00102
_INTCONbits                       (abs)         00FF2
_IPR1bits                         (abs)         00F9F
_InterruptHandlerHigh             intcode       00008
_InterruptHandlerLow              intcodelo     00018
_LATB                             (abs)         00F8A
_LATBbits                         (abs)         00F8A
_MQ_Main_Willing_to_block         bssCOMRAM     00058
_OSCCON                           (abs)         00FD3
_OSCCONbits                       (abs)         00FD3
_OSCTUNEbits                      (abs)         00F9B
_OpenTimer0                       text22        017EA
_OpenUSART                        text21        00F1E
_PIE1bits                         (abs)         00F9D
_PIR1bits                         (abs)         00F9E
_RCONbits                         (abs)         00FD0
_RCREG                            (abs)         00FAE
_RCSTA                            (abs)         00FAB
_RCSTAbits                        (abs)         00FAB
_SPBRG                            (abs)         00FAF
_SPBRGH                           (abs)         00FB0
_SSPADD                           (abs)         00FC8
_SSPBUF                           (abs)         00FC9
_SSPCON1                          (abs)         00FC6
_SSPCON1bits                      (abs)         00FC6
_SSPCON2                          (abs)         00FC5
_SSPCON2bits                      (abs)         00FC5
_SSPSTAT                          (abs)         00FC7
_SSPSTATbits                      (abs)         00FC7
_SleepIfOkay                      text44        01494
_T0CON                            (abs)         00FD5
_T0CONbits                        (abs)         00FD5
_TMR0H                            (abs)         00FD7
_TMR0L                            (abs)         00FD6
_TMR1H                            (abs)         00FCF
_TMR1L                            (abs)         00FCE
_TRISB                            (abs)         00F93
_TRISCbits                        (abs)         00F94
_TXSTA                            (abs)         00FAC
_TXSTAbits                        (abs)         00FAC
_ToMainHigh_MQ                    bssBANK1      00138
_ToMainHigh_recvmsg               text18        015F4
_ToMainHigh_sendmsg               text31        0183C
_ToMainLow_MQ                     bssBANK1      0016E
_ToMainLow_recvmsg                text17        015B2
_USART_Status                     bssCOMRAM     00059
_WriteTimer0                      text26        018AE
__CFG_CCP2MX$DEFAULT              (abs)         00000
__CFG_CP0$OFF                     (abs)         00000
__CFG_FCMEN$ON                    (abs)         00000
__CFG_FOSC$HSPLL                  (abs)         00000
__CFG_FOSC2$ON                    (abs)         00000
__CFG_IESO$ON                     (abs)         00000
__CFG_STVREN$OFF                  (abs)         00000
__CFG_WDTEN$OFF                   (abs)         00000
__CFG_WDTPS$32768                 (abs)         00000
__CFG_XINST$OFF                   (abs)         00000
__HRAM                            (abs)         00000
__Habs1                           abs1          00000
__Hbank0                          bank0         00000
__Hbank1                          bank1         00000
__Hbank2                          bank2         00000
__Hbank3                          bank3         00000
__Hbigbss                         bigbss        00000
__Hbigdata                        bigdata       00000
__Hbigram                         bigram        00000
__Hbss                            bss           00000
__HbssBANK0                       bssBANK0      00000
__HbssBANK1                       bssBANK1      00000
__HbssBANK2                       bssBANK2      00000
__HbssCOMRAM                      bssCOMRAM     00000
__Hcinit                          cinit         00000
__Hclrtext                        clrtext       00000
__Hcomram                         comram        00000
__Hconfig                         config        07FFE
__Hconst                          const         00000
__HcstackBANK0                    cstackBANK0   00000
__HcstackBANK1                    cstackBANK1   00000
__HcstackCOMRAM                   cstackCOMRAM  00000
__Hdata                           data          00000
__HdataCOMRAM                     dataCOMRAM    00000
__Hend_init                       end_init      000A6
__Hfarbss                         farbss        00000
__Hfardata                        fardata       00000
__Hibigdata                       ibigdata      00000
__Hidata                          idata         00000
__HidataCOMRAM                    idataCOMRAM   00000
__Hidloc                          idloc         00000
__Hifardata                       ifardata      00000
__Hinit                           init          000A2
__Hintcode                        intcode       00014
__Hintcode_body                   intcode_body  00000
__Hintcodelo                      intcodelo     000A2
__Hintentry                       intentry      00000
__Hintret                         intret        00000
__Hintsave_regs                   intsave_regs  00000
__Hirdata                         irdata        00000
__Hjflash_buffer                  jflash_buffer 07800
__Hmediumconst                    mediumconst   00000
__HnvFARRAM                       nvFARRAM      00000
__Hnvbit                          nvbit         00000
__Hnvrram                         nvrram        00000
__Hparam                          rparam        00000
__Hpowerup                        powerup       000A2
__Hram                            ram           00000
__Hramtop                         ramtop        00400
__Hrbit                           rbit          00000
__Hrbss                           rbss          00000
__Hrdata                          rdata         00000
__Hreset_vec                      reset_vec     00004
__Hrparam                         rparam        00000
__Hsfr                            sfr           00000
__Hsmallconst                     smallconst    00000
__Hstack                          stack         00000
__Hstruct                         struct        00000
__Htemp                           temp          00000
__Htext                           text          00000
__Htext0                          text0         00000
__Htext1                          text1         00000
__Htext10                         text10        00000
__Htext11                         text11        00000
__Htext12                         text12        00000
__Htext13                         text13        00000
__Htext14                         text14        00000
__Htext15                         text15        00000
__Htext16                         text16        00000
__Htext17                         text17        00000
__Htext18                         text18        00000
__Htext19                         text19        00000
__Htext2                          text2         00000
__Htext20                         text20        00000
__Htext21                         text21        00000
__Htext22                         text22        00000
__Htext25                         text25        00000
__Htext26                         text26        00000
__Htext27                         text27        00000
__Htext28                         text28        00000
__Htext29                         text29        00000
__Htext3                          text3         00000
__Htext30                         text30        00000
__Htext31                         text31        00000
__Htext32                         text32        00000
__Htext33                         text33        00000
__Htext34                         text34        00000
__Htext35                         text35        00000
__Htext36                         text36        00000
__Htext37                         text37        00000
__Htext38                         text38        00000
__Htext39                         text39        00000
__Htext4                          text4         00000
__Htext40                         text40        00000
__Htext41                         text41        00000
__Htext42                         text42        00000
__Htext43                         text43        00000
__Htext44                         text44        00000
__Htext45                         text45        00000
__Htext46                         text46        00000
__Htext47                         text47        00000
__Htext48                         text48        00000
__Htext5                          text5         00000
__Htext6                          text6         00000
__Htext7                          text7         00000
__Htext8                          text8         00000
__Htext9                          text9         00000
__LRAM                            (abs)         00001
__Labs1                           abs1          00000
__Lbank0                          bank0         00000
__Lbank1                          bank1         00000
__Lbank2                          bank2         00000
__Lbank3                          bank3         00000
__Lbigbss                         bigbss        00000
__Lbigdata                        bigdata       00000
__Lbigram                         bigram        00000
__Lbss                            bss           00000
__LbssBANK0                       bssBANK0      00000
__LbssBANK1                       bssBANK1      00000
__LbssBANK2                       bssBANK2      00000
__LbssCOMRAM                      bssCOMRAM     00000
__Lcinit                          cinit         00000
__Lclrtext                        clrtext       00000
__Lcomram                         comram        00000
__Lconfig                         config        07FF8
__Lconst                          const         00000
__LcstackBANK0                    cstackBANK0   00000
__LcstackBANK1                    cstackBANK1   00000
__LcstackCOMRAM                   cstackCOMRAM  00000
__Ldata                           data          00000
__LdataCOMRAM                     dataCOMRAM    00000
__Lend_init                       end_init      000A2
__Lfarbss                         farbss        00000
__Lfardata                        fardata       00000
__Libigdata                       ibigdata      00000
__Lidata                          idata         00000
__LidataCOMRAM                    idataCOMRAM   00000
__Lidloc                          idloc         00000
__Lifardata                       ifardata      00000
__Linit                           init          000A2
__Lintcode                        intcode       00008
__Lintcode_body                   intcode_body  00000
__Lintcodelo                      intcodelo     00018
__Lintentry                       intentry      00000
__Lintret                         intret        00000
__Lintsave_regs                   intsave_regs  00000
__Lirdata                         irdata        00000
__Ljflash_buffer                  jflash_buffer 07800
__Lmediumconst                    mediumconst   00000
__LnvFARRAM                       nvFARRAM      00000
__Lnvbit                          nvbit         00000
__Lnvrram                         nvrram        00000
__Lparam                          rparam        00000
__Lpowerup                        powerup       000A2
__Lram                            ram           00000
__Lramtop                         ramtop        00400
__Lrbit                           rbit          00000
__Lrbss                           rbss          00000
__Lrdata                          rdata         00000
__Lreset_vec                      reset_vec     00000
__Lrparam                         rparam        00000
__Lsfr                            sfr           00000
__Lsmallconst                     smallconst    00000
__Lstack                          stack         00000
__Lstruct                         struct        00000
__Ltemp                           temp          00000
__Ltext                           text          00000
__Ltext0                          text0         00000
__Ltext1                          text1         00000
__Ltext10                         text10        00000
__Ltext11                         text11        00000
__Ltext12                         text12        00000
__Ltext13                         text13        00000
__Ltext14                         text14        00000
__Ltext15                         text15        00000
__Ltext16                         text16        00000
__Ltext17                         text17        00000
__Ltext18                         text18        00000
__Ltext19                         text19        00000
__Ltext2                          text2         00000
__Ltext20                         text20        00000
__Ltext21                         text21        00000
__Ltext22                         text22        00000
__Ltext25                         text25        00000
__Ltext26                         text26        00000
__Ltext27                         text27        00000
__Ltext28                         text28        00000
__Ltext29                         text29        00000
__Ltext3                          text3         00000
__Ltext30                         text30        00000
__Ltext31                         text31        00000
__Ltext32                         text32        00000
__Ltext33                         text33        00000
__Ltext34                         text34        00000
__Ltext35                         text35        00000
__Ltext36                         text36        00000
__Ltext37                         text37        00000
__Ltext38                         text38        00000
__Ltext39                         text39        00000
__Ltext4                          text4         00000
__Ltext40                         text40        00000
__Ltext41                         text41        00000
__Ltext42                         text42        00000
__Ltext43                         text43        00000
__Ltext44                         text44        00000
__Ltext45                         text45        00000
__Ltext46                         text46        00000
__Ltext47                         text47        00000
__Ltext48                         text48        00000
__Ltext5                          text5         00000
__Ltext6                          text6         00000
__Ltext7                          text7         00000
__Ltext8                          text8         00000
__Ltext9                          text9         00000
__S0                              (abs)         07FFE
__S1                              (abs)         00236
__S2                              (abs)         00000
___extmem_base                    (abs)         20000
___inthi_sp                       stack         00000
___intlo_sp                       stack         00000
___sp                             stack         00000
__accesstop                       (abs)         00080
__activetblptr                    (abs)         00002
__end_of_Delay1KTCYx              text14        0189C
__end_of_InterruptHandlerHigh     intcode_body  01032
__end_of_InterruptHandlerLow      intcodelo     000A2
__end_of_OpenTimer0               text22        01814
__end_of_OpenUSART                text21        00FB0
__end_of_SleepIfOkay              text44        014E2
__end_of_ToMainHigh_recvmsg       text18        01636
__end_of_ToMainHigh_sendmsg       text31        01862
__end_of_ToMainLow_recvmsg        text17        015F4
__end_of_WriteTimer0              text26        018C0
__end_of__initialization          cinit         01392
__end_of_addADDataPoints          text16        00DCC
__end_of_addDataPoints            text15        017EA
__end_of_block_on_To_msgqueues    text9         010B0
__end_of_check_msg                text13        0175C
__end_of_enable_interrupts        text8         018EC
__end_of_enter_sleep_mode         text48        018F8
__end_of_handle_start             text43        00D1C
__end_of_i2c_configure_slave      text7         0183C
__end_of_i2c_int_handler          text27        005E6
__end_of_in_high_int              text12        018AE
__end_of_in_low_int               text11        01528
__end_of_in_main                  text10        015B2
__end_of_init_i2c                 text6         012E4
__end_of_init_queue               text5         0112A
__end_of_init_queues              text4         0120C
__end_of_main                     text0         0091C
__end_of_memcpy                   text20        01342
__end_of_packADData               text38        01792
__end_of_packReturnData           text39        00F1E
__end_of_readNum                  text40        01446
__end_of_recv_msg                 text19        00A52
__end_of_reqADData                text30        0127A
__end_of_resetADacc               text3         0119E
__end_of_resetAccumulators        text2         018F2
__end_of_resetDBG                 text42        016EE
__end_of_sendADdata               text36        013F4
__end_of_sendRequestedData        text34        01726
__end_of_send_msg                 text32        00E76
__end_of_setBrainReqData          text28        0156E
__end_of_setDBG                   text41        016B2
__end_of_start_i2c_slave_reply    text1         00B60
__end_of_timer0_int_handler       text25        018CE
__end_of_unpackBrainMsg           text29        018E4
__end_ofi2_check_msg              text47        01886
__end_ofi2_in_high_int            text46        018DA
__end_ofi2_in_low_int             text45        017C0
__end_ofi2_memcpy                 text33        01676
__end_ofi2_resetADacc             text35        01494
__end_ofi2_start_i2c_slave_reply  text37        00C54
__initialization                  cinit         01342
__mediumconst                     mediumconst   00000
__pbssBANK0                       bssBANK0      000E6
__pbssBANK1                       bssBANK1      00100
__pbssBANK2                       bssBANK2      00200
__pbssCOMRAM                      bssCOMRAM     00054
__pcinit                          cinit         01342
__pcstackBANK0                    cstackBANK0   00080
__pcstackBANK1                    cstackBANK1   001A4
__pcstackCOMRAM                   cstackCOMRAM  00001
__pdataCOMRAM                     dataCOMRAM    0005B
__pidataCOMRAM                    idataCOMRAM   018F8
__pintcode                        intcode       00008
__pintcode_body                   intcode_body  00FB0
__pintcodelo                      intcodelo     00018
__ptext0                          text0         005E6
__ptext1                          text1         00A52
__ptext10                         text10        0156E
__ptext11                         text11        014E2
__ptext12                         text12        0189C
__ptext13                         text13        01726
__ptext14                         text14        01886
__ptext15                         text15        017C0
__ptext16                         text16        00D1C
__ptext17                         text17        015B2
__ptext18                         text18        015F4
__ptext19                         text19        0091C
__ptext2                          text2         018EC
__ptext20                         text20        012E4
__ptext21                         text21        00F1E
__ptext22                         text22        017EA
__ptext25                         text25        018C0
__ptext26                         text26        018AE
__ptext27                         text27        000A6
__ptext28                         text28        01528
__ptext29                         text29        018DA
__ptext3                          text3         0112A
__ptext30                         text30        0120C
__ptext31                         text31        0183C
__ptext32                         text32        00DCC
__ptext33                         text33        01636
__ptext34                         text34        016EE
__ptext35                         text35        01446
__ptext36                         text36        0139C
__ptext37                         text37        00B60
__ptext38                         text38        0175C
__ptext39                         text39        00E76
__ptext4                          text4         0119E
__ptext40                         text40        013F4
__ptext41                         text41        01676
__ptext42                         text42        016B2
__ptext43                         text43        00C54
__ptext44                         text44        01494
__ptext45                         text45        01792
__ptext46                         text46        018CE
__ptext47                         text47        01862
__ptext48                         text48        018F2
__ptext5                          text5         010B0
__ptext6                          text6         0127A
__ptext7                          text7         01814
__ptext8                          text8         018E4
__ptext9                          text9         01032
__ramtop                          ramtop        00400
__size_of_Delay1KTCYx             (abs)         00000
__size_of_InterruptHandlerHigh    (abs)         00000
__size_of_InterruptHandlerLow     (abs)         00000
__size_of_OpenTimer0              (abs)         00000
__size_of_OpenUSART               (abs)         00000
__size_of_SleepIfOkay             (abs)         00000
__size_of_ToMainHigh_recvmsg      (abs)         00000
__size_of_ToMainHigh_sendmsg      (abs)         00000
__size_of_ToMainLow_recvmsg       (abs)         00000
__size_of_WriteTimer0             (abs)         00000
__size_of_addADDataPoints         (abs)         00000
__size_of_addDataPoints           (abs)         00000
__size_of_block_on_To_msgqueues   (abs)         00000
__size_of_check_msg               (abs)         00000
__size_of_enable_interrupts       (abs)         00000
__size_of_enter_sleep_mode        (abs)         00000
__size_of_handle_start            (abs)         00000
__size_of_i2c_configure_slave     (abs)         00000
__size_of_i2c_int_handler         (abs)         00000
__size_of_in_high_int             (abs)         00000
__size_of_in_low_int              (abs)         00000
__size_of_in_main                 (abs)         00000
__size_of_init_i2c                (abs)         00000
__size_of_init_queue              (abs)         00000
__size_of_init_queues             (abs)         00000
__size_of_main                    (abs)         00000
__size_of_memcpy                  (abs)         00000
__size_of_packADData              (abs)         00000
__size_of_packReturnData          (abs)         00000
__size_of_readNum                 (abs)         00000
__size_of_recv_msg                (abs)         00000
__size_of_reqADData               (abs)         00000
__size_of_resetADacc              (abs)         00000
__size_of_resetAccumulators       (abs)         00000
__size_of_resetDBG                (abs)         00000
__size_of_sendADdata              (abs)         00000
__size_of_sendRequestedData       (abs)         00000
__size_of_send_msg                (abs)         00000
__size_of_setBrainReqData         (abs)         00000
__size_of_setDBG                  (abs)         00000
__size_of_start_i2c_slave_reply   (abs)         00000
__size_of_timer0_int_handler      (abs)         00000
__size_of_unpackBrainMsg          (abs)         00000
__size_ofi2_check_msg             (abs)         00000
__size_ofi2_in_high_int           (abs)         00000
__size_ofi2_in_low_int            (abs)         00000
__size_ofi2_memcpy                (abs)         00000
__size_ofi2_resetADacc            (abs)         00000
__size_ofi2_start_i2c_slave_reply (abs)         00000
__smallconst                      smallconst    00000
_addADDataPoints                  text16        00D1C
_addDataPoints                    text15        017C0
_block_on_To_msgqueues            text9         01032
_check_msg                        text13        01726
_enable_interrupts                text8         018E4
_enter_sleep_mode                 text48        018F2
_handle_start                     text43        00C54
_i2c_configure_slave              text7         01814
_i2c_int_handler                  text27        000A6
_ic_ptr                           bssBANK1      00100
_in_high_int                      text12        0189C
_in_low_int                       text11        014E2
_in_main                          text10        0156E
_init_i2c                         text6         0127A
_init_queue                       text5         010B0
_init_queues                      text4         0119E
_main                             text0         005E6
_memcpy                           text20        012E4
_packADData                       text38        0175C
_packReturnData                   text39        00E76
_readNum                          text40        013F4
_recv_msg                         text19        0091C
_reqADData                        text30        0120C
_resetADacc                       text3         0112A
_resetAccumulators                text2         018EC
_resetDBG                         text42        016B2
_sample1                          dataCOMRAM    0005B
_sample2                          dataCOMRAM    0005C
_sample3                          dataCOMRAM    0005D
_sample4                          dataCOMRAM    0005E
_sample5                          dataCOMRAM    0005F
_sendADdata                       text36        0139C
_sendRequestedData                text34        016EE
_send_msg                         text32        00DCC
_setBrainReqData                  text28        01528
_setDBG                           text41        01676
_start_i2c_slave_reply            text1         00A52
_timer0_int_handler               text25        018C0
_timesreq                         bssCOMRAM     0005A
_uc_ptr                           bssCOMRAM     00056
_unpackBrainMsg                   text29        018DA
addADDataPoints@data              cstackBANK1   001A4
addADDataPoints@i                 cstackBANK1   001AA
addADDataPoints@len               cstackBANK1   001A6
addDataPoints@data                cstackBANK1   001AE
addDataPoints@len                 cstackBANK1   001B0
addDataPoints@sensorid            cstackBANK1   001AC
check_msg@qptr                    cstackBANK1   001A4
end_of_initialization             cinit         01392
handle_start@data_read            cstackCOMRAM  00012
i2_check_msg                      text47        01862
i2_in_high_int                    text46        018CE
i2_in_low_int                     text45        01792
i2_memcpy                         text33        01636
i2_resetADacc                     text35        01446
i2_start_i2c_slave_reply          text37        00B60
i2c_configure_slave@addr          cstackBANK1   001A4
i2c_int_handler@data_read         cstackCOMRAM  00045
i2c_int_handler@data_written      cstackCOMRAM  00040
i2c_int_handler@error_buf         cstackCOMRAM  0003D
i2c_int_handler@i2c_data          cstackCOMRAM  00042
i2c_int_handler@msg_ready         cstackCOMRAM  00044
i2c_int_handler@msg_to_send       cstackCOMRAM  00043
i2c_int_handler@overrun_error     cstackCOMRAM  00041
i2check_msg@qptr                  cstackCOMRAM  00012
i2memcpy@d                        cstackCOMRAM  00018
i2memcpy@d1                       cstackCOMRAM  00012
i2memcpy@n                        cstackCOMRAM  00016
i2memcpy@s                        cstackCOMRAM  0001A
i2memcpy@s1                       cstackCOMRAM  00014
i2resetADacc@i                    cstackCOMRAM  00015
i2start_i2c_slave_reply@length    cstackCOMRAM  00016
i2start_i2c_slave_reply@msg       cstackCOMRAM  00012
init_i2c@ic                       cstackBANK1   001A4
init_queue@i                      cstackBANK1   001A7
init_queue@qptr                   cstackBANK1   001A4
int_func                          intcode_body  00FB0
intlevel0                         text          00000
intlevel1                         text          00000
intlevel2                         text          00000
intlevel3                         text          00000
main@data_points_count            cstackBANK1   001DE
main@ic                           cstackBANK1   001E1
main@j                            cstackBANK1   001D9
main@j_434                        cstackBANK1   001DB
main@last_reg_recvd               cstackBANK1   001D8
main@length                       cstackBANK1   001E0
main@msgbuffer                    cstackBANK1   001CD
main@msgtype                      cstackBANK1   001DD
main@to_send_buffer               cstackBANK1   001C2
memcpy@d                          cstackBANK1   001AA
memcpy@d1                         cstackBANK1   001A4
memcpy@n                          cstackBANK1   001A8
memcpy@s                          cstackBANK1   001AC
memcpy@s1                         cstackBANK1   001A6
packADData@data                   cstackCOMRAM  00023
packADData@len                    cstackCOMRAM  00025
packADData@maxout                 cstackCOMRAM  00029
packADData@out                    cstackCOMRAM  00027
packReturnData@data               cstackCOMRAM  00012
packReturnData@dest               cstackCOMRAM  00021
packReturnData@end                cstackCOMRAM  0001F
packReturnData@maxout             cstackCOMRAM  00018
packReturnData@msg                cstackCOMRAM  00016
packReturnData@payloadLen         cstackCOMRAM  00014
packReturnData@sensorID           cstackCOMRAM  0001A
readNum@num                       cstackCOMRAM  00013
recv_msg@data                     cstackBANK1   001B3
recv_msg@maxlength                cstackBANK1   001B0
recv_msg@msgtype                  cstackBANK1   001B1
recv_msg@qmsg                     cstackBANK1   001BA
recv_msg@qptr                     cstackBANK1   001AE
recv_msg@slot                     cstackBANK1   001B7
recv_msg@tlength                  cstackBANK1   001B8
reqADData@buf                     cstackCOMRAM  0002D
reqADData@numSamples              cstackCOMRAM  00037
resetADacc@i                      cstackBANK1   001A7
resetDBG@b                        cstackCOMRAM  00012
sendADdata@bytes_packed           cstackBANK0   000E4
sendADdata@outBuff                cstackBANK0   00080
send_msg@data                     cstackCOMRAM  00020
send_msg@length                   cstackCOMRAM  0001E
send_msg@msgtype                  cstackCOMRAM  0001F
send_msg@qmsg                     cstackCOMRAM  00026
send_msg@qptr                     cstackCOMRAM  0001C
send_msg@slot                     cstackCOMRAM  00025
send_msg@tlength                  cstackCOMRAM  00023
setBrainReqData@buf               cstackCOMRAM  00038
setBrainReqData@tempBrain         cstackCOMRAM  0003A
setDBG@b                          cstackCOMRAM  00012
stackhi                           (abs)         003FF
stacklo                           (abs)         00236
start                             init          000A2
start_i2c_slave_reply@length      cstackBANK1   001A8
start_i2c_slave_reply@msg         cstackBANK1   001A4
start_initialization              cinit         01342
unpackBrainMsg@buf                cstackCOMRAM  00012


FUNCTION INFORMATION:

 *************** function _main *****************
 Defined at:
		line 187 in file "../src/main.c"
 Parameters:    Size  Location     Type
		None
 Auto vars:     Size  Location     Type
  j               2   53[BANK1 ] int 
  j               2   55[BANK1 ] int 
  ic             28   61[BANK1 ] struct __i2c_comm
  msgbuffer      11   41[BANK1 ] unsigned char [11]
  to_send_buff   11   30[BANK1 ] unsigned char [11]
  data_points_    2   58[BANK1 ] int 
  t0thread_dat    2    0        struct __timer0_thread_s
  length          1   60[BANK1 ] char 
  msgtype         1   57[BANK1 ] unsigned char 
  last_reg_rec    1   52[BANK1 ] unsigned char 
 Return value:  Size  Location     Type
		None               void
 Registers used:
		wreg, fsr0l, fsr0h, fsr1l, fsr1h, fsr1l, fsr1h, fsr2l, fsr2h, status,2, status,0, pclat, btemp, btemp+1, btemp+2, btemp+3, btemp+4, btemp+5, btemp+6, btemp+7, btemp+8, btemp+9, btemp+10, btemp+11, tosl, structret, tblptrl, tblptrh, tblptru, prodl, prodh, bsr, cstack
 Tracked objects:
		On entry : 
		On exit  : 
		Unchanged: 
 Data sizes:     COMRAM   BANK0   BANK1   BANK2   BANK3
      Params:         0       0       0       0       0
      Locals:         0       0      59       0       0
      Temps:          0       0       1       0       0
      Totals:         0       0      60       0       0
Total ram usage:       60 bytes
 Hardware stack levels required when called:   12
 This function calls:
		_OpenTimer0
		_OpenUSART
		_ToMainHigh_recvmsg
		_ToMainLow_recvmsg
		_addDataPoints
		_block_on_To_msgqueues
		_enable_interrupts
		_i2c_configure_slave
		_init_i2c
		_init_queues
		_resetAccumulators
		_start_i2c_slave_reply
 This function is called by:
		Startup code after reset
 This function uses a non-reentrant model


 *************** function _start_i2c_slave_reply *****************
 Defined at:
		line 60 in file "../src/my_i2c.c"
 Parameters:    Size  Location     Type
  length          1    wreg     unsigned char 
  msg             2    0[BANK1 ] PTR unsigned char 
		 -> sendADdata@outBuff(100), main@msgbuffer(11), 
 Auto vars:     Size  Location     Type
  length          1    4[BANK1 ] unsigned char 
 Return value:  Size  Location     Type
		None               void
 Registers used:
		wreg, fsr1l, fsr1h, fsr2l, fsr2h, status,2, status,0, prodl, prodh
 Tracked objects:
		On entry : 
		On exit  : 
		Unchanged: 
 Data sizes:     COMRAM   BANK0   BANK1   BANK2   BANK3
      Params:         0       0       2       0       0
      Locals:         0       0       1       0       0
      Temps:          0       0       2       0       0
      Totals:         0       0       5       0       0
Total ram usage:        5 bytes
 Hardware stack levels used:    1
 Hardware stack levels required when called:    8
 This function calls:
		Nothing
 This function is called by:
		_main
 This function uses a non-reentrant model


 *************** function _resetAccumulators *****************
 Defined at:
		line 87 in file "../src/sensorcomm.c"
 Parameters:    Size  Location     Type
		None
 Auto vars:     Size  Location     Type
		None
 Return value:  Size  Location     Type
		None               void
 Registers used:
		wreg, fsr2l, fsr2h, status,2, status,0, cstack
 Tracked objects:
		On entry : 
		On exit  : 
		Unchanged: 
 Data sizes:     COMRAM   BANK0   BANK1   BANK2   BANK3
      Params:         0       0       0       0       0
      Locals:         0       0       0       0       0
      Temps:          0       0       0       0       0
      Totals:         0       0       0       0       0
Total ram usage:        0 bytes
 Hardware stack levels used:    1
 Hardware stack levels required when called:    9
 This function calls:
		_resetADacc
 This function is called by:
		_main
 This function uses a non-reentrant model


 *************** function _resetADacc *****************
 Defined at:
		line 79 in file "../src/sensorcomm.c"
 Parameters:    Size  Location     Type
		None
 Auto vars:     Size  Location     Type
  i               2    3[BANK1 ] int 
 Return value:  Size  Location     Type
		None               void
 Registers used:
		wreg, fsr2l, fsr2h, status,2, status,0
 Tracked objects:
		On entry : 
		On exit  : 
		Unchanged: 
 Data sizes:     COMRAM   BANK0   BANK1   BANK2   BANK3
      Params:         0       0       0       0       0
      Locals:         0       0       2       0       0
      Temps:          0       0       3       0       0
      Totals:         0       0       5       0       0
Total ram usage:        5 bytes
 Hardware stack levels used:    1
 Hardware stack levels required when called:    8
 This function calls:
		Nothing
 This function is called by:
		_resetAccumulators
 This function uses a non-reentrant model


 *************** function _init_queues *****************
 Defined at:
		line 195 in file "../src/messages.c"
 Parameters:    Size  Location     Type
		None
 Auto vars:     Size  Location     Type
		None
 Return value:  Size  Location     Type
		None               void
 Registers used:
		wreg, fsr2l, fsr2h, status,2, status,0, prodl, prodh, cstack
 Tracked objects:
		On entry : 
		On exit  : 
		Unchanged: 
 Data sizes:     COMRAM   BANK0   BANK1   BANK2   BANK3
      Params:         0       0       0       0       0
      Locals:         0       0       0       0       0
      Temps:          0       0       1       0       0
      Totals:         0       0       1       0       0
Total ram usage:        1 bytes
 Hardware stack levels used:    1
 Hardware stack levels required when called:    9
 This function calls:
		_init_queue
 This function is called by:
		_main
 This function uses a non-reentrant model


 *************** function _init_queue *****************
 Defined at:
		line 15 in file "../src/messages.c"
 Parameters:    Size  Location     Type
  qptr            2    0[BANK1 ] PTR struct __msg_queue
		 -> FromMainHigh_MQ(54), FromMainLow_MQ(54), ToMainHigh_MQ(54), ToMainLow_MQ(54), 
 Auto vars:     Size  Location     Type
  i               1    3[BANK1 ] unsigned char 
 Return value:  Size  Location     Type
		None               void
 Registers used:
		wreg, fsr2l, fsr2h, status,2, status,0, prodl, prodh
 Tracked objects:
		On entry : 
		On exit  : 
		Unchanged: 
 Data sizes:     COMRAM   BANK0   BANK1   BANK2   BANK3
      Params:         0       0       2       0       0
      Locals:         0       0       1       0       0
      Temps:          0       0       1       0       0
      Totals:         0       0       4       0       0
Total ram usage:        4 bytes
 Hardware stack levels used:    1
 Hardware stack levels required when called:    8
 This function calls:
		Nothing
 This function is called by:
		_init_queues
 This function uses a non-reentrant model


 *************** function _init_i2c *****************
 Defined at:
		line 294 in file "../src/my_i2c.c"
 Parameters:    Size  Location     Type
  ic              2    0[BANK1 ] PTR struct __i2c_comm
		 -> main@ic(28), 
 Auto vars:     Size  Location     Type
		None
 Return value:  Size  Location     Type
		None               void
 Registers used:
		wreg, fsr2l, fsr2h, status,2, status,0
 Tracked objects:
		On entry : 
		On exit  : 
		Unchanged: 
 Data sizes:     COMRAM   BANK0   BANK1   BANK2   BANK3
      Params:         0       0       2       0       0
      Locals:         0       0       0       0       0
      Temps:          0       0       0       0       0
      Totals:         0       0       2       0       0
Total ram usage:        2 bytes
 Hardware stack levels used:    1
 Hardware stack levels required when called:    8
 This function calls:
		Nothing
 This function is called by:
		_main
 This function uses a non-reentrant model


 *************** function _i2c_configure_slave *****************
 Defined at:
		line 305 in file "../src/my_i2c.c"
 Parameters:    Size  Location     Type
  addr            1    wreg     unsigned char 
 Auto vars:     Size  Location     Type
  addr            1    0[BANK1 ] unsigned char 
 Return value:  Size  Location     Type
		None               void
 Registers used:
		wreg, status,2, status,0
 Tracked objects:
		On entry : 
		On exit  : 
		Unchanged: 
 Data sizes:     COMRAM   BANK0   BANK1   BANK2   BANK3
      Params:         0       0       0       0       0
      Locals:         0       0       1       0       0
      Temps:          0       0       0       0       0
      Totals:         0       0       1       0       0
Total ram usage:        1 bytes
 Hardware stack levels used:    1
 Hardware stack levels required when called:    8
 This function calls:
		Nothing
 This function is called by:
		_main
 This function uses a non-reentrant model


 *************** function _enable_interrupts *****************
 Defined at:
		line 14 in file "../src/interrupts.c"
 Parameters:    Size  Location     Type
		None
 Auto vars:     Size  Location     Type
		None
 Return value:  Size  Location     Type
		None               void
 Registers used:
		None
 Tracked objects:
		On entry : 
		On exit  : 
		Unchanged: 
 Data sizes:     COMRAM   BANK0   BANK1   BANK2   BANK3
      Params:         0       0       0       0       0
      Locals:         0       0       0       0       0
      Temps:          0       0       0       0       0
      Totals:         0       0       0       0       0
Total ram usage:        0 bytes
 Hardware stack levels used:    1
 Hardware stack levels required when called:    8
 This function calls:
		Nothing
 This function is called by:
		_main
 This function uses a non-reentrant model


 *************** function _block_on_To_msgqueues *****************
 Defined at:
		line 259 in file "../src/messages.c"
 Parameters:    Size  Location     Type
		None
 Auto vars:     Size  Location     Type
		None
 Return value:  Size  Location     Type
		None               void
 Registers used:
		wreg, fsr2l, fsr2h, status,2, status,0, prodl, prodh, cstack
 Tracked objects:
		On entry : 
		On exit  : 
		Unchanged: 
 Data sizes:     COMRAM   BANK0   BANK1   BANK2   BANK3
      Params:         0       0       0       0       0
      Locals:         0       0       0       0       0
      Temps:          0       0       1       0       0
      Totals:         0       0       1       0       0
Total ram usage:        1 bytes
 Hardware stack levels used:    1
 Hardware stack levels required when called:   11
 This function calls:
		_Delay1KTCYx
		_check_msg
		_in_main
 This function is called by:
		_main
 This function uses a non-reentrant model


 *************** function _in_main *****************
 Defined at:
		line 40 in file "../src/interrupts.c"
 Parameters:    Size  Location     Type
		None
 Auto vars:     Size  Location     Type
		None
 Return value:  Size  Location     Type
                  2    4[BANK1 ] int 
 Registers used:
		wreg, status,2, status,0, cstack
 Tracked objects:
		On entry : 
		On exit  : 
		Unchanged: 
 Data sizes:     COMRAM   BANK0   BANK1   BANK2   BANK3
      Params:         0       0       2       0       0
      Locals:         0       0       0       0       0
      Temps:          0       0       0       0       0
      Totals:         0       0       2       0       0
Total ram usage:        2 bytes
 Hardware stack levels used:    1
 Hardware stack levels required when called:   10
 This function calls:
		_in_high_int
		_in_low_int
 This function is called by:
		_block_on_To_msgqueues
 This function uses a non-reentrant model


 *************** function _in_low_int *****************
 Defined at:
		line 30 in file "../src/interrupts.c"
 Parameters:    Size  Location     Type
		None
 Auto vars:     Size  Location     Type
		None
 Return value:  Size  Location     Type
                  2    2[BANK1 ] int 
 Registers used:
		wreg, status,2, status,0, cstack
 Tracked objects:
		On entry : 
		On exit  : 
		Unchanged: 
 Data sizes:     COMRAM   BANK0   BANK1   BANK2   BANK3
      Params:         0       0       2       0       0
      Locals:         0       0       0       0       0
      Temps:          0       0       0       0       0
      Totals:         0       0       2       0       0
Total ram usage:        2 bytes
 Hardware stack levels used:    1
 Hardware stack levels required when called:    9
 This function calls:
		_in_high_int
 This function is called by:
		_in_main
 This function uses a non-reentrant model


 *************** function _in_high_int *****************
 Defined at:
		line 22 in file "../src/interrupts.c"
 Parameters:    Size  Location     Type
		None
 Auto vars:     Size  Location     Type
		None
 Return value:  Size  Location     Type
                  2    0[BANK1 ] int 
 Registers used:
		wreg, status,2
 Tracked objects:
		On entry : 
		On exit  : 
		Unchanged: 
 Data sizes:     COMRAM   BANK0   BANK1   BANK2   BANK3
      Params:         0       0       2       0       0
      Locals:         0       0       0       0       0
      Temps:          0       0       0       0       0
      Totals:         0       0       2       0       0
Total ram usage:        2 bytes
 Hardware stack levels used:    1
 Hardware stack levels required when called:    8
 This function calls:
		Nothing
 This function is called by:
		_in_low_int
		_in_main
 This function uses a non-reentrant model


 *************** function _check_msg *****************
 Defined at:
		line 223 in file "../src/messages.c"
 Parameters:    Size  Location     Type
  qptr            2    0[BANK1 ] PTR struct __msg_queue
		 -> ToMainHigh_MQ(54), ToMainLow_MQ(54), 
 Auto vars:     Size  Location     Type
		None
 Return value:  Size  Location     Type
                  1    wreg      unsigned char 
 Registers used:
		wreg, fsr2l, fsr2h, status,2, status,0, prodl, prodh
 Tracked objects:
		On entry : 
		On exit  : 
		Unchanged: 
 Data sizes:     COMRAM   BANK0   BANK1   BANK2   BANK3
      Params:         0       0       2       0       0
      Locals:         0       0       0       0       0
      Temps:          0       0       1       0       0
      Totals:         0       0       3       0       0
Total ram usage:        3 bytes
 Hardware stack levels used:    1
 Hardware stack levels required when called:    8
 This function calls:
		Nothing
 This function is called by:
		_block_on_To_msgqueues
 This function uses a non-reentrant model


 *************** function _Delay1KTCYx *****************
 Defined at:
		line 8 in file "C:\Program Files\Microchip\xc8\v1.30\sources\pic18\d1ktcyx.c"
 Parameters:    Size  Location     Type
  unit            1    wreg     unsigned char 
 Auto vars:     Size  Location     Type
  unit            1    0[BANK1 ] unsigned char 
 Return value:  Size  Location     Type
		None               void
 Registers used:
		wreg
 Tracked objects:
		On entry : 
		On exit  : 
		Unchanged: 
 Data sizes:     COMRAM   BANK0   BANK1   BANK2   BANK3
      Params:         0       0       0       0       0
      Locals:         0       0       1       0       0
      Temps:          0       0       0       0       0
      Totals:         0       0       1       0       0
Total ram usage:        1 bytes
 Hardware stack levels used:    1
 Hardware stack levels required when called:    8
 This function calls:
		Nothing
 This function is called by:
		_block_on_To_msgqueues
 This function uses a non-reentrant model


 *************** function _addDataPoints *****************
 Defined at:
		line 55 in file "../src/sensorcomm.c"
 Parameters:    Size  Location     Type
  sensorid        2    8[BANK1 ] int 
  data            2   10[BANK1 ] PTR void 
		 -> main@msgbuffer(11), 
  len             2   12[BANK1 ] int 
 Auto vars:     Size  Location     Type
		None
 Return value:  Size  Location     Type
		None               void
 Registers used:
		wreg, fsr1l, fsr1h, fsr2l, fsr2h, status,2, status,0, prodl, prodh, cstack
 Tracked objects:
		On entry : 
		On exit  : 
		Unchanged: 
 Data sizes:     COMRAM   BANK0   BANK1   BANK2   BANK3
      Params:         0       0       6       0       0
      Locals:         0       0       0       0       0
      Temps:          0       0       0       0       0
      Totals:         0       0       6       0       0
Total ram usage:        6 bytes
 Hardware stack levels used:    1
 Hardware stack levels required when called:    9
 This function calls:
		_addADDataPoints
 This function is called by:
		_main
 This function uses a non-reentrant model


 *************** function _addADDataPoints *****************
 Defined at:
		line 64 in file "../src/sensorcomm.c"
 Parameters:    Size  Location     Type
  data            2    0[BANK1 ] PTR struct .
		 -> main@msgbuffer(11), 
  len             2    2[BANK1 ] int 
 Auto vars:     Size  Location     Type
  i               2    6[BANK1 ] int 
 Return value:  Size  Location     Type
		None               void
 Registers used:
		wreg, fsr1l, fsr1h, fsr2l, fsr2h, status,2, status,0, prodl, prodh
 Tracked objects:
		On entry : 
		On exit  : 
		Unchanged: 
 Data sizes:     COMRAM   BANK0   BANK1   BANK2   BANK3
      Params:         0       0       4       0       0
      Locals:         0       0       2       0       0
      Temps:          0       0       2       0       0
      Totals:         0       0       8       0       0
Total ram usage:        8 bytes
 Hardware stack levels used:    1
 Hardware stack levels required when called:    8
 This function calls:
		Nothing
 This function is called by:
		_addDataPoints
 This function uses a non-reentrant model


 *************** function _ToMainLow_recvmsg *****************
 Defined at:
		line 113 in file "../src/messages.c"
 Parameters:    Size  Location     Type
  maxlength       1    wreg     unsigned char 
  msgtype         2   24[BANK1 ] PTR unsigned char 
		 -> main@msgtype(1), 
  data            2   26[BANK1 ] PTR void 
		 -> main@msgbuffer(11), 
 Auto vars:     Size  Location     Type
  maxlength       1   28[BANK1 ] unsigned char 
 Return value:  Size  Location     Type
                  1    wreg      char 
 Registers used:
		wreg, fsr1l, fsr1h, fsr2l, fsr2h, status,2, status,0, prodl, prodh, cstack
 Tracked objects:
		On entry : 
		On exit  : 
		Unchanged: 
 Data sizes:     COMRAM   BANK0   BANK1   BANK2   BANK3
      Params:         0       0       4       0       0
      Locals:         0       0       1       0       0
      Temps:          0       0       0       0       0
      Totals:         0       0       5       0       0
Total ram usage:        5 bytes
 Hardware stack levels used:    1
 Hardware stack levels required when called:   10
 This function calls:
		_recv_msg
 This function is called by:
		_main
 This function uses a non-reentrant model


 *************** function _ToMainHigh_recvmsg *****************
 Defined at:
		line 136 in file "../src/messages.c"
 Parameters:    Size  Location     Type
  maxlength       1    wreg     unsigned char 
  msgtype         2   24[BANK1 ] PTR unsigned char 
		 -> main@msgtype(1), 
  data            2   26[BANK1 ] PTR void 
		 -> main@msgbuffer(11), 
 Auto vars:     Size  Location     Type
  maxlength       1   28[BANK1 ] unsigned char 
 Return value:  Size  Location     Type
                  1    wreg      char 
 Registers used:
		wreg, fsr1l, fsr1h, fsr2l, fsr2h, status,2, status,0, prodl, prodh, cstack
 Tracked objects:
		On entry : 
		On exit  : 
		Unchanged: 
 Data sizes:     COMRAM   BANK0   BANK1   BANK2   BANK3
      Params:         0       0       4       0       0
      Locals:         0       0       1       0       0
      Temps:          0       0       0       0       0
      Totals:         0       0       5       0       0
Total ram usage:        5 bytes
 Hardware stack levels used:    1
 Hardware stack levels required when called:   10
 This function calls:
		_recv_msg
 This function is called by:
		_main
 This function uses a non-reentrant model


 *************** function _recv_msg *****************
 Defined at:
		line 64 in file "../src/messages.c"
 Parameters:    Size  Location     Type
  qptr            2   10[BANK1 ] PTR struct __msg_queue
		 -> FromMainHigh_MQ(54), FromMainLow_MQ(54), ToMainHigh_MQ(54), ToMainLow_MQ(54), 
  maxlength       1   12[BANK1 ] unsigned char 
  msgtype         2   13[BANK1 ] PTR unsigned char 
		 -> main@msgtype(1), 
  data            2   15[BANK1 ] PTR void 
		 -> main@msgbuffer(11), 
 Auto vars:     Size  Location     Type
  qmsg            2   22[BANK1 ] PTR struct __msg
		 -> FromMainLow_MQ.queue(52), FromMainHigh_MQ.queue(52), ToMainHigh_MQ.queue(52), ToMainLow_MQ.queue(52), 
		 -> FromMainHigh_MQ(54), FromMainLow_MQ(54), ToMainHigh_MQ(54), ToMainLow_MQ(54), 
  tlength         2   20[BANK1 ] unsigned int 
  slot            1   19[BANK1 ] unsigned char 
 Return value:  Size  Location     Type
                  1    wreg      char 
 Registers used:
		wreg, fsr1l, fsr1h, fsr2l, fsr2h, status,2, status,0, prodl, prodh, cstack
 Tracked objects:
		On entry : 
		On exit  : 
		Unchanged: 
 Data sizes:     COMRAM   BANK0   BANK1   BANK2   BANK3
      Params:         0       0       7       0       0
      Locals:         0       0       5       0       0
      Temps:          0       0       2       0       0
      Totals:         0       0      14       0       0
Total ram usage:       14 bytes
 Hardware stack levels used:    1
 Hardware stack levels required when called:    9
 This function calls:
		_memcpy
 This function is called by:
		_ToMainLow_recvmsg
		_ToMainHigh_recvmsg
		_FromMainLow_recvmsg
		_FromMainHigh_recvmsg
 This function uses a non-reentrant model


 *************** function _memcpy *****************
 Defined at:
		line 11 in file "C:\Program Files\Microchip\xc8\v1.30\sources\common\memcpy.c"
 Parameters:    Size  Location     Type
  d1              2    0[BANK1 ] PTR void 
		 -> FromMainLow_MQ.queue(52), FromMainHigh_MQ.queue(52), ToMainHigh_MQ.queue(52), ToMainLow_MQ.queue(52), 
		 -> FromMainHigh_MQ(54), FromMainLow_MQ(54), ToMainHigh_MQ(54), ToMainLow_MQ(54), 
		 -> main@msgbuffer(11), 
  s1              2    2[BANK1 ] PTR const void 
		 -> ToMainLow_MQ.data(10), ToMainHigh_MQ.data(10), FromMainLow_MQ.data(10), FromMainHigh_MQ.data(10), 
		 -> ToMainLow_MQ.queue.data(10), ToMainHigh_MQ.queue.data(10), FromMainHigh_MQ.queue.data(10), FromMainLow_MQ.queue.data(10), 
		 -> reqADData@buf(10), NULL(0), i2c_int_handler@error_buf(3), FromMainHigh_MQ(54), 
		 -> FromMainLow_MQ(54), ToMainHigh_MQ(54), ToMainLow_MQ(54), 
  n               2    4[BANK1 ] unsigned int 
 Auto vars:     Size  Location     Type
  s               2    8[BANK1 ] PTR const unsigned char 
		 -> ToMainLow_MQ.data(10), ToMainHigh_MQ.data(10), FromMainLow_MQ.data(10), FromMainHigh_MQ.data(10), 
		 -> ToMainLow_MQ.queue.data(10), ToMainHigh_MQ.queue.data(10), FromMainHigh_MQ.queue.data(10), FromMainLow_MQ.queue.data(10), 
		 -> reqADData@buf(10), NULL(0), i2c_int_handler@error_buf(3), FromMainHigh_MQ(54), 
		 -> FromMainLow_MQ(54), ToMainHigh_MQ(54), ToMainLow_MQ(54), 
  d               2    6[BANK1 ] PTR unsigned char 
		 -> FromMainLow_MQ.queue(52), FromMainHigh_MQ.queue(52), ToMainHigh_MQ.queue(52), ToMainLow_MQ.queue(52), 
		 -> FromMainHigh_MQ(54), FromMainLow_MQ(54), ToMainHigh_MQ(54), ToMainLow_MQ(54), 
		 -> main@msgbuffer(11), 
 Return value:  Size  Location     Type
                  2    0[BANK1 ] PTR void 
 Registers used:
		wreg, fsr1l, fsr1h, fsr2l, fsr2h, status,2, status,0
 Tracked objects:
		On entry : 
		On exit  : 
		Unchanged: 
 Data sizes:     COMRAM   BANK0   BANK1   BANK2   BANK3
      Params:         0       0       6       0       0
      Locals:         0       0       4       0       0
      Temps:          0       0       0       0       0
      Totals:         0       0      10       0       0
Total ram usage:       10 bytes
 Hardware stack levels used:    1
 Hardware stack levels required when called:    8
 This function calls:
		Nothing
 This function is called by:
		_recv_msg
 This function uses a non-reentrant model


 *************** function _OpenUSART *****************
 Defined at:
		line 73 in file "C:\Program Files\Microchip\xc8\v1.30\sources\pic18\plib\USART\uopen.c"
 Parameters:    Size  Location     Type
  config          1    wreg     unsigned char 
  spbrg           2    0[BANK1 ] unsigned int 
 Auto vars:     Size  Location     Type
  config          1    5[BANK1 ] unsigned char 
 Return value:  Size  Location     Type
		None               void
 Registers used:
		wreg, status,2
 Tracked objects:
		On entry : 
		On exit  : 
		Unchanged: 
 Data sizes:     COMRAM   BANK0   BANK1   BANK2   BANK3
      Params:         0       0       2       0       0
      Locals:         0       0       1       0       0
      Temps:          0       0       3       0       0
      Totals:         0       0       6       0       0
Total ram usage:        6 bytes
 Hardware stack levels used:    1
 Hardware stack levels required when called:    8
 This function calls:
		Nothing
 This function is called by:
		_main
 This function uses a non-reentrant model


 *************** function _OpenTimer0 *****************
 Defined at:
		line 18 in file "C:\Program Files\Microchip\xc8\v1.30\sources\pic18\plib\Timers\t0open.c"
 Parameters:    Size  Location     Type
  config          1    wreg     unsigned char 
 Auto vars:     Size  Location     Type
  config          1    0[BANK1 ] unsigned char 
 Return value:  Size  Location     Type
		None               void
 Registers used:
		wreg, status,2, status,0
 Tracked objects:
		On entry : 
		On exit  : 
		Unchanged: 
 Data sizes:     COMRAM   BANK0   BANK1   BANK2   BANK3
      Params:         0       0       0       0       0
      Locals:         0       0       1       0       0
      Temps:          0       0       0       0       0
      Totals:         0       0       1       0       0
Total ram usage:        1 bytes
 Hardware stack levels used:    1
 Hardware stack levels required when called:    8
 This function calls:
		Nothing
 This function is called by:
		_main
 This function uses a non-reentrant model


 *************** function _InterruptHandlerLow *****************
 Defined at:
		line 122 in file "../src/interrupts.c"
 Parameters:    Size  Location     Type
		None
 Auto vars:     Size  Location     Type
		None
 Return value:  Size  Location     Type
		None               void
 Registers used:
		None
 Tracked objects:
		On entry : 
		On exit  : 
		Unchanged: 
 Data sizes:     COMRAM   BANK0   BANK1   BANK2   BANK3
      Params:         0       0       0       0       0
      Locals:         0       0       0       0       0
      Temps:         17       0       0       0       0
      Totals:        17       0       0       0       0
Total ram usage:       17 bytes
 Hardware stack levels used:    1
 Hardware stack levels required when called:    7
 This function calls:
		Nothing
 This function is called by:
		Interrupt level 1
 This function uses a non-reentrant model


 *************** function _InterruptHandlerHigh *****************
 Defined at:
		line 83 in file "../src/interrupts.c"
 Parameters:    Size  Location     Type
		None
 Auto vars:     Size  Location     Type
		None
 Return value:  Size  Location     Type
		None               void
 Registers used:
		wreg, fsr0l, fsr0h, fsr1l, fsr1h, fsr1l, fsr1h, fsr2l, fsr2h, status,2, status,0, pclat, btemp, btemp+1, btemp+2, btemp+3, btemp+4, btemp+5, btemp+6, btemp+7, btemp+8, btemp+9, btemp+10, btemp+11, tosl, structret, tblptrl, tblptrh, tblptru, prodl, prodh, bsr, cstack
 Tracked objects:
		On entry : 
		On exit  : 
		Unchanged: 
 Data sizes:     COMRAM   BANK0   BANK1   BANK2   BANK3
      Params:         0       0       0       0       0
      Locals:         0       0       0       0       0
      Temps:         14       0       0       0       0
      Totals:        14       0       0       0       0
Total ram usage:       14 bytes
 Hardware stack levels used:    1
 Hardware stack levels required when called:    6
 This function calls:
		_SleepIfOkay
		_i2c_int_handler
		_timer0_int_handler
 This function is called by:
		Interrupt level 2
 This function uses a non-reentrant model


 *************** function _timer0_int_handler *****************
 Defined at:
		line 17 in file "../src/user_interrupts.c"
 Parameters:    Size  Location     Type
		None
 Auto vars:     Size  Location     Type
  msgtype         2    0        int 
  length          2    0        int 
  val             2    0        unsigned int 
 Return value:  Size  Location     Type
		None               void
 Registers used:
		wreg, fsr0l, fsr0h, fsr1l, fsr1h, fsr1l, fsr1h, fsr2l, fsr2h, status,2, status,0, pclat, btemp, btemp+1, btemp+2, btemp+3, btemp+4, btemp+5, btemp+6, btemp+7, btemp+8, btemp+9, btemp+10, btemp+11, tosl, structret, tblptrl, tblptrh, tblptru, prodl, prodh, bsr, cstack
 Tracked objects:
		On entry : 
		On exit  : 
		Unchanged: 
 Data sizes:     COMRAM   BANK0   BANK1   BANK2   BANK3
      Params:         0       0       0       0       0
      Locals:         0       0       0       0       0
      Temps:          0       0       0       0       0
      Totals:         0       0       0       0       0
Total ram usage:        0 bytes
 Hardware stack levels used:    1
 Hardware stack levels required when called:    1
 This function calls:
		_WriteTimer0
 This function is called by:
		_InterruptHandlerHigh
 This function uses a non-reentrant model


 *************** function _WriteTimer0 *****************
 Defined at:
		line 16 in file "C:\Program Files\Microchip\xc8\v1.30\sources\pic18\plib\Timers\t0write.c"
 Parameters:    Size  Location     Type
  timer0          2   17[COMRAM] unsigned int 
 Auto vars:     Size  Location     Type
  timer           2   19[COMRAM] struct Timers
 Return value:  Size  Location     Type
		None               void
 Registers used:
		None
 Tracked objects:
		On entry : 
		On exit  : 
		Unchanged: 
 Data sizes:     COMRAM   BANK0   BANK1   BANK2   BANK3
      Params:         2       0       0       0       0
      Locals:         2       0       0       0       0
      Temps:          0       0       0       0       0
      Totals:         4       0       0       0       0
Total ram usage:        4 bytes
 Hardware stack levels used:    1
 This function calls:
		Nothing
 This function is called by:
		_timer0_int_handler
 This function uses a non-reentrant model


 *************** function _i2c_int_handler *****************
 Defined at:
		line 107 in file "../src/my_i2c.c"
 Parameters:    Size  Location     Type
		None
 Auto vars:     Size  Location     Type
  error_buf       3   60[COMRAM] unsigned char [3]
  data_read       1   68[COMRAM] unsigned char 
  msg_ready       1   67[COMRAM] unsigned char 
  msg_to_send     1   66[COMRAM] unsigned char 
  i2c_data        1   65[COMRAM] unsigned char 
  overrun_erro    1   64[COMRAM] unsigned char 
  data_written    1   63[COMRAM] unsigned char 
 Return value:  Size  Location     Type
		None               void
 Registers used:
		wreg, fsr0l, fsr0h, fsr1l, fsr1h, fsr1l, fsr1h, fsr2l, fsr2h, status,2, status,0, pclat, btemp, btemp+1, btemp+2, btemp+3, btemp+4, btemp+5, btemp+6, btemp+7, btemp+8, btemp+9, btemp+10, btemp+11, tosl, structret, tblptrl, tblptrh, tblptru, prodl, prodh, bsr, cstack
 Tracked objects:
		On entry : 
		On exit  : 
		Unchanged: 
 Data sizes:     COMRAM   BANK0   BANK1   BANK2   BANK3
      Params:         0       0       0       0       0
      Locals:         9       0       0       0       0
      Temps:          1       0       0       0       0
      Totals:        10       0       0       0       0
Total ram usage:       10 bytes
 Hardware stack levels used:    1
 Hardware stack levels required when called:    5
 This function calls:
		_ToMainHigh_sendmsg
		_handle_start
		_resetDBG
		_sendRequestedData
[...]
		 -> ToMainLow_MQ.queue.data(10), ToMainHigh_MQ.queue.data(10), FromMainHigh_MQ.queue.data(10), FromMainLow_MQ.queue.data(10), 
		 -> reqADData@buf(10), NULL(0), i2c_int_handler@error_buf(3), FromMainHigh_MQ(54), 
		 -> FromMainLow_MQ(54), ToMainHigh_MQ(54), ToMainLow_MQ(54), 
  memcpy          2   23[COMRAM] PTR unsigned char 
		 -> FromMainLow_MQ.queue(52), FromMainHigh_MQ.queue(52), ToMainHigh_MQ.queue(52), ToMainLow_MQ.queue(52), 
		 -> FromMainHigh_MQ(54), FromMainLow_MQ(54), ToMainHigh_MQ(54), ToMainLow_MQ(54), 
		 -> main@msgbuffer(11), 
 Return value:  Size  Location     Type
                  2   17[COMRAM] PTR void 
 Registers used:
		wreg, fsr1l, fsr1h, fsr2l, fsr2h, status,2, status,0
 Tracked objects:
		On entry : 
		On exit  : 
		Unchanged: 
 Data sizes:     COMRAM   BANK0   BANK1   BANK2   BANK3
      Params:         6       0       0       0       0
      Locals:         4       0       0       0       0
      Temps:          0       0       0       0       0
      Totals:        10       0       0       0       0
Total ram usage:       10 bytes
 Hardware stack levels used:    1
 This function calls:
		Nothing
 This function is called by:
		_send_msg
 This function uses a non-reentrant model


 *************** function _sendRequestedData *****************
 Defined at:
		line 29 in file "../src/sensorcomm.c"
 Parameters:    Size  Location     Type
		None
 Auto vars:     Size  Location     Type
		None
 Return value:  Size  Location     Type
		None               void
 Registers used:
		wreg, fsr1l, fsr1h, fsr2l, fsr2h, status,2, status,0, cstack
 Tracked objects:
		On entry : 
		On exit  : 
		Unchanged: 
 Data sizes:     COMRAM   BANK0   BANK1   BANK2   BANK3
      Params:         0       0       0       0       0
      Locals:         0       0       0       0       0
      Temps:          0       0       0       0       0
      Totals:         0       0       0       0       0
Total ram usage:        0 bytes
 Hardware stack levels used:    1
 Hardware stack levels required when called:    3
 This function calls:
		_readNum
		_sendADdata
		i2_resetADacc
 This function is called by:
		_i2c_int_handler
 This function uses a non-reentrant model


 *************** function i2_resetADacc *****************
 Defined at:
		line 79 in file "../src/sensorcomm.c"
 Parameters:    Size  Location     Type
		None
 Auto vars:     Size  Location     Type
  resetADacc      2   20[COMRAM] int 
 Return value:  Size  Location     Type
		None               void
 Registers used:
		wreg, fsr2l, fsr2h, status,2, status,0
 Tracked objects:
		On entry : 
		On exit  : 
		Unchanged: 
 Data sizes:     COMRAM   BANK0   BANK1   BANK2   BANK3
      Params:         0       0       0       0       0
      Locals:         2       0       0       0       0
      Temps:          3       0       0       0       0
      Totals:         5       0       0       0       0
Total ram usage:        5 bytes
 Hardware stack levels used:    1
 This function calls:
		Nothing
 This function is called by:
		_sendRequestedData
 This function uses a non-reentrant model


 *************** function _sendADdata *****************
 Defined at:
		line 41 in file "../src/sensorcomm.c"
 Parameters:    Size  Location     Type
		None
 Auto vars:     Size  Location     Type
  outBuff       100    0[BANK0 ] unsigned char [100]
  bytes_packed    2  100[BANK0 ] int 
 Return value:  Size  Location     Type
		None               void
 Registers used:
		wreg, fsr1l, fsr1h, fsr2l, fsr2h, status,2, status,0, prodl, prodh, cstack
 Tracked objects:
		On entry : 
		On exit  : 
		Unchanged: 
 Data sizes:     COMRAM   BANK0   BANK1   BANK2   BANK3
      Params:         0       0       0       0       0
      Locals:         0     102       0       0       0
      Temps:          0       0       0       0       0
      Totals:         0     102       0       0       0
Total ram usage:      102 bytes
 Hardware stack levels used:    1
 Hardware stack levels required when called:    2
 This function calls:
		_packADData
		i2_start_i2c_slave_reply
 This function is called by:
		_sendRequestedData
 This function uses a non-reentrant model


 *************** function i2_start_i2c_slave_reply *****************
 Defined at:
		line 60 in file "../src/my_i2c.c"
 Parameters:    Size  Location     Type
  length          1    wreg     unsigned char 
  msg             2   17[COMRAM] PTR unsigned char 
		 -> sendADdata@outBuff(100), main@msgbuffer(11), 
 Auto vars:     Size  Location     Type
  length          1   21[COMRAM] unsigned char 
 Return value:  Size  Location     Type
		None               void
 Registers used:
		wreg, fsr1l, fsr1h, fsr2l, fsr2h, status,2, status,0, prodl, prodh
 Tracked objects:
		On entry : 
		On exit  : 
		Unchanged: 
 Data sizes:     COMRAM   BANK0   BANK1   BANK2   BANK3
      Params:         2       0       0       0       0
      Locals:         1       0       0       0       0
      Temps:          2       0       0       0       0
      Totals:         5       0       0       0       0
Total ram usage:        5 bytes
 Hardware stack levels used:    1
 This function calls:
		Nothing
 This function is called by:
		_sendADdata
 This function uses a non-reentrant model


 *************** function _packADData *****************
 Defined at:
		line 38 in file "../../../../common/communication/brain_rover.c"
 Parameters:    Size  Location     Type
  data            2   34[COMRAM] PTR struct .
		 -> ADacc(11), 
  len             2   36[COMRAM] int 
  out             2   38[COMRAM] PTR unsigned char 
		 -> sendADdata@outBuff(100), 
  maxout          2   40[COMRAM] int 
 Auto vars:     Size  Location     Type
		None
 Return value:  Size  Location     Type
                  2   34[COMRAM] int 
 Registers used:
		wreg, fsr1l, fsr1h, fsr2l, fsr2h, status,2, status,0, cstack
 Tracked objects:
		On entry : 
		On exit  : 
		Unchanged: 
 Data sizes:     COMRAM   BANK0   BANK1   BANK2   BANK3
      Params:         8       0       0       0       0
      Locals:         0       0       0       0       0
      Temps:          0       0       0       0       0
      Totals:         8       0       0       0       0
Total ram usage:        8 bytes
 Hardware stack levels used:    1
 Hardware stack levels required when called:    1
 This function calls:
		_packReturnData
 This function is called by:
		_sendADdata
 This function uses a non-reentrant model


 *************** function _packReturnData *****************
 Defined at:
		line 17 in file "../../../../common/communication/brain_rover.c"
 Parameters:    Size  Location     Type
  data            2   17[COMRAM] PTR unsigned char 
		 -> ADacc(11), 
  payloadLen      2   19[COMRAM] int 
  msg             2   21[COMRAM] PTR struct .
		 -> sendADdata@outBuff(100), 
  maxout          2   23[COMRAM] int 
  sensorID        2   25[COMRAM] int 
 Auto vars:     Size  Location     Type
  dest            2   32[COMRAM] PTR unsigned char 
		 -> sendADdata@outBuff.payload(7), sendADdata@outBuff(100), 
  end             2   30[COMRAM] PTR unsigned char 
		 -> sendADdata@outBuff.payload(7), sendADdata@outBuff(100), 
 Return value:  Size  Location     Type
                  2   17[COMRAM] int 
 Registers used:
		wreg, fsr1l, fsr1h, fsr2l, fsr2h, status,2, status,0
 Tracked objects:
		On entry : 
		On exit  : 
		Unchanged: 
 Data sizes:     COMRAM   BANK0   BANK1   BANK2   BANK3
      Params:        10       0       0       0       0
      Locals:         4       0       0       0       0
      Temps:          3       0       0       0       0
      Totals:        17       0       0       0       0
Total ram usage:       17 bytes
 Hardware stack levels used:    1
 This function calls:
		Nothing
 This function is called by:
		_packADData
 This function uses a non-reentrant model


 *************** function _readNum *****************
 Defined at:
		line 69 in file "../src/debug.c"
 Parameters:    Size  Location     Type
  num             2   18[COMRAM] int 
 Auto vars:     Size  Location     Type
		None
 Return value:  Size  Location     Type
		None               void
 Registers used:
		wreg, status,2, status,0, cstack
 Tracked objects:
		On entry : 
		On exit  : 
		Unchanged: 
 Data sizes:     COMRAM   BANK0   BANK1   BANK2   BANK3
      Params:         2       0       0       0       0
      Locals:         0       0       0       0       0
      Temps:          0       0       0       0       0
      Totals:         2       0       0       0       0
Total ram usage:        2 bytes
 Hardware stack levels used:    1
 Hardware stack levels required when called:    1
 This function calls:
		_resetDBG
		_setDBG
 This function is called by:
		_sendRequestedData
 This function uses a non-reentrant model


 *************** function _setDBG *****************
 Defined at:
		line 4 in file "../src/debug.c"
 Parameters:    Size  Location     Type
  b               1    wreg     unsigned char 
 Auto vars:     Size  Location     Type
  b               1   17[COMRAM] unsigned char 
 Return value:  Size  Location     Type
		None               void
 Registers used:
		wreg, status,2, status,0
 Tracked objects:
		On entry : 
		On exit  : 
		Unchanged: 
 Data sizes:     COMRAM   BANK0   BANK1   BANK2   BANK3
      Params:         0       0       0       0       0
      Locals:         1       0       0       0       0
      Temps:          0       0       0       0       0
      Totals:         1       0       0       0       0
Total ram usage:        1 bytes
 Hardware stack levels used:    1
 This function calls:
		Nothing
 This function is called by:
		_i2c_int_handler
		_readNum
 This function uses a non-reentrant model


 *************** function _resetDBG *****************
 Defined at:
		line 26 in file "../src/debug.c"
 Parameters:    Size  Location     Type
  b               1    wreg     unsigned char 
 Auto vars:     Size  Location     Type
  b               1   17[COMRAM] unsigned char 
 Return value:  Size  Location     Type
		None               void
 Registers used:
		wreg, status,2, status,0
 Tracked objects:
		On entry : 
		On exit  : 
		Unchanged: 
 Data sizes:     COMRAM   BANK0   BANK1   BANK2   BANK3
      Params:         0       0       0       0       0
      Locals:         1       0       0       0       0
      Temps:          0       0       0       0       0
      Totals:         1       0       0       0       0
Total ram usage:        1 bytes
 Hardware stack levels used:    1
 This function calls:
		Nothing
 This function is called by:
		_i2c_int_handler
		_readNum
 This function uses a non-reentrant model


 *************** function _handle_start *****************
 Defined at:
		line 78 in file "../src/my_i2c.c"
 Parameters:    Size  Location     Type
  data_read       1    wreg     unsigned char 
 Auto vars:     Size  Location     Type
  data_read       1   17[COMRAM] unsigned char 
 Return value:  Size  Location     Type
		None               void
 Registers used:
		wreg, fsr2l, fsr2h, status,2, status,0
 Tracked objects:
		On entry : 
		On exit  : 
		Unchanged: 
 Data sizes:     COMRAM   BANK0   BANK1   BANK2   BANK3
      Params:         0       0       0       0       0
      Locals:         1       0       0       0       0
      Temps:          0       0       0       0       0
      Totals:         1       0       0       0       0
Total ram usage:        1 bytes
 Hardware stack levels used:    1
 This function calls:
		Nothing
 This function is called by:
		_i2c_int_handler
 This function uses a non-reentrant model


 *************** function _SleepIfOkay *****************
 Defined at:
		line 229 in file "../src/messages.c"
 Parameters:    Size  Location     Type
		None
 Auto vars:     Size  Location     Type
		None
 Return value:  Size  Location     Type
		None               void
 Registers used:
		wreg, fsr2l, fsr2h, status,2, status,0, prodl, prodh, cstack
 Tracked objects:
		On entry : 
		On exit  : 
		Unchanged: 
 Data sizes:     COMRAM   BANK0   BANK1   BANK2   BANK3
      Params:         0       0       0       0       0
      Locals:         0       0       0       0       0
      Temps:          0       0       0       0       0
      Totals:         0       0       0       0       0
Total ram usage:        0 bytes
 Hardware stack levels used:    1
 Hardware stack levels required when called:    2
 This function calls:
		_enter_sleep_mode
		i2_check_msg
		i2_in_high_int
		i2_in_low_int
 This function is called by:
		_InterruptHandlerHigh
 This function uses a non-reentrant model


 *************** function i2_in_low_int *****************
 Defined at:
		line 30 in file "../src/interrupts.c"
 Parameters:    Size  Location     Type
		None
 Auto vars:     Size  Location     Type
		None
 Return value:  Size  Location     Type
                  2   19[COMRAM] int 
 Registers used:
		wreg, status,2, status,0, cstack
 Tracked objects:
		On entry : 
		On exit  : 
		Unchanged: 
 Data sizes:     COMRAM   BANK0   BANK1   BANK2   BANK3
      Params:         2       0       0       0       0
      Locals:         0       0       0       0       0
      Temps:          0       0       0       0       0
      Totals:         2       0       0       0       0
Total ram usage:        2 bytes
 Hardware stack levels used:    1
 Hardware stack levels required when called:    1
 This function calls:
		i2_in_high_int
 This function is called by:
		_SleepIfOkay
 This function uses a non-reentrant model


 *************** function i2_in_high_int *****************
 Defined at:
		line 22 in file "../src/interrupts.c"
 Parameters:    Size  Location     Type
		None
 Auto vars:     Size  Location     Type
		None
 Return value:  Size  Location     Type
                  2   17[COMRAM] int 
 Registers used:
		wreg, status,2
 Tracked objects:
		On entry : 
		On exit  : 
		Unchanged: 
 Data sizes:     COMRAM   BANK0   BANK1   BANK2   BANK3
      Params:         2       0       0       0       0
      Locals:         0       0       0       0       0
      Temps:          0       0       0       0       0
      Totals:         2       0       0       0       0
Total ram usage:        2 bytes
 Hardware stack levels used:    1
 This function calls:
		Nothing
 This function is called by:
		_SleepIfOkay
		i2_in_low_int
 This function uses a non-reentrant model


 *************** function i2_check_msg *****************
 Defined at:
		line 223 in file "../src/messages.c"
 Parameters:    Size  Location     Type
  qptr            2   17[COMRAM] PTR struct __msg_queue
		 -> ToMainHigh_MQ(54), ToMainLow_MQ(54), 
 Auto vars:     Size  Location     Type
		None
 Return value:  Size  Location     Type
                  1    wreg      unsigned char 
 Registers used:
		wreg, fsr2l, fsr2h, status,2, status,0, prodl, prodh
 Tracked objects:
		On entry : 
		On exit  : 
		Unchanged: 
 Data sizes:     COMRAM   BANK0   BANK1   BANK2   BANK3
      Params:         2       0       0       0       0
      Locals:         0       0       0       0       0
      Temps:          1       0       0       0       0
      Totals:         3       0       0       0       0
Total ram usage:        3 bytes
 Hardware stack levels used:    1
 This function calls:
		Nothing
 This function is called by:
		_SleepIfOkay
 This function uses a non-reentrant model


 *************** function _enter_sleep_mode *****************
 Defined at:
		line 203 in file "../src/messages.c"
 Parameters:    Size  Location     Type
		None
 Auto vars:     Size  Location     Type
		None
 Return value:  Size  Location     Type
		None               void
 Registers used:
		None
 Tracked objects:
		On entry : 
		On exit  : 
		Unchanged: 
 Data sizes:     COMRAM   BANK0   BANK1   BANK2   BANK3
      Params:         0       0       0       0       0
      Locals:         0       0       0       0       0
      Temps:          0       0       0       0       0
      Totals:         0       0       0       0       0
Total ram usage:        0 bytes
 Hardware stack levels used:    1
 This function calls:
		Nothing
 This function is called by:
		_SleepIfOkay
 This function uses a non-reentrant model



MODULE INFORMATION

Module		Function		Class		Link	Load	Size
C:\Program Files\Microchip\xc8\v1.30\sources\pic18\plib\Timers\t0write.c
		_WriteTimer0   		CODE           	18AE	0000	18

C:\Program Files\Microchip\xc8\v1.30\sources\pic18\plib\Timers\t0write.c estimated size: 18

../src/testAD.c
		_reqADData     		CODE           	120C	0000	110

../src/testAD.c estimated size: 110

../src/user_interrupts.c
		_timer0_int_han		CODE           	18C0	0000	14

../src/user_interrupts.c estimated size: 14

shared
		i2_in_high_int 		CODE           	18CE	0000	12
		__initializatio		CODE           	1342	0000	80
		i2_in_low_int  		CODE           	1792	0000	46
		i2_resetADacc  		CODE           	1446	0000	78
		i2_start_i2c_sl		CODE           	0B60	0000	244
		i2_memcpy      		CODE           	1636	0000	64
		i2_check_msg   		CODE           	1862	0000	36

shared estimated size: 560

../src/my_i2c.c
		_start_i2c_slav		CODE           	0A52	0000	270
		_handle_start  		CODE           	0C54	0000	200
		_i2c_configure_		CODE           	1814	0000	40
		_init_i2c      		CODE           	127A	0000	106
		_i2c_int_handle		CODE           	00A6	0000	1344

../src/my_i2c.c estimated size: 1960

../../../../common/communication/brain_rover.c
		_packADData    		CODE           	175C	0000	54
		_unpackBrainMsg		CODE           	18DA	0000	10
		_packReturnData		CODE           	0E76	0000	168

../../../../common/communication/brain_rover.c estimated size: 232

C:\Program Files\Microchip\xc8\v1.30\sources\pic18\plib\Timers\t0open.c
		_OpenTimer0    		CODE           	17EA	0000	42

C:\Program Files\Microchip\xc8\v1.30\sources\pic18\plib\Timers\t0open.c estimated size: 42

../src/debug.c
		_setDBG        		CODE           	1676	0000	60
		_resetDBG      		CODE           	16B2	0000	60
		_readNum       		CODE           	13F4	0000	82

../src/debug.c estimated size: 202

../src/sensorcomm.c
		_sendADdata    		CODE           	139C	0000	88
		_resetADacc    		CODE           	112A	0000	116
		_sendRequestedD		CODE           	16EE	0000	56
		_addADDataPoint		CODE           	0D1C	0000	176
		_addDataPoints 		CODE           	17C0	0000	42
		_setBrainReqDat		CODE           	1528	0000	70
		_resetAccumulat		CODE           	18EC	0000	6

../src/sensorcomm.c estimated size: 554

C:\Program Files\Microchip\xc8\v1.30\sources\pic18\d1ktcyx.c
		_Delay1KTCYx   		CODE           	1886	0000	22

C:\Program Files\Microchip\xc8\v1.30\sources\pic18\d1ktcyx.c estimated size: 22

../src/interrupts.c
		_enable_interru		CODE           	18E4	0000	8
		_in_low_int    		CODE           	14E2	0000	70
		_in_main       		CODE           	156E	0000	68
		_in_high_int   		CODE           	189C	0000	18
		_InterruptHandl		CODE           	0018	0000	138
		_InterruptHandl		CODE           	0008	0000	4138

../src/interrupts.c estimated size: 4440

C:\Program Files\Microchip\xc8\v1.30\sources\common\memcpy.c
		_memcpy        		CODE           	12E4	0000	94

C:\Program Files\Microchip\xc8\v1.30\sources\common\memcpy.c estimated size: 94

C:\Program Files\Microchip\xc8\v1.30\sources\pic18\plib\USART\uopen.c
		_OpenUSART     		CODE           	0F1E	0000	146

C:\Program Files\Microchip\xc8\v1.30\sources\pic18\plib\USART\uopen.c estimated size: 146

../src/messages.c
		_ToMainHigh_sen		CODE           	183C	0000	38
		_ToMainHigh_rec		CODE           	15F4	0000	66
		_block_on_To_ms		CODE           	1032	0000	126
		_check_msg     		CODE           	1726	0000	54
		_ToMainLow_recv		CODE           	15B2	0000	66
		_enter_sleep_mo		CODE           	18F2	0000	6
		_send_msg      		CODE           	0DCC	0000	170
		_init_queue    		CODE           	10B0	0000	122
		_init_queues   		CODE           	119E	0000	110
		_recv_msg      		CODE           	091C	0000	310
		_SleepIfOkay   		CODE           	1494	0000	78

../src/messages.c estimated size: 1146

../src/main.c
		_main          		CODE           	05E6	0000	822

../src/main.c estimated size: 822

