Microchip MPLAB XC8 Compiler V1.30 ()

Linker command line:

--edf=C:\Program Files\Microchip\xc8\v1.30\dat\en_msgs.txt -cs \
  -h+dist/UseXC8/debug\PIC_Framework_3.X.debug.sym \
  --cmf=dist/UseXC8/debug\PIC_Framework_3.X.debug.cmf -z -Q18F45J10 \
  -oC:\Users\Kindel\AppData\Local\Temp\s5e4.6 \
  -Mdist/UseXC8/debug/PIC_Framework_3.X.debug.map -E1 -ver=XC8 \
  -ASTACK=0271h-03ffh -pstack=STACK -ACODE=00h-07FF7h -ACONST=00h-07FF7h \
  -ASMALLCONST=0400h-04FFhx123,07F00h-07FF7h -AMEDIUMCONST=0400h-07FF7h \
  -ACOMRAM=01h-07Fh -AABS1=00h-03FFh -ABIGRAM=01h-03FFh \
  -ARAM=080h-0FFh,0100h-01FFhx3 -ABANK0=080h-0FFh -ABANK1=0100h-01FFh \
  -ABANK2=0200h-02FFh -ABANK3=0300h-03FFh -ASFR=0F80h-0FFCh \
  -preset_vec=00h,intcode=08h,intcodelo=018h,powerup,init,end_init \
  -pramtop=0400h -psmallconst=SMALLCONST -pmediumconst=MEDIUMCONST \
  -pconst=CONST -AFARRAM=00h-00h -ACONFIG=07FF8h-07FFDh -pconfig=CONFIG \
  -pjflash_buffer=07800h \
  -prdata=COMRAM,nvrram=COMRAM,nvbit=COMRAM,rbss=COMRAM,rbit=COMRAM \
  -pfarbss=FARRAM,fardata=FARRAM,nvFARRAM=FARRAM \
  -pintsave_regs=BIGRAM,bigbss=BIGRAM,bigdata=BIGRAM -pbss=RAM \
  -pidata=CODE,irdata=CODE,ibigdata=CODE,ifardata=CODE \
  C:\Users\Kindel\AppData\Local\Temp\s5e4.obj \
  dist/UseXC8/debug\PIC_Framework_3.X.debug.obj 

Object code version is 3.11

Machine type is 18F45J10

Call graph: (short form)




                Name                               Link     Load   Length Selector   Space Scale
C:\Users\Kindel\AppData\Local\Temp\s5e4.obj
                end_init                             AC       AC        4        C       0
                reset_vec                             0        0        6        0       0
                config                             7FF8     7FF8        6     7FF8       0
dist/UseXC8/debug\PIC_Framework_3.X.debug.obj
                intcodelo                            18       18       94        C       0
                intcode                               8        8        C        4       0
                text53                             1C74     1C74        6        C       0
                text52                             1BC6     1BC6       24        C       0
                text51                             1C46     1C46        C        C       0
                text50                             1AD2     1AD2       2E        C       0
                text49                             178C     178C       4E        C       0
                text48                              FBC      FBC       C8        C       0
                text47                             1A2A     1A2A       3C        C       0
                text46                              A0A      A0A      184        C       0
                text45                             173C     173C       50        C       0
                text44                              EC8      EC8       F4        C       0
                text43                             1474     1474       72        C       0
                text42                             192C     192C       42        C       0
                text41                             1C00     1C00       14        C       0
                text40                             16EC     16EC       50        C       0
                text39                              DD2      DD2       F6        C       0
                text38                             1A9C     1A9C       36        C       0
                text37                             11CE     11CE       9A        C       0
                text36                             1C5C     1C5C        A        C       0
                text35                             19AE     19AE       40        C       0
                text34                             19EE     19EE       3C        C       0
                text33                               B0       B0      624        C       0
                text32                             1C26     1C26       12        C       0
                text31                             1C38     1C38        E        C       0
                intcode_body                       12FA     12FA       82        C       0
                text29                             1C52     1C52        A        C       0
                text28                             196E     196E       40        C       0
                text27                             1084     1084       AA        C       0
                text26                             1B7C     1B7C       26        C       0
                text25                             1BA2     1BA2       24        C       0
                text24                             1864     1864       44        C       0
                text22                             1B2A     1B2A       2A        C       0
                text21                             1268     1268       92        C       0
                text20                             168E     168E       5E        C       0
                text19                              B8E      B8E      136        C       0
                text18                             18EA     18EA       42        C       0
                text17                             18A8     18A8       42        C       0
                text16                             112E     112E       A0        C       0
                text15                             1B00     1B00       2A        C       0
                text14                             1BEA     1BEA       16        C       0
                text13                             1A66     1A66       36        C       0
                text12                             1C14     1C14       12        C       0
                text11                             17DA     17DA       46        C       0
                text10                             1820     1820       44        C       0
                text9                              137C     137C       7E        C       0
                text8                              1C66     1C66        8        C       0
                text7                              1B54     1B54       28        C       0
                text6                              1554     1554       6A        C       0
                text5                              13FA     13FA       7A        C       0
                text4                              14E6     14E6       6E        C       0
                text3                              1626     1626       68        C       0
                text2                              1C6E     1C6E        6        C       0
                text1                               CC4      CC4      10E        C       0
                text0                               6D4      6D4      336        C       0
                cstackCOMRAM                          1        1       37        1       1
                cstackBANK0                          80       80       79       80       1
                cstackBANK1                         1A4      1A4       35      100       1
                cstackBANK2                         200      200       3B      200       1
                bssBANK2                            23B      23B       36      200       1
                bssBANK1                            100      100       A4      100       1
                dataBANK0                            F9       F9        2       80       1
                bssBANK0                             FB       FB        1       80       1
                dataCOMRAM                           4F       4F        3        1       1
                bssCOMRAM                            38       38       17        1       1
                cinit                              15BE     15BE       68        C       0
                idataBANK0                         1C7D     1C7D        2        C       0
                idataCOMRAM                        1C7A     1C7A        3        C       0

TOTAL           Name                               Link     Load   Length     Space
        CLASS   STACK          

        CLASS   CODE           
                end_init                             AC       AC        4         0
                intcodelo                            18       18       94         0
                intcode                               8        8        C         0
                reset_vec                             0        0        6         0
                text53                             1C74     1C74        6         0
                text52                             1BC6     1BC6       24         0
                text51                             1C46     1C46        C         0
                text50                             1AD2     1AD2       2E         0
                text49                             178C     178C       4E         0
                text48                              FBC      FBC       C8         0
                text47                             1A2A     1A2A       3C         0
                text46                              A0A      A0A      184         0
                text45                             173C     173C       50         0
                text44                              EC8      EC8       F4         0
                text43                             1474     1474       72         0
                text42                             192C     192C       42         0
                text41                             1C00     1C00       14         0
                text40                             16EC     16EC       50         0
                text39                              DD2      DD2       F6         0
                text38                             1A9C     1A9C       36         0
                text37                             11CE     11CE       9A         0
                text36                             1C5C     1C5C        A         0
                text35                             19AE     19AE       40         0
                text34                             19EE     19EE       3C         0
                text33                               B0       B0      624         0
                text32                             1C26     1C26       12         0
                text31                             1C38     1C38        E         0
                intcode_body                       12FA     12FA       82         0
                text29                             1C52     1C52        A         0
                text28                             196E     196E       40         0
                text27                             1084     1084       AA         0
                text26                             1B7C     1B7C       26         0
                text25                             1BA2     1BA2       24         0
                text24                             1864     1864       44         0
                text22                             1B2A     1B2A       2A         0
                text21                             1268     1268       92         0
                text20                             168E     168E       5E         0
                text19                              B8E      B8E      136         0
                text18                             18EA     18EA       42         0
                text17                             18A8     18A8       42         0
                text16                             112E     112E       A0         0
                text15                             1B00     1B00       2A         0
                text14                             1BEA     1BEA       16         0
                text13                             1A66     1A66       36         0
                text12                             1C14     1C14       12         0
                text11                             17DA     17DA       46         0
                text10                             1820     1820       44         0
                text9                              137C     137C       7E         0
                text8                              1C66     1C66        8         0
                text7                              1B54     1B54       28         0
                text6                              1554     1554       6A         0
                text5                              13FA     13FA       7A         0
                text4                              14E6     14E6       6E         0
                text3                              1626     1626       68         0
                text2                              1C6E     1C6E        6         0
                text1                               CC4      CC4      10E         0
                text0                               6D4      6D4      336         0
                cinit                              15BE     15BE       68         0
                idataBANK0                         1C7D     1C7D        2         0
                idataCOMRAM                        1C7A     1C7A        3         0

        CLASS   CONST          

        CLASS   SMALLCONST     

        CLASS   MEDIUMCONST    

        CLASS   COMRAM         
                cstackCOMRAM                          1        1       37         1
                dataCOMRAM                           4F       4F        3         1
                bssCOMRAM                            38       38       17         1

        CLASS   ABS1           

        CLASS   BIGRAM         

        CLASS   RAM            

        CLASS   BANK0          
                cstackBANK0                          80       80       79         1
                dataBANK0                            F9       F9        2         1
                bssBANK0                             FB       FB        1         1

        CLASS   BANK1          
                cstackBANK1                         1A4      1A4       35         1
                bssBANK1                            100      100       A4         1

        CLASS   BANK2          
                cstackBANK2                         200      200       3B         1
                bssBANK2                            23B      23B       36         1

        CLASS   BANK3          

        CLASS   SFR            

        CLASS   FARRAM         

        CLASS   CONFIG         
                config                             7FF8     7FF8        6         0

        CLASS   IDLOC          



SEGMENTS        Name                           Load    Length   Top    Selector   Space  Class

                reset_vec                      000000  000006  000006         0       0  CODE    
                cstackCOMRAM                   000001  000051  000052         1       1  COMRAM  
                intcode                        000008  00000C  000014         4       0  CODE    
                intcodelo                      000018  001C67  001C7F         C       0  CODE    
                cstackBANK0                    000080  00007C  0000FC        80       1  BANK0   
                bssBANK1                       000100  0000D9  0001D9       100       1  BANK1   
                cstackBANK2                    000200  000071  000271       200       1  BANK2   
                config                         007FF8  000006  007FFE      7FF8       0  CONFIG  


UNUSED ADDRESS RANGES

        Name                Unused          Largest block    Delta
        BANK0            000FC-000FF               4
        BANK1            001D9-001FF              27
        BANK2            00271-002FF              8F
        BANK3            00300-003FF             100
        BIGRAM           00052-0007F              2E
                         000FC-000FF               4
                         001D9-001FF              27
                         00271-003FF             18F
        CODE             00006-00007               2
                         00014-00017               4
                         01C7F-07FF7            6379
        COMRAM           00052-0007F              2E
        CONST            00006-00007               2
                         00014-00017               4
                         01C7F-07FF7            6379
        MEDIUMCONST      01C7F-07FF7            6379
        RAM              000FC-000FF               4
                         001D9-001FF              27
                         00271-003FF              8F
        SFR              00F80-00FFC              7D
        SMALLCONST       01C7F-07FF7             100
        STACK            00271-003FF             18F

                                  Symbol Table

?_ReadADC                         cstackCOMRAM  00001
?_in_high_int                     cstackBANK1   001BB
?_in_low_int                      cstackBANK1   001BD
?_in_main                         cstackBANK1   001BF
?_packADData                      cstackBANK0   0008A
?_packReturnData                  cstackBANK0   00080
?_unpackBrainMsg                  cstackCOMRAM  0002F
?i2_in_high_int                   cstackCOMRAM  0002F
?i2_in_low_int                    cstackCOMRAM  00031
Delay1KTCYx@unit                  cstackBANK1   001BB
OpenTimer0@config                 cstackBANK1   001BB
OpenUSART@config                  cstackBANK1   001C0
OpenUSART@spbrg                   cstackBANK1   001BB
ToMainHigh_recvmsg@data           cstackBANK1   001D5
ToMainHigh_recvmsg@maxlength      cstackBANK1   001D7
ToMainHigh_recvmsg@msgtype        cstackBANK1   001D3
ToMainHigh_sendmsg@data           cstackBANK0   00090
ToMainHigh_sendmsg@length         cstackCOMRAM  00036
ToMainHigh_sendmsg@msgtype        cstackBANK0   0008F
ToMainLow_recvmsg@data            cstackBANK1   001D5
ToMainLow_recvmsg@maxlength       cstackBANK1   001D7
ToMainLow_recvmsg@msgtype         cstackBANK1   001D3
ToMainLow_sendmsg@data            cstackCOMRAM  00018
ToMainLow_sendmsg@length          cstackCOMRAM  0001A
ToMainLow_sendmsg@msgtype         cstackCOMRAM  00017
WriteTimer0@timer                 cstackCOMRAM  00031
WriteTimer0@timer0                cstackCOMRAM  0002F
_ADCBuffer                        bssCOMRAM     0004A
_ADCON0                           (abs)         00FC2
_ADCON1                           (abs)         00FC1
_ADCON2                           (abs)         00FC0
_ADRESH                           (abs)         00FC4
_ADRESL                           (abs)         00FC3
_ADacc                            bssCOMRAM     0003F
_BrainMsgRecv                     bssCOMRAM     00038
_Delay1KTCYx                      text14        01BEA
_FromMainHigh_MQ                  bssBANK2      0023B
_FromMainLow_MQ                   bssBANK1      00102
_INTCONbits                       (abs)         00FF2
_IPR1bits                         (abs)         00F9F
_InterruptHandlerHigh             intcode       00008
_InterruptHandlerLow              intcodelo     00018
_LATB                             (abs)         00F8A
_LATBbits                         (abs)         00F8A
_MQ_Main_Willing_to_block         bssCOMRAM     0003C
_OSCCON                           (abs)         00FD3
_OSCCONbits                       (abs)         00FD3
_OSCTUNEbits                      (abs)         00F9B
_OpenTimer0                       text22        01B2A
_OpenUSART                        text21        01268
_PIE1bits                         (abs)         00F9D
_PIR1bits                         (abs)         00F9E
_RCONbits                         (abs)         00FD0
_RCREG                            (abs)         00FAE
_RCSTA                            (abs)         00FAB
_RCSTAbits                        (abs)         00FAB
_ReadADC                          text29        01C52
_SPBRG                            (abs)         00FAF
_SPBRGH                           (abs)         00FB0
_SSPADD                           (abs)         00FC8
_SSPBUF                           (abs)         00FC9
_SSPCON1                          (abs)         00FC6
_SSPCON1bits                      (abs)         00FC6
_SSPCON2                          (abs)         00FC5
_SSPCON2bits                      (abs)         00FC5
_SSPSTAT                          (abs)         00FC7
_SSPSTATbits                      (abs)         00FC7
_SleepIfOkay                      text49        0178C
_T0CON                            (abs)         00FD5
_T0CONbits                        (abs)         00FD5
_TMR0H                            (abs)         00FD7
_TMR0L                            (abs)         00FD6
_TMR1H                            (abs)         00FCF
_TMR1L                            (abs)         00FCE
_TRISAbits                        (abs)         00F92
_TRISB                            (abs)         00F93
_TRISCbits                        (abs)         00F94
_TXSTA                            (abs)         00FAC
_TXSTAbits                        (abs)         00FAC
_ToMainHigh_MQ                    bssBANK1      00138
_ToMainHigh_recvmsg               text18        018EA
_ToMainHigh_sendmsg               text38        01A9C
_ToMainLow_MQ                     bssBANK1      0016E
_ToMainLow_recvmsg                text17        018A8
_ToMainLow_sendmsg                text26        01B7C
_USART_Status                     bssCOMRAM     0003D
_WriteTimer0                      text32        01C26
__CFG_CCP2MX$DEFAULT              (abs)         00000
__CFG_CP0$OFF                     (abs)         00000
__CFG_FCMEN$ON                    (abs)         00000
__CFG_FOSC$HSPLL                  (abs)         00000
__CFG_FOSC2$ON                    (abs)         00000
__CFG_IESO$ON                     (abs)         00000
__CFG_STVREN$OFF                  (abs)         00000
__CFG_WDTEN$OFF                   (abs)         00000
__CFG_WDTPS$32768                 (abs)         00000
__CFG_XINST$OFF                   (abs)         00000
__HRAM                            (abs)         00000
__Habs1                           abs1          00000
__Hbank0                          bank0         00000
__Hbank1                          bank1         00000
__Hbank2                          bank2         00000
__Hbank3                          bank3         00000
__Hbigbss                         bigbss        00000
__Hbigdata                        bigdata       00000
__Hbigram                         bigram        00000
__Hbss                            bss           00000
__HbssBANK0                       bssBANK0      00000
__HbssBANK1                       bssBANK1      00000
__HbssBANK2                       bssBANK2      00000
__HbssCOMRAM                      bssCOMRAM     00000
__Hcinit                          cinit         00000
__Hclrtext                        clrtext       00000
__Hcomram                         comram        00000
__Hconfig                         config        07FFE
__Hconst                          const         00000
__HcstackBANK0                    cstackBANK0   00000
__HcstackBANK1                    cstackBANK1   00000
__HcstackBANK2                    cstackBANK2   00000
__HcstackCOMRAM                   cstackCOMRAM  00000
__Hdata                           data          00000
__HdataBANK0                      dataBANK0     00000
__HdataCOMRAM                     dataCOMRAM    00000
__Hend_init                       end_init      000B0
__Hfarbss                         farbss        00000
__Hfardata                        fardata       00000
__Hibigdata                       ibigdata      00000
__Hidata                          idata         00000
__HidataBANK0                     idataBANK0    00000
__HidataCOMRAM                    idataCOMRAM   00000
__Hidloc                          idloc         00000
__Hifardata                       ifardata      00000
__Hinit                           init          000AC
__Hintcode                        intcode       00014
__Hintcode_body                   intcode_body  00000
__Hintcodelo                      intcodelo     000AC
__Hintentry                       intentry      00000
__Hintret                         intret        00000
__Hintsave_regs                   intsave_regs  00000
__Hirdata                         irdata        00000
__Hjflash_buffer                  jflash_buffer 07800
__Hmediumconst                    mediumconst   00000
__HnvFARRAM                       nvFARRAM      00000
__Hnvbit                          nvbit         00000
__Hnvrram                         nvrram        00000
__Hparam                          rparam        00000
__Hpowerup                        powerup       000AC
__Hram                            ram           00000
__Hramtop                         ramtop        00400
__Hrbit                           rbit          00000
__Hrbss                           rbss          00000
__Hrdata                          rdata         00000
__Hreset_vec                      reset_vec     00006
__Hrparam                         rparam        00000
__Hsfr                            sfr           00000
__Hsmallconst                     smallconst    00000
__Hstack                          stack         00000
__Hstruct                         struct        00000
__Htemp                           temp          00000
__Htext                           text          00000
__Htext0                          text0         00000
__Htext1                          text1         00000
__Htext10                         text10        00000
__Htext11                         text11        00000
__Htext12                         text12        00000
__Htext13                         text13        00000
__Htext14                         text14        00000
__Htext15                         text15        00000
__Htext16                         text16        00000
__Htext17                         text17        00000
__Htext18                         text18        00000
__Htext19                         text19        00000
__Htext2                          text2         00000
__Htext20                         text20        00000
__Htext21                         text21        00000
__Htext22                         text22        00000
__Htext24                         text24        00000
__Htext25                         text25        00000
__Htext26                         text26        00000
__Htext27                         text27        00000
__Htext28                         text28        00000
__Htext29                         text29        00000
__Htext3                          text3         00000
__Htext31                         text31        00000
__Htext32                         text32        00000
__Htext33                         text33        00000
__Htext34                         text34        00000
__Htext35                         text35        00000
__Htext36                         text36        00000
__Htext37                         text37        00000
__Htext38                         text38        00000
__Htext39                         text39        00000
__Htext4                          text4         00000
__Htext40                         text40        00000
__Htext41                         text41        00000
__Htext42                         text42        00000
__Htext43                         text43        00000
__Htext44                         text44        00000
__Htext45                         text45        00000
__Htext46                         text46        00000
__Htext47                         text47        00000
__Htext48                         text48        00000
__Htext49                         text49        00000
__Htext5                          text5         00000
__Htext50                         text50        00000
__Htext51                         text51        00000
__Htext52                         text52        00000
__Htext53                         text53        00000
__Htext6                          text6         00000
__Htext7                          text7         00000
__Htext8                          text8         00000
__Htext9                          text9         00000
__LRAM                            (abs)         00001
__Labs1                           abs1          00000
__Lbank0                          bank0         00000
__Lbank1                          bank1         00000
__Lbank2                          bank2         00000
__Lbank3                          bank3         00000
__Lbigbss                         bigbss        00000
__Lbigdata                        bigdata       00000
__Lbigram                         bigram        00000
__Lbss                            bss           00000
__LbssBANK0                       bssBANK0      00000
__LbssBANK1                       bssBANK1      00000
__LbssBANK2                       bssBANK2      00000
__LbssCOMRAM                      bssCOMRAM     00000
__Lcinit                          cinit         00000
__Lclrtext                        clrtext       00000
__Lcomram                         comram        00000
__Lconfig                         config        07FF8
__Lconst                          const         00000
__LcstackBANK0                    cstackBANK0   00000
__LcstackBANK1                    cstackBANK1   00000
__LcstackBANK2                    cstackBANK2   00000
__LcstackCOMRAM                   cstackCOMRAM  00000
__Ldata                           data          00000
__LdataBANK0                      dataBANK0     00000
__LdataCOMRAM                     dataCOMRAM    00000
__Lend_init                       end_init      000AC
__Lfarbss                         farbss        00000
__Lfardata                        fardata       00000
__Libigdata                       ibigdata      00000
__Lidata                          idata         00000
__LidataBANK0                     idataBANK0    00000
__LidataCOMRAM                    idataCOMRAM   00000
__Lidloc                          idloc         00000
__Lifardata                       ifardata      00000
__Linit                           init          000AC
__Lintcode                        intcode       00008
__Lintcode_body                   intcode_body  00000
__Lintcodelo                      intcodelo     00018
__Lintentry                       intentry      00000
__Lintret                         intret        00000
__Lintsave_regs                   intsave_regs  00000
__Lirdata                         irdata        00000
__Ljflash_buffer                  jflash_buffer 07800
__Lmediumconst                    mediumconst   00000
__LnvFARRAM                       nvFARRAM      00000
__Lnvbit                          nvbit         00000
__Lnvrram                         nvrram        00000
__Lparam                          rparam        00000
__Lpowerup                        powerup       000AC
__Lram                            ram           00000
__Lramtop                         ramtop        00400
__Lrbit                           rbit          00000
__Lrbss                           rbss          00000
__Lrdata                          rdata         00000
__Lreset_vec                      reset_vec     00000
__Lrparam                         rparam        00000
__Lsfr                            sfr           00000
__Lsmallconst                     smallconst    00000
__Lstack                          stack         00000
__Lstruct                         struct        00000
__Ltemp                           temp          00000
__Ltext                           text          00000
__Ltext0                          text0         00000
__Ltext1                          text1         00000
__Ltext10                         text10        00000
__Ltext11                         text11        00000
__Ltext12                         text12        00000
__Ltext13                         text13        00000
__Ltext14                         text14        00000
__Ltext15                         text15        00000
__Ltext16                         text16        00000
__Ltext17                         text17        00000
__Ltext18                         text18        00000
__Ltext19                         text19        00000
__Ltext2                          text2         00000
__Ltext20                         text20        00000
__Ltext21                         text21        00000
__Ltext22                         text22        00000
__Ltext24                         text24        00000
__Ltext25                         text25        00000
__Ltext26                         text26        00000
__Ltext27                         text27        00000
__Ltext28                         text28        00000
__Ltext29                         text29        00000
__Ltext3                          text3         00000
__Ltext31                         text31        00000
__Ltext32                         text32        00000
__Ltext33                         text33        00000
__Ltext34                         text34        00000
__Ltext35                         text35        00000
__Ltext36                         text36        00000
__Ltext37                         text37        00000
__Ltext38                         text38        00000
__Ltext39                         text39        00000
__Ltext4                          text4         00000
__Ltext40                         text40        00000
__Ltext41                         text41        00000
__Ltext42                         text42        00000
__Ltext43                         text43        00000
__Ltext44                         text44        00000
__Ltext45                         text45        00000
__Ltext46                         text46        00000
__Ltext47                         text47        00000
__Ltext48                         text48        00000
__Ltext49                         text49        00000
__Ltext5                          text5         00000
__Ltext50                         text50        00000
__Ltext51                         text51        00000
__Ltext52                         text52        00000
__Ltext53                         text53        00000
__Ltext6                          text6         00000
__Ltext7                          text7         00000
__Ltext8                          text8         00000
__Ltext9                          text9         00000
__S0                              (abs)         07FFE
__S1                              (abs)         00271
__S2                              (abs)         00000
___extmem_base                    (abs)         20000
___inthi_sp                       stack         00000
___intlo_sp                       stack         00000
___sp                             stack         00000
__accesstop                       (abs)         00080
__activetblptr                    (abs)         00002
__end_of_Delay1KTCYx              text14        01C00
__end_of_InterruptHandlerHigh     intcode_body  0137C
__end_of_InterruptHandlerLow      intcodelo     000AC
__end_of_OpenTimer0               text22        01B54
__end_of_OpenUSART                text21        012FA
__end_of_ReadADC                  text29        01C5C
__end_of_SleepIfOkay              text49        017DA
__end_of_ToMainHigh_recvmsg       text18        0192C
__end_of_ToMainHigh_sendmsg       text38        01AD2
__end_of_ToMainLow_recvmsg        text17        018EA
__end_of_ToMainLow_sendmsg        text26        01BA2
__end_of_WriteTimer0              text32        01C38
__end_of__initialization          cinit         0161C
__end_of_adc_int_handler          text24        018A8
__end_of_addADDataPoints          text16        011CE
__end_of_addBuffer                text25        01BC6
__end_of_addDataPoints            text15        01B2A
__end_of_block_on_To_msgqueues    text9         013FA
__end_of_check_msg                text13        01A9C
__end_of_enable_interrupts        text8         01C6E
__end_of_enter_sleep_mode         text53        01C7A
__end_of_handle_start             text48        01084
__end_of_i2c_configure_slave      text7         01B7C
__end_of_i2c_int_handler          text33        006D4
__end_of_in_high_int              text12        01C26
__end_of_in_low_int               text11        01820
__end_of_in_main                  text10        01864
__end_of_init_i2c                 text6         015BE
__end_of_init_queue               text5         01474
__end_of_init_queues              text4         01554
__end_of_main                     text0         00A0A
__end_of_memcpy                   text20        016EC
__end_of_packADData               text45        0178C
__end_of_packReturnData           text46        00B8E
__end_of_recv_msg                 text19        00CC4
__end_of_reqADData                text37        01268
__end_of_resetADacc               text3         0168E
__end_of_resetAccumulators        text2         01C74
__end_of_resetDBG                 text47        01A66
__end_of_sendADdata               text43        014E6
__end_of_sendRequestedData        text41        01C14
__end_of_send_msg                 text27        0112E
__end_of_setBrainReqData          text35        019EE
__end_of_setDBG                   text34        01A2A
__end_of_start_i2c_slave_reply    text1         00DD2
__end_of_timer0_int_handler       text31        01C46
__end_of_unpackBrainMsg           text36        01C66
__end_ofi1_memcpy                 text28        019AE
__end_ofi2_check_msg              text52        01BEA
__end_ofi2_in_high_int            text51        01C52
__end_ofi2_in_low_int             text50        01B00
__end_ofi2_memcpy                 text40        0173C
__end_ofi2_resetADacc             text42        0196E
__end_ofi2_send_msg               text39        00EC8
__end_ofi2_start_i2c_slave_reply  text44        00FBC
__initialization                  cinit         015BE
__mediumconst                     mediumconst   00000
__pbssBANK0                       bssBANK0      000FB
__pbssBANK1                       bssBANK1      00100
__pbssBANK2                       bssBANK2      0023B
__pbssCOMRAM                      bssCOMRAM     00038
__pcinit                          cinit         015BE
__pcstackBANK0                    cstackBANK0   00080
__pcstackBANK1                    cstackBANK1   001A4
__pcstackBANK2                    cstackBANK2   00200
__pcstackCOMRAM                   cstackCOMRAM  00001
__pdataBANK0                      dataBANK0     000F9
__pdataCOMRAM                     dataCOMRAM    0004F
__pidataBANK0                     idataBANK0    01C7D
__pidataCOMRAM                    idataCOMRAM   01C7A
__pintcode                        intcode       00008
__pintcode_body                   intcode_body  012FA
__pintcodelo                      intcodelo     00018
__ptext0                          text0         006D4
__ptext1                          text1         00CC4
__ptext10                         text10        01820
__ptext11                         text11        017DA
__ptext12                         text12        01C14
__ptext13                         text13        01A66
__ptext14                         text14        01BEA
__ptext15                         text15        01B00
__ptext16                         text16        0112E
__ptext17                         text17        018A8
__ptext18                         text18        018EA
__ptext19                         text19        00B8E
__ptext2                          text2         01C6E
__ptext20                         text20        0168E
__ptext21                         text21        01268
__ptext22                         text22        01B2A
__ptext24                         text24        01864
__ptext25                         text25        01BA2
__ptext26                         text26        01B7C
__ptext27                         text27        01084
__ptext28                         text28        0196E
__ptext29                         text29        01C52
__ptext3                          text3         01626
__ptext31                         text31        01C38
__ptext32                         text32        01C26
__ptext33                         text33        000B0
__ptext34                         text34        019EE
__ptext35                         text35        019AE
__ptext36                         text36        01C5C
__ptext37                         text37        011CE
__ptext38                         text38        01A9C
__ptext39                         text39        00DD2
__ptext4                          text4         014E6
__ptext40                         text40        016EC
__ptext41                         text41        01C00
__ptext42                         text42        0192C
__ptext43                         text43        01474
__ptext44                         text44        00EC8
__ptext45                         text45        0173C
__ptext46                         text46        00A0A
__ptext47                         text47        01A2A
__ptext48                         text48        00FBC
__ptext49                         text49        0178C
__ptext5                          text5         013FA
__ptext50                         text50        01AD2
__ptext51                         text51        01C46
__ptext52                         text52        01BC6
__ptext53                         text53        01C74
__ptext6                          text6         01554
__ptext7                          text7         01B54
__ptext8                          text8         01C66
__ptext9                          text9         0137C
__ramtop                          ramtop        00400
__size_of_Delay1KTCYx             (abs)         00000
__size_of_InterruptHandlerHigh    (abs)         00000
__size_of_InterruptHandlerLow     (abs)         00000
__size_of_OpenTimer0              (abs)         00000
__size_of_OpenUSART               (abs)         00000
__size_of_ReadADC                 (abs)         00000
__size_of_SleepIfOkay             (abs)         00000
__size_of_ToMainHigh_recvmsg      (abs)         00000
__size_of_ToMainHigh_sendmsg      (abs)         00000
__size_of_ToMainLow_recvmsg       (abs)         00000
__size_of_ToMainLow_sendmsg       (abs)         00000
__size_of_WriteTimer0             (abs)         00000
__size_of_adc_int_handler         (abs)         00000
__size_of_addADDataPoints         (abs)         00000
__size_of_addBuffer               (abs)         00000
__size_of_addDataPoints           (abs)         00000
__size_of_block_on_To_msgqueues   (abs)         00000
__size_of_check_msg               (abs)         00000
__size_of_enable_interrupts       (abs)         00000
__size_of_enter_sleep_mode        (abs)         00000
__size_of_handle_start            (abs)         00000
__size_of_i2c_configure_slave     (abs)         00000
__size_of_i2c_int_handler         (abs)         00000
__size_of_in_high_int             (abs)         00000
__size_of_in_low_int              (abs)         00000
__size_of_in_main                 (abs)         00000
__size_of_init_i2c                (abs)         00000
__size_of_init_queue              (abs)         00000
__size_of_init_queues             (abs)         00000
__size_of_main                    (abs)         00000
__size_of_memcpy                  (abs)         00000
__size_of_packADData              (abs)         00000
__size_of_packReturnData          (abs)         00000
__size_of_recv_msg                (abs)         00000
__size_of_reqADData               (abs)         00000
__size_of_resetADacc              (abs)         00000
__size_of_resetAccumulators       (abs)         00000
__size_of_resetDBG                (abs)         00000
__size_of_sendADdata              (abs)         00000
__size_of_sendRequestedData       (abs)         00000
__size_of_send_msg                (abs)         00000
__size_of_setBrainReqData         (abs)         00000
__size_of_setDBG                  (abs)         00000
__size_of_start_i2c_slave_reply   (abs)         00000
__size_of_timer0_int_handler      (abs)         00000
__size_of_unpackBrainMsg          (abs)         00000
__size_ofi1_memcpy                (abs)         00000
__size_ofi2_check_msg             (abs)         00000
__size_ofi2_in_high_int           (abs)         00000
__size_ofi2_in_low_int            (abs)         00000
__size_ofi2_memcpy                (abs)         00000
__size_ofi2_resetADacc            (abs)         00000
__size_ofi2_send_msg              (abs)         00000
__size_ofi2_start_i2c_slave_reply (abs)         00000
__smallconst                      smallconst    00000
_adc_int_handler                  text24        01864
_addADDataPoints                  text16        0112E
_addBuffer                        text25        01BA2
_addDataPoints                    text15        01B00
_block_on_To_msgqueues            text9         0137C
_check_msg                        text13        01A66
_count                            bssCOMRAM     0003E
_enable_interrupts                text8         01C66
_enter_sleep_mode                 text53        01C74
_handle_start                     text48        00FBC
_i2c_configure_slave              text7         01B54
_i2c_int_handler                  text33        000B0
_ic_ptr                           bssBANK1      00100
_in_high_int                      text12        01C14
_in_low_int                       text11        017DA
_in_main                          text10        01820
_init_i2c                         text6         01554
_init_queue                       text5         013FA
_init_queues                      text4         014E6
_main                             text0         006D4
_memcpy                           text20        0168E
_packADData                       text45        0173C
_packReturnData                   text46        00A0A
_recv_msg                         text19        00B8E
_reqADData                        text37        011CE
_resetADacc                       text3         01626
_resetAccumulators                text2         01C6E
_resetDBG                         text47        01A2A
_sample1                          dataBANK0     000F9
_sample2                          dataBANK0     000FA
_sample3                          dataCOMRAM    0004F
_sample4                          dataCOMRAM    00050
_sample5                          dataCOMRAM    00051
_sendADdata                       text43        01474
_sendRequestedData                text41        01C00
_send_msg                         text27        01084
_setBrainReqData                  text35        019AE
_setDBG                           text34        019EE
_start_i2c_slave_reply            text1         00CC4
_timer0_int_handler               text31        01C38
_timesreq                         bssBANK0      000FB
_uc_ptr                           bssCOMRAM     0003A
_unpackBrainMsg                   text36        01C5C
adc_int_handler@data              cstackCOMRAM  0001C
addADDataPoints@data              cstackBANK1   001BB
addADDataPoints@i                 cstackBANK1   001C1
addADDataPoints@len               cstackBANK1   001BD
addBuffer@data                    cstackCOMRAM  00001
addDataPoints@data                cstackBANK1   001C5
addDataPoints@len                 cstackBANK1   001C7
addDataPoints@sensorid            cstackBANK1   001C3
check_msg@qptr                    cstackBANK1   001BB
end_of_initialization             cinit         0161C
handle_start@data_read            cstackCOMRAM  0002F
i1_memcpy                         text28        0196E
i1memcpy@d                        cstackCOMRAM  00007
i1memcpy@d1                       cstackCOMRAM  00001
i1memcpy@n                        cstackCOMRAM  00005
i1memcpy@s                        cstackCOMRAM  00009
i1memcpy@s1                       cstackCOMRAM  00003
i2_check_msg                      text52        01BC6
i2_in_high_int                    text51        01C46
i2_in_low_int                     text50        01AD2
i2_memcpy                         text40        016EC
i2_resetADacc                     text42        0192C
i2_send_msg                       text39        00DD2
i2_start_i2c_slave_reply          text44        00EC8
i2c_configure_slave@addr          cstackBANK1   001BB
i2c_int_handler@data_read         cstackBANK1   001AC
i2c_int_handler@data_written      cstackBANK1   001A7
i2c_int_handler@error_buf         cstackBANK1   001A4
i2c_int_handler@i2c_data          cstackBANK1   001A9
i2c_int_handler@msg_ready         cstackBANK1   001AB
i2c_int_handler@msg_to_send       cstackBANK1   001AA
i2c_int_handler@overrun_error     cstackBANK1   001A8
i2check_msg@qptr                  cstackCOMRAM  0002F
i2memcpy@d                        cstackBANK0   00080
i2memcpy@d1                       cstackCOMRAM  0002F
i2memcpy@n                        cstackCOMRAM  00033
i2memcpy@s                        cstackBANK0   00082
i2memcpy@s1                       cstackCOMRAM  00031
i2resetADacc@i                    cstackCOMRAM  00032
i2send_msg@data                   cstackBANK0   00088
i2send_msg@length                 cstackBANK0   00086
i2send_msg@msgtype                cstackBANK0   00087
i2send_msg@qmsg                   cstackBANK0   0008D
i2send_msg@qptr                   cstackBANK0   00084
i2send_msg@slot                   cstackBANK0   0008C
i2send_msg@tlength                cstackBANK0   0008A
i2start_i2c_slave_reply@length    cstackCOMRAM  00033
i2start_i2c_slave_reply@msg       cstackCOMRAM  0002F
init_i2c@ic                       cstackBANK1   001BB
init_queue@i                      cstackBANK1   001BE
init_queue@qptr                   cstackBANK1   001BB
int_func                          intcode_body  012FA
intlevel0                         text          00000
intlevel1                         text          00000
intlevel2                         text          00000
intlevel3                         text          00000
main@data_points_count            cstackBANK2   0021C
main@ic                           cstackBANK2   0021F
main@j                            cstackBANK2   00217
main@j_446                        cstackBANK2   00219
main@last_reg_recvd               cstackBANK2   00216
main@length                       cstackBANK2   0021E
main@msgbuffer                    cstackBANK2   0020B
main@msgtype                      cstackBANK2   0021B
main@to_send_buffer               cstackBANK2   00200
memcpy@d                          cstackBANK1   001C1
memcpy@d1                         cstackBANK1   001BB
memcpy@n                          cstackBANK1   001BF
memcpy@s                          cstackBANK1   001C3
memcpy@s1                         cstackBANK1   001BD
packADData@data                   cstackBANK0   0008A
packADData@len                    cstackBANK0   0008C
packADData@maxout                 cstackBANK0   00090
packADData@out                    cstackBANK0   0008E
packReturnData@data               cstackBANK0   00080
packReturnData@dest               cstackCOMRAM  00034
packReturnData@end                cstackCOMRAM  00032
packReturnData@maxout             cstackBANK0   00086
packReturnData@msg                cstackBANK0   00084
packReturnData@payloadLen         cstackBANK0   00082
packReturnData@sensorID           cstackBANK0   00088
recv_msg@data                     cstackBANK1   001CA
recv_msg@maxlength                cstackBANK1   001C7
recv_msg@msgtype                  cstackBANK1   001C8
recv_msg@qmsg                     cstackBANK1   001D1
recv_msg@qptr                     cstackBANK1   001C5
recv_msg@slot                     cstackBANK1   001CE
recv_msg@tlength                  cstackBANK1   001CF
reqADData@buf                     cstackBANK0   00092
reqADData@numSamples              cstackBANK0   0009C
resetADacc@i                      cstackBANK1   001BE
resetDBG@b                        cstackCOMRAM  0002F
sendADdata@bytes_packed           cstackBANK0   000F6
sendADdata@outBuff                cstackBANK0   00092
send_msg@data                     cstackCOMRAM  0000F
send_msg@length                   cstackCOMRAM  0000D
send_msg@msgtype                  cstackCOMRAM  0000E
send_msg@qmsg                     cstackCOMRAM  00015
send_msg@qptr                     cstackCOMRAM  0000B
send_msg@slot                     cstackCOMRAM  00014
send_msg@tlength                  cstackCOMRAM  00012
setBrainReqData@buf               cstackBANK0   0009D
setBrainReqData@tempBrain         cstackBANK0   0009F
setDBG@b                          cstackCOMRAM  0002F
stackhi                           (abs)         003FF
stacklo                           (abs)         00271
start                             init          000AC
start_i2c_slave_reply@length      cstackBANK1   001BF
start_i2c_slave_reply@msg         cstackBANK1   001BB
start_initialization              cinit         015BE
unpackBrainMsg@buf                cstackCOMRAM  0002F


FUNCTION INFORMATION:

 *************** function _main *****************
 Defined at:
		line 187 in file "../src/main.c"
 Parameters:    Size  Location     Type
		None
 Auto vars:     Size  Location     Type
  j               2   23[BANK2 ] int 
  j               2   25[BANK2 ] int 
  ic             28   31[BANK2 ] struct __i2c_comm
  msgbuffer      11   11[BANK2 ] unsigned char [11]
  to_send_buff   11    0[BANK2 ] unsigned char [11]
  data_points_    2   28[BANK2 ] int 
  t0thread_dat    2    0        struct __timer0_thread_s
  length          1   30[BANK2 ] char 
  msgtype         1   27[BANK2 ] unsigned char 
  last_reg_rec    1   22[BANK2 ] unsigned char 
 Return value:  Size  Location     Type
		None               void
 Registers used:
		wreg, fsr1l, fsr1h, fsr2l, fsr2h, status,2, status,0, prodl, prodh, cstack
 Tracked objects:
		On entry : 
		On exit  : 
		Unchanged: 
 Data sizes:     COMRAM   BANK0   BANK1   BANK2   BANK3
      Params:         0       0       0       0       0
      Locals:         0       0       0      59       0
      Temps:          0       0       1       0       0
      Totals:         0       0       1      59       0
Total ram usage:       60 bytes
 Hardware stack levels required when called:   16
 This function calls:
		_OpenTimer0
		_OpenUSART
		_ToMainHigh_recvmsg
		_ToMainLow_recvmsg
		_addDataPoints
		_block_on_To_msgqueues
		_enable_interrupts
		_i2c_configure_slave
		_init_i2c
		_init_queues
		_resetAccumulators
		_start_i2c_slave_reply
 This function is called by:
		Startup code after reset
 This function uses a non-reentrant model


 *************** function _start_i2c_slave_reply *****************
 Defined at:
		line 60 in file "../src/my_i2c.c"
 Parameters:    Size  Location     Type
  length          1    wreg     unsigned char 
  msg             2   23[BANK1 ] PTR unsigned char 
		 -> sendADdata@outBuff(100), main@msgbuffer(11), 
 Auto vars:     Size  Location     Type
  length          1   27[BANK1 ] unsigned char 
 Return value:  Size  Location     Type
		None               void
 Registers used:
		wreg, fsr1l, fsr1h, fsr2l, fsr2h, status,2, status,0, prodl, prodh
 Tracked objects:
		On entry : 
		On exit  : 
		Unchanged: 
 Data sizes:     COMRAM   BANK0   BANK1   BANK2   BANK3
      Params:         0       0       2       0       0
      Locals:         0       0       1       0       0
      Temps:          0       0       2       0       0
      Totals:         0       0       5       0       0
Total ram usage:        5 bytes
 Hardware stack levels used:    1
 Hardware stack levels required when called:   12
 This function calls:
		Nothing
 This function is called by:
		_main
 This function uses a non-reentrant model


 *************** function _resetAccumulators *****************
 Defined at:
		line 80 in file "../src/sensorcomm.c"
 Parameters:    Size  Location     Type
		None
 Auto vars:     Size  Location     Type
		None
 Return value:  Size  Location     Type
		None               void
 Registers used:
		wreg, fsr2l, fsr2h, status,2, status,0, cstack
 Tracked objects:
		On entry : 
		On exit  : 
		Unchanged: 
 Data sizes:     COMRAM   BANK0   BANK1   BANK2   BANK3
      Params:         0       0       0       0       0
      Locals:         0       0       0       0       0
      Temps:          0       0       0       0       0
      Totals:         0       0       0       0       0
Total ram usage:        0 bytes
 Hardware stack levels used:    1
 Hardware stack levels required when called:   13
 This function calls:
		_resetADacc
 This function is called by:
		_main
 This function uses a non-reentrant model


 *************** function _resetADacc *****************
 Defined at:
		line 72 in file "../src/sensorcomm.c"
 Parameters:    Size  Location     Type
		None
 Auto vars:     Size  Location     Type
  i               2   26[BANK1 ] int 
 Return value:  Size  Location     Type
		None               void
 Registers used:
		wreg, fsr2l, fsr2h, status,2, status,0
 Tracked objects:
		On entry : 
		On exit  : 
		Unchanged: 
 Data sizes:     COMRAM   BANK0   BANK1   BANK2   BANK3
      Params:         0       0       0       0       0
      Locals:         0       0       2       0       0
      Temps:          0       0       3       0       0
      Totals:         0       0       5       0       0
Total ram usage:        5 bytes
 Hardware stack levels used:    1
 Hardware stack levels required when called:   12
 This function calls:
		Nothing
 This function is called by:
		_resetAccumulators
 This function uses a non-reentrant model


 *************** function _init_queues *****************
 Defined at:
		line 195 in file "../src/messages.c"
 Parameters:    Size  Location     Type
		None
 Auto vars:     Size  Location     Type
		None
 Return value:  Size  Location     Type
		None               void
 Registers used:
		wreg, fsr2l, fsr2h, status,2, status,0, prodl, prodh, cstack
 Tracked objects:
		On entry : 
		On exit  : 
		Unchanged: 
 Data sizes:     COMRAM   BANK0   BANK1   BANK2   BANK3
      Params:         0       0       0       0       0
      Locals:         0       0       0       0       0
      Temps:          0       0       1       0       0
      Totals:         0       0       1       0       0
Total ram usage:        1 bytes
 Hardware stack levels used:    1
 Hardware stack levels required when called:   13
 This function calls:
		_init_queue
 This function is called by:
		_main
 This function uses a non-reentrant model


 *************** function _init_queue *****************
 Defined at:
		line 15 in file "../src/messages.c"
 Parameters:    Size  Location     Type
  qptr            2   23[BANK1 ] PTR struct __msg_queue
		 -> FromMainHigh_MQ(54), FromMainLow_MQ(54), ToMainHigh_MQ(54), ToMainLow_MQ(54), 
 Auto vars:     Size  Location     Type
  i               1   26[BANK1 ] unsigned char 
 Return value:  Size  Location     Type
		None               void
 Registers used:
		wreg, fsr2l, fsr2h, status,2, status,0, prodl, prodh
 Tracked objects:
		On entry : 
		On exit  : 
		Unchanged: 
 Data sizes:     COMRAM   BANK0   BANK1   BANK2   BANK3
      Params:         0       0       2       0       0
      Locals:         0       0       1       0       0
      Temps:          0       0       1       0       0
      Totals:         0       0       4       0       0
Total ram usage:        4 bytes
 Hardware stack levels used:    1
 Hardware stack levels required when called:   12
 This function calls:
		Nothing
 This function is called by:
		_init_queues
 This function uses a non-reentrant model


 *************** function _init_i2c *****************
 Defined at:
		line 294 in file "../src/my_i2c.c"
 Parameters:    Size  Location     Type
  ic              2   23[BANK1 ] PTR struct __i2c_comm
		 -> main@ic(28), 
 Auto vars:     Size  Location     Type
		None
 Return value:  Size  Location     Type
		None               void
 Registers used:
		wreg, fsr2l, fsr2h, status,2, status,0
 Tracked objects:
		On entry : 
		On exit  : 
		Unchanged: 
 Data sizes:     COMRAM   BANK0   BANK1   BANK2   BANK3
      Params:         0       0       2       0       0
      Locals:         0       0       0       0       0
      Temps:          0       0       0       0       0
      Totals:         0       0       2       0       0
Total ram usage:        2 bytes
 Hardware stack levels used:    1
 Hardware stack levels required when called:   12
 This function calls:
		Nothing
 This function is called by:
		_main
 This function uses a non-reentrant model


 *************** function _i2c_configure_slave *****************
 Defined at:
		line 305 in file "../src/my_i2c.c"
 Parameters:    Size  Location     Type
  addr            1    wreg     unsigned char 
 Auto vars:     Size  Location     Type
  addr            1   23[BANK1 ] unsigned char 
 Return value:  Size  Location     Type
		None               void
 Registers used:
		wreg, status,2, status,0
 Tracked objects:
		On entry : 
		On exit  : 
		Unchanged: 
 Data sizes:     COMRAM   BANK0   BANK1   BANK2   BANK3
      Params:         0       0       0       0       0
      Locals:         0       0       1       0       0
      Temps:          0       0       0       0       0
      Totals:         0       0       1       0       0
Total ram usage:        1 bytes
 Hardware stack levels used:    1
 Hardware stack levels required when called:   12
 This function calls:
		Nothing
 This function is called by:
		_main
 This function uses a non-reentrant model


 *************** function _enable_interrupts *****************
 Defined at:
		line 15 in file "../src/interrupts.c"
 Parameters:    Size  Location     Type
		None
 Auto vars:     Size  Location     Type
		None
 Return value:  Size  Location     Type
		None               void
 Registers used:
		None
 Tracked objects:
		On entry : 
		On exit  : 
		Unchanged: 
 Data sizes:     COMRAM   BANK0   BANK1   BANK2   BANK3
      Params:         0       0       0       0       0
      Locals:         0       0       0       0       0
      Temps:          0       0       0       0       0
      Totals:         0       0       0       0       0
Total ram usage:        0 bytes
 Hardware stack levels used:    1
 Hardware stack levels required when called:   12
 This function calls:
		Nothing
 This function is called by:
		_main
 This function uses a non-reentrant model


 *************** function _block_on_To_msgqueues *****************
 Defined at:
		line 259 in file "../src/messages.c"
 Parameters:    Size  Location     Type
		None
 Auto vars:     Size  Location     Type
		None
 Return value:  Size  Location     Type
		None               void
 Registers used:
		wreg, fsr2l, fsr2h, status,2, status,0, prodl, prodh, cstack
 Tracked objects:
		On entry : 
		On exit  : 
		Unchanged: 
 Data sizes:     COMRAM   BANK0   BANK1   BANK2   BANK3
      Params:         0       0       0       0       0
      Locals:         0       0       0       0       0
      Temps:          0       0       1       0       0
      Totals:         0       0       1       0       0
Total ram usage:        1 bytes
 Hardware stack levels used:    1
 Hardware stack levels required when called:   15
 This function calls:
		_Delay1KTCYx
		_check_msg
		_in_main
 This function is called by:
		_main
 This function uses a non-reentrant model


 *************** function _in_main *****************
 Defined at:
		line 41 in file "../src/interrupts.c"
 Parameters:    Size  Location     Type
		None
 Auto vars:     Size  Location     Type
		None
 Return value:  Size  Location     Type
                  2   27[BANK1 ] int 
 Registers used:
		wreg, status,2, status,0, cstack
 Tracked objects:
		On entry : 
		On exit  : 
		Unchanged: 
 Data sizes:     COMRAM   BANK0   BANK1   BANK2   BANK3
      Params:         0       0       2       0       0
      Locals:         0       0       0       0       0
      Temps:          0       0       0       0       0
      Totals:         0       0       2       0       0
Total ram usage:        2 bytes
 Hardware stack levels used:    1
 Hardware stack levels required when called:   14
 This function calls:
		_in_high_int
		_in_low_int
 This function is called by:
		_block_on_To_msgqueues
 This function uses a non-reentrant model


 *************** function _in_low_int *****************
 Defined at:
		line 31 in file "../src/interrupts.c"
 Parameters:    Size  Location     Type
		None
 Auto vars:     Size  Location     Type
		None
 Return value:  Size  Location     Type
                  2   25[BANK1 ] int 
 Registers used:
		wreg, status,2, status,0, cstack
 Tracked objects:
		On entry : 
		On exit  : 
		Unchanged: 
 Data sizes:     COMRAM   BANK0   BANK1   BANK2   BANK3
      Params:         0       0       2       0       0
      Locals:         0       0       0       0       0
      Temps:          0       0       0       0       0
      Totals:         0       0       2       0       0
Total ram usage:        2 bytes
 Hardware stack levels used:    1
 Hardware stack levels required when called:   13
 This function calls:
		_in_high_int
 This function is called by:
		_in_main
 This function uses a non-reentrant model


 *************** function _in_high_int *****************
 Defined at:
		line 23 in file "../src/interrupts.c"
 Parameters:    Size  Location     Type
		None
 Auto vars:     Size  Location     Type
		None
 Return value:  Size  Location     Type
                  2   23[BANK1 ] int 
 Registers used:
		wreg, status,2
 Tracked objects:
		On entry : 
		On exit  : 
		Unchanged: 
 Data sizes:     COMRAM   BANK0   BANK1   BANK2   BANK3
      Params:         0       0       2       0       0
      Locals:         0       0       0       0       0
      Temps:          0       0       0       0       0
      Totals:         0       0       2       0       0
Total ram usage:        2 bytes
 Hardware stack levels used:    1
 Hardware stack levels required when called:   12
 This function calls:
		Nothing
 This function is called by:
		_in_low_int
		_in_main
 This function uses a non-reentrant model


 *************** function _check_msg *****************
 Defined at:
		line 223 in file "../src/messages.c"
 Parameters:    Size  Location     Type
  qptr            2   23[BANK1 ] PTR struct __msg_queue
		 -> ToMainHigh_MQ(54), ToMainLow_MQ(54), 
 Auto vars:     Size  Location     Type
		None
 Return value:  Size  Location     Type
                  1    wreg      unsigned char 
 Registers used:
		wreg, fsr2l, fsr2h, status,2, status,0, prodl, prodh
 Tracked objects:
		On entry : 
		On exit  : 
		Unchanged: 
 Data sizes:     COMRAM   BANK0   BANK1   BANK2   BANK3
      Params:         0       0       2       0       0
      Locals:         0       0       0       0       0
      Temps:          0       0       1       0       0
      Totals:         0       0       3       0       0
Total ram usage:        3 bytes
 Hardware stack levels used:    1
 Hardware stack levels required when called:   12
 This function calls:
		Nothing
 This function is called by:
		_block_on_To_msgqueues
 This function uses a non-reentrant model


 *************** function _Delay1KTCYx *****************
 Defined at:
		line 8 in file "C:\Program Files\Microchip\xc8\v1.30\sources\pic18\d1ktcyx.c"
 Parameters:    Size  Location     Type
  unit            1    wreg     unsigned char 
 Auto vars:     Size  Location     Type
  unit            1   23[BANK1 ] unsigned char 
 Return value:  Size  Location     Type
		None               void
 Registers used:
		wreg
 Tracked objects:
		On entry : 
		On exit  : 
		Unchanged: 
 Data sizes:     COMRAM   BANK0   BANK1   BANK2   BANK3
      Params:         0       0       0       0       0
      Locals:         0       0       1       0       0
      Temps:          0       0       0       0       0
      Totals:         0       0       1       0       0
Total ram usage:        1 bytes
 Hardware stack levels used:    1
 Hardware stack levels required when called:   12
 This function calls:
		Nothing
 This function is called by:
		_block_on_To_msgqueues
 This function uses a non-reentrant model


 *************** function _addDataPoints *****************
 Defined at:
		line 48 in file "../src/sensorcomm.c"
 Parameters:    Size  Location     Type
  sensorid        2   31[BANK1 ] int 
  data            2   33[BANK1 ] PTR void 
		 -> main@msgbuffer(11), 
  len             2   35[BANK1 ] int 
 Auto vars:     Size  Location     Type
		None
 Return value:  Size  Location     Type
		None               void
 Registers used:
		wreg, fsr1l, fsr1h, fsr2l, fsr2h, status,2, status,0, prodl, prodh, cstack
 Tracked objects:
		On entry : 
		On exit  : 
		Unchanged: 
 Data sizes:     COMRAM   BANK0   BANK1   BANK2   BANK3
      Params:         0       0       6       0       0
      Locals:         0       0       0       0       0
      Temps:          0       0       0       0       0
      Totals:         0       0       6       0       0
Total ram usage:        6 bytes
 Hardware stack levels used:    1
 Hardware stack levels required when called:   13
 This function calls:
		_addADDataPoints
 This function is called by:
		_main
 This function uses a non-reentrant model


 *************** function _addADDataPoints *****************
 Defined at:
		line 57 in file "../src/sensorcomm.c"
 Parameters:    Size  Location     Type
  data            2   23[BANK1 ] PTR struct .
		 -> main@msgbuffer(11), 
  len             2   25[BANK1 ] int 
 Auto vars:     Size  Location     Type
  i               2   29[BANK1 ] int 
 Return value:  Size  Location     Type
		None               void
 Registers used:
		wreg, fsr1l, fsr1h, fsr2l, fsr2h, status,2, status,0, prodl, prodh
 Tracked objects:
		On entry : 
		On exit  : 
		Unchanged: 
 Data sizes:     COMRAM   BANK0   BANK1   BANK2   BANK3
      Params:         0       0       4       0       0
      Locals:         0       0       2       0       0
      Temps:          0       0       2       0       0
      Totals:         0       0       8       0       0
Total ram usage:        8 bytes
 Hardware stack levels used:    1
 Hardware stack levels required when called:   12
 This function calls:
		Nothing
 This function is called by:
		_addDataPoints
 This function uses a non-reentrant model


 *************** function _ToMainLow_recvmsg *****************
 Defined at:
		line 113 in file "../src/messages.c"
 Parameters:    Size  Location     Type
  maxlength       1    wreg     unsigned char 
  msgtype         2   47[BANK1 ] PTR unsigned char 
		 -> main@msgtype(1), 
  data            2   49[BANK1 ] PTR void 
		 -> main@msgbuffer(11), 
 Auto vars:     Size  Location     Type
  maxlength       1   51[BANK1 ] unsigned char 
 Return value:  Size  Location     Type
                  1    wreg      char 
 Registers used:
		wreg, fsr1l, fsr1h, fsr2l, fsr2h, status,2, status,0, prodl, prodh, cstack
 Tracked objects:
		On entry : 
		On exit  : 
		Unchanged: 
 Data sizes:     COMRAM   BANK0   BANK1   BANK2   BANK3
      Params:         0       0       4       0       0
      Locals:         0       0       1       0       0
      Temps:          0       0       0       0       0
      Totals:         0       0       5       0       0
Total ram usage:        5 bytes
 Hardware stack levels used:    1
 Hardware stack levels required when called:   14
 This function calls:
		_recv_msg
 This function is called by:
		_main
 This function uses a non-reentrant model


 *************** function _ToMainHigh_recvmsg *****************
 Defined at:
		line 136 in file "../src/messages.c"
 Parameters:    Size  Location     Type
  maxlength       1    wreg     unsigned char 
  msgtype         2   47[BANK1 ] PTR unsigned char 
		 -> main@msgtype(1), 
  data            2   49[BANK1 ] PTR void 
		 -> main@msgbuffer(11), 
 Auto vars:     Size  Location     Type
  maxlength       1   51[BANK1 ] unsigned char 
 Return value:  Size  Location     Type
                  1    wreg      char 
 Registers used:
		wreg, fsr1l, fsr1h, fsr2l, fsr2h, status,2, status,0, prodl, prodh, cstack
 Tracked objects:
		On entry : 
		On exit  : 
		Unchanged: 
 Data sizes:     COMRAM   BANK0   BANK1   BANK2   BANK3
      Params:         0       0       4       0       0
      Locals:         0       0       1       0       0
      Temps:          0       0       0       0       0
      Totals:         0       0       5       0       0
Total ram usage:        5 bytes
 Hardware stack levels used:    1
 Hardware stack levels required when called:   14
 This function calls:
		_recv_msg
 This function is called by:
		_main
 This function uses a non-reentrant model


 *************** function _recv_msg *****************
 Defined at:
		line 64 in file "../src/messages.c"
 Parameters:    Size  Location     Type
  qptr            2   33[BANK1 ] PTR struct __msg_queue
		 -> FromMainHigh_MQ(54), FromMainLow_MQ(54), ToMainHigh_MQ(54), ToMainLow_MQ(54), 
  maxlength       1   35[BANK1 ] unsigned char 
  msgtype         2   36[BANK1 ] PTR unsigned char 
		 -> main@msgtype(1), 
  data            2   38[BANK1 ] PTR void 
		 -> main@msgbuffer(11), 
 Auto vars:     Size  Location     Type
  qmsg            2   45[BANK1 ] PTR struct __msg
		 -> FromMainLow_MQ.queue(52), FromMainHigh_MQ.queue(52), ToMainHigh_MQ.queue(52), ToMainLow_MQ.queue(52), 
		 -> FromMainHigh_MQ(54), FromMainLow_MQ(54), ToMainHigh_MQ(54), ToMainLow_MQ(54), 
  tlength         2   43[BANK1 ] unsigned int 
  slot            1   42[BANK1 ] unsigned char 
 Return value:  Size  Location     Type
                  1    wreg      char 
 Registers used:
		wreg, fsr1l, fsr1h, fsr2l, fsr2h, status,2, status,0, prodl, prodh, cstack
 Tracked objects:
		On entry : 
		On exit  : 
		Unchanged: 
 Data sizes:     COMRAM   BANK0   BANK1   BANK2   BANK3
      Params:         0       0       7       0       0
      Locals:         0       0       5       0       0
      Temps:          0       0       2       0       0
      Totals:         0       0      14       0       0
Total ram usage:       14 bytes
 Hardware stack levels used:    1
 Hardware stack levels required when called:   13
 This function calls:
		_memcpy
 This function is called by:
		_ToMainLow_recvmsg
		_ToMainHigh_recvmsg
		_FromMainLow_recvmsg
		_FromMainHigh_recvmsg
 This function uses a non-reentrant model


 *************** function _memcpy *****************
 Defined at:
		line 11 in file "C:\Program Files\Microchip\xc8\v1.30\sources\common\memcpy.c"
 Parameters:    Size  Location     Type
  d1              2   23[BANK1 ] PTR void 
		 -> FromMainLow_MQ.queue(52), FromMainHigh_MQ.queue(52), ToMainHigh_MQ.queue(52), ToMainLow_MQ.queue(52), 
		 -> FromMainHigh_MQ(54), FromMainLow_MQ(54), ToMainHigh_MQ(54), ToMainLow_MQ(54), 
		 -> main@msgbuffer(11), 
  s1              2   25[BANK1 ] PTR const void 
		 -> ToMainLow_MQ.data(10), ToMainHigh_MQ.data(10), FromMainLow_MQ.data(10), FromMainHigh_MQ.data(10), 
		 -> ToMainLow_MQ.queue.data(10), ToMainHigh_MQ.queue.data(10), FromMainHigh_MQ.queue.data(10), FromMainLow_MQ.queue.data(10), 
		 -> ADCBuffer(5), reqADData@buf(10), NULL(0), i2c_int_handler@error_buf(3), 
		 -> FromMainHigh_MQ(54), FromMainLow_MQ(54), ToMainHigh_MQ(54), ToMainLow_MQ(54), 
  n               2   27[BANK1 ] unsigned int 
 Auto vars:     Size  Location     Type
  s               2   31[BANK1 ] PTR const unsigned char 
		 -> ToMainLow_MQ.data(10), ToMainHigh_MQ.data(10), FromMainLow_MQ.data(10), FromMainHigh_MQ.data(10), 
		 -> ToMainLow_MQ.queue.data(10), ToMainHigh_MQ.queue.data(10), FromMainHigh_MQ.queue.data(10), FromMainLow_MQ.queue.data(10), 
		 -> ADCBuffer(5), reqADData@buf(10), NULL(0), i2c_int_handler@error_buf(3), 
		 -> FromMainHigh_MQ(54), FromMainLow_MQ(54), ToMainHigh_MQ(54), ToMainLow_MQ(54), 
  d               2   29[BANK1 ] PTR unsigned char 
		 -> FromMainLow_MQ.queue(52), FromMainHigh_MQ.queue(52), ToMainHigh_MQ.queue(52), ToMainLow_MQ.queue(52), 
		 -> FromMainHigh_MQ(54), FromMainLow_MQ(54), ToMainHigh_MQ(54), ToMainLow_MQ(54), 
		 -> main@msgbuffer(11), 
 Return value:  Size  Location     Type
                  2   23[BANK1 ] PTR void 
 Registers used:
		wreg, fsr1l, fsr1h, fsr2l, fsr2h, status,2, status,0
 Tracked objects:
		On entry : 
		On exit  : 
		Unchanged: 
 Data sizes:     COMRAM   BANK0   BANK1   BANK2   BANK3
      Params:         0       0       6       0       0
      Locals:         0       0       4       0       0
      Temps:          0       0       0       0       0
      Totals:         0       0      10       0       0
Total ram usage:       10 bytes
 Hardware stack levels used:    1
 Hardware stack levels required when called:   12
 This function calls:
		Nothing
 This function is called by:
		_recv_msg
 This function uses a non-reentrant model


 *************** function _OpenUSART *****************
 Defined at:
		line 73 in file "C:\Program Files\Microchip\xc8\v1.30\sources\pic18\plib\USART\uopen.c"
 Parameters:    Size  Location     Type
  config          1    wreg     unsigned char 
  spbrg           2   23[BANK1 ] unsigned int 
 Auto vars:     Size  Location     Type
  config          1   28[BANK1 ] unsigned char 
 Return value:  Size  Location     Type
		None               void
 Registers used:
		wreg, status,2
 Tracked objects:
		On entry : 
		On exit  : 
		Unchanged: 
 Data sizes:     COMRAM   BANK0   BANK1   BANK2   BANK3
      Params:         0       0       2       0       0
      Locals:         0       0       1       0       0
      Temps:          0       0       3       0       0
      Totals:         0       0       6       0       0
Total ram usage:        6 bytes
 Hardware stack levels used:    1
 Hardware stack levels required when called:   12
 This function calls:
		Nothing
 This function is called by:
		_main
 This function uses a non-reentrant model


 *************** function _OpenTimer0 *****************
 Defined at:
		line 18 in file "C:\Program Files\Microchip\xc8\v1.30\sources\pic18\plib\Timers\t0open.c"
 Parameters:    Size  Location     Type
  config          1    wreg     unsigned char 
 Auto vars:     Size  Location     Type
  config          1   23[BANK1 ] unsigned char 
 Return value:  Size  Location     Type
		None               void
 Registers used:
		wreg, status,2, status,0
 Tracked objects:
		On entry : 
		On exit  : 
		Unchanged: 
 Data sizes:     COMRAM   BANK0   BANK1   BANK2   BANK3
      Params:         0       0       0       0       0
      Locals:         0       0       1       0       0
      Temps:          0       0       0       0       0
      Totals:         0       0       1       0       0
Total ram usage:        1 bytes
 Hardware stack levels used:    1
 Hardware stack levels required when called:   12
 This function calls:
		Nothing
 This function is called by:
		_main
 This function uses a non-reentrant model


 *************** function _InterruptHandlerLow *****************
 Defined at:
		line 123 in file "../src/interrupts.c"
 Parameters:    Size  Location     Type
		None
 Auto vars:     Size  Location     Type
		None
 Return value:  Size  Location     Type
		None               void
 Registers used:
		wreg, fsr1l, fsr1h, fsr2l, fsr2h, status,2, status,0, prodl, prodh, cstack
 Tracked objects:
		On entry : 
		On exit  : 
		Unchanged: 
 Data sizes:     COMRAM   BANK0   BANK1   BANK2   BANK3
      Params:         0       0       0       0       0
      Locals:         0       0       0       0       0
      Temps:         17       0       0       0       0
      Totals:        17       0       0       0       0
Total ram usage:       17 bytes
 Hardware stack levels used:    1
 Hardware stack levels required when called:   11
 This function calls:
		_adc_int_handler
 This function is called by:
		Interrupt level 1
 This function uses a non-reentrant model


 *************** function _adc_int_handler *****************
 Defined at:
		line 37 in file "../src/my_adc.c"
 Parameters:    Size  Location     Type
[...]
Total ram usage:       12 bytes
 Hardware stack levels used:    1
 Hardware stack levels required when called:    1
 This function calls:
		i2_memcpy
 This function is called by:
		_ToMainHigh_sendmsg
 This function uses a non-reentrant model


 *************** function i2_memcpy *****************
 Defined at:
		line 11 in file "C:\Program Files\Microchip\xc8\v1.30\sources\common\memcpy.c"
 Parameters:    Size  Location     Type
  d1              2   46[COMRAM] PTR void 
		 -> FromMainLow_MQ.queue(52), FromMainHigh_MQ.queue(52), ToMainHigh_MQ.queue(52), ToMainLow_MQ.queue(52), 
		 -> FromMainHigh_MQ(54), FromMainLow_MQ(54), ToMainHigh_MQ(54), ToMainLow_MQ(54), 
		 -> main@msgbuffer(11), 
  s1              2   48[COMRAM] PTR const void 
		 -> ToMainLow_MQ.data(10), ToMainHigh_MQ.data(10), FromMainLow_MQ.data(10), FromMainHigh_MQ.data(10), 
		 -> ToMainLow_MQ.queue.data(10), ToMainHigh_MQ.queue.data(10), FromMainHigh_MQ.queue.data(10), FromMainLow_MQ.queue.data(10), 
		 -> ADCBuffer(5), reqADData@buf(10), NULL(0), i2c_int_handler@error_buf(3), 
		 -> FromMainHigh_MQ(54), FromMainLow_MQ(54), ToMainHigh_MQ(54), ToMainLow_MQ(54), 
  n               2   50[COMRAM] unsigned int 
 Auto vars:     Size  Location     Type
  memcpy          2    2[BANK0 ] PTR const unsigned char 
		 -> ToMainLow_MQ.data(10), ToMainHigh_MQ.data(10), FromMainLow_MQ.data(10), FromMainHigh_MQ.data(10), 
		 -> ToMainLow_MQ.queue.data(10), ToMainHigh_MQ.queue.data(10), FromMainHigh_MQ.queue.data(10), FromMainLow_MQ.queue.data(10), 
		 -> ADCBuffer(5), reqADData@buf(10), NULL(0), i2c_int_handler@error_buf(3), 
		 -> FromMainHigh_MQ(54), FromMainLow_MQ(54), ToMainHigh_MQ(54), ToMainLow_MQ(54), 
  memcpy          2    0[BANK0 ] PTR unsigned char 
		 -> FromMainLow_MQ.queue(52), FromMainHigh_MQ.queue(52), ToMainHigh_MQ.queue(52), ToMainLow_MQ.queue(52), 
		 -> FromMainHigh_MQ(54), FromMainLow_MQ(54), ToMainHigh_MQ(54), ToMainLow_MQ(54), 
		 -> main@msgbuffer(11), 
 Return value:  Size  Location     Type
                  2   46[COMRAM] PTR void 
 Registers used:
		wreg, fsr1l, fsr1h, fsr2l, fsr2h, status,2, status,0
 Tracked objects:
		On entry : 
		On exit  : 
		Unchanged: 
 Data sizes:     COMRAM   BANK0   BANK1   BANK2   BANK3
      Params:         6       0       0       0       0
      Locals:         0       4       0       0       0
      Temps:          0       0       0       0       0
      Totals:         6       4       0       0       0
Total ram usage:       10 bytes
 Hardware stack levels used:    1
 This function calls:
		Nothing
 This function is called by:
		i2_send_msg
 This function uses a non-reentrant model


 *************** function _sendRequestedData *****************
 Defined at:
		line 25 in file "../src/sensorcomm.c"
 Parameters:    Size  Location     Type
		None
 Auto vars:     Size  Location     Type
		None
 Return value:  Size  Location     Type
		None               void
 Registers used:
		wreg, fsr1l, fsr1h, fsr2l, fsr2h, status,2, status,0, prodl, prodh, cstack
 Tracked objects:
		On entry : 
		On exit  : 
		Unchanged: 
 Data sizes:     COMRAM   BANK0   BANK1   BANK2   BANK3
      Params:         0       0       0       0       0
      Locals:         0       0       0       0       0
      Temps:          0       0       0       0       0
      Totals:         0       0       0       0       0
Total ram usage:        0 bytes
 Hardware stack levels used:    1
 Hardware stack levels required when called:    3
 This function calls:
		_sendADdata
		i2_resetADacc
 This function is called by:
		_i2c_int_handler
 This function uses a non-reentrant model


 *************** function i2_resetADacc *****************
 Defined at:
		line 72 in file "../src/sensorcomm.c"
 Parameters:    Size  Location     Type
		None
 Auto vars:     Size  Location     Type
  resetADacc      2   49[COMRAM] int 
 Return value:  Size  Location     Type
		None               void
 Registers used:
		wreg, fsr2l, fsr2h, status,2, status,0
 Tracked objects:
		On entry : 
		On exit  : 
		Unchanged: 
 Data sizes:     COMRAM   BANK0   BANK1   BANK2   BANK3
      Params:         0       0       0       0       0
      Locals:         2       0       0       0       0
      Temps:          3       0       0       0       0
      Totals:         5       0       0       0       0
Total ram usage:        5 bytes
 Hardware stack levels used:    1
 This function calls:
		Nothing
 This function is called by:
		_sendRequestedData
 This function uses a non-reentrant model


 *************** function _sendADdata *****************
 Defined at:
		line 34 in file "../src/sensorcomm.c"
 Parameters:    Size  Location     Type
		None
 Auto vars:     Size  Location     Type
  outBuff       100   18[BANK0 ] unsigned char [100]
  bytes_packed    2  118[BANK0 ] int 
 Return value:  Size  Location     Type
		None               void
 Registers used:
		wreg, fsr1l, fsr1h, fsr2l, fsr2h, status,2, status,0, prodl, prodh, cstack
 Tracked objects:
		On entry : 
		On exit  : 
		Unchanged: 
 Data sizes:     COMRAM   BANK0   BANK1   BANK2   BANK3
      Params:         0       0       0       0       0
      Locals:         0     102       0       0       0
      Temps:          0       0       0       0       0
      Totals:         0     102       0       0       0
Total ram usage:      102 bytes
 Hardware stack levels used:    1
 Hardware stack levels required when called:    2
 This function calls:
		_packADData
		i2_start_i2c_slave_reply
 This function is called by:
		_sendRequestedData
 This function uses a non-reentrant model


 *************** function i2_start_i2c_slave_reply *****************
 Defined at:
		line 60 in file "../src/my_i2c.c"
 Parameters:    Size  Location     Type
  length          1    wreg     unsigned char 
  msg             2   46[COMRAM] PTR unsigned char 
		 -> sendADdata@outBuff(100), main@msgbuffer(11), 
 Auto vars:     Size  Location     Type
  length          1   50[COMRAM] unsigned char 
 Return value:  Size  Location     Type
		None               void
 Registers used:
		wreg, fsr1l, fsr1h, fsr2l, fsr2h, status,2, status,0, prodl, prodh
 Tracked objects:
		On entry : 
		On exit  : 
		Unchanged: 
 Data sizes:     COMRAM   BANK0   BANK1   BANK2   BANK3
      Params:         2       0       0       0       0
      Locals:         1       0       0       0       0
      Temps:          2       0       0       0       0
      Totals:         5       0       0       0       0
Total ram usage:        5 bytes
 Hardware stack levels used:    1
 This function calls:
		Nothing
 This function is called by:
		_sendADdata
 This function uses a non-reentrant model


 *************** function _packADData *****************
 Defined at:
		line 47 in file "../../../../common/communication/brain_rover.c"
 Parameters:    Size  Location     Type
  data            2   10[BANK0 ] PTR struct .
		 -> ADacc(11), 
  len             2   12[BANK0 ] int 
  out             2   14[BANK0 ] PTR unsigned char 
		 -> sendADdata@outBuff(100), 
  maxout          2   16[BANK0 ] int 
 Auto vars:     Size  Location     Type
		None
 Return value:  Size  Location     Type
                  2   10[BANK0 ] int 
 Registers used:
		wreg, fsr1l, fsr1h, fsr2l, fsr2h, status,2, status,0, cstack
 Tracked objects:
		On entry : 
		On exit  : 
		Unchanged: 
 Data sizes:     COMRAM   BANK0   BANK1   BANK2   BANK3
      Params:         0       8       0       0       0
      Locals:         0       0       0       0       0
      Temps:          0       0       0       0       0
      Totals:         0       8       0       0       0
Total ram usage:        8 bytes
 Hardware stack levels used:    1
 Hardware stack levels required when called:    1
 This function calls:
		_packReturnData
 This function is called by:
		_sendADdata
 This function uses a non-reentrant model


 *************** function _packReturnData *****************
 Defined at:
		line 17 in file "../../../../common/communication/brain_rover.c"
 Parameters:    Size  Location     Type
  data            2    0[BANK0 ] PTR unsigned char 
		 -> ADacc(11), 
  payloadLen      2    2[BANK0 ] int 
  msg             2    4[BANK0 ] PTR struct .
		 -> sendADdata@outBuff(100), 
  maxout          2    6[BANK0 ] int 
  sensorID        2    8[BANK0 ] int 
 Auto vars:     Size  Location     Type
  dest            2   51[COMRAM] PTR unsigned char 
		 -> sendADdata@outBuff.payload(0), sendADdata@outBuff(100), 
  end             2   49[COMRAM] PTR unsigned char 
		 -> sendADdata@outBuff.payload(0), sendADdata@outBuff(100), 
 Return value:  Size  Location     Type
                  2    0[BANK0 ] int 
 Registers used:
		wreg, fsr1l, fsr1h, fsr2l, fsr2h, status,2, status,0
 Tracked objects:
		On entry : 
		On exit  : 
		Unchanged: 
 Data sizes:     COMRAM   BANK0   BANK1   BANK2   BANK3
      Params:         0      10       0       0       0
      Locals:         4       0       0       0       0
      Temps:          3       0       0       0       0
      Totals:         7      10       0       0       0
Total ram usage:       17 bytes
 Hardware stack levels used:    1
 This function calls:
		Nothing
 This function is called by:
		_packADData
 This function uses a non-reentrant model


 *************** function _resetDBG *****************
 Defined at:
		line 26 in file "../src/debug.c"
 Parameters:    Size  Location     Type
  b               1    wreg     unsigned char 
 Auto vars:     Size  Location     Type
  b               1   46[COMRAM] unsigned char 
 Return value:  Size  Location     Type
		None               void
 Registers used:
		wreg, status,2, status,0
 Tracked objects:
		On entry : 
		On exit  : 
		Unchanged: 
 Data sizes:     COMRAM   BANK0   BANK1   BANK2   BANK3
      Params:         0       0       0       0       0
      Locals:         1       0       0       0       0
      Temps:          0       0       0       0       0
      Totals:         1       0       0       0       0
Total ram usage:        1 bytes
 Hardware stack levels used:    1
 This function calls:
		Nothing
 This function is called by:
		_i2c_int_handler
		_readNum
 This function uses a non-reentrant model


 *************** function _handle_start *****************
 Defined at:
		line 78 in file "../src/my_i2c.c"
 Parameters:    Size  Location     Type
  data_read       1    wreg     unsigned char 
 Auto vars:     Size  Location     Type
  data_read       1   46[COMRAM] unsigned char 
 Return value:  Size  Location     Type
		None               void
 Registers used:
		wreg, fsr2l, fsr2h, status,2, status,0
 Tracked objects:
		On entry : 
		On exit  : 
		Unchanged: 
 Data sizes:     COMRAM   BANK0   BANK1   BANK2   BANK3
      Params:         0       0       0       0       0
      Locals:         1       0       0       0       0
      Temps:          0       0       0       0       0
      Totals:         1       0       0       0       0
Total ram usage:        1 bytes
 Hardware stack levels used:    1
 This function calls:
		Nothing
 This function is called by:
		_i2c_int_handler
 This function uses a non-reentrant model


 *************** function _SleepIfOkay *****************
 Defined at:
		line 229 in file "../src/messages.c"
 Parameters:    Size  Location     Type
		None
 Auto vars:     Size  Location     Type
		None
 Return value:  Size  Location     Type
		None               void
 Registers used:
		wreg, fsr2l, fsr2h, status,2, status,0, prodl, prodh, cstack
 Tracked objects:
		On entry : 
		On exit  : 
		Unchanged: 
 Data sizes:     COMRAM   BANK0   BANK1   BANK2   BANK3
      Params:         0       0       0       0       0
      Locals:         0       0       0       0       0
      Temps:          0       0       0       0       0
      Totals:         0       0       0       0       0
Total ram usage:        0 bytes
 Hardware stack levels used:    1
 Hardware stack levels required when called:    2
 This function calls:
		_enter_sleep_mode
		i2_check_msg
		i2_in_high_int
		i2_in_low_int
 This function is called by:
		_InterruptHandlerHigh
 This function uses a non-reentrant model


 *************** function i2_in_low_int *****************
 Defined at:
		line 31 in file "../src/interrupts.c"
 Parameters:    Size  Location     Type
		None
 Auto vars:     Size  Location     Type
		None
 Return value:  Size  Location     Type
                  2   48[COMRAM] int 
 Registers used:
		wreg, status,2, status,0, cstack
 Tracked objects:
		On entry : 
		On exit  : 
		Unchanged: 
 Data sizes:     COMRAM   BANK0   BANK1   BANK2   BANK3
      Params:         2       0       0       0       0
      Locals:         0       0       0       0       0
      Temps:          0       0       0       0       0
      Totals:         2       0       0       0       0
Total ram usage:        2 bytes
 Hardware stack levels used:    1
 Hardware stack levels required when called:    1
 This function calls:
		i2_in_high_int
 This function is called by:
		_SleepIfOkay
 This function uses a non-reentrant model


 *************** function i2_in_high_int *****************
 Defined at:
		line 23 in file "../src/interrupts.c"
 Parameters:    Size  Location     Type
		None
 Auto vars:     Size  Location     Type
		None
 Return value:  Size  Location     Type
                  2   46[COMRAM] int 
 Registers used:
		wreg, status,2
 Tracked objects:
		On entry : 
		On exit  : 
		Unchanged: 
 Data sizes:     COMRAM   BANK0   BANK1   BANK2   BANK3
      Params:         2       0       0       0       0
      Locals:         0       0       0       0       0
      Temps:          0       0       0       0       0
      Totals:         2       0       0       0       0
Total ram usage:        2 bytes
 Hardware stack levels used:    1
 This function calls:
		Nothing
 This function is called by:
		_SleepIfOkay
		i2_in_low_int
 This function uses a non-reentrant model


 *************** function i2_check_msg *****************
 Defined at:
		line 223 in file "../src/messages.c"
 Parameters:    Size  Location     Type
  qptr            2   46[COMRAM] PTR struct __msg_queue
		 -> ToMainHigh_MQ(54), ToMainLow_MQ(54), 
 Auto vars:     Size  Location     Type
		None
 Return value:  Size  Location     Type
                  1    wreg      unsigned char 
 Registers used:
		wreg, fsr2l, fsr2h, status,2, status,0, prodl, prodh
 Tracked objects:
		On entry : 
		On exit  : 
		Unchanged: 
 Data sizes:     COMRAM   BANK0   BANK1   BANK2   BANK3
      Params:         2       0       0       0       0
      Locals:         0       0       0       0       0
      Temps:          1       0       0       0       0
      Totals:         3       0       0       0       0
Total ram usage:        3 bytes
 Hardware stack levels used:    1
 This function calls:
		Nothing
 This function is called by:
		_SleepIfOkay
 This function uses a non-reentrant model


 *************** function _enter_sleep_mode *****************
 Defined at:
		line 203 in file "../src/messages.c"
 Parameters:    Size  Location     Type
		None
 Auto vars:     Size  Location     Type
		None
 Return value:  Size  Location     Type
		None               void
 Registers used:
		None
 Tracked objects:
		On entry : 
		On exit  : 
		Unchanged: 
 Data sizes:     COMRAM   BANK0   BANK1   BANK2   BANK3
      Params:         0       0       0       0       0
      Locals:         0       0       0       0       0
      Temps:          0       0       0       0       0
      Totals:         0       0       0       0       0
Total ram usage:        0 bytes
 Hardware stack levels used:    1
 This function calls:
		Nothing
 This function is called by:
		_SleepIfOkay
 This function uses a non-reentrant model



MODULE INFORMATION

Module		Function		Class		Link	Load	Size
C:\Program Files\Microchip\xc8\v1.30\sources\pic18\plib\Timers\t0write.c
		_WriteTimer0   		CODE           	1C26	0000	18

C:\Program Files\Microchip\xc8\v1.30\sources\pic18\plib\Timers\t0write.c estimated size: 18

../src/testAD.c
		_reqADData     		CODE           	11CE	0000	154

../src/testAD.c estimated size: 154

../src/user_interrupts.c
		_timer0_int_han		CODE           	1C38	0000	14

../src/user_interrupts.c estimated size: 14

shared
		i2_send_msg    		CODE           	0DD2	0000	246
		i2_in_high_int 		CODE           	1C46	0000	12
		__initializatio		CODE           	15BE	0000	94
		i2_in_low_int  		CODE           	1AD2	0000	46
		i2_resetADacc  		CODE           	192C	0000	66
		i2_start_i2c_sl		CODE           	0EC8	0000	244
		i1_memcpy      		CODE           	196E	0000	64
		i2_memcpy      		CODE           	16EC	0000	80
		i2_check_msg   		CODE           	1BC6	0000	36

shared estimated size: 888

../src/my_i2c.c
		_start_i2c_slav		CODE           	0CC4	0000	270
		_handle_start  		CODE           	0FBC	0000	200
		_i2c_configure_		CODE           	1B54	0000	40
		_init_i2c      		CODE           	1554	0000	106
		_i2c_int_handle		CODE           	00B0	0000	1572

../src/my_i2c.c estimated size: 2188

../../../../common/communication/brain_rover.c
		_packADData    		CODE           	173C	0000	80
		_unpackBrainMsg		CODE           	1C5C	0000	10
		_packReturnData		CODE           	0A0A	0000	388

../../../../common/communication/brain_rover.c estimated size: 478

C:\Program Files\Microchip\xc8\v1.30\sources\pic18\plib\Timers\t0open.c
		_OpenTimer0    		CODE           	1B2A	0000	42

C:\Program Files\Microchip\xc8\v1.30\sources\pic18\plib\Timers\t0open.c estimated size: 42

../src/debug.c
		_setDBG        		CODE           	19EE	0000	60
		_resetDBG      		CODE           	1A2A	0000	60

../src/debug.c estimated size: 120

../src/sensorcomm.c
		_sendADdata    		CODE           	1474	0000	114
		_resetADacc    		CODE           	1626	0000	104
		_sendRequestedD		CODE           	1C00	0000	20
		_addADDataPoint		CODE           	112E	0000	160
		_addDataPoints 		CODE           	1B00	0000	42
		_setBrainReqDat		CODE           	19AE	0000	64
		_resetAccumulat		CODE           	1C6E	0000	6

../src/sensorcomm.c estimated size: 510

../src/my_adc.c
		_addBuffer     		CODE           	1BA2	0000	36
		_adc_int_handle		CODE           	1864	0000	68

../src/my_adc.c estimated size: 104

C:\Program Files\Microchip\xc8\v1.30\sources\pic18\d1ktcyx.c
		_Delay1KTCYx   		CODE           	1BEA	0000	22

C:\Program Files\Microchip\xc8\v1.30\sources\pic18\d1ktcyx.c estimated size: 22

../src/interrupts.c
		_enable_interru		CODE           	1C66	0000	8
		_in_low_int    		CODE           	17DA	0000	70
		_in_main       		CODE           	1820	0000	68
		_in_high_int   		CODE           	1C14	0000	18
		_InterruptHandl		CODE           	0018	0000	148
		_InterruptHandl		CODE           	0008	0000	4980

../src/interrupts.c estimated size: 5292

C:\Program Files\Microchip\xc8\v1.30\sources\common\memcpy.c
		_memcpy        		CODE           	168E	0000	94

C:\Program Files\Microchip\xc8\v1.30\sources\common\memcpy.c estimated size: 94

C:\Program Files\Microchip\xc8\v1.30\sources\pic18\plib\USART\uopen.c
		_OpenUSART     		CODE           	1268	0000	146

C:\Program Files\Microchip\xc8\v1.30\sources\pic18\plib\USART\uopen.c estimated size: 146

../src/messages.c
		_ToMainHigh_sen		CODE           	1A9C	0000	54
		_ToMainHigh_rec		CODE           	18EA	0000	66
		_block_on_To_ms		CODE           	137C	0000	126
		_check_msg     		CODE           	1A66	0000	54
		_ToMainLow_send		CODE           	1B7C	0000	38
		_ToMainLow_recv		CODE           	18A8	0000	66
		_enter_sleep_mo		CODE           	1C74	0000	6
		_send_msg      		CODE           	1084	0000	170
		_init_queue    		CODE           	13FA	0000	122
		_init_queues   		CODE           	14E6	0000	110
		_recv_msg      		CODE           	0B8E	0000	310
		_SleepIfOkay   		CODE           	178C	0000	78

../src/messages.c estimated size: 1200

C:\Program Files\Microchip\xc8\v1.30\sources\pic18\plib\ADC\adcread.c
		_ReadADC       		CODE           	1C52	0000	10

C:\Program Files\Microchip\xc8\v1.30\sources\pic18\plib\ADC\adcread.c estimated size: 10

../src/main.c
		_main          		CODE           	06D4	0000	822

../src/main.c estimated size: 822

